[2022-04-09T16:56:54.762+0800][0.011s] Using G1
[2022-04-09T16:56:55.016+0800][0.265s] Version: 16.0.1+9-24 (release)
[2022-04-09T16:56:55.016+0800][0.265s] CPUs: 12 total, 12 available
[2022-04-09T16:56:55.016+0800][0.265s] Memory: 16384M
[2022-04-09T16:56:55.017+0800][0.265s] Large Page Support: Disabled
[2022-04-09T16:56:55.017+0800][0.265s] NUMA Support: Disabled
[2022-04-09T16:56:55.017+0800][0.265s] Compressed Oops: Enabled (Zero based)
[2022-04-09T16:56:55.017+0800][0.265s] Heap Region Size: 1M
[2022-04-09T16:56:55.017+0800][0.265s] Heap Min Capacity: 512M
[2022-04-09T16:56:55.017+0800][0.265s] Heap Initial Capacity: 512M
[2022-04-09T16:56:55.017+0800][0.265s] Heap Max Capacity: 512M
[2022-04-09T16:56:55.017+0800][0.265s] Pre-touch: Enabled
[2022-04-09T16:56:55.017+0800][0.265s] Parallel Workers: 10
[2022-04-09T16:56:55.017+0800][0.265s] Concurrent Workers: 3
[2022-04-09T16:56:55.017+0800][0.265s] Concurrent Refinement Workers: 10
[2022-04-09T16:56:55.017+0800][0.265s] Periodic GC: Disabled
[2022-04-09T16:56:55.018+0800][0.266s] CDS archive(s) mapped at: [0x0000000800000000-0x0000000800bbb000-0x0000000800bbb000), size 12300288, SharedBaseAddress: 0x0000000800000000, ArchiveRelocationMode: 0.
[2022-04-09T16:56:55.018+0800][0.266s] Compressed class space mapped at: 0x0000000800c00000-0x0000000840c00000, reserved size: 1073741824
[2022-04-09T16:56:55.018+0800][0.266s] Narrow klass base: 0x0000000800000000, Narrow klass shift: 3, Narrow klass range: 0x100000000
[2022-04-09T16:56:55.867+0800][1.115s] GC(0) Pause Young (Normal) (G1 Evacuation Pause)
[2022-04-09T16:56:55.867+0800][1.115s] GC(0) Using 10 workers of 10 for evacuation
[2022-04-09T16:56:55.870+0800][1.118s] GC(0)   Pre Evacuate Collection Set: 0.1ms
[2022-04-09T16:56:55.870+0800][1.118s] GC(0)   Merge Heap Roots: 0.1ms
[2022-04-09T16:56:55.870+0800][1.118s] GC(0)   Evacuate Collection Set: 1.7ms
[2022-04-09T16:56:55.870+0800][1.118s] GC(0)   Post Evacuate Collection Set: 0.3ms
[2022-04-09T16:56:55.870+0800][1.118s] GC(0)   Other: 0.6ms
[2022-04-09T16:56:55.870+0800][1.118s] GC(0) Eden regions: 29->0(81)
[2022-04-09T16:56:55.870+0800][1.118s] GC(0) Survivor regions: 0->4(4)
[2022-04-09T16:56:55.870+0800][1.118s] GC(0) Old regions: 0->0
[2022-04-09T16:56:55.870+0800][1.118s] GC(0) Archive regions: 2->2
[2022-04-09T16:56:55.870+0800][1.118s] GC(0) Humongous regions: 0->0
[2022-04-09T16:56:55.870+0800][1.118s] GC(0) Metaspace: 6937K(7104K)->6937K(7104K) NonClass: 6121K(6208K)->6121K(6208K) Class: 816K(896K)->816K(896K)
[2022-04-09T16:56:55.870+0800][1.118s] GC(0) Pause Young (Normal) (G1 Evacuation Pause) 29M->4M(512M) 3.011ms
[2022-04-09T16:56:55.870+0800][1.118s] GC(0) User=0.02s Sys=0.00s Real=0.01s
[2022-04-09T16:56:57.066+0800][2.314s] GC(1) Pause Young (Concurrent Start) (Metadata GC Threshold)
[2022-04-09T16:56:57.066+0800][2.314s] GC(1) Using 10 workers of 10 for evacuation
[2022-04-09T16:56:57.075+0800][2.323s] GC(1)   Pre Evacuate Collection Set: 0.1ms
[2022-04-09T16:56:57.075+0800][2.323s] GC(1)   Merge Heap Roots: 0.1ms
[2022-04-09T16:56:57.075+0800][2.323s] GC(1)   Evacuate Collection Set: 6.8ms
[2022-04-09T16:56:57.075+0800][2.323s] GC(1)   Post Evacuate Collection Set: 1.4ms
[2022-04-09T16:56:57.075+0800][2.323s] GC(1)   Other: 0.3ms
[2022-04-09T16:56:57.075+0800][2.323s] GC(1) Eden regions: 80->0(73)
[2022-04-09T16:56:57.075+0800][2.323s] GC(1) Survivor regions: 4->11(11)
[2022-04-09T16:56:57.075+0800][2.323s] GC(1) Old regions: 0->9
[2022-04-09T16:56:57.075+0800][2.323s] GC(1) Archive regions: 2->2
[2022-04-09T16:56:57.075+0800][2.323s] GC(1) Humongous regions: 4->4
[2022-04-09T16:56:57.075+0800][2.323s] GC(1) Metaspace: 20992K(21248K)->20992K(21248K) NonClass: 18622K(18752K)->18622K(18752K) Class: 2369K(2496K)->2369K(2496K)
[2022-04-09T16:56:57.075+0800][2.323s] GC(1) Pause Young (Concurrent Start) (Metadata GC Threshold) 87M->24M(512M) 8.945ms
[2022-04-09T16:56:57.075+0800][2.323s] GC(1) User=0.06s Sys=0.01s Real=0.01s
[2022-04-09T16:56:57.075+0800][2.323s] GC(2) Concurrent Mark Cycle
[2022-04-09T16:56:57.075+0800][2.323s] GC(2) Concurrent Clear Claimed Marks
[2022-04-09T16:56:57.075+0800][2.323s] GC(2) Concurrent Clear Claimed Marks 0.079ms
[2022-04-09T16:56:57.075+0800][2.323s] GC(2) Concurrent Scan Root Regions
[2022-04-09T16:56:57.079+0800][2.327s] GC(2) Concurrent Scan Root Regions 3.787ms
[2022-04-09T16:56:57.079+0800][2.327s] GC(2) Concurrent Mark
[2022-04-09T16:56:57.079+0800][2.327s] GC(2) Concurrent Mark From Roots
[2022-04-09T16:56:57.079+0800][2.327s] GC(2) Using 3 workers of 3 for marking
[2022-04-09T16:56:57.080+0800][2.328s] GC(2) Concurrent Mark From Roots 1.272ms
[2022-04-09T16:56:57.080+0800][2.329s] GC(2) Concurrent Preclean
[2022-04-09T16:56:57.080+0800][2.329s] GC(2) Concurrent Preclean 0.043ms
[2022-04-09T16:56:57.081+0800][2.329s] GC(2) Pause Remark
[2022-04-09T16:56:57.082+0800][2.330s] GC(2) Pause Remark 25M->25M(512M) 1.246ms
[2022-04-09T16:56:57.082+0800][2.330s] GC(2) User=0.01s Sys=0.00s Real=0.00s
[2022-04-09T16:56:57.082+0800][2.330s] GC(2) Concurrent Mark 2.919ms
[2022-04-09T16:56:57.082+0800][2.330s] GC(2) Concurrent Rebuild Remembered Sets
[2022-04-09T16:56:57.084+0800][2.332s] GC(2) Concurrent Rebuild Remembered Sets 2.372ms
[2022-04-09T16:56:57.084+0800][2.333s] GC(2) Pause Cleanup
[2022-04-09T16:56:57.085+0800][2.333s] GC(2) Pause Cleanup 25M->25M(512M) 0.151ms
[2022-04-09T16:56:57.085+0800][2.333s] GC(2) User=0.00s Sys=0.00s Real=0.00s
[2022-04-09T16:56:57.085+0800][2.333s] GC(2) Concurrent Cleanup for Next Mark
[2022-04-09T16:56:57.086+0800][2.334s] GC(2) Concurrent Cleanup for Next Mark 1.249ms
[2022-04-09T16:56:57.086+0800][2.334s] GC(2) Concurrent Mark Cycle 10.972ms
[2022-04-09T16:56:57.895+0800][3.143s] GC(3) Pause Young (Normal) (G1 Evacuation Pause)
[2022-04-09T16:56:57.895+0800][3.143s] GC(3) Using 10 workers of 10 for evacuation
[2022-04-09T16:56:57.899+0800][3.147s] GC(3)   Pre Evacuate Collection Set: 0.1ms
[2022-04-09T16:56:57.899+0800][3.147s] GC(3)   Merge Heap Roots: 0.1ms
[2022-04-09T16:56:57.899+0800][3.147s] GC(3)   Evacuate Collection Set: 4.0ms
[2022-04-09T16:56:57.899+0800][3.147s] GC(3)   Post Evacuate Collection Set: 0.4ms
[2022-04-09T16:56:57.899+0800][3.147s] GC(3)   Other: 0.1ms
[2022-04-09T16:56:57.899+0800][3.147s] GC(3) Eden regions: 68->0(143)
[2022-04-09T16:56:57.899+0800][3.147s] GC(3) Survivor regions: 11->2(10)
[2022-04-09T16:56:57.899+0800][3.147s] GC(3) Old regions: 9->20
[2022-04-09T16:56:57.899+0800][3.147s] GC(3) Archive regions: 2->2
[2022-04-09T16:56:57.899+0800][3.148s] GC(3) Humongous regions: 4->4
[2022-04-09T16:56:57.899+0800][3.148s] GC(3) Metaspace: 27254K(27520K)->27254K(27520K) NonClass: 24139K(24256K)->24139K(24256K) Class: 3115K(3264K)->3115K(3264K)
[2022-04-09T16:56:57.899+0800][3.148s] GC(3) Pause Young (Normal) (G1 Evacuation Pause) 92M->26M(512M) 4.745ms
[2022-04-09T16:56:57.899+0800][3.148s] GC(3) User=0.04s Sys=0.00s Real=0.00s
[2022-04-09T16:56:58.652+0800][3.900s] GC(4) Pause Young (Concurrent Start) (Metadata GC Threshold)
[2022-04-09T16:56:58.652+0800][3.900s] GC(4) Using 10 workers of 10 for evacuation
[2022-04-09T16:56:58.656+0800][3.904s] GC(4)   Pre Evacuate Collection Set: 0.1ms
[2022-04-09T16:56:58.656+0800][3.904s] GC(4)   Merge Heap Roots: 0.0ms
[2022-04-09T16:56:58.656+0800][3.904s] GC(4)   Evacuate Collection Set: 2.9ms
[2022-04-09T16:56:58.656+0800][3.904s] GC(4)   Post Evacuate Collection Set: 0.5ms
[2022-04-09T16:56:58.656+0800][3.904s] GC(4)   Other: 0.2ms
[2022-04-09T16:56:58.656+0800][3.904s] GC(4) Eden regions: 53->0(183)
[2022-04-09T16:56:58.656+0800][3.904s] GC(4) Survivor regions: 2->7(19)
[2022-04-09T16:56:58.656+0800][3.904s] GC(4) Old regions: 20->20
[2022-04-09T16:56:58.656+0800][3.904s] GC(4) Archive regions: 2->2
[2022-04-09T16:56:58.656+0800][3.904s] GC(4) Humongous regions: 5->4
[2022-04-09T16:56:58.656+0800][3.904s] GC(4) Metaspace: 35463K(35776K)->35463K(35776K) NonClass: 31281K(31424K)->31281K(31424K) Class: 4182K(4352K)->4182K(4352K)
[2022-04-09T16:56:58.656+0800][3.904s] GC(4) Pause Young (Concurrent Start) (Metadata GC Threshold) 79M->30M(512M) 3.849ms
[2022-04-09T16:56:58.656+0800][3.904s] GC(4) User=0.03s Sys=0.00s Real=0.00s
[2022-04-09T16:56:58.656+0800][3.904s] GC(5) Concurrent Mark Cycle
[2022-04-09T16:56:58.656+0800][3.904s] GC(5) Concurrent Clear Claimed Marks
[2022-04-09T16:56:58.656+0800][3.904s] GC(5) Concurrent Clear Claimed Marks 0.029ms
[2022-04-09T16:56:58.656+0800][3.904s] GC(5) Concurrent Scan Root Regions
[2022-04-09T16:56:58.658+0800][3.906s] GC(5) Concurrent Scan Root Regions 2.227ms
[2022-04-09T16:56:58.658+0800][3.906s] GC(5) Concurrent Mark
[2022-04-09T16:56:58.658+0800][3.906s] GC(5) Concurrent Mark From Roots
[2022-04-09T16:56:58.658+0800][3.906s] GC(5) Using 3 workers of 3 for marking
[2022-04-09T16:56:58.672+0800][3.920s] GC(5) Concurrent Mark From Roots 13.533ms
[2022-04-09T16:56:58.672+0800][3.920s] GC(5) Concurrent Preclean
[2022-04-09T16:56:58.672+0800][3.920s] GC(5) Concurrent Preclean 0.075ms
[2022-04-09T16:56:58.672+0800][3.920s] GC(5) Pause Remark
[2022-04-09T16:56:58.674+0800][3.922s] GC(5) Pause Remark 32M->32M(512M) 1.612ms
[2022-04-09T16:56:58.674+0800][3.922s] GC(5) User=0.01s Sys=0.00s Real=0.00s
[2022-04-09T16:56:58.674+0800][3.922s] GC(5) Concurrent Mark 15.507ms
[2022-04-09T16:56:58.674+0800][3.922s] GC(5) Concurrent Rebuild Remembered Sets
[2022-04-09T16:56:58.681+0800][3.929s] GC(5) Concurrent Rebuild Remembered Sets 7.305ms
[2022-04-09T16:56:58.681+0800][3.929s] GC(5) Pause Cleanup
[2022-04-09T16:56:58.681+0800][3.929s] GC(5) Pause Cleanup 32M->32M(512M) 0.113ms
[2022-04-09T16:56:58.681+0800][3.930s] GC(5) User=0.01s Sys=0.00s Real=0.00s
[2022-04-09T16:56:58.682+0800][3.930s] GC(5) Concurrent Cleanup for Next Mark
[2022-04-09T16:56:58.682+0800][3.931s] GC(5) Concurrent Cleanup for Next Mark 0.956ms
[2022-04-09T16:56:58.682+0800][3.931s] GC(5) Concurrent Mark Cycle 26.563ms
[2022-04-09T16:57:14.519+0800][19.767s] GC(6) Pause Young (Normal) (G1 Evacuation Pause)
[2022-04-09T16:57:14.519+0800][19.767s] GC(6) Using 10 workers of 10 for evacuation
[2022-04-09T16:57:14.526+0800][19.774s] GC(6)   Pre Evacuate Collection Set: 0.1ms
[2022-04-09T16:57:14.526+0800][19.774s] GC(6)   Merge Heap Roots: 0.1ms
[2022-04-09T16:57:14.526+0800][19.774s] GC(6)   Evacuate Collection Set: 5.5ms
[2022-04-09T16:57:14.526+0800][19.774s] GC(6)   Post Evacuate Collection Set: 0.9ms
[2022-04-09T16:57:14.526+0800][19.774s] GC(6)   Other: 0.2ms
[2022-04-09T16:57:14.526+0800][19.774s] GC(6) Eden regions: 183->0(288)
[2022-04-09T16:57:14.526+0800][19.774s] GC(6) Survivor regions: 7->19(24)
[2022-04-09T16:57:14.526+0800][19.774s] GC(6) Old regions: 20->20
[2022-04-09T16:57:14.526+0800][19.774s] GC(6) Archive regions: 2->2
[2022-04-09T16:57:14.526+0800][19.774s] GC(6) Humongous regions: 7->7
[2022-04-09T16:57:14.526+0800][19.774s] GC(6) Metaspace: 47893K(48256K)->47893K(48256K) NonClass: 42245K(42432K)->42245K(42432K) Class: 5648K(5824K)->5648K(5824K)
[2022-04-09T16:57:14.526+0800][19.774s] GC(6) Pause Young (Normal) (G1 Evacuation Pause) 216M->45M(512M) 6.813ms
[2022-04-09T16:57:14.526+0800][19.774s] GC(6) User=0.06s Sys=0.00s Real=0.01s
[2022-04-09T16:59:28.251+0800][153.500s] GC(7) Pause Young (Normal) (G1 Evacuation Pause)
[2022-04-09T16:59:28.251+0800][153.500s] GC(7) Using 10 workers of 10 for evacuation
[2022-04-09T16:59:28.257+0800][153.505s] GC(7)   Pre Evacuate Collection Set: 0.1ms
[2022-04-09T16:59:28.257+0800][153.505s] GC(7)   Merge Heap Roots: 0.1ms
[2022-04-09T16:59:28.257+0800][153.505s] GC(7)   Evacuate Collection Set: 4.7ms
[2022-04-09T16:59:28.257+0800][153.506s] GC(7)   Post Evacuate Collection Set: 0.8ms
[2022-04-09T16:59:28.257+0800][153.506s] GC(7)   Other: 0.2ms
[2022-04-09T16:59:28.257+0800][153.506s] GC(7) Eden regions: 288->0(285)
[2022-04-09T16:59:28.257+0800][153.506s] GC(7) Survivor regions: 19->22(39)
[2022-04-09T16:59:28.257+0800][153.506s] GC(7) Old regions: 20->20
[2022-04-09T16:59:28.257+0800][153.506s] GC(7) Archive regions: 2->2
[2022-04-09T16:59:28.257+0800][153.506s] GC(7) Humongous regions: 7->7
[2022-04-09T16:59:28.257+0800][153.506s] GC(7) Metaspace: 50361K(50688K)->50361K(50688K) NonClass: 44431K(44608K)->44431K(44608K) Class: 5929K(6080K)->5929K(6080K)
[2022-04-09T16:59:28.257+0800][153.506s] GC(7) Pause Young (Normal) (G1 Evacuation Pause) 333M->48M(512M) 6.004ms
[2022-04-09T16:59:28.257+0800][153.506s] GC(7) User=0.05s Sys=0.00s Real=0.00s
[2022-04-09T16:59:29.366+0800][154.614s] GC(8) Pause Young (Normal) (G1 Evacuation Pause)
[2022-04-09T16:59:29.366+0800][154.614s] GC(8) Using 10 workers of 10 for evacuation
[2022-04-09T16:59:29.374+0800][154.622s] GC(8)   Pre Evacuate Collection Set: 0.1ms
[2022-04-09T16:59:29.374+0800][154.622s] GC(8)   Merge Heap Roots: 0.1ms
[2022-04-09T16:59:29.374+0800][154.622s] GC(8)   Evacuate Collection Set: 6.5ms
[2022-04-09T16:59:29.374+0800][154.622s] GC(8)   Post Evacuate Collection Set: 0.7ms
[2022-04-09T16:59:29.374+0800][154.622s] GC(8)   Other: 0.2ms
[2022-04-09T16:59:29.374+0800][154.622s] GC(8) Eden regions: 285->0(274)
[2022-04-09T16:59:29.374+0800][154.622s] GC(8) Survivor regions: 22->33(39)
[2022-04-09T16:59:29.374+0800][154.622s] GC(8) Old regions: 20->21
[2022-04-09T16:59:29.374+0800][154.622s] GC(8) Archive regions: 2->2
[2022-04-09T16:59:29.374+0800][154.622s] GC(8) Humongous regions: 8->8
[2022-04-09T16:59:29.374+0800][154.622s] GC(8) Metaspace: 50374K(50752K)->50374K(50752K) NonClass: 44444K(44608K)->44444K(44608K) Class: 5930K(6144K)->5930K(6144K)
[2022-04-09T16:59:29.374+0800][154.622s] GC(8) Pause Young (Normal) (G1 Evacuation Pause) 334M->62M(512M) 7.712ms
[2022-04-09T16:59:29.374+0800][154.622s] GC(8) User=0.07s Sys=0.00s Real=0.01s
[2022-04-09T16:59:30.287+0800][155.535s] GC(9) Pause Young (Normal) (G1 Evacuation Pause)
[2022-04-09T16:59:30.287+0800][155.536s] GC(9) Using 10 workers of 10 for evacuation
[2022-04-09T16:59:30.296+0800][155.544s] GC(9)   Pre Evacuate Collection Set: 0.1ms
[2022-04-09T16:59:30.296+0800][155.544s] GC(9)   Merge Heap Roots: 0.1ms
[2022-04-09T16:59:30.296+0800][155.544s] GC(9)   Evacuate Collection Set: 7.6ms
[2022-04-09T16:59:30.296+0800][155.544s] GC(9)   Post Evacuate Collection Set: 0.6ms
[2022-04-09T16:59:30.296+0800][155.544s] GC(9)   Other: 0.2ms
[2022-04-09T16:59:30.296+0800][155.544s] GC(9) Eden regions: 274->0(275)
[2022-04-09T16:59:30.296+0800][155.544s] GC(9) Survivor regions: 33->32(39)
[2022-04-09T16:59:30.296+0800][155.544s] GC(9) Old regions: 21->33
[2022-04-09T16:59:30.296+0800][155.544s] GC(9) Archive regions: 2->2
[2022-04-09T16:59:30.296+0800][155.544s] GC(9) Humongous regions: 8->8
[2022-04-09T16:59:30.296+0800][155.544s] GC(9) Metaspace: 50383K(50752K)->50383K(50752K) NonClass: 44452K(44608K)->44452K(44608K) Class: 5930K(6144K)->5930K(6144K)
[2022-04-09T16:59:30.296+0800][155.544s] GC(9) Pause Young (Normal) (G1 Evacuation Pause) 336M->73M(512M) 8.759ms
[2022-04-09T16:59:30.296+0800][155.544s] GC(9) User=0.07s Sys=0.00s Real=0.01s
[2022-04-09T16:59:31.228+0800][156.476s] GC(10) Pause Young (Normal) (G1 Evacuation Pause)
[2022-04-09T16:59:31.228+0800][156.476s] GC(10) Using 10 workers of 10 for evacuation
[2022-04-09T16:59:31.235+0800][156.483s] GC(10)   Pre Evacuate Collection Set: 0.1ms
[2022-04-09T16:59:31.235+0800][156.483s] GC(10)   Merge Heap Roots: 0.1ms
[2022-04-09T16:59:31.235+0800][156.483s] GC(10)   Evacuate Collection Set: 6.2ms
[2022-04-09T16:59:31.235+0800][156.483s] GC(10)   Post Evacuate Collection Set: 0.4ms
[2022-04-09T16:59:31.235+0800][156.483s] GC(10)   Other: 0.1ms
[2022-04-09T16:59:31.235+0800][156.483s] GC(10) Eden regions: 275->0(279)
[2022-04-09T16:59:31.235+0800][156.483s] GC(10) Survivor regions: 32->28(39)
[2022-04-09T16:59:31.235+0800][156.483s] GC(10) Old regions: 33->48
[2022-04-09T16:59:31.235+0800][156.483s] GC(10) Archive regions: 2->2
[2022-04-09T16:59:31.235+0800][156.483s] GC(10) Humongous regions: 8->8
[2022-04-09T16:59:31.235+0800][156.483s] GC(10) Metaspace: 50386K(50752K)->50386K(50752K) NonClass: 44455K(44608K)->44455K(44608K) Class: 5930K(6144K)->5930K(6144K)
[2022-04-09T16:59:31.235+0800][156.483s] GC(10) Pause Young (Normal) (G1 Evacuation Pause) 348M->84M(512M) 7.057ms
[2022-04-09T16:59:31.235+0800][156.483s] GC(10) User=0.06s Sys=0.00s Real=0.01s
[2022-04-09T16:59:32.303+0800][157.552s] GC(11) Pause Young (Normal) (G1 Evacuation Pause)
[2022-04-09T16:59:32.303+0800][157.552s] GC(11) Using 10 workers of 10 for evacuation
[2022-04-09T16:59:32.310+0800][157.558s] GC(11)   Pre Evacuate Collection Set: 0.1ms
[2022-04-09T16:59:32.310+0800][157.558s] GC(11)   Merge Heap Roots: 0.1ms
[2022-04-09T16:59:32.310+0800][157.558s] GC(11)   Evacuate Collection Set: 5.6ms
[2022-04-09T16:59:32.310+0800][157.558s] GC(11)   Post Evacuate Collection Set: 0.4ms
[2022-04-09T16:59:32.310+0800][157.558s] GC(11)   Other: 0.2ms
[2022-04-09T16:59:32.310+0800][157.558s] GC(11) Eden regions: 279->0(278)
[2022-04-09T16:59:32.310+0800][157.558s] GC(11) Survivor regions: 28->29(39)
[2022-04-09T16:59:32.310+0800][157.558s] GC(11) Old regions: 48->57
[2022-04-09T16:59:32.310+0800][157.558s] GC(11) Archive regions: 2->2
[2022-04-09T16:59:32.310+0800][157.558s] GC(11) Humongous regions: 17->16
[2022-04-09T16:59:32.310+0800][157.558s] GC(11) Metaspace: 50386K(50752K)->50386K(50752K) NonClass: 44456K(44608K)->44456K(44608K) Class: 5930K(6144K)->5930K(6144K)
[2022-04-09T16:59:32.310+0800][157.558s] GC(11) Pause Young (Normal) (G1 Evacuation Pause) 372M->102M(512M) 6.474ms
[2022-04-09T16:59:32.310+0800][157.558s] GC(11) User=0.05s Sys=0.01s Real=0.01s
[2022-04-09T16:59:33.284+0800][158.533s] GC(12) Pause Young (Normal) (G1 Evacuation Pause)
[2022-04-09T16:59:33.284+0800][158.533s] GC(12) Using 10 workers of 10 for evacuation
[2022-04-09T16:59:33.291+0800][158.539s] GC(12)   Pre Evacuate Collection Set: 0.1ms
[2022-04-09T16:59:33.291+0800][158.539s] GC(12)   Merge Heap Roots: 0.1ms
[2022-04-09T16:59:33.291+0800][158.539s] GC(12)   Evacuate Collection Set: 5.7ms
[2022-04-09T16:59:33.291+0800][158.539s] GC(12)   Post Evacuate Collection Set: 0.5ms
[2022-04-09T16:59:33.291+0800][158.539s] GC(12)   Other: 0.1ms
[2022-04-09T16:59:33.291+0800][158.539s] GC(12) Eden regions: 278->0(275)
[2022-04-09T16:59:33.291+0800][158.539s] GC(12) Survivor regions: 29->32(39)
[2022-04-09T16:59:33.291+0800][158.539s] GC(12) Old regions: 57->67
[2022-04-09T16:59:33.291+0800][158.539s] GC(12) Archive regions: 2->2
[2022-04-09T16:59:33.291+0800][158.539s] GC(12) Humongous regions: 16->16
[2022-04-09T16:59:33.291+0800][158.539s] GC(12) Metaspace: 50388K(50752K)->50388K(50752K) NonClass: 44457K(44608K)->44457K(44608K) Class: 5930K(6144K)->5930K(6144K)
[2022-04-09T16:59:33.291+0800][158.539s] GC(12) Pause Young (Normal) (G1 Evacuation Pause) 380M->114M(512M) 6.657ms
[2022-04-09T16:59:33.291+0800][158.540s] GC(12) User=0.06s Sys=0.00s Real=0.01s
[2022-04-09T16:59:34.248+0800][159.496s] GC(13) Pause Young (Normal) (G1 Evacuation Pause)
[2022-04-09T16:59:34.248+0800][159.496s] GC(13) Using 10 workers of 10 for evacuation
[2022-04-09T16:59:34.255+0800][159.504s] GC(13)   Pre Evacuate Collection Set: 0.1ms
[2022-04-09T16:59:34.255+0800][159.504s] GC(13)   Merge Heap Roots: 0.1ms
[2022-04-09T16:59:34.255+0800][159.504s] GC(13)   Evacuate Collection Set: 6.4ms
[2022-04-09T16:59:34.255+0800][159.504s] GC(13)   Post Evacuate Collection Set: 0.6ms
[2022-04-09T16:59:34.255+0800][159.504s] GC(13)   Other: 0.1ms
[2022-04-09T16:59:34.255+0800][159.504s] GC(13) Eden regions: 275->0(268)
[2022-04-09T16:59:34.255+0800][159.504s] GC(13) Survivor regions: 32->33(39)
[2022-04-09T16:59:34.255+0800][159.504s] GC(13) Old regions: 67->76
[2022-04-09T16:59:34.255+0800][159.504s] GC(13) Archive regions: 2->2
[2022-04-09T16:59:34.255+0800][159.504s] GC(13) Humongous regions: 20->20
[2022-04-09T16:59:34.255+0800][159.504s] GC(13) Metaspace: 50400K(50752K)->50400K(50752K) NonClass: 44470K(44608K)->44470K(44608K) Class: 5930K(6144K)->5930K(6144K)
[2022-04-09T16:59:34.255+0800][159.504s] GC(13) Pause Young (Normal) (G1 Evacuation Pause) 393M->129M(512M) 7.484ms
[2022-04-09T16:59:34.255+0800][159.504s] GC(13) User=0.07s Sys=0.00s Real=0.01s
[2022-04-09T16:59:36.160+0800][161.409s] GC(14) Pause Young (Normal) (G1 Evacuation Pause)
[2022-04-09T16:59:36.160+0800][161.409s] GC(14) Using 10 workers of 10 for evacuation
[2022-04-09T16:59:36.166+0800][161.414s] GC(14)   Pre Evacuate Collection Set: 0.1ms
[2022-04-09T16:59:36.166+0800][161.414s] GC(14)   Merge Heap Roots: 0.1ms
[2022-04-09T16:59:36.166+0800][161.414s] GC(14)   Evacuate Collection Set: 4.5ms
[2022-04-09T16:59:36.166+0800][161.414s] GC(14)   Post Evacuate Collection Set: 0.4ms
[2022-04-09T16:59:36.166+0800][161.414s] GC(14)   Other: 0.1ms
[2022-04-09T16:59:36.166+0800][161.414s] GC(14) Eden regions: 268->0(273)
[2022-04-09T16:59:36.166+0800][161.414s] GC(14) Survivor regions: 33->8(38)
[2022-04-09T16:59:36.166+0800][161.414s] GC(14) Old regions: 76->104
[2022-04-09T16:59:36.166+0800][161.414s] GC(14) Archive regions: 2->2
[2022-04-09T16:59:36.166+0800][161.414s] GC(14) Humongous regions: 20->20
[2022-04-09T16:59:36.166+0800][161.414s] GC(14) Metaspace: 50513K(50944K)->50513K(50944K) NonClass: 44582K(44800K)->44582K(44800K) Class: 5930K(6144K)->5930K(6144K)
[2022-04-09T16:59:36.166+0800][161.414s] GC(14) Pause Young (Normal) (G1 Evacuation Pause) 397M->131M(512M) 5.463ms
[2022-04-09T16:59:36.166+0800][161.414s] GC(14) User=0.05s Sys=0.00s Real=0.00s
[2022-04-09T16:59:38.062+0800][163.311s] GC(15) Pause Young (Normal) (G1 Evacuation Pause)
[2022-04-09T16:59:38.063+0800][163.311s] GC(15) Using 10 workers of 10 for evacuation
[2022-04-09T16:59:38.066+0800][163.315s] GC(15)   Pre Evacuate Collection Set: 0.1ms
[2022-04-09T16:59:38.066+0800][163.315s] GC(15)   Merge Heap Roots: 0.1ms
[2022-04-09T16:59:38.066+0800][163.315s] GC(15)   Evacuate Collection Set: 2.8ms
[2022-04-09T16:59:38.066+0800][163.315s] GC(15)   Post Evacuate Collection Set: 0.6ms
[2022-04-09T16:59:38.066+0800][163.315s] GC(15)   Other: 0.2ms
[2022-04-09T16:59:38.066+0800][163.315s] GC(15) Eden regions: 273->0(279)
[2022-04-09T16:59:38.066+0800][163.315s] GC(15) Survivor regions: 8->10(36)
[2022-04-09T16:59:38.066+0800][163.315s] GC(15) Old regions: 104->104
[2022-04-09T16:59:38.066+0800][163.315s] GC(15) Archive regions: 2->2
[2022-04-09T16:59:38.066+0800][163.315s] GC(15) Humongous regions: 20->20
[2022-04-09T16:59:38.066+0800][163.315s] GC(15) Metaspace: 50725K(51072K)->50725K(51072K) NonClass: 44782K(44928K)->44782K(44928K) Class: 5943K(6144K)->5943K(6144K)
[2022-04-09T16:59:38.066+0800][163.315s] GC(15) Pause Young (Normal) (G1 Evacuation Pause) 404M->134M(512M) 3.902ms
[2022-04-09T16:59:38.066+0800][163.315s] GC(15) User=0.03s Sys=0.01s Real=0.00s
[2022-04-09T16:59:39.512+0800][164.760s] GC(16) Pause Young (Normal) (G1 Evacuation Pause)
[2022-04-09T16:59:39.512+0800][164.760s] GC(16) Using 10 workers of 10 for evacuation
[2022-04-09T16:59:39.515+0800][164.764s] GC(16)   Pre Evacuate Collection Set: 0.1ms
[2022-04-09T16:59:39.515+0800][164.764s] GC(16)   Merge Heap Roots: 0.1ms
[2022-04-09T16:59:39.515+0800][164.764s] GC(16)   Evacuate Collection Set: 2.5ms
[2022-04-09T16:59:39.515+0800][164.764s] GC(16)   Post Evacuate Collection Set: 0.6ms
[2022-04-09T16:59:39.516+0800][164.764s] GC(16)   Other: 0.2ms
[2022-04-09T16:59:39.516+0800][164.764s] GC(16) Eden regions: 279->0(283)
[2022-04-09T16:59:39.516+0800][164.764s] GC(16) Survivor regions: 10->11(37)
[2022-04-09T16:59:39.516+0800][164.764s] GC(16) Old regions: 104->104
[2022-04-09T16:59:39.516+0800][164.764s] GC(16) Archive regions: 2->2
[2022-04-09T16:59:39.516+0800][164.764s] GC(16) Humongous regions: 20->20
[2022-04-09T16:59:39.516+0800][164.764s] GC(16) Metaspace: 50770K(51200K)->50770K(51200K) NonClass: 44827K(45056K)->44827K(45056K) Class: 5943K(6144K)->5943K(6144K)
[2022-04-09T16:59:39.516+0800][164.764s] GC(16) Pause Young (Normal) (G1 Evacuation Pause) 413M->135M(512M) 3.585ms
[2022-04-09T16:59:39.516+0800][164.764s] GC(16) User=0.02s Sys=0.00s Real=0.00s
[2022-04-09T16:59:40.560+0800][165.809s] GC(17) Pause Young (Normal) (G1 Evacuation Pause)
[2022-04-09T16:59:40.560+0800][165.809s] GC(17) Using 10 workers of 10 for evacuation
[2022-04-09T16:59:40.565+0800][165.814s] GC(17)   Pre Evacuate Collection Set: 0.1ms
[2022-04-09T16:59:40.565+0800][165.814s] GC(17)   Merge Heap Roots: 0.1ms
[2022-04-09T16:59:40.565+0800][165.814s] GC(17)   Evacuate Collection Set: 4.0ms
[2022-04-09T16:59:40.565+0800][165.814s] GC(17)   Post Evacuate Collection Set: 0.5ms
[2022-04-09T16:59:40.565+0800][165.814s] GC(17)   Other: 0.1ms
[2022-04-09T16:59:40.565+0800][165.814s] GC(17) Eden regions: 283->0(269)
[2022-04-09T16:59:40.565+0800][165.814s] GC(17) Survivor regions: 11->24(37)
[2022-04-09T16:59:40.565+0800][165.814s] GC(17) Old regions: 104->104
[2022-04-09T16:59:40.565+0800][165.814s] GC(17) Archive regions: 2->2
[2022-04-09T16:59:40.565+0800][165.814s] GC(17) Humongous regions: 20->20
[2022-04-09T16:59:40.565+0800][165.814s] GC(17) Metaspace: 50770K(51200K)->50770K(51200K) NonClass: 44827K(45056K)->44827K(45056K) Class: 5943K(6144K)->5943K(6144K)
[2022-04-09T16:59:40.565+0800][165.814s] GC(17) Pause Young (Normal) (G1 Evacuation Pause) 418M->148M(512M) 5.008ms
[2022-04-09T16:59:40.565+0800][165.814s] GC(17) User=0.05s Sys=0.00s Real=0.00s
[2022-04-09T16:59:41.826+0800][167.075s] GC(18) Pause Young (Normal) (G1 Evacuation Pause)
[2022-04-09T16:59:41.826+0800][167.075s] GC(18) Using 10 workers of 10 for evacuation
[2022-04-09T16:59:41.831+0800][167.080s] GC(18)   Pre Evacuate Collection Set: 0.1ms
[2022-04-09T16:59:41.831+0800][167.080s] GC(18)   Merge Heap Roots: 0.1ms
[2022-04-09T16:59:41.831+0800][167.080s] GC(18)   Evacuate Collection Set: 4.4ms
[2022-04-09T16:59:41.831+0800][167.080s] GC(18)   Post Evacuate Collection Set: 0.4ms
[2022-04-09T16:59:41.831+0800][167.080s] GC(18)   Other: 0.1ms
[2022-04-09T16:59:41.832+0800][167.080s] GC(18) Eden regions: 269->0(262)
[2022-04-09T16:59:41.832+0800][167.080s] GC(18) Survivor regions: 24->26(37)
[2022-04-09T16:59:41.832+0800][167.080s] GC(18) Old regions: 104->108
[2022-04-09T16:59:41.832+0800][167.080s] GC(18) Archive regions: 2->2
[2022-04-09T16:59:41.832+0800][167.080s] GC(18) Humongous regions: 21->21
[2022-04-09T16:59:41.832+0800][167.080s] GC(18) Metaspace: 50781K(51200K)->50781K(51200K) NonClass: 44837K(45056K)->44837K(45056K) Class: 5943K(6144K)->5943K(6144K)
[2022-04-09T16:59:41.832+0800][167.080s] GC(18) Pause Young (Normal) (G1 Evacuation Pause) 418M->155M(512M) 5.299ms
[2022-04-09T16:59:41.832+0800][167.080s] GC(18) User=0.05s Sys=0.00s Real=0.01s
[2022-04-09T16:59:43.243+0800][168.491s] GC(19) Pause Young (Normal) (G1 Evacuation Pause)
[2022-04-09T16:59:43.243+0800][168.492s] GC(19) Using 10 workers of 10 for evacuation
[2022-04-09T16:59:43.245+0800][168.493s] GC(19)   Pre Evacuate Collection Set: 0.1ms
[2022-04-09T16:59:43.245+0800][168.494s] GC(19)   Merge Heap Roots: 0.1ms
[2022-04-09T16:59:43.245+0800][168.494s] GC(19)   Evacuate Collection Set: 1.4ms
[2022-04-09T16:59:43.245+0800][168.494s] GC(19)   Post Evacuate Collection Set: 0.3ms
[2022-04-09T16:59:43.245+0800][168.494s] GC(19)   Other: 0.1ms
[2022-04-09T16:59:43.245+0800][168.494s] GC(19) Eden regions: 262->0(279)
[2022-04-09T16:59:43.245+0800][168.494s] GC(19) Survivor regions: 26->10(36)
[2022-04-09T16:59:43.245+0800][168.494s] GC(19) Old regions: 108->109
[2022-04-09T16:59:43.245+0800][168.494s] GC(19) Archive regions: 2->2
[2022-04-09T16:59:43.245+0800][168.494s] GC(19) Humongous regions: 21->20
[2022-04-09T16:59:43.245+0800][168.494s] GC(19) Metaspace: 50827K(51200K)->50827K(51200K) NonClass: 44883K(45056K)->44883K(45056K) Class: 5943K(6144K)->5943K(6144K)
[2022-04-09T16:59:43.245+0800][168.494s] GC(19) Pause Young (Normal) (G1 Evacuation Pause) 417M->138M(512M) 2.132ms
[2022-04-09T16:59:43.245+0800][168.494s] GC(19) User=0.02s Sys=0.00s Real=0.00s
