[2022-04-10T13:09:30.876+0800][0.009s] Using G1
[2022-04-10T13:09:31.050+0800][0.183s] Version: 16.0.1+9-24 (release)
[2022-04-10T13:09:31.050+0800][0.183s] CPUs: 12 total, 12 available
[2022-04-10T13:09:31.050+0800][0.183s] Memory: 16384M
[2022-04-10T13:09:31.050+0800][0.183s] Large Page Support: Disabled
[2022-04-10T13:09:31.050+0800][0.183s] NUMA Support: Disabled
[2022-04-10T13:09:31.050+0800][0.183s] Compressed Oops: Enabled (Zero based)
[2022-04-10T13:09:31.050+0800][0.183s] Heap Region Size: 1M
[2022-04-10T13:09:31.050+0800][0.183s] Heap Min Capacity: 512M
[2022-04-10T13:09:31.050+0800][0.183s] Heap Initial Capacity: 512M
[2022-04-10T13:09:31.050+0800][0.183s] Heap Max Capacity: 512M
[2022-04-10T13:09:31.050+0800][0.183s] Pre-touch: Enabled
[2022-04-10T13:09:31.050+0800][0.183s] Parallel Workers: 10
[2022-04-10T13:09:31.050+0800][0.183s] Concurrent Workers: 3
[2022-04-10T13:09:31.050+0800][0.183s] Concurrent Refinement Workers: 10
[2022-04-10T13:09:31.050+0800][0.183s] Periodic GC: Disabled
[2022-04-10T13:09:31.050+0800][0.184s] CDS archive(s) mapped at: [0x0000000800000000-0x0000000800bbb000-0x0000000800bbb000), size 12300288, SharedBaseAddress: 0x0000000800000000, ArchiveRelocationMode: 0.
[2022-04-10T13:09:31.050+0800][0.184s] Compressed class space mapped at: 0x0000000800c00000-0x0000000840c00000, reserved size: 1073741824
[2022-04-10T13:09:31.050+0800][0.184s] Narrow klass base: 0x0000000800000000, Narrow klass shift: 3, Narrow klass range: 0x100000000
[2022-04-10T13:09:31.606+0800][0.740s] GC(0) Pause Young (Normal) (G1 Evacuation Pause)
[2022-04-10T13:09:31.607+0800][0.740s] GC(0) Using 10 workers of 10 for evacuation
[2022-04-10T13:09:31.608+0800][0.742s] GC(0)   Pre Evacuate Collection Set: 0.1ms
[2022-04-10T13:09:31.608+0800][0.742s] GC(0)   Merge Heap Roots: 0.1ms
[2022-04-10T13:09:31.608+0800][0.742s] GC(0)   Evacuate Collection Set: 1.2ms
[2022-04-10T13:09:31.608+0800][0.742s] GC(0)   Post Evacuate Collection Set: 0.2ms
[2022-04-10T13:09:31.608+0800][0.742s] GC(0)   Other: 0.5ms
[2022-04-10T13:09:31.608+0800][0.742s] GC(0) Eden regions: 29->0(81)
[2022-04-10T13:09:31.608+0800][0.742s] GC(0) Survivor regions: 0->4(4)
[2022-04-10T13:09:31.608+0800][0.742s] GC(0) Old regions: 0->0
[2022-04-10T13:09:31.608+0800][0.742s] GC(0) Archive regions: 2->2
[2022-04-10T13:09:31.608+0800][0.742s] GC(0) Humongous regions: 0->0
[2022-04-10T13:09:31.608+0800][0.742s] GC(0) Metaspace: 6920K(7104K)->6920K(7104K) NonClass: 6103K(6208K)->6103K(6208K) Class: 816K(896K)->816K(896K)
[2022-04-10T13:09:31.608+0800][0.742s] GC(0) Pause Young (Normal) (G1 Evacuation Pause) 29M->4M(512M) 2.200ms
[2022-04-10T13:09:31.608+0800][0.742s] GC(0) User=0.01s Sys=0.01s Real=0.00s
[2022-04-10T13:09:32.225+0800][1.359s] GC(1) Pause Young (Concurrent Start) (Metadata GC Threshold)
[2022-04-10T13:09:32.225+0800][1.359s] GC(1) Using 10 workers of 10 for evacuation
[2022-04-10T13:09:32.231+0800][1.365s] GC(1)   Pre Evacuate Collection Set: 0.1ms
[2022-04-10T13:09:32.232+0800][1.365s] GC(1)   Merge Heap Roots: 0.1ms
[2022-04-10T13:09:32.232+0800][1.365s] GC(1)   Evacuate Collection Set: 5.2ms
[2022-04-10T13:09:32.232+0800][1.365s] GC(1)   Post Evacuate Collection Set: 0.7ms
[2022-04-10T13:09:32.232+0800][1.365s] GC(1)   Other: 0.2ms
[2022-04-10T13:09:32.232+0800][1.365s] GC(1) Eden regions: 80->0(74)
[2022-04-10T13:09:32.232+0800][1.365s] GC(1) Survivor regions: 4->11(11)
[2022-04-10T13:09:32.232+0800][1.365s] GC(1) Old regions: 0->9
[2022-04-10T13:09:32.232+0800][1.365s] GC(1) Archive regions: 2->2
[2022-04-10T13:09:32.232+0800][1.365s] GC(1) Humongous regions: 4->4
[2022-04-10T13:09:32.232+0800][1.365s] GC(1) Metaspace: 21008K(21248K)->21008K(21248K) NonClass: 18631K(18752K)->18631K(18752K) Class: 2376K(2496K)->2376K(2496K)
[2022-04-10T13:09:32.232+0800][1.365s] GC(1) Pause Young (Concurrent Start) (Metadata GC Threshold) 88M->24M(512M) 6.383ms
[2022-04-10T13:09:32.232+0800][1.365s] GC(1) User=0.05s Sys=0.01s Real=0.01s
[2022-04-10T13:09:32.232+0800][1.365s] GC(2) Concurrent Mark Cycle
[2022-04-10T13:09:32.232+0800][1.365s] GC(2) Concurrent Clear Claimed Marks
[2022-04-10T13:09:32.232+0800][1.365s] GC(2) Concurrent Clear Claimed Marks 0.045ms
[2022-04-10T13:09:32.232+0800][1.365s] GC(2) Concurrent Scan Root Regions
[2022-04-10T13:09:32.235+0800][1.368s] GC(2) Concurrent Scan Root Regions 2.950ms
[2022-04-10T13:09:32.235+0800][1.368s] GC(2) Concurrent Mark
[2022-04-10T13:09:32.235+0800][1.368s] GC(2) Concurrent Mark From Roots
[2022-04-10T13:09:32.235+0800][1.368s] GC(2) Using 3 workers of 3 for marking
[2022-04-10T13:09:32.236+0800][1.369s] GC(2) Concurrent Mark From Roots 0.953ms
[2022-04-10T13:09:32.236+0800][1.369s] GC(2) Concurrent Preclean
[2022-04-10T13:09:32.236+0800][1.369s] GC(2) Concurrent Preclean 0.027ms
[2022-04-10T13:09:32.236+0800][1.369s] GC(2) Pause Remark
[2022-04-10T13:09:32.237+0800][1.370s] GC(2) Pause Remark 25M->25M(512M) 0.748ms
[2022-04-10T13:09:32.237+0800][1.370s] GC(2) User=0.01s Sys=0.00s Real=0.00s
[2022-04-10T13:09:32.237+0800][1.370s] GC(2) Concurrent Mark 1.936ms
[2022-04-10T13:09:32.237+0800][1.370s] GC(2) Concurrent Rebuild Remembered Sets
[2022-04-10T13:09:32.239+0800][1.372s] GC(2) Concurrent Rebuild Remembered Sets 2.068ms
[2022-04-10T13:09:32.239+0800][1.372s] GC(2) Pause Cleanup
[2022-04-10T13:09:32.239+0800][1.372s] GC(2) Pause Cleanup 25M->25M(512M) 0.052ms
[2022-04-10T13:09:32.239+0800][1.372s] GC(2) User=0.00s Sys=0.00s Real=0.00s
[2022-04-10T13:09:32.239+0800][1.372s] GC(2) Concurrent Cleanup for Next Mark
[2022-04-10T13:09:32.240+0800][1.373s] GC(2) Concurrent Cleanup for Next Mark 0.625ms
[2022-04-10T13:09:32.240+0800][1.373s] GC(2) Concurrent Mark Cycle 7.972ms
[2022-04-10T13:09:32.867+0800][2.000s] GC(3) Pause Young (Normal) (G1 Evacuation Pause)
[2022-04-10T13:09:32.867+0800][2.000s] GC(3) Using 10 workers of 10 for evacuation
[2022-04-10T13:09:32.873+0800][2.006s] GC(3)   Pre Evacuate Collection Set: 0.1ms
[2022-04-10T13:09:32.873+0800][2.006s] GC(3)   Merge Heap Roots: 0.1ms
[2022-04-10T13:09:32.873+0800][2.006s] GC(3)   Evacuate Collection Set: 5.2ms
[2022-04-10T13:09:32.873+0800][2.006s] GC(3)   Post Evacuate Collection Set: 0.6ms
[2022-04-10T13:09:32.873+0800][2.006s] GC(3)   Other: 0.1ms
[2022-04-10T13:09:32.873+0800][2.006s] GC(3) Eden regions: 68->0(130)
[2022-04-10T13:09:32.873+0800][2.006s] GC(3) Survivor regions: 11->5(10)
[2022-04-10T13:09:32.873+0800][2.006s] GC(3) Old regions: 9->20
[2022-04-10T13:09:32.873+0800][2.006s] GC(3) Archive regions: 2->2
[2022-04-10T13:09:32.873+0800][2.006s] GC(3) Humongous regions: 4->4
[2022-04-10T13:09:32.873+0800][2.006s] GC(3) Metaspace: 32904K(33216K)->32904K(33216K) NonClass: 29082K(29248K)->29082K(29248K) Class: 3821K(3968K)->3821K(3968K)
[2022-04-10T13:09:32.873+0800][2.006s] GC(3) Pause Young (Normal) (G1 Evacuation Pause) 92M->29M(512M) 6.203ms
[2022-04-10T13:09:32.873+0800][2.006s] GC(3) User=0.07s Sys=0.00s Real=0.01s
[2022-04-10T13:09:33.123+0800][2.256s] GC(4) Pause Young (Concurrent Start) (Metadata GC Threshold)
[2022-04-10T13:09:33.124+0800][2.257s] GC(4) Using 10 workers of 10 for evacuation
[2022-04-10T13:09:33.127+0800][2.260s] GC(4)   Pre Evacuate Collection Set: 0.1ms
[2022-04-10T13:09:33.127+0800][2.260s] GC(4)   Merge Heap Roots: 0.1ms
[2022-04-10T13:09:33.127+0800][2.260s] GC(4)   Evacuate Collection Set: 2.1ms
[2022-04-10T13:09:33.127+0800][2.260s] GC(4)   Post Evacuate Collection Set: 0.4ms
[2022-04-10T13:09:33.127+0800][2.260s] GC(4)   Other: 1.1ms
[2022-04-10T13:09:33.127+0800][2.260s] GC(4) Eden regions: 20->0(227)
[2022-04-10T13:09:33.127+0800][2.260s] GC(4) Survivor regions: 5->7(17)
[2022-04-10T13:09:33.127+0800][2.260s] GC(4) Old regions: 20->20
[2022-04-10T13:09:33.127+0800][2.260s] GC(4) Archive regions: 2->2
[2022-04-10T13:09:33.127+0800][2.260s] GC(4) Humongous regions: 5->4
[2022-04-10T13:09:33.127+0800][2.260s] GC(4) Metaspace: 35486K(35776K)->35486K(35776K) NonClass: 31287K(31424K)->31287K(31424K) Class: 4198K(4352K)->4198K(4352K)
[2022-04-10T13:09:33.127+0800][2.260s] GC(4) Pause Young (Concurrent Start) (Metadata GC Threshold) 49M->31M(512M) 3.967ms
[2022-04-10T13:09:33.127+0800][2.260s] GC(4) User=0.02s Sys=0.01s Real=0.00s
[2022-04-10T13:09:33.127+0800][2.260s] GC(5) Concurrent Mark Cycle
[2022-04-10T13:09:33.127+0800][2.260s] GC(5) Concurrent Clear Claimed Marks
[2022-04-10T13:09:33.127+0800][2.260s] GC(5) Concurrent Clear Claimed Marks 0.025ms
[2022-04-10T13:09:33.127+0800][2.260s] GC(5) Concurrent Scan Root Regions
[2022-04-10T13:09:33.129+0800][2.262s] GC(5) Concurrent Scan Root Regions 1.866ms
[2022-04-10T13:09:33.129+0800][2.262s] GC(5) Concurrent Mark
[2022-04-10T13:09:33.129+0800][2.262s] GC(5) Concurrent Mark From Roots
[2022-04-10T13:09:33.129+0800][2.262s] GC(5) Using 3 workers of 3 for marking
[2022-04-10T13:09:33.141+0800][2.274s] GC(5) Concurrent Mark From Roots 12.056ms
[2022-04-10T13:09:33.141+0800][2.274s] GC(5) Concurrent Preclean
[2022-04-10T13:09:33.141+0800][2.274s] GC(5) Concurrent Preclean 0.103ms
[2022-04-10T13:09:33.141+0800][2.275s] GC(5) Pause Remark
[2022-04-10T13:09:33.143+0800][2.276s] GC(5) Pause Remark 32M->32M(512M) 1.510ms
[2022-04-10T13:09:33.143+0800][2.276s] GC(5) User=0.01s Sys=0.00s Real=0.00s
[2022-04-10T13:09:33.143+0800][2.276s] GC(5) Concurrent Mark 14.038ms
[2022-04-10T13:09:33.143+0800][2.276s] GC(5) Concurrent Rebuild Remembered Sets
[2022-04-10T13:09:33.151+0800][2.284s] GC(5) Concurrent Rebuild Remembered Sets 8.054ms
[2022-04-10T13:09:33.151+0800][2.285s] GC(5) Pause Cleanup
[2022-04-10T13:09:33.151+0800][2.285s] GC(5) Pause Cleanup 32M->32M(512M) 0.105ms
[2022-04-10T13:09:33.151+0800][2.285s] GC(5) User=0.00s Sys=0.00s Real=0.00s
[2022-04-10T13:09:33.151+0800][2.285s] GC(5) Concurrent Cleanup for Next Mark
[2022-04-10T13:09:33.152+0800][2.285s] GC(5) Concurrent Cleanup for Next Mark 0.802ms
[2022-04-10T13:09:33.152+0800][2.286s] GC(5) Concurrent Mark Cycle 25.398ms
[2022-04-10T13:10:03.656+0800][32.789s] GC(6) Pause Young (Normal) (G1 Evacuation Pause)
[2022-04-10T13:10:03.656+0800][32.789s] GC(6) Using 10 workers of 10 for evacuation
[2022-04-10T13:10:03.662+0800][32.795s] GC(6)   Pre Evacuate Collection Set: 0.1ms
[2022-04-10T13:10:03.662+0800][32.795s] GC(6)   Merge Heap Roots: 0.1ms
[2022-04-10T13:10:03.662+0800][32.795s] GC(6)   Evacuate Collection Set: 4.4ms
[2022-04-10T13:10:03.662+0800][32.795s] GC(6)   Post Evacuate Collection Set: 0.9ms
[2022-04-10T13:10:03.662+0800][32.795s] GC(6)   Other: 0.3ms
[2022-04-10T13:10:03.662+0800][32.795s] GC(6) Eden regions: 227->0(290)
[2022-04-10T13:10:03.662+0800][32.795s] GC(6) Survivor regions: 7->17(30)
[2022-04-10T13:10:03.662+0800][32.795s] GC(6) Old regions: 20->20
[2022-04-10T13:10:03.662+0800][32.795s] GC(6) Archive regions: 2->2
[2022-04-10T13:10:03.662+0800][32.795s] GC(6) Humongous regions: 7->7
[2022-04-10T13:10:03.662+0800][32.795s] GC(6) Metaspace: 48018K(48384K)->48018K(48384K) NonClass: 42339K(42496K)->42339K(42496K) Class: 5679K(5888K)->5679K(5888K)
[2022-04-10T13:10:03.662+0800][32.795s] GC(6) Pause Young (Normal) (G1 Evacuation Pause) 261M->44M(512M) 5.823ms
[2022-04-10T13:10:03.662+0800][32.795s] GC(6) User=0.05s Sys=0.00s Real=0.01s
[2022-04-10T13:10:04.370+0800][33.503s] GC(7) Pause Young (Normal) (G1 Evacuation Pause)
[2022-04-10T13:10:04.370+0800][33.503s] GC(7) Using 10 workers of 10 for evacuation
[2022-04-10T13:10:04.375+0800][33.508s] GC(7)   Pre Evacuate Collection Set: 0.1ms
[2022-04-10T13:10:04.375+0800][33.508s] GC(7)   Merge Heap Roots: 0.0ms
[2022-04-10T13:10:04.375+0800][33.508s] GC(7)   Evacuate Collection Set: 4.4ms
[2022-04-10T13:10:04.375+0800][33.508s] GC(7)   Post Evacuate Collection Set: 0.7ms
[2022-04-10T13:10:04.375+0800][33.508s] GC(7)   Other: 0.1ms
[2022-04-10T13:10:04.375+0800][33.508s] GC(7) Eden regions: 290->0(284)
[2022-04-10T13:10:04.375+0800][33.508s] GC(7) Survivor regions: 17->23(39)
[2022-04-10T13:10:04.375+0800][33.508s] GC(7) Old regions: 20->20
[2022-04-10T13:10:04.375+0800][33.508s] GC(7) Archive regions: 2->2
[2022-04-10T13:10:04.375+0800][33.508s] GC(7) Humongous regions: 7->7
[2022-04-10T13:10:04.375+0800][33.508s] GC(7) Metaspace: 48081K(48448K)->48081K(48448K) NonClass: 42401K(42560K)->42401K(42560K) Class: 5679K(5888K)->5679K(5888K)
[2022-04-10T13:10:04.375+0800][33.508s] GC(7) Pause Young (Normal) (G1 Evacuation Pause) 334M->49M(512M) 5.535ms
[2022-04-10T13:10:04.375+0800][33.508s] GC(7) User=0.05s Sys=0.00s Real=0.00s
[2022-04-10T13:10:05.037+0800][34.170s] GC(8) Pause Young (Normal) (G1 Evacuation Pause)
[2022-04-10T13:10:05.037+0800][34.170s] GC(8) Using 10 workers of 10 for evacuation
[2022-04-10T13:10:05.044+0800][34.177s] GC(8)   Pre Evacuate Collection Set: 0.1ms
[2022-04-10T13:10:05.044+0800][34.177s] GC(8)   Merge Heap Roots: 0.1ms
[2022-04-10T13:10:05.044+0800][34.177s] GC(8)   Evacuate Collection Set: 5.8ms
[2022-04-10T13:10:05.044+0800][34.177s] GC(8)   Post Evacuate Collection Set: 0.7ms
[2022-04-10T13:10:05.044+0800][34.177s] GC(8)   Other: 0.2ms
[2022-04-10T13:10:05.044+0800][34.177s] GC(8) Eden regions: 284->0(284)
[2022-04-10T13:10:05.044+0800][34.177s] GC(8) Survivor regions: 23->23(39)
[2022-04-10T13:10:05.044+0800][34.177s] GC(8) Old regions: 20->24
[2022-04-10T13:10:05.044+0800][34.177s] GC(8) Archive regions: 2->2
[2022-04-10T13:10:05.044+0800][34.177s] GC(8) Humongous regions: 8->8
[2022-04-10T13:10:05.044+0800][34.177s] GC(8) Metaspace: 48156K(48576K)->48156K(48576K) NonClass: 42476K(42688K)->42476K(42688K) Class: 5679K(5888K)->5679K(5888K)
[2022-04-10T13:10:05.044+0800][34.177s] GC(8) Pause Young (Normal) (G1 Evacuation Pause) 334M->55M(512M) 6.961ms
[2022-04-10T13:10:05.044+0800][34.177s] GC(8) User=0.08s Sys=0.00s Real=0.01s
[2022-04-10T13:10:05.598+0800][34.731s] GC(9) Pause Young (Normal) (G1 Evacuation Pause)
[2022-04-10T13:10:05.598+0800][34.732s] GC(9) Using 10 workers of 10 for evacuation
[2022-04-10T13:10:05.603+0800][34.736s] GC(9)   Pre Evacuate Collection Set: 0.1ms
[2022-04-10T13:10:05.603+0800][34.736s] GC(9)   Merge Heap Roots: 0.1ms
[2022-04-10T13:10:05.603+0800][34.736s] GC(9)   Evacuate Collection Set: 3.4ms
[2022-04-10T13:10:05.603+0800][34.736s] GC(9)   Post Evacuate Collection Set: 0.7ms
[2022-04-10T13:10:05.603+0800][34.736s] GC(9)   Other: 0.1ms
[2022-04-10T13:10:05.603+0800][34.736s] GC(9) Eden regions: 284->0(282)
[2022-04-10T13:10:05.603+0800][34.736s] GC(9) Survivor regions: 23->25(39)
[2022-04-10T13:10:05.603+0800][34.736s] GC(9) Old regions: 24->27
[2022-04-10T13:10:05.603+0800][34.736s] GC(9) Archive regions: 2->2
[2022-04-10T13:10:05.603+0800][34.736s] GC(9) Humongous regions: 8->8
[2022-04-10T13:10:05.603+0800][34.736s] GC(9) Metaspace: 48165K(48576K)->48165K(48576K) NonClass: 42485K(42688K)->42485K(42688K) Class: 5680K(5888K)->5680K(5888K)
[2022-04-10T13:10:05.603+0800][34.736s] GC(9) Pause Young (Normal) (G1 Evacuation Pause) 339M->59M(512M) 4.479ms
[2022-04-10T13:10:05.603+0800][34.736s] GC(9) User=0.04s Sys=0.00s Real=0.01s
[2022-04-10T13:10:06.096+0800][35.229s] GC(10) Pause Young (Normal) (G1 Evacuation Pause)
[2022-04-10T13:10:06.096+0800][35.229s] GC(10) Using 10 workers of 10 for evacuation
[2022-04-10T13:10:06.100+0800][35.233s] GC(10)   Pre Evacuate Collection Set: 0.1ms
[2022-04-10T13:10:06.100+0800][35.233s] GC(10)   Merge Heap Roots: 0.1ms
[2022-04-10T13:10:06.100+0800][35.233s] GC(10)   Evacuate Collection Set: 3.4ms
[2022-04-10T13:10:06.100+0800][35.233s] GC(10)   Post Evacuate Collection Set: 0.5ms
[2022-04-10T13:10:06.100+0800][35.233s] GC(10)   Other: 0.2ms
[2022-04-10T13:10:06.100+0800][35.233s] GC(10) Eden regions: 282->0(287)
[2022-04-10T13:10:06.100+0800][35.233s] GC(10) Survivor regions: 25->20(39)
[2022-04-10T13:10:06.100+0800][35.233s] GC(10) Old regions: 27->36
[2022-04-10T13:10:06.100+0800][35.233s] GC(10) Archive regions: 2->2
[2022-04-10T13:10:06.100+0800][35.233s] GC(10) Humongous regions: 8->8
[2022-04-10T13:10:06.100+0800][35.233s] GC(10) Metaspace: 48172K(48576K)->48172K(48576K) NonClass: 42491K(42688K)->42491K(42688K) Class: 5680K(5888K)->5680K(5888K)
[2022-04-10T13:10:06.100+0800][35.233s] GC(10) Pause Young (Normal) (G1 Evacuation Pause) 341M->63M(512M) 4.330ms
[2022-04-10T13:10:06.100+0800][35.233s] GC(10) User=0.03s Sys=0.01s Real=0.01s
[2022-04-10T13:10:06.599+0800][35.732s] GC(11) Pause Young (Normal) (G1 Evacuation Pause)
[2022-04-10T13:10:06.599+0800][35.732s] GC(11) Using 10 workers of 10 for evacuation
[2022-04-10T13:10:06.602+0800][35.735s] GC(11)   Pre Evacuate Collection Set: 0.1ms
[2022-04-10T13:10:06.602+0800][35.735s] GC(11)   Merge Heap Roots: 0.1ms
[2022-04-10T13:10:06.602+0800][35.735s] GC(11)   Evacuate Collection Set: 2.1ms
[2022-04-10T13:10:06.602+0800][35.735s] GC(11)   Post Evacuate Collection Set: 0.5ms
[2022-04-10T13:10:06.602+0800][35.735s] GC(11)   Other: 0.2ms
[2022-04-10T13:10:06.602+0800][35.735s] GC(11) Eden regions: 287->0(284)
[2022-04-10T13:10:06.602+0800][35.735s] GC(11) Survivor regions: 20->23(39)
[2022-04-10T13:10:06.602+0800][35.735s] GC(11) Old regions: 36->36
[2022-04-10T13:10:06.602+0800][35.735s] GC(11) Archive regions: 2->2
[2022-04-10T13:10:06.602+0800][35.735s] GC(11) Humongous regions: 8->8
[2022-04-10T13:10:06.602+0800][35.735s] GC(11) Metaspace: 48174K(48576K)->48174K(48576K) NonClass: 42494K(42688K)->42494K(42688K) Class: 5680K(5888K)->5680K(5888K)
[2022-04-10T13:10:06.602+0800][35.735s] GC(11) Pause Young (Normal) (G1 Evacuation Pause) 350M->67M(512M) 3.084ms
[2022-04-10T13:10:06.602+0800][35.735s] GC(11) User=0.02s Sys=0.00s Real=0.01s
[2022-04-10T13:10:07.136+0800][36.269s] GC(12) Pause Young (Normal) (G1 Evacuation Pause)
[2022-04-10T13:10:07.136+0800][36.269s] GC(12) Using 10 workers of 10 for evacuation
[2022-04-10T13:10:07.139+0800][36.273s] GC(12)   Pre Evacuate Collection Set: 0.1ms
[2022-04-10T13:10:07.140+0800][36.273s] GC(12)   Merge Heap Roots: 0.1ms
[2022-04-10T13:10:07.140+0800][36.273s] GC(12)   Evacuate Collection Set: 2.5ms
[2022-04-10T13:10:07.140+0800][36.273s] GC(12)   Post Evacuate Collection Set: 0.5ms
[2022-04-10T13:10:07.140+0800][36.273s] GC(12)   Other: 0.2ms
[2022-04-10T13:10:07.140+0800][36.273s] GC(12) Eden regions: 284->0(284)
[2022-04-10T13:10:07.140+0800][36.273s] GC(12) Survivor regions: 23->23(39)
[2022-04-10T13:10:07.140+0800][36.273s] GC(12) Old regions: 36->40
[2022-04-10T13:10:07.140+0800][36.273s] GC(12) Archive regions: 2->2
[2022-04-10T13:10:07.140+0800][36.273s] GC(12) Humongous regions: 14->13
[2022-04-10T13:10:07.140+0800][36.273s] GC(12) Metaspace: 48177K(48576K)->48177K(48576K) NonClass: 42497K(42688K)->42497K(42688K) Class: 5680K(5888K)->5680K(5888K)
[2022-04-10T13:10:07.140+0800][36.273s] GC(12) Pause Young (Normal) (G1 Evacuation Pause) 357M->75M(512M) 3.457ms
[2022-04-10T13:10:07.140+0800][36.273s] GC(12) User=0.02s Sys=0.00s Real=0.01s
[2022-04-10T13:10:07.652+0800][36.785s] GC(13) Pause Young (Normal) (G1 Evacuation Pause)
[2022-04-10T13:10:07.652+0800][36.785s] GC(13) Using 10 workers of 10 for evacuation
[2022-04-10T13:10:07.655+0800][36.788s] GC(13)   Pre Evacuate Collection Set: 0.1ms
[2022-04-10T13:10:07.655+0800][36.788s] GC(13)   Merge Heap Roots: 0.1ms
[2022-04-10T13:10:07.655+0800][36.788s] GC(13)   Evacuate Collection Set: 2.6ms
[2022-04-10T13:10:07.655+0800][36.788s] GC(13)   Post Evacuate Collection Set: 0.4ms
[2022-04-10T13:10:07.655+0800][36.788s] GC(13)   Other: 0.1ms
[2022-04-10T13:10:07.655+0800][36.788s] GC(13) Eden regions: 284->0(283)
[2022-04-10T13:10:07.655+0800][36.788s] GC(13) Survivor regions: 23->24(39)
[2022-04-10T13:10:07.655+0800][36.788s] GC(13) Old regions: 40->43
[2022-04-10T13:10:07.655+0800][36.788s] GC(13) Archive regions: 2->2
[2022-04-10T13:10:07.655+0800][36.788s] GC(13) Humongous regions: 13->13
[2022-04-10T13:10:07.655+0800][36.789s] GC(13) Metaspace: 48178K(48576K)->48178K(48576K) NonClass: 42498K(42688K)->42498K(42688K) Class: 5680K(5888K)->5680K(5888K)
[2022-04-10T13:10:07.656+0800][36.789s] GC(13) Pause Young (Normal) (G1 Evacuation Pause) 359M->79M(512M) 3.389ms
[2022-04-10T13:10:07.656+0800][36.789s] GC(13) User=0.03s Sys=0.00s Real=0.00s
[2022-04-10T13:10:08.182+0800][37.315s] GC(14) Pause Young (Normal) (G1 Evacuation Pause)
[2022-04-10T13:10:08.182+0800][37.315s] GC(14) Using 10 workers of 10 for evacuation
[2022-04-10T13:10:08.185+0800][37.318s] GC(14)   Pre Evacuate Collection Set: 0.1ms
[2022-04-10T13:10:08.185+0800][37.318s] GC(14)   Merge Heap Roots: 0.1ms
[2022-04-10T13:10:08.185+0800][37.318s] GC(14)   Evacuate Collection Set: 2.6ms
[2022-04-10T13:10:08.185+0800][37.318s] GC(14)   Post Evacuate Collection Set: 0.4ms
[2022-04-10T13:10:08.185+0800][37.318s] GC(14)   Other: 0.1ms
[2022-04-10T13:10:08.185+0800][37.318s] GC(14) Eden regions: 283->0(282)
[2022-04-10T13:10:08.185+0800][37.318s] GC(14) Survivor regions: 24->25(39)
[2022-04-10T13:10:08.185+0800][37.318s] GC(14) Old regions: 43->46
[2022-04-10T13:10:08.185+0800][37.318s] GC(14) Archive regions: 2->2
[2022-04-10T13:10:08.185+0800][37.318s] GC(14) Humongous regions: 14->14
[2022-04-10T13:10:08.185+0800][37.318s] GC(14) Metaspace: 48180K(48576K)->48180K(48576K) NonClass: 42500K(42688K)->42500K(42688K) Class: 5680K(5888K)->5680K(5888K)
[2022-04-10T13:10:08.185+0800][37.318s] GC(14) Pause Young (Normal) (G1 Evacuation Pause) 363M->84M(512M) 3.371ms
[2022-04-10T13:10:08.185+0800][37.318s] GC(14) User=0.03s Sys=0.01s Real=0.00s
[2022-04-10T13:10:08.706+0800][37.839s] GC(15) Pause Young (Normal) (G1 Evacuation Pause)
[2022-04-10T13:10:08.706+0800][37.839s] GC(15) Using 10 workers of 10 for evacuation
[2022-04-10T13:10:08.709+0800][37.842s] GC(15)   Pre Evacuate Collection Set: 0.1ms
[2022-04-10T13:10:08.709+0800][37.842s] GC(15)   Merge Heap Roots: 0.1ms
[2022-04-10T13:10:08.709+0800][37.842s] GC(15)   Evacuate Collection Set: 2.8ms
[2022-04-10T13:10:08.709+0800][37.842s] GC(15)   Post Evacuate Collection Set: 0.5ms
[2022-04-10T13:10:08.709+0800][37.842s] GC(15)   Other: 0.2ms
[2022-04-10T13:10:08.709+0800][37.842s] GC(15) Eden regions: 282->0(283)
[2022-04-10T13:10:08.709+0800][37.842s] GC(15) Survivor regions: 25->24(39)
[2022-04-10T13:10:08.709+0800][37.842s] GC(15) Old regions: 46->52
[2022-04-10T13:10:08.709+0800][37.842s] GC(15) Archive regions: 2->2
[2022-04-10T13:10:08.709+0800][37.842s] GC(15) Humongous regions: 14->14
[2022-04-10T13:10:08.709+0800][37.842s] GC(15) Metaspace: 48185K(48576K)->48185K(48576K) NonClass: 42505K(42688K)->42505K(42688K) Class: 5680K(5888K)->5680K(5888K)
[2022-04-10T13:10:08.709+0800][37.842s] GC(15) Pause Young (Normal) (G1 Evacuation Pause) 366M->89M(512M) 3.705ms
[2022-04-10T13:10:08.709+0800][37.842s] GC(15) User=0.03s Sys=0.00s Real=0.00s
[2022-04-10T13:10:10.460+0800][39.593s] GC(16) Pause Young (Normal) (G1 Evacuation Pause)
[2022-04-10T13:10:10.460+0800][39.593s] GC(16) Using 10 workers of 10 for evacuation
[2022-04-10T13:10:10.463+0800][39.596s] GC(16)   Pre Evacuate Collection Set: 0.1ms
[2022-04-10T13:10:10.463+0800][39.596s] GC(16)   Merge Heap Roots: 0.1ms
[2022-04-10T13:10:10.463+0800][39.596s] GC(16)   Evacuate Collection Set: 2.5ms
[2022-04-10T13:10:10.463+0800][39.596s] GC(16)   Post Evacuate Collection Set: 0.4ms
[2022-04-10T13:10:10.463+0800][39.596s] GC(16)   Other: 0.1ms
[2022-04-10T13:10:10.463+0800][39.596s] GC(16) Eden regions: 283->0(285)
[2022-04-10T13:10:10.463+0800][39.596s] GC(16) Survivor regions: 24->22(39)
[2022-04-10T13:10:10.463+0800][39.596s] GC(16) Old regions: 52->55
[2022-04-10T13:10:10.463+0800][39.596s] GC(16) Archive regions: 2->2
[2022-04-10T13:10:10.463+0800][39.596s] GC(16) Humongous regions: 14->14
[2022-04-10T13:10:10.463+0800][39.596s] GC(16) Metaspace: 49246K(49600K)->49246K(49600K) NonClass: 43473K(43648K)->43473K(43648K) Class: 5772K(5952K)->5772K(5952K)
[2022-04-10T13:10:10.463+0800][39.596s] GC(16) Pause Young (Normal) (G1 Evacuation Pause) 372M->90M(512M) 3.302ms
[2022-04-10T13:10:10.463+0800][39.596s] GC(16) User=0.03s Sys=0.00s Real=0.00s
[2022-04-10T13:10:12.311+0800][41.444s] GC(17) Pause Young (Normal) (G1 Evacuation Pause)
[2022-04-10T13:10:12.311+0800][41.444s] GC(17) Using 10 workers of 10 for evacuation
[2022-04-10T13:10:12.315+0800][41.448s] GC(17)   Pre Evacuate Collection Set: 0.1ms
[2022-04-10T13:10:12.315+0800][41.448s] GC(17)   Merge Heap Roots: 0.1ms
[2022-04-10T13:10:12.315+0800][41.448s] GC(17)   Evacuate Collection Set: 3.2ms
[2022-04-10T13:10:12.315+0800][41.448s] GC(17)   Post Evacuate Collection Set: 0.7ms
[2022-04-10T13:10:12.315+0800][41.448s] GC(17)   Other: 0.2ms
[2022-04-10T13:10:12.315+0800][41.448s] GC(17) Eden regions: 285->0(285)
[2022-04-10T13:10:12.315+0800][41.448s] GC(17) Survivor regions: 22->22(39)
[2022-04-10T13:10:12.315+0800][41.448s] GC(17) Old regions: 55->58
[2022-04-10T13:10:12.315+0800][41.448s] GC(17) Archive regions: 2->2
[2022-04-10T13:10:12.315+0800][41.448s] GC(17) Humongous regions: 14->14
[2022-04-10T13:10:12.315+0800][41.448s] GC(17) Metaspace: 50842K(51200K)->50842K(51200K) NonClass: 44878K(45056K)->44878K(45056K) Class: 5964K(6144K)->5964K(6144K)
[2022-04-10T13:10:12.315+0800][41.448s] GC(17) Pause Young (Normal) (G1 Evacuation Pause) 375M->94M(512M) 4.373ms
[2022-04-10T13:10:12.315+0800][41.448s] GC(17) User=0.03s Sys=0.00s Real=0.00s
[2022-04-10T13:10:13.466+0800][42.599s] GC(18) Pause Young (Normal) (G1 Evacuation Pause)
[2022-04-10T13:10:13.466+0800][42.599s] GC(18) Using 10 workers of 10 for evacuation
[2022-04-10T13:10:13.469+0800][42.602s] GC(18)   Pre Evacuate Collection Set: 0.1ms
[2022-04-10T13:10:13.469+0800][42.602s] GC(18)   Merge Heap Roots: 0.1ms
[2022-04-10T13:10:13.469+0800][42.602s] GC(18)   Evacuate Collection Set: 2.1ms
[2022-04-10T13:10:13.469+0800][42.602s] GC(18)   Post Evacuate Collection Set: 0.5ms
[2022-04-10T13:10:13.469+0800][42.602s] GC(18)   Other: 0.1ms
[2022-04-10T13:10:13.469+0800][42.602s] GC(18) Eden regions: 285->0(289)
[2022-04-10T13:10:13.469+0800][42.602s] GC(18) Survivor regions: 22->18(39)
[2022-04-10T13:10:13.469+0800][42.602s] GC(18) Old regions: 58->62
[2022-04-10T13:10:13.469+0800][42.602s] GC(18) Archive regions: 2->2
[2022-04-10T13:10:13.469+0800][42.602s] GC(18) Humongous regions: 14->14
[2022-04-10T13:10:13.469+0800][42.602s] GC(18) Metaspace: 50906K(51264K)->50906K(51264K) NonClass: 44940K(45120K)->44940K(45120K) Class: 5965K(6144K)->5965K(6144K)
[2022-04-10T13:10:13.469+0800][42.602s] GC(18) Pause Young (Normal) (G1 Evacuation Pause) 379M->93M(512M) 2.941ms
[2022-04-10T13:10:13.469+0800][42.602s] GC(18) User=0.02s Sys=0.00s Real=0.00s
[2022-04-10T13:10:14.031+0800][43.164s] GC(19) Pause Young (Normal) (G1 Evacuation Pause)
[2022-04-10T13:10:14.031+0800][43.164s] GC(19) Using 10 workers of 10 for evacuation
[2022-04-10T13:10:14.034+0800][43.167s] GC(19)   Pre Evacuate Collection Set: 0.1ms
[2022-04-10T13:10:14.034+0800][43.167s] GC(19)   Merge Heap Roots: 0.1ms
[2022-04-10T13:10:14.034+0800][43.167s] GC(19)   Evacuate Collection Set: 2.2ms
[2022-04-10T13:10:14.034+0800][43.167s] GC(19)   Post Evacuate Collection Set: 0.5ms
[2022-04-10T13:10:14.034+0800][43.167s] GC(19)   Other: 0.2ms
[2022-04-10T13:10:14.034+0800][43.167s] GC(19) Eden regions: 289->0(284)
[2022-04-10T13:10:14.034+0800][43.167s] GC(19) Survivor regions: 18->23(39)
[2022-04-10T13:10:14.034+0800][43.167s] GC(19) Old regions: 62->62
[2022-04-10T13:10:14.034+0800][43.167s] GC(19) Archive regions: 2->2
[2022-04-10T13:10:14.034+0800][43.167s] GC(19) Humongous regions: 14->14
[2022-04-10T13:10:14.034+0800][43.167s] GC(19) Metaspace: 50907K(51264K)->50907K(51264K) NonClass: 44941K(45120K)->44941K(45120K) Class: 5965K(6144K)->5965K(6144K)
[2022-04-10T13:10:14.034+0800][43.167s] GC(19) Pause Young (Normal) (G1 Evacuation Pause) 382M->98M(512M) 3.143ms
[2022-04-10T13:10:14.035+0800][43.167s] GC(19) User=0.03s Sys=0.00s Real=0.00s
[2022-04-10T13:10:14.560+0800][43.693s] GC(20) Pause Young (Normal) (G1 Evacuation Pause)
[2022-04-10T13:10:14.560+0800][43.693s] GC(20) Using 10 workers of 10 for evacuation
[2022-04-10T13:10:14.564+0800][43.697s] GC(20)   Pre Evacuate Collection Set: 0.1ms
[2022-04-10T13:10:14.564+0800][43.697s] GC(20)   Merge Heap Roots: 0.1ms
[2022-04-10T13:10:14.564+0800][43.697s] GC(20)   Evacuate Collection Set: 3.5ms
[2022-04-10T13:10:14.564+0800][43.697s] GC(20)   Post Evacuate Collection Set: 0.4ms
[2022-04-10T13:10:14.564+0800][43.697s] GC(20)   Other: 0.1ms
[2022-04-10T13:10:14.564+0800][43.697s] GC(20) Eden regions: 284->0(290)
[2022-04-10T13:10:14.564+0800][43.697s] GC(20) Survivor regions: 23->17(39)
[2022-04-10T13:10:14.564+0800][43.697s] GC(20) Old regions: 62->73
[2022-04-10T13:10:14.564+0800][43.697s] GC(20) Archive regions: 2->2
[2022-04-10T13:10:14.564+0800][43.697s] GC(20) Humongous regions: 14->14
[2022-04-10T13:10:14.564+0800][43.697s] GC(20) Metaspace: 50907K(51264K)->50907K(51264K) NonClass: 44941K(45120K)->44941K(45120K) Class: 5965K(6144K)->5965K(6144K)
[2022-04-10T13:10:14.565+0800][43.697s] GC(20) Pause Young (Normal) (G1 Evacuation Pause) 382M->103M(512M) 4.353ms
[2022-04-10T13:10:14.565+0800][43.698s] GC(20) User=0.04s Sys=0.00s Real=0.00s
[2022-04-10T13:10:15.109+0800][44.241s] GC(21) Pause Young (Normal) (G1 Evacuation Pause)
[2022-04-10T13:10:15.109+0800][44.242s] GC(21) Using 10 workers of 10 for evacuation
[2022-04-10T13:10:15.112+0800][44.245s] GC(21)   Pre Evacuate Collection Set: 0.1ms
[2022-04-10T13:10:15.112+0800][44.245s] GC(21)   Merge Heap Roots: 0.1ms
[2022-04-10T13:10:15.112+0800][44.245s] GC(21)   Evacuate Collection Set: 2.3ms
[2022-04-10T13:10:15.112+0800][44.245s] GC(21)   Post Evacuate Collection Set: 0.5ms
[2022-04-10T13:10:15.112+0800][44.245s] GC(21)   Other: 0.2ms
[2022-04-10T13:10:15.112+0800][44.245s] GC(21) Eden regions: 290->0(286)
[2022-04-10T13:10:15.112+0800][44.245s] GC(21) Survivor regions: 17->21(39)
[2022-04-10T13:10:15.112+0800][44.245s] GC(21) Old regions: 73->73
[2022-04-10T13:10:15.112+0800][44.245s] GC(21) Archive regions: 2->2
[2022-04-10T13:10:15.112+0800][44.245s] GC(21) Humongous regions: 15->15
[2022-04-10T13:10:15.112+0800][44.245s] GC(21) Metaspace: 50907K(51264K)->50907K(51264K) NonClass: 44941K(45120K)->44941K(45120K) Class: 5965K(6144K)->5965K(6144K)
[2022-04-10T13:10:15.112+0800][44.245s] GC(21) Pause Young (Normal) (G1 Evacuation Pause) 394M->109M(512M) 3.308ms
[2022-04-10T13:10:15.112+0800][44.245s] GC(21) User=0.03s Sys=0.00s Real=0.01s
[2022-04-10T13:10:16.228+0800][45.361s] GC(22) Pause Young (Normal) (G1 Evacuation Pause)
[2022-04-10T13:10:16.228+0800][45.361s] GC(22) Using 10 workers of 10 for evacuation
[2022-04-10T13:10:16.230+0800][45.363s] GC(22)   Pre Evacuate Collection Set: 0.1ms
[2022-04-10T13:10:16.230+0800][45.363s] GC(22)   Merge Heap Roots: 0.1ms
[2022-04-10T13:10:16.230+0800][45.363s] GC(22)   Evacuate Collection Set: 1.1ms
[2022-04-10T13:10:16.230+0800][45.363s] GC(22)   Post Evacuate Collection Set: 0.6ms
[2022-04-10T13:10:16.230+0800][45.363s] GC(22)   Other: 0.1ms
[2022-04-10T13:10:16.230+0800][45.363s] GC(22) Eden regions: 286->0(302)
[2022-04-10T13:10:16.230+0800][45.363s] GC(22) Survivor regions: 21->5(39)
[2022-04-10T13:10:16.230+0800][45.363s] GC(22) Old regions: 73->76
[2022-04-10T13:10:16.230+0800][45.363s] GC(22) Archive regions: 2->2
[2022-04-10T13:10:16.230+0800][45.363s] GC(22) Humongous regions: 15->14
[2022-04-10T13:10:16.230+0800][45.363s] GC(22) Metaspace: 50946K(51328K)->50946K(51328K) NonClass: 44980K(45184K)->44980K(45184K) Class: 5965K(6144K)->5965K(6144K)
[2022-04-10T13:10:16.230+0800][45.363s] GC(22) Pause Young (Normal) (G1 Evacuation Pause) 395M->95M(512M) 2.112ms
[2022-04-10T13:10:16.230+0800][45.363s] GC(22) User=0.01s Sys=0.00s Real=0.01s
[2022-04-10T13:10:18.328+0800][47.461s] GC(23) Pause Young (Normal) (G1 Evacuation Pause)
[2022-04-10T13:10:18.328+0800][47.461s] GC(23) Using 10 workers of 10 for evacuation
[2022-04-10T13:10:18.329+0800][47.462s] GC(23)   Pre Evacuate Collection Set: 0.1ms
[2022-04-10T13:10:18.329+0800][47.462s] GC(23)   Merge Heap Roots: 0.1ms
[2022-04-10T13:10:18.329+0800][47.462s] GC(23)   Evacuate Collection Set: 0.7ms
[2022-04-10T13:10:18.329+0800][47.462s] GC(23)   Post Evacuate Collection Set: 0.5ms
[2022-04-10T13:10:18.329+0800][47.462s] GC(23)   Other: 0.2ms
[2022-04-10T13:10:18.329+0800][47.462s] GC(23) Eden regions: 302->0(304)
[2022-04-10T13:10:18.329+0800][47.462s] GC(23) Survivor regions: 5->3(39)
[2022-04-10T13:10:18.329+0800][47.462s] GC(23) Old regions: 76->76
[2022-04-10T13:10:18.329+0800][47.462s] GC(23) Archive regions: 2->2
[2022-04-10T13:10:18.329+0800][47.462s] GC(23) Humongous regions: 14->14
[2022-04-10T13:10:18.329+0800][47.462s] GC(23) Metaspace: 51058K(51456K)->51058K(51456K) NonClass: 45091K(45312K)->45091K(45312K) Class: 5966K(6144K)->5966K(6144K)
[2022-04-10T13:10:18.329+0800][47.462s] GC(23) Pause Young (Normal) (G1 Evacuation Pause) 397M->93M(512M) 1.610ms
[2022-04-10T13:10:18.329+0800][47.462s] GC(23) User=0.00s Sys=0.01s Real=0.00s
[2022-04-10T13:14:28.727+0800][297.824s] GC(24) Pause Young (Normal) (G1 Evacuation Pause)
[2022-04-10T13:14:28.727+0800][297.824s] GC(24) Using 10 workers of 10 for evacuation
[2022-04-10T13:14:28.729+0800][297.827s] GC(24)   Pre Evacuate Collection Set: 0.1ms
[2022-04-10T13:14:28.729+0800][297.827s] GC(24)   Merge Heap Roots: 0.1ms
[2022-04-10T13:14:28.729+0800][297.827s] GC(24)   Evacuate Collection Set: 1.1ms
[2022-04-10T13:14:28.729+0800][297.827s] GC(24)   Post Evacuate Collection Set: 0.8ms
[2022-04-10T13:14:28.729+0800][297.827s] GC(24)   Other: 0.2ms
[2022-04-10T13:14:28.729+0800][297.827s] GC(24) Eden regions: 304->0(301)
[2022-04-10T13:14:28.729+0800][297.827s] GC(24) Survivor regions: 3->6(39)
[2022-04-10T13:14:28.729+0800][297.827s] GC(24) Old regions: 76->76
[2022-04-10T13:14:28.729+0800][297.827s] GC(24) Archive regions: 2->2
[2022-04-10T13:14:28.729+0800][297.827s] GC(24) Humongous regions: 14->14
[2022-04-10T13:14:28.729+0800][297.827s] GC(24) Metaspace: 52893K(53248K)->52893K(53248K) NonClass: 46727K(46912K)->46727K(46912K) Class: 6165K(6336K)->6165K(6336K)
[2022-04-10T13:14:28.729+0800][297.827s] GC(24) Pause Young (Normal) (G1 Evacuation Pause) 397M->96M(512M) 2.335ms
[2022-04-10T13:14:28.729+0800][297.827s] GC(24) User=0.01s Sys=0.00s Real=0.00s
[2022-04-10T13:14:29.277+0800][298.374s] GC(25) Pause Young (Normal) (G1 Evacuation Pause)
[2022-04-10T13:14:29.277+0800][298.374s] GC(25) Using 10 workers of 10 for evacuation
[2022-04-10T13:14:29.279+0800][298.377s] GC(25)   Pre Evacuate Collection Set: 0.1ms
[2022-04-10T13:14:29.279+0800][298.377s] GC(25)   Merge Heap Roots: 0.1ms
[2022-04-10T13:14:29.279+0800][298.377s] GC(25)   Evacuate Collection Set: 1.4ms
[2022-04-10T13:14:29.279+0800][298.377s] GC(25)   Post Evacuate Collection Set: 0.4ms
[2022-04-10T13:14:29.279+0800][298.377s] GC(25)   Other: 0.2ms
[2022-04-10T13:14:29.279+0800][298.377s] GC(25) Eden regions: 301->0(296)
[2022-04-10T13:14:29.279+0800][298.377s] GC(25) Survivor regions: 6->11(39)
[2022-04-10T13:14:29.279+0800][298.377s] GC(25) Old regions: 76->76
[2022-04-10T13:14:29.279+0800][298.377s] GC(25) Archive regions: 2->2
[2022-04-10T13:14:29.279+0800][298.377s] GC(25) Humongous regions: 14->14
[2022-04-10T13:14:29.279+0800][298.377s] GC(25) Metaspace: 52894K(53248K)->52894K(53248K) NonClass: 46728K(46912K)->46728K(46912K) Class: 6165K(6336K)->6165K(6336K)
[2022-04-10T13:14:29.279+0800][298.377s] GC(25) Pause Young (Normal) (G1 Evacuation Pause) 397M->101M(512M) 2.385ms
[2022-04-10T13:14:29.279+0800][298.377s] GC(25) User=0.01s Sys=0.00s Real=0.00s
[2022-04-10T13:14:29.801+0800][298.898s] GC(26) Pause Young (Normal) (G1 Evacuation Pause)
[2022-04-10T13:14:29.801+0800][298.898s] GC(26) Using 10 workers of 10 for evacuation
[2022-04-10T13:14:29.803+0800][298.901s] GC(26)   Pre Evacuate Collection Set: 0.0ms
[2022-04-10T13:14:29.803+0800][298.901s] GC(26)   Merge Heap Roots: 0.1ms
[2022-04-10T13:14:29.803+0800][298.901s] GC(26)   Evacuate Collection Set: 1.3ms
[2022-04-10T13:14:29.803+0800][298.901s] GC(26)   Post Evacuate Collection Set: 0.5ms
[2022-04-10T13:14:29.803+0800][298.901s] GC(26)   Other: 0.1ms
[2022-04-10T13:14:29.803+0800][298.901s] GC(26) Eden regions: 296->0(300)
[2022-04-10T13:14:29.803+0800][298.901s] GC(26) Survivor regions: 11->7(39)
[2022-04-10T13:14:29.803+0800][298.901s] GC(26) Old regions: 76->76
[2022-04-10T13:14:29.803+0800][298.901s] GC(26) Archive regions: 2->2
[2022-04-10T13:14:29.803+0800][298.901s] GC(26) Humongous regions: 14->14
[2022-04-10T13:14:29.803+0800][298.901s] GC(26) Metaspace: 52968K(53312K)->52968K(53312K) NonClass: 46794K(46976K)->46794K(46976K) Class: 6173K(6336K)->6173K(6336K)
[2022-04-10T13:14:29.803+0800][298.901s] GC(26) Pause Young (Normal) (G1 Evacuation Pause) 397M->97M(512M) 2.274ms
[2022-04-10T13:14:29.803+0800][298.901s] GC(26) User=0.02s Sys=0.00s Real=0.00s
[2022-04-10T13:14:30.419+0800][299.516s] GC(27) Pause Young (Normal) (G1 Evacuation Pause)
[2022-04-10T13:14:30.419+0800][299.516s] GC(27) Using 10 workers of 10 for evacuation
[2022-04-10T13:14:30.421+0800][299.519s] GC(27)   Pre Evacuate Collection Set: 0.1ms
[2022-04-10T13:14:30.421+0800][299.519s] GC(27)   Merge Heap Roots: 0.1ms
[2022-04-10T13:14:30.421+0800][299.519s] GC(27)   Evacuate Collection Set: 1.5ms
[2022-04-10T13:14:30.421+0800][299.519s] GC(27)   Post Evacuate Collection Set: 0.5ms
[2022-04-10T13:14:30.421+0800][299.519s] GC(27)   Other: 0.2ms
[2022-04-10T13:14:30.421+0800][299.519s] GC(27) Eden regions: 300->0(296)
[2022-04-10T13:14:30.421+0800][299.519s] GC(27) Survivor regions: 7->11(39)
[2022-04-10T13:14:30.421+0800][299.519s] GC(27) Old regions: 76->76
[2022-04-10T13:14:30.421+0800][299.519s] GC(27) Archive regions: 2->2
[2022-04-10T13:14:30.421+0800][299.519s] GC(27) Humongous regions: 14->14
[2022-04-10T13:14:30.421+0800][299.519s] GC(27) Metaspace: 52972K(53312K)->52972K(53312K) NonClass: 46798K(46976K)->46798K(46976K) Class: 6173K(6336K)->6173K(6336K)
[2022-04-10T13:14:30.421+0800][299.519s] GC(27) Pause Young (Normal) (G1 Evacuation Pause) 397M->100M(512M) 2.418ms
[2022-04-10T13:14:30.421+0800][299.519s] GC(27) User=0.01s Sys=0.00s Real=0.01s
[2022-04-10T13:14:30.938+0800][300.036s] GC(28) Pause Young (Normal) (G1 Evacuation Pause)
[2022-04-10T13:14:30.938+0800][300.036s] GC(28) Using 10 workers of 10 for evacuation
[2022-04-10T13:14:30.940+0800][300.038s] GC(28)   Pre Evacuate Collection Set: 0.1ms
[2022-04-10T13:14:30.940+0800][300.038s] GC(28)   Merge Heap Roots: 0.1ms
[2022-04-10T13:14:30.940+0800][300.038s] GC(28)   Evacuate Collection Set: 1.2ms
[2022-04-10T13:14:30.940+0800][300.038s] GC(28)   Post Evacuate Collection Set: 0.7ms
[2022-04-10T13:14:30.940+0800][300.038s] GC(28)   Other: 0.1ms
[2022-04-10T13:14:30.940+0800][300.038s] GC(28) Eden regions: 296->0(299)
[2022-04-10T13:14:30.940+0800][300.038s] GC(28) Survivor regions: 11->8(39)
[2022-04-10T13:14:30.940+0800][300.038s] GC(28) Old regions: 76->76
[2022-04-10T13:14:30.940+0800][300.038s] GC(28) Archive regions: 2->2
[2022-04-10T13:14:30.940+0800][300.038s] GC(28) Humongous regions: 14->14
[2022-04-10T13:14:30.940+0800][300.038s] GC(28) Metaspace: 52993K(53376K)->52993K(53376K) NonClass: 46819K(47040K)->46819K(47040K) Class: 6173K(6336K)->6173K(6336K)
[2022-04-10T13:14:30.940+0800][300.038s] GC(28) Pause Young (Normal) (G1 Evacuation Pause) 396M->98M(512M) 2.231ms
[2022-04-10T13:14:30.941+0800][300.038s] GC(28) User=0.01s Sys=0.00s Real=0.01s
[2022-04-10T13:14:31.440+0800][300.537s] GC(29) Pause Young (Normal) (G1 Evacuation Pause)
[2022-04-10T13:14:31.440+0800][300.537s] GC(29) Using 10 workers of 10 for evacuation
[2022-04-10T13:14:31.442+0800][300.540s] GC(29)   Pre Evacuate Collection Set: 0.1ms
[2022-04-10T13:14:31.442+0800][300.540s] GC(29)   Merge Heap Roots: 0.1ms
[2022-04-10T13:14:31.442+0800][300.540s] GC(29)   Evacuate Collection Set: 1.5ms
[2022-04-10T13:14:31.442+0800][300.540s] GC(29)   Post Evacuate Collection Set: 0.5ms
[2022-04-10T13:14:31.442+0800][300.540s] GC(29)   Other: 0.1ms
[2022-04-10T13:14:31.443+0800][300.540s] GC(29) Eden regions: 299->0(295)
[2022-04-10T13:14:31.443+0800][300.540s] GC(29) Survivor regions: 8->12(39)
[2022-04-10T13:14:31.443+0800][300.540s] GC(29) Old regions: 76->76
[2022-04-10T13:14:31.443+0800][300.540s] GC(29) Archive regions: 2->2
[2022-04-10T13:14:31.443+0800][300.540s] GC(29) Humongous regions: 14->14
[2022-04-10T13:14:31.443+0800][300.540s] GC(29) Metaspace: 52998K(53376K)->52998K(53376K) NonClass: 46824K(47040K)->46824K(47040K) Class: 6173K(6336K)->6173K(6336K)
[2022-04-10T13:14:31.443+0800][300.540s] GC(29) Pause Young (Normal) (G1 Evacuation Pause) 397M->101M(512M) 2.460ms
[2022-04-10T13:14:31.443+0800][300.540s] GC(29) User=0.02s Sys=0.01s Real=0.00s
[2022-04-10T13:14:31.961+0800][301.058s] GC(30) Pause Young (Normal) (G1 Evacuation Pause)
[2022-04-10T13:14:31.961+0800][301.058s] GC(30) Using 10 workers of 10 for evacuation
[2022-04-10T13:14:31.963+0800][301.060s] GC(30)   Pre Evacuate Collection Set: 0.1ms
[2022-04-10T13:14:31.963+0800][301.060s] GC(30)   Merge Heap Roots: 0.1ms
[2022-04-10T13:14:31.963+0800][301.060s] GC(30)   Evacuate Collection Set: 1.3ms
[2022-04-10T13:14:31.963+0800][301.060s] GC(30)   Post Evacuate Collection Set: 0.7ms
[2022-04-10T13:14:31.963+0800][301.060s] GC(30)   Other: 0.2ms
[2022-04-10T13:14:31.963+0800][301.060s] GC(30) Eden regions: 295->0(298)
[2022-04-10T13:14:31.963+0800][301.060s] GC(30) Survivor regions: 12->9(39)
[2022-04-10T13:14:31.963+0800][301.060s] GC(30) Old regions: 76->76
[2022-04-10T13:14:31.963+0800][301.060s] GC(30) Archive regions: 2->2
[2022-04-10T13:14:31.963+0800][301.060s] GC(30) Humongous regions: 14->14
[2022-04-10T13:14:31.963+0800][301.060s] GC(30) Metaspace: 53014K(53376K)->53014K(53376K) NonClass: 46840K(47040K)->46840K(47040K) Class: 6173K(6336K)->6173K(6336K)
[2022-04-10T13:14:31.963+0800][301.061s] GC(30) Pause Young (Normal) (G1 Evacuation Pause) 396M->99M(512M) 2.461ms
[2022-04-10T13:14:31.963+0800][301.061s] GC(30) User=0.02s Sys=0.00s Real=0.00s
[2022-04-10T13:14:32.469+0800][301.566s] GC(31) Pause Young (Normal) (G1 Evacuation Pause)
[2022-04-10T13:14:32.469+0800][301.566s] GC(31) Using 10 workers of 10 for evacuation
[2022-04-10T13:14:32.471+0800][301.569s] GC(31)   Pre Evacuate Collection Set: 0.1ms
[2022-04-10T13:14:32.471+0800][301.569s] GC(31)   Merge Heap Roots: 0.1ms
[2022-04-10T13:14:32.471+0800][301.569s] GC(31)   Evacuate Collection Set: 1.4ms
[2022-04-10T13:14:32.471+0800][301.569s] GC(31)   Post Evacuate Collection Set: 0.5ms
[2022-04-10T13:14:32.471+0800][301.569s] GC(31)   Other: 0.2ms
[2022-04-10T13:14:32.471+0800][301.569s] GC(31) Eden regions: 298->0(294)
[2022-04-10T13:14:32.471+0800][301.569s] GC(31) Survivor regions: 9->13(39)
[2022-04-10T13:14:32.471+0800][301.569s] GC(31) Old regions: 76->76
[2022-04-10T13:14:32.471+0800][301.569s] GC(31) Archive regions: 2->2
[2022-04-10T13:14:32.471+0800][301.569s] GC(31) Humongous regions: 14->14
[2022-04-10T13:14:32.471+0800][301.569s] GC(31) Metaspace: 53016K(53376K)->53016K(53376K) NonClass: 46843K(47040K)->46843K(47040K) Class: 6173K(6336K)->6173K(6336K)
[2022-04-10T13:14:32.471+0800][301.569s] GC(31) Pause Young (Normal) (G1 Evacuation Pause) 397M->102M(512M) 2.419ms
[2022-04-10T13:14:32.471+0800][301.569s] GC(31) User=0.02s Sys=0.00s Real=0.01s
[2022-04-10T13:14:33.058+0800][302.156s] GC(32) Pause Young (Normal) (G1 Evacuation Pause)
[2022-04-10T13:14:33.058+0800][302.156s] GC(32) Using 10 workers of 10 for evacuation
[2022-04-10T13:14:33.060+0800][302.158s] GC(32)   Pre Evacuate Collection Set: 0.1ms
[2022-04-10T13:14:33.060+0800][302.158s] GC(32)   Merge Heap Roots: 0.1ms
[2022-04-10T13:14:33.061+0800][302.158s] GC(32)   Evacuate Collection Set: 1.3ms
[2022-04-10T13:14:33.061+0800][302.158s] GC(32)   Post Evacuate Collection Set: 0.5ms
[2022-04-10T13:14:33.061+0800][302.158s] GC(32)   Other: 0.1ms
[2022-04-10T13:14:33.061+0800][302.158s] GC(32) Eden regions: 294->0(298)
[2022-04-10T13:14:33.061+0800][302.158s] GC(32) Survivor regions: 13->9(39)
[2022-04-10T13:14:33.061+0800][302.158s] GC(32) Old regions: 76->77
[2022-04-10T13:14:33.061+0800][302.158s] GC(32) Archive regions: 2->2
[2022-04-10T13:14:33.061+0800][302.158s] GC(32) Humongous regions: 14->14
[2022-04-10T13:14:33.061+0800][302.158s] GC(32) Metaspace: 53047K(53440K)->53047K(53440K) NonClass: 46872K(47104K)->46872K(47104K) Class: 6174K(6336K)->6174K(6336K)
[2022-04-10T13:14:33.061+0800][302.158s] GC(32) Pause Young (Normal) (G1 Evacuation Pause) 396M->99M(512M) 2.215ms
[2022-04-10T13:14:33.061+0800][302.158s] GC(32) User=0.01s Sys=0.00s Real=0.01s
[2022-04-10T13:14:33.548+0800][302.645s] GC(33) Pause Young (Normal) (G1 Evacuation Pause)
[2022-04-10T13:14:33.548+0800][302.645s] GC(33) Using 10 workers of 10 for evacuation
[2022-04-10T13:14:33.549+0800][302.647s] GC(33)   Pre Evacuate Collection Set: 0.1ms
[2022-04-10T13:14:33.549+0800][302.647s] GC(33)   Merge Heap Roots: 0.0ms
[2022-04-10T13:14:33.549+0800][302.647s] GC(33)   Evacuate Collection Set: 0.9ms
[2022-04-10T13:14:33.549+0800][302.647s] GC(33)   Post Evacuate Collection Set: 0.4ms
[2022-04-10T13:14:33.549+0800][302.647s] GC(33)   Other: 0.1ms
[2022-04-10T13:14:33.549+0800][302.647s] GC(33) Eden regions: 298->0(302)
[2022-04-10T13:14:33.549+0800][302.647s] GC(33) Survivor regions: 9->5(39)
[2022-04-10T13:14:33.549+0800][302.647s] GC(33) Old regions: 77->77
[2022-04-10T13:14:33.549+0800][302.647s] GC(33) Archive regions: 2->2
[2022-04-10T13:14:33.549+0800][302.647s] GC(33) Humongous regions: 14->14
[2022-04-10T13:14:33.549+0800][302.647s] GC(33) Metaspace: 53060K(53440K)->53060K(53440K) NonClass: 46886K(47104K)->46886K(47104K) Class: 6174K(6336K)->6174K(6336K)
[2022-04-10T13:14:33.549+0800][302.647s] GC(33) Pause Young (Normal) (G1 Evacuation Pause) 397M->95M(512M) 1.621ms
[2022-04-10T13:14:33.549+0800][302.647s] GC(33) User=0.02s Sys=0.00s Real=0.00s
[2022-04-10T13:14:56.870+0800][325.967s] Heap
[2022-04-10T13:14:56.870+0800][325.967s]  garbage-first heap   total 524288K, used 374094K [0x00000007e0000000, 0x0000000800000000)
[2022-04-10T13:14:56.870+0800][325.967s]   region size 1024K, 275 young (281600K), 5 survivors (5120K)
[2022-04-10T13:14:56.870+0800][325.967s]  Metaspace       used 53376K, committed 53760K, reserved 1097728K
[2022-04-10T13:14:56.870+0800][325.967s]   class space    used 6208K, committed 6400K, reserved 1048576K
