[2022-04-10T02:59:18.384+0800][0.010s] Using G1
[2022-04-10T02:59:18.617+0800][0.243s] Version: 16.0.1+9-24 (release)
[2022-04-10T02:59:18.617+0800][0.243s] CPUs: 12 total, 12 available
[2022-04-10T02:59:18.617+0800][0.243s] Memory: 16384M
[2022-04-10T02:59:18.617+0800][0.243s] Large Page Support: Disabled
[2022-04-10T02:59:18.617+0800][0.243s] NUMA Support: Disabled
[2022-04-10T02:59:18.617+0800][0.243s] Compressed Oops: Enabled (Zero based)
[2022-04-10T02:59:18.617+0800][0.243s] Heap Region Size: 1M
[2022-04-10T02:59:18.617+0800][0.243s] Heap Min Capacity: 512M
[2022-04-10T02:59:18.617+0800][0.243s] Heap Initial Capacity: 512M
[2022-04-10T02:59:18.617+0800][0.243s] Heap Max Capacity: 512M
[2022-04-10T02:59:18.617+0800][0.243s] Pre-touch: Enabled
[2022-04-10T02:59:18.617+0800][0.243s] Parallel Workers: 10
[2022-04-10T02:59:18.617+0800][0.243s] Concurrent Workers: 3
[2022-04-10T02:59:18.617+0800][0.243s] Concurrent Refinement Workers: 10
[2022-04-10T02:59:18.617+0800][0.243s] Periodic GC: Disabled
[2022-04-10T02:59:18.618+0800][0.244s] CDS archive(s) mapped at: [0x0000000800000000-0x0000000800bbb000-0x0000000800bbb000), size 12300288, SharedBaseAddress: 0x0000000800000000, ArchiveRelocationMode: 0.
[2022-04-10T02:59:18.618+0800][0.244s] Compressed class space mapped at: 0x0000000800c00000-0x0000000840c00000, reserved size: 1073741824
[2022-04-10T02:59:18.618+0800][0.244s] Narrow klass base: 0x0000000800000000, Narrow klass shift: 3, Narrow klass range: 0x100000000
[2022-04-10T02:59:19.312+0800][0.938s] GC(0) Pause Young (Normal) (G1 Evacuation Pause)
[2022-04-10T02:59:19.312+0800][0.939s] GC(0) Using 10 workers of 10 for evacuation
[2022-04-10T02:59:19.314+0800][0.940s] GC(0)   Pre Evacuate Collection Set: 0.1ms
[2022-04-10T02:59:19.314+0800][0.940s] GC(0)   Merge Heap Roots: 0.0ms
[2022-04-10T02:59:19.314+0800][0.940s] GC(0)   Evacuate Collection Set: 1.3ms
[2022-04-10T02:59:19.314+0800][0.940s] GC(0)   Post Evacuate Collection Set: 0.2ms
[2022-04-10T02:59:19.314+0800][0.940s] GC(0)   Other: 0.4ms
[2022-04-10T02:59:19.314+0800][0.940s] GC(0) Eden regions: 29->0(81)
[2022-04-10T02:59:19.314+0800][0.940s] GC(0) Survivor regions: 0->4(4)
[2022-04-10T02:59:19.314+0800][0.940s] GC(0) Old regions: 0->0
[2022-04-10T02:59:19.314+0800][0.940s] GC(0) Archive regions: 2->2
[2022-04-10T02:59:19.314+0800][0.940s] GC(0) Humongous regions: 0->0
[2022-04-10T02:59:19.314+0800][0.941s] GC(0) Metaspace: 6930K(7104K)->6930K(7104K) NonClass: 6114K(6208K)->6114K(6208K) Class: 816K(896K)->816K(896K)
[2022-04-10T02:59:19.314+0800][0.941s] GC(0) Pause Young (Normal) (G1 Evacuation Pause) 29M->4M(512M) 2.094ms
[2022-04-10T02:59:19.314+0800][0.941s] GC(0) User=0.01s Sys=0.00s Real=0.00s
[2022-04-10T02:59:20.293+0800][1.919s] GC(1) Pause Young (Concurrent Start) (Metadata GC Threshold)
[2022-04-10T02:59:20.293+0800][1.919s] GC(1) Using 10 workers of 10 for evacuation
[2022-04-10T02:59:20.299+0800][1.925s] GC(1)   Pre Evacuate Collection Set: 0.1ms
[2022-04-10T02:59:20.299+0800][1.925s] GC(1)   Merge Heap Roots: 0.0ms
[2022-04-10T02:59:20.299+0800][1.925s] GC(1)   Evacuate Collection Set: 5.0ms
[2022-04-10T02:59:20.299+0800][1.925s] GC(1)   Post Evacuate Collection Set: 0.7ms
[2022-04-10T02:59:20.299+0800][1.925s] GC(1)   Other: 0.2ms
[2022-04-10T02:59:20.299+0800][1.925s] GC(1) Eden regions: 80->0(74)
[2022-04-10T02:59:20.299+0800][1.925s] GC(1) Survivor regions: 4->11(11)
[2022-04-10T02:59:20.299+0800][1.925s] GC(1) Old regions: 0->8
[2022-04-10T02:59:20.299+0800][1.925s] GC(1) Archive regions: 2->2
[2022-04-10T02:59:20.299+0800][1.925s] GC(1) Humongous regions: 4->4
[2022-04-10T02:59:20.299+0800][1.925s] GC(1) Metaspace: 21007K(21248K)->21007K(21248K) NonClass: 18637K(18752K)->18637K(18752K) Class: 2369K(2496K)->2369K(2496K)
[2022-04-10T02:59:20.299+0800][1.925s] GC(1) Pause Young (Concurrent Start) (Metadata GC Threshold) 88M->23M(512M) 6.122ms
[2022-04-10T02:59:20.299+0800][1.925s] GC(1) User=0.04s Sys=0.01s Real=0.00s
[2022-04-10T02:59:20.299+0800][1.926s] GC(2) Concurrent Mark Cycle
[2022-04-10T02:59:20.299+0800][1.926s] GC(2) Concurrent Clear Claimed Marks
[2022-04-10T02:59:20.299+0800][1.926s] GC(2) Concurrent Clear Claimed Marks 0.035ms
[2022-04-10T02:59:20.299+0800][1.926s] GC(2) Concurrent Scan Root Regions
[2022-04-10T02:59:20.302+0800][1.928s] GC(2) Concurrent Scan Root Regions 2.796ms
[2022-04-10T02:59:20.302+0800][1.928s] GC(2) Concurrent Mark
[2022-04-10T02:59:20.302+0800][1.928s] GC(2) Concurrent Mark From Roots
[2022-04-10T02:59:20.302+0800][1.928s] GC(2) Using 3 workers of 3 for marking
[2022-04-10T02:59:20.303+0800][1.930s] GC(2) Concurrent Mark From Roots 1.095ms
[2022-04-10T02:59:20.303+0800][1.930s] GC(2) Concurrent Preclean
[2022-04-10T02:59:20.303+0800][1.930s] GC(2) Concurrent Preclean 0.028ms
[2022-04-10T02:59:20.303+0800][1.930s] GC(2) Pause Remark
[2022-04-10T02:59:20.304+0800][1.931s] GC(2) Pause Remark 24M->24M(512M) 0.824ms
[2022-04-10T02:59:20.304+0800][1.931s] GC(2) User=0.01s Sys=0.00s Real=0.00s
[2022-04-10T02:59:20.304+0800][1.931s] GC(2) Concurrent Mark 2.154ms
[2022-04-10T02:59:20.304+0800][1.931s] GC(2) Concurrent Rebuild Remembered Sets
[2022-04-10T02:59:20.306+0800][1.933s] GC(2) Concurrent Rebuild Remembered Sets 2.226ms
[2022-04-10T02:59:20.307+0800][1.933s] GC(2) Pause Cleanup
[2022-04-10T02:59:20.307+0800][1.933s] GC(2) Pause Cleanup 24M->24M(512M) 0.101ms
[2022-04-10T02:59:20.307+0800][1.933s] GC(2) User=0.00s Sys=0.00s Real=0.00s
[2022-04-10T02:59:20.307+0800][1.933s] GC(2) Concurrent Cleanup for Next Mark
[2022-04-10T02:59:20.307+0800][1.934s] GC(2) Concurrent Cleanup for Next Mark 0.668ms
[2022-04-10T02:59:20.307+0800][1.934s] GC(2) Concurrent Mark Cycle 8.248ms
[2022-04-10T02:59:21.215+0800][2.841s] GC(3) Pause Young (Normal) (G1 Evacuation Pause)
[2022-04-10T02:59:21.215+0800][2.841s] GC(3) Using 10 workers of 10 for evacuation
[2022-04-10T02:59:21.221+0800][2.848s] GC(3)   Pre Evacuate Collection Set: 0.1ms
[2022-04-10T02:59:21.221+0800][2.848s] GC(3)   Merge Heap Roots: 0.1ms
[2022-04-10T02:59:21.221+0800][2.848s] GC(3)   Evacuate Collection Set: 5.9ms
[2022-04-10T02:59:21.221+0800][2.848s] GC(3)   Post Evacuate Collection Set: 0.6ms
[2022-04-10T02:59:21.221+0800][2.848s] GC(3)   Other: 0.1ms
[2022-04-10T02:59:21.222+0800][2.848s] GC(3) Eden regions: 69->0(128)
[2022-04-10T02:59:21.222+0800][2.848s] GC(3) Survivor regions: 11->5(10)
[2022-04-10T02:59:21.222+0800][2.848s] GC(3) Old regions: 8->20
[2022-04-10T02:59:21.222+0800][2.848s] GC(3) Archive regions: 2->2
[2022-04-10T02:59:21.222+0800][2.848s] GC(3) Humongous regions: 4->4
[2022-04-10T02:59:21.222+0800][2.848s] GC(3) Metaspace: 33280K(33536K)->33280K(33536K) NonClass: 29425K(29568K)->29425K(29568K) Class: 3855K(3968K)->3855K(3968K)
[2022-04-10T02:59:21.222+0800][2.848s] GC(3) Pause Young (Normal) (G1 Evacuation Pause) 92M->29M(512M) 6.933ms
[2022-04-10T02:59:21.222+0800][2.848s] GC(3) User=0.06s Sys=0.00s Real=0.01s
[2022-04-10T02:59:21.409+0800][3.036s] GC(4) Pause Young (Concurrent Start) (Metadata GC Threshold)
[2022-04-10T02:59:21.409+0800][3.036s] GC(4) Using 10 workers of 10 for evacuation
[2022-04-10T02:59:21.412+0800][3.039s] GC(4)   Pre Evacuate Collection Set: 0.1ms
[2022-04-10T02:59:21.413+0800][3.039s] GC(4)   Merge Heap Roots: 0.1ms
[2022-04-10T02:59:21.413+0800][3.039s] GC(4)   Evacuate Collection Set: 2.5ms
[2022-04-10T02:59:21.413+0800][3.039s] GC(4)   Post Evacuate Collection Set: 0.3ms
[2022-04-10T02:59:21.413+0800][3.039s] GC(4)   Other: 0.2ms
[2022-04-10T02:59:21.413+0800][3.039s] GC(4) Eden regions: 16->0(219)
[2022-04-10T02:59:21.413+0800][3.039s] GC(4) Survivor regions: 5->7(17)
[2022-04-10T02:59:21.413+0800][3.039s] GC(4) Old regions: 20->20
[2022-04-10T02:59:21.413+0800][3.039s] GC(4) Archive regions: 2->2
[2022-04-10T02:59:21.413+0800][3.039s] GC(4) Humongous regions: 5->4
[2022-04-10T02:59:21.413+0800][3.039s] GC(4) Metaspace: 35501K(35776K)->35501K(35776K) NonClass: 31304K(31424K)->31304K(31424K) Class: 4197K(4352K)->4197K(4352K)
[2022-04-10T02:59:21.413+0800][3.039s] GC(4) Pause Young (Concurrent Start) (Metadata GC Threshold) 45M->30M(512M) 3.264ms
[2022-04-10T02:59:21.413+0800][3.039s] GC(4) User=0.03s Sys=0.00s Real=0.01s
[2022-04-10T02:59:21.413+0800][3.039s] GC(5) Concurrent Mark Cycle
[2022-04-10T02:59:21.413+0800][3.039s] GC(5) Concurrent Clear Claimed Marks
[2022-04-10T02:59:21.413+0800][3.039s] GC(5) Concurrent Clear Claimed Marks 0.025ms
[2022-04-10T02:59:21.413+0800][3.039s] GC(5) Concurrent Scan Root Regions
[2022-04-10T02:59:21.415+0800][3.041s] GC(5) Concurrent Scan Root Regions 1.865ms
[2022-04-10T02:59:21.415+0800][3.041s] GC(5) Concurrent Mark
[2022-04-10T02:59:21.415+0800][3.041s] GC(5) Concurrent Mark From Roots
[2022-04-10T02:59:21.415+0800][3.041s] GC(5) Using 3 workers of 3 for marking
[2022-04-10T02:59:21.425+0800][3.051s] GC(5) Concurrent Mark From Roots 10.182ms
[2022-04-10T02:59:21.425+0800][3.051s] GC(5) Concurrent Preclean
[2022-04-10T02:59:21.425+0800][3.051s] GC(5) Concurrent Preclean 0.073ms
[2022-04-10T02:59:21.425+0800][3.051s] GC(5) Pause Remark
[2022-04-10T02:59:21.426+0800][3.053s] GC(5) Pause Remark 32M->32M(512M) 1.320ms
[2022-04-10T02:59:21.426+0800][3.053s] GC(5) User=0.01s Sys=0.00s Real=0.00s
[2022-04-10T02:59:21.426+0800][3.053s] GC(5) Concurrent Mark 11.757ms
[2022-04-10T02:59:21.426+0800][3.053s] GC(5) Concurrent Rebuild Remembered Sets
[2022-04-10T02:59:21.432+0800][3.059s] GC(5) Concurrent Rebuild Remembered Sets 5.881ms
[2022-04-10T02:59:21.432+0800][3.059s] GC(5) Pause Cleanup
[2022-04-10T02:59:21.433+0800][3.059s] GC(5) Pause Cleanup 32M->32M(512M) 0.087ms
[2022-04-10T02:59:21.433+0800][3.059s] GC(5) User=0.00s Sys=0.00s Real=0.00s
[2022-04-10T02:59:21.433+0800][3.059s] GC(5) Concurrent Cleanup for Next Mark
[2022-04-10T02:59:21.433+0800][3.060s] GC(5) Concurrent Cleanup for Next Mark 0.827ms
[2022-04-10T02:59:21.433+0800][3.060s] GC(5) Concurrent Mark Cycle 20.767ms
[2022-04-10T02:59:28.626+0800][10.253s] GC(6) Pause Young (Normal) (G1 Evacuation Pause)
[2022-04-10T02:59:28.627+0800][10.253s] GC(6) Using 10 workers of 10 for evacuation
[2022-04-10T02:59:28.633+0800][10.259s] GC(6)   Pre Evacuate Collection Set: 0.1ms
[2022-04-10T02:59:28.633+0800][10.259s] GC(6)   Merge Heap Roots: 0.1ms
[2022-04-10T02:59:28.633+0800][10.259s] GC(6)   Evacuate Collection Set: 4.5ms
[2022-04-10T02:59:28.633+0800][10.259s] GC(6)   Post Evacuate Collection Set: 0.9ms
[2022-04-10T02:59:28.633+0800][10.259s] GC(6)   Other: 0.6ms
[2022-04-10T02:59:28.633+0800][10.259s] GC(6) Eden regions: 219->0(286)
[2022-04-10T02:59:28.633+0800][10.259s] GC(6) Survivor regions: 7->21(29)
[2022-04-10T02:59:28.633+0800][10.259s] GC(6) Old regions: 20->20
[2022-04-10T02:59:28.633+0800][10.259s] GC(6) Archive regions: 2->2
[2022-04-10T02:59:28.633+0800][10.259s] GC(6) Humongous regions: 7->7
[2022-04-10T02:59:28.633+0800][10.259s] GC(6) Metaspace: 47878K(48320K)->47878K(48320K) NonClass: 42229K(42432K)->42229K(42432K) Class: 5649K(5888K)->5649K(5888K)
[2022-04-10T02:59:28.633+0800][10.259s] GC(6) Pause Young (Normal) (G1 Evacuation Pause) 252M->47M(512M) 6.352ms
[2022-04-10T02:59:28.633+0800][10.259s] GC(6) User=0.05s Sys=0.00s Real=0.01s
[2022-04-10T02:59:29.662+0800][11.288s] GC(7) Pause Young (Normal) (G1 Evacuation Pause)
[2022-04-10T02:59:29.662+0800][11.288s] GC(7) Using 10 workers of 10 for evacuation
[2022-04-10T02:59:29.668+0800][11.295s] GC(7)   Pre Evacuate Collection Set: 0.1ms
[2022-04-10T02:59:29.669+0800][11.295s] GC(7)   Merge Heap Roots: 0.1ms
[2022-04-10T02:59:29.669+0800][11.295s] GC(7)   Evacuate Collection Set: 5.4ms
[2022-04-10T02:59:29.669+0800][11.295s] GC(7)   Post Evacuate Collection Set: 0.9ms
[2022-04-10T02:59:29.669+0800][11.295s] GC(7)   Other: 0.2ms
[2022-04-10T02:59:29.669+0800][11.295s] GC(7) Eden regions: 286->0(275)
[2022-04-10T02:59:29.669+0800][11.295s] GC(7) Survivor regions: 21->32(39)
[2022-04-10T02:59:29.669+0800][11.295s] GC(7) Old regions: 20->20
[2022-04-10T02:59:29.669+0800][11.295s] GC(7) Archive regions: 2->2
[2022-04-10T02:59:29.669+0800][11.295s] GC(7) Humongous regions: 8->8
[2022-04-10T02:59:29.669+0800][11.295s] GC(7) Metaspace: 47983K(48384K)->47983K(48384K) NonClass: 42332K(42496K)->42332K(42496K) Class: 5650K(5888K)->5650K(5888K)
[2022-04-10T02:59:29.669+0800][11.295s] GC(7) Pause Young (Normal) (G1 Evacuation Pause) 334M->59M(512M) 6.922ms
[2022-04-10T02:59:29.669+0800][11.295s] GC(7) User=0.06s Sys=0.00s Real=0.00s
[2022-04-10T02:59:30.528+0800][12.154s] GC(8) Pause Young (Normal) (G1 Evacuation Pause)
[2022-04-10T02:59:30.528+0800][12.154s] GC(8) Using 10 workers of 10 for evacuation
[2022-04-10T02:59:30.537+0800][12.163s] GC(8)   Pre Evacuate Collection Set: 0.1ms
[2022-04-10T02:59:30.537+0800][12.163s] GC(8)   Merge Heap Roots: 0.1ms
[2022-04-10T02:59:30.537+0800][12.163s] GC(8)   Evacuate Collection Set: 8.4ms
[2022-04-10T02:59:30.537+0800][12.163s] GC(8)   Post Evacuate Collection Set: 0.6ms
[2022-04-10T02:59:30.537+0800][12.163s] GC(8)   Other: 0.2ms
[2022-04-10T02:59:30.537+0800][12.163s] GC(8) Eden regions: 275->0(280)
[2022-04-10T02:59:30.537+0800][12.163s] GC(8) Survivor regions: 32->27(39)
[2022-04-10T02:59:30.537+0800][12.163s] GC(8) Old regions: 20->38
[2022-04-10T02:59:30.537+0800][12.163s] GC(8) Archive regions: 2->2
[2022-04-10T02:59:30.537+0800][12.163s] GC(8) Humongous regions: 8->8
[2022-04-10T02:59:30.537+0800][12.163s] GC(8) Metaspace: 48013K(48448K)->48013K(48448K) NonClass: 42363K(42560K)->42363K(42560K) Class: 5650K(5888K)->5650K(5888K)
[2022-04-10T02:59:30.537+0800][12.163s] GC(8) Pause Young (Normal) (G1 Evacuation Pause) 334M->72M(512M) 9.482ms
[2022-04-10T02:59:30.537+0800][12.163s] GC(8) User=0.07s Sys=0.01s Real=0.01s
[2022-04-10T02:59:31.277+0800][12.903s] GC(9) Pause Young (Normal) (G1 Evacuation Pause)
[2022-04-10T02:59:31.277+0800][12.903s] GC(9) Using 10 workers of 10 for evacuation
[2022-04-10T02:59:31.283+0800][12.909s] GC(9)   Pre Evacuate Collection Set: 0.1ms
[2022-04-10T02:59:31.283+0800][12.909s] GC(9)   Merge Heap Roots: 0.1ms
[2022-04-10T02:59:31.283+0800][12.909s] GC(9)   Evacuate Collection Set: 5.0ms
[2022-04-10T02:59:31.283+0800][12.909s] GC(9)   Post Evacuate Collection Set: 0.3ms
[2022-04-10T02:59:31.283+0800][12.909s] GC(9)   Other: 0.1ms
[2022-04-10T02:59:31.283+0800][12.909s] GC(9) Eden regions: 280->0(279)
[2022-04-10T02:59:31.283+0800][12.909s] GC(9) Survivor regions: 27->28(39)
[2022-04-10T02:59:31.283+0800][12.909s] GC(9) Old regions: 38->47
[2022-04-10T02:59:31.283+0800][12.909s] GC(9) Archive regions: 2->2
[2022-04-10T02:59:31.283+0800][12.909s] GC(9) Humongous regions: 8->8
[2022-04-10T02:59:31.283+0800][12.909s] GC(9) Metaspace: 48028K(48448K)->48028K(48448K) NonClass: 42377K(42560K)->42377K(42560K) Class: 5650K(5888K)->5650K(5888K)
[2022-04-10T02:59:31.283+0800][12.909s] GC(9) Pause Young (Normal) (G1 Evacuation Pause) 352M->82M(512M) 5.842ms
[2022-04-10T02:59:31.283+0800][12.909s] GC(9) User=0.05s Sys=0.00s Real=0.01s
[2022-04-10T02:59:32.128+0800][13.754s] GC(10) Pause Young (Normal) (G1 Evacuation Pause)
[2022-04-10T02:59:32.128+0800][13.754s] GC(10) Using 10 workers of 10 for evacuation
[2022-04-10T02:59:32.133+0800][13.760s] GC(10)   Pre Evacuate Collection Set: 0.1ms
[2022-04-10T02:59:32.134+0800][13.760s] GC(10)   Merge Heap Roots: 0.1ms
[2022-04-10T02:59:32.134+0800][13.760s] GC(10)   Evacuate Collection Set: 5.3ms
[2022-04-10T02:59:32.134+0800][13.760s] GC(10)   Post Evacuate Collection Set: 0.4ms
[2022-04-10T02:59:32.134+0800][13.760s] GC(10)   Other: 0.1ms
[2022-04-10T02:59:32.134+0800][13.760s] GC(10) Eden regions: 279->0(278)
[2022-04-10T02:59:32.134+0800][13.760s] GC(10) Survivor regions: 28->29(39)
[2022-04-10T02:59:32.134+0800][13.760s] GC(10) Old regions: 47->56
[2022-04-10T02:59:32.134+0800][13.760s] GC(10) Archive regions: 2->2
[2022-04-10T02:59:32.134+0800][13.760s] GC(10) Humongous regions: 17->16
[2022-04-10T02:59:32.134+0800][13.760s] GC(10) Metaspace: 48029K(48448K)->48029K(48448K) NonClass: 42378K(42560K)->42378K(42560K) Class: 5650K(5888K)->5650K(5888K)
[2022-04-10T02:59:32.134+0800][13.760s] GC(10) Pause Young (Normal) (G1 Evacuation Pause) 370M->101M(512M) 6.153ms
[2022-04-10T02:59:32.134+0800][13.760s] GC(10) User=0.05s Sys=0.00s Real=0.01s
[2022-04-10T02:59:32.899+0800][14.525s] GC(11) Pause Young (Normal) (G1 Evacuation Pause)
[2022-04-10T02:59:32.899+0800][14.525s] GC(11) Using 10 workers of 10 for evacuation
[2022-04-10T02:59:32.905+0800][14.531s] GC(11)   Pre Evacuate Collection Set: 0.1ms
[2022-04-10T02:59:32.905+0800][14.531s] GC(11)   Merge Heap Roots: 0.1ms
[2022-04-10T02:59:32.905+0800][14.531s] GC(11)   Evacuate Collection Set: 5.5ms
[2022-04-10T02:59:32.905+0800][14.531s] GC(11)   Post Evacuate Collection Set: 0.5ms
[2022-04-10T02:59:32.905+0800][14.531s] GC(11)   Other: 0.2ms
[2022-04-10T02:59:32.905+0800][14.531s] GC(11) Eden regions: 278->0(275)
[2022-04-10T02:59:32.905+0800][14.531s] GC(11) Survivor regions: 29->32(39)
[2022-04-10T02:59:32.905+0800][14.531s] GC(11) Old regions: 56->66
[2022-04-10T02:59:32.905+0800][14.531s] GC(11) Archive regions: 2->2
[2022-04-10T02:59:32.905+0800][14.531s] GC(11) Humongous regions: 16->16
[2022-04-10T02:59:32.905+0800][14.531s] GC(11) Metaspace: 48032K(48448K)->48032K(48448K) NonClass: 42381K(42560K)->42381K(42560K) Class: 5650K(5888K)->5650K(5888K)
[2022-04-10T02:59:32.905+0800][14.531s] GC(11) Pause Young (Normal) (G1 Evacuation Pause) 379M->113M(512M) 6.476ms
[2022-04-10T02:59:32.905+0800][14.531s] GC(11) User=0.06s Sys=0.00s Real=0.01s
[2022-04-10T02:59:33.637+0800][15.263s] GC(12) Pause Young (Normal) (G1 Evacuation Pause)
[2022-04-10T02:59:33.637+0800][15.263s] GC(12) Using 10 workers of 10 for evacuation
[2022-04-10T02:59:33.644+0800][15.270s] GC(12)   Pre Evacuate Collection Set: 0.1ms
[2022-04-10T02:59:33.644+0800][15.270s] GC(12)   Merge Heap Roots: 0.2ms
[2022-04-10T02:59:33.644+0800][15.270s] GC(12)   Evacuate Collection Set: 6.4ms
[2022-04-10T02:59:33.644+0800][15.270s] GC(12)   Post Evacuate Collection Set: 0.4ms
[2022-04-10T02:59:33.644+0800][15.270s] GC(12)   Other: 0.1ms
[2022-04-10T02:59:33.644+0800][15.270s] GC(12) Eden regions: 275->0(266)
[2022-04-10T02:59:33.644+0800][15.270s] GC(12) Survivor regions: 32->34(39)
[2022-04-10T02:59:33.644+0800][15.270s] GC(12) Old regions: 66->75
[2022-04-10T02:59:33.644+0800][15.270s] GC(12) Archive regions: 2->2
[2022-04-10T02:59:33.644+0800][15.270s] GC(12) Humongous regions: 20->20
[2022-04-10T02:59:33.644+0800][15.270s] GC(12) Metaspace: 48036K(48448K)->48036K(48448K) NonClass: 42385K(42560K)->42385K(42560K) Class: 5650K(5888K)->5650K(5888K)
[2022-04-10T02:59:33.644+0800][15.270s] GC(12) Pause Young (Normal) (G1 Evacuation Pause) 392M->128M(512M) 7.365ms
[2022-04-10T02:59:33.644+0800][15.270s] GC(12) User=0.07s Sys=0.00s Real=0.01s
[2022-04-10T02:59:35.669+0800][17.295s] GC(13) Pause Young (Normal) (G1 Evacuation Pause)
[2022-04-10T02:59:35.669+0800][17.296s] GC(13) Using 10 workers of 10 for evacuation
[2022-04-10T02:59:35.675+0800][17.301s] GC(13)   Pre Evacuate Collection Set: 0.1ms
[2022-04-10T02:59:35.675+0800][17.301s] GC(13)   Merge Heap Roots: 0.1ms
[2022-04-10T02:59:35.675+0800][17.301s] GC(13)   Evacuate Collection Set: 4.7ms
[2022-04-10T02:59:35.675+0800][17.301s] GC(13)   Post Evacuate Collection Set: 0.4ms
[2022-04-10T02:59:35.675+0800][17.301s] GC(13)   Other: 0.5ms
[2022-04-10T02:59:35.675+0800][17.301s] GC(13) Eden regions: 266->0(271)
[2022-04-10T02:59:35.675+0800][17.301s] GC(13) Survivor regions: 34->8(38)
[2022-04-10T02:59:35.675+0800][17.301s] GC(13) Old regions: 75->104
[2022-04-10T02:59:35.675+0800][17.301s] GC(13) Archive regions: 2->2
[2022-04-10T02:59:35.675+0800][17.301s] GC(13) Humongous regions: 20->20
[2022-04-10T02:59:35.675+0800][17.301s] GC(13) Metaspace: 49277K(49600K)->49277K(49600K) NonClass: 43511K(43648K)->43511K(43648K) Class: 5765K(5952K)->5765K(5952K)
[2022-04-10T02:59:35.675+0800][17.301s] GC(13) Pause Young (Normal) (G1 Evacuation Pause) 394M->131M(512M) 5.964ms
[2022-04-10T02:59:35.675+0800][17.301s] GC(13) User=0.05s Sys=0.00s Real=0.01s
[2022-04-10T02:59:37.495+0800][19.121s] GC(14) Pause Young (Normal) (G1 Evacuation Pause)
[2022-04-10T02:59:37.495+0800][19.121s] GC(14) Using 10 workers of 10 for evacuation
[2022-04-10T02:59:37.497+0800][19.123s] GC(14)   Pre Evacuate Collection Set: 0.1ms
[2022-04-10T02:59:37.497+0800][19.123s] GC(14)   Merge Heap Roots: 0.1ms
[2022-04-10T02:59:37.497+0800][19.123s] GC(14)   Evacuate Collection Set: 1.6ms
[2022-04-10T02:59:37.497+0800][19.123s] GC(14)   Post Evacuate Collection Set: 0.4ms
[2022-04-10T02:59:37.497+0800][19.123s] GC(14)   Other: 0.1ms
[2022-04-10T02:59:37.497+0800][19.123s] GC(14) Eden regions: 271->0(279)
[2022-04-10T02:59:37.497+0800][19.123s] GC(14) Survivor regions: 8->9(35)
[2022-04-10T02:59:37.497+0800][19.123s] GC(14) Old regions: 104->104
[2022-04-10T02:59:37.497+0800][19.123s] GC(14) Archive regions: 2->2
[2022-04-10T02:59:37.497+0800][19.123s] GC(14) Humongous regions: 20->20
[2022-04-10T02:59:37.497+0800][19.123s] GC(14) Metaspace: 50233K(50560K)->50233K(50560K) NonClass: 44344K(44480K)->44344K(44480K) Class: 5888K(6080K)->5888K(6080K)
[2022-04-10T02:59:37.497+0800][19.123s] GC(14) Pause Young (Normal) (G1 Evacuation Pause) 402M->132M(512M) 2.362ms
[2022-04-10T02:59:37.497+0800][19.123s] GC(14) User=0.01s Sys=0.00s Real=0.00s
[2022-04-10T02:59:38.922+0800][20.548s] GC(15) Pause Young (Normal) (G1 Evacuation Pause)
[2022-04-10T02:59:38.922+0800][20.548s] GC(15) Using 10 workers of 10 for evacuation
[2022-04-10T02:59:38.925+0800][20.551s] GC(15)   Pre Evacuate Collection Set: 0.1ms
[2022-04-10T02:59:38.925+0800][20.551s] GC(15)   Merge Heap Roots: 0.1ms
[2022-04-10T02:59:38.925+0800][20.551s] GC(15)   Evacuate Collection Set: 2.2ms
[2022-04-10T02:59:38.925+0800][20.551s] GC(15)   Post Evacuate Collection Set: 0.6ms
[2022-04-10T02:59:38.925+0800][20.551s] GC(15)   Other: 0.1ms
[2022-04-10T02:59:38.925+0800][20.551s] GC(15) Eden regions: 279->0(283)
[2022-04-10T02:59:38.925+0800][20.551s] GC(15) Survivor regions: 9->11(36)
[2022-04-10T02:59:38.925+0800][20.551s] GC(15) Old regions: 104->104
[2022-04-10T02:59:38.925+0800][20.551s] GC(15) Archive regions: 2->2
[2022-04-10T02:59:38.925+0800][20.551s] GC(15) Humongous regions: 20->20
[2022-04-10T02:59:38.925+0800][20.551s] GC(15) Metaspace: 50312K(50688K)->50312K(50688K) NonClass: 44420K(44608K)->44420K(44608K) Class: 5891K(6080K)->5891K(6080K)
[2022-04-10T02:59:38.925+0800][20.551s] GC(15) Pause Young (Normal) (G1 Evacuation Pause) 411M->134M(512M) 3.287ms
[2022-04-10T02:59:38.925+0800][20.551s] GC(15) User=0.03s Sys=0.00s Real=0.00s
[2022-04-10T02:59:39.776+0800][21.403s] GC(16) Pause Young (Normal) (G1 Evacuation Pause)
[2022-04-10T02:59:39.776+0800][21.403s] GC(16) Using 10 workers of 10 for evacuation
[2022-04-10T02:59:39.780+0800][21.406s] GC(16)   Pre Evacuate Collection Set: 0.1ms
[2022-04-10T02:59:39.780+0800][21.406s] GC(16)   Merge Heap Roots: 0.1ms
[2022-04-10T02:59:39.780+0800][21.406s] GC(16)   Evacuate Collection Set: 3.2ms
[2022-04-10T02:59:39.780+0800][21.406s] GC(16)   Post Evacuate Collection Set: 0.4ms
[2022-04-10T02:59:39.780+0800][21.406s] GC(16)   Other: 0.1ms
[2022-04-10T02:59:39.780+0800][21.406s] GC(16) Eden regions: 283->0(271)
[2022-04-10T02:59:39.780+0800][21.406s] GC(16) Survivor regions: 11->23(37)
[2022-04-10T02:59:39.780+0800][21.406s] GC(16) Old regions: 104->104
[2022-04-10T02:59:39.780+0800][21.406s] GC(16) Archive regions: 2->2
[2022-04-10T02:59:39.780+0800][21.406s] GC(16) Humongous regions: 20->20
[2022-04-10T02:59:39.780+0800][21.407s] GC(16) Metaspace: 50312K(50688K)->50312K(50688K) NonClass: 44420K(44608K)->44420K(44608K) Class: 5891K(6080K)->5891K(6080K)
[2022-04-10T02:59:39.780+0800][21.407s] GC(16) Pause Young (Normal) (G1 Evacuation Pause) 417M->146M(512M) 4.018ms
[2022-04-10T02:59:39.780+0800][21.407s] GC(16) User=0.03s Sys=0.00s Real=0.01s
[2022-04-10T02:59:40.608+0800][22.234s] GC(17) Pause Young (Normal) (G1 Evacuation Pause)
[2022-04-10T02:59:40.608+0800][22.234s] GC(17) Using 10 workers of 10 for evacuation
[2022-04-10T02:59:40.613+0800][22.239s] GC(17)   Pre Evacuate Collection Set: 0.1ms
[2022-04-10T02:59:40.613+0800][22.239s] GC(17)   Merge Heap Roots: 0.1ms
[2022-04-10T02:59:40.613+0800][22.239s] GC(17)   Evacuate Collection Set: 4.6ms
[2022-04-10T02:59:40.613+0800][22.239s] GC(17)   Post Evacuate Collection Set: 0.3ms
[2022-04-10T02:59:40.613+0800][22.239s] GC(17)   Other: 0.1ms
[2022-04-10T02:59:40.613+0800][22.239s] GC(17) Eden regions: 271->0(256)
[2022-04-10T02:59:40.613+0800][22.239s] GC(17) Survivor regions: 23->30(37)
[2022-04-10T02:59:40.613+0800][22.240s] GC(17) Old regions: 104->108
[2022-04-10T02:59:40.613+0800][22.240s] GC(17) Archive regions: 2->2
[2022-04-10T02:59:40.613+0800][22.240s] GC(17) Humongous regions: 21->21
[2022-04-10T02:59:40.613+0800][22.240s] GC(17) Metaspace: 50312K(50688K)->50312K(50688K) NonClass: 44420K(44608K)->44420K(44608K) Class: 5891K(6080K)->5891K(6080K)
[2022-04-10T02:59:40.614+0800][22.240s] GC(17) Pause Young (Normal) (G1 Evacuation Pause) 418M->159M(512M) 5.330ms
[2022-04-10T02:59:40.614+0800][22.240s] GC(17) User=0.05s Sys=0.00s Real=0.01s
[2022-04-10T02:59:42.125+0800][23.751s] GC(18) Pause Young (Normal) (G1 Evacuation Pause)
[2022-04-10T02:59:42.126+0800][23.752s] GC(18) Using 10 workers of 10 for evacuation
[2022-04-10T02:59:42.128+0800][23.754s] GC(18)   Pre Evacuate Collection Set: 0.1ms
[2022-04-10T02:59:42.128+0800][23.754s] GC(18)   Merge Heap Roots: 0.1ms
[2022-04-10T02:59:42.128+0800][23.754s] GC(18)   Evacuate Collection Set: 1.3ms
[2022-04-10T02:59:42.128+0800][23.754s] GC(18)   Post Evacuate Collection Set: 0.4ms
[2022-04-10T02:59:42.128+0800][23.754s] GC(18)   Other: 1.0ms
[2022-04-10T02:59:42.128+0800][23.754s] GC(18) Eden regions: 256->0(281)
[2022-04-10T02:59:42.128+0800][23.754s] GC(18) Survivor regions: 30->8(36)
[2022-04-10T02:59:42.128+0800][23.754s] GC(18) Old regions: 108->109
[2022-04-10T02:59:42.128+0800][23.754s] GC(18) Archive regions: 2->2
[2022-04-10T02:59:42.128+0800][23.754s] GC(18) Humongous regions: 21->20
[2022-04-10T02:59:42.128+0800][23.754s] GC(18) Metaspace: 50369K(50752K)->50369K(50752K) NonClass: 44477K(44672K)->44477K(44672K) Class: 5892K(6080K)->5892K(6080K)
[2022-04-10T02:59:42.128+0800][23.754s] GC(18) Pause Young (Normal) (G1 Evacuation Pause) 415M->136M(512M) 3.048ms
[2022-04-10T02:59:42.128+0800][23.754s] GC(18) User=0.01s Sys=0.01s Real=0.00s
[2022-04-10T02:59:49.971+0800][31.597s] GC(19) Pause Young (Normal) (G1 Evacuation Pause)
[2022-04-10T02:59:49.972+0800][31.597s] GC(19) Using 10 workers of 10 for evacuation
[2022-04-10T02:59:49.973+0800][31.599s] GC(19)   Pre Evacuate Collection Set: 0.1ms
[2022-04-10T02:59:49.973+0800][31.599s] GC(19)   Merge Heap Roots: 0.1ms
[2022-04-10T02:59:49.973+0800][31.599s] GC(19)   Evacuate Collection Set: 1.0ms
[2022-04-10T02:59:49.973+0800][31.599s] GC(19)   Post Evacuate Collection Set: 0.6ms
[2022-04-10T02:59:49.973+0800][31.599s] GC(19)   Other: 0.5ms
[2022-04-10T02:59:49.973+0800][31.599s] GC(19) Eden regions: 281->0(293)
[2022-04-10T02:59:49.973+0800][31.599s] GC(19) Survivor regions: 8->3(37)
[2022-04-10T02:59:49.973+0800][31.599s] GC(19) Old regions: 109->109
[2022-04-10T02:59:49.973+0800][31.599s] GC(19) Archive regions: 2->2
[2022-04-10T02:59:49.973+0800][31.599s] GC(19) Humongous regions: 20->20
[2022-04-10T02:59:49.973+0800][31.599s] GC(19) Metaspace: 51375K(51776K)->51375K(51776K) NonClass: 45404K(45632K)->45404K(45632K) Class: 5970K(6144K)->5970K(6144K)
[2022-04-10T02:59:49.974+0800][31.599s] GC(19) Pause Young (Normal) (G1 Evacuation Pause) 417M->131M(512M) 2.437ms
[2022-04-10T02:59:49.974+0800][31.599s] GC(19) User=0.00s Sys=0.00s Real=0.00s
[2022-04-10T03:00:13.296+0800][54.921s] GC(20) Pause Young (Normal) (G1 Evacuation Pause)
[2022-04-10T03:00:13.296+0800][54.922s] GC(20) Using 10 workers of 10 for evacuation
[2022-04-10T03:00:13.299+0800][54.925s] GC(20)   Pre Evacuate Collection Set: 0.1ms
[2022-04-10T03:00:13.299+0800][54.925s] GC(20)   Merge Heap Roots: 0.1ms
[2022-04-10T03:00:13.299+0800][54.925s] GC(20)   Evacuate Collection Set: 1.6ms
[2022-04-10T03:00:13.299+0800][54.925s] GC(20)   Post Evacuate Collection Set: 1.1ms
[2022-04-10T03:00:13.299+0800][54.925s] GC(20)   Other: 0.5ms
[2022-04-10T03:00:13.299+0800][54.925s] GC(20) Eden regions: 293->0(299)
[2022-04-10T03:00:13.299+0800][54.925s] GC(20) Survivor regions: 3->3(37)
[2022-04-10T03:00:13.299+0800][54.925s] GC(20) Old regions: 109->109
[2022-04-10T03:00:13.299+0800][54.925s] GC(20) Archive regions: 2->2
[2022-04-10T03:00:13.299+0800][54.925s] GC(20) Humongous regions: 20->20
[2022-04-10T03:00:13.299+0800][54.925s] GC(20) Metaspace: 51849K(52224K)->51849K(52224K) NonClass: 45875K(46080K)->45875K(46080K) Class: 5973K(6144K)->5973K(6144K)
[2022-04-10T03:00:13.299+0800][54.925s] GC(20) Pause Young (Normal) (G1 Evacuation Pause) 424M->131M(512M) 3.664ms
[2022-04-10T03:00:13.299+0800][54.925s] GC(20) User=0.01s Sys=0.00s Real=0.00s
[2022-04-10T03:00:28.066+0800][69.692s] GC(21) Pause Young (Normal) (G1 Evacuation Pause)
[2022-04-10T03:00:28.067+0800][69.692s] GC(21) Using 10 workers of 10 for evacuation
[2022-04-10T03:00:28.069+0800][69.694s] GC(21)   Pre Evacuate Collection Set: 0.1ms
[2022-04-10T03:00:28.069+0800][69.694s] GC(21)   Merge Heap Roots: 0.1ms
[2022-04-10T03:00:28.069+0800][69.694s] GC(21)   Evacuate Collection Set: 1.2ms
[2022-04-10T03:00:28.069+0800][69.694s] GC(21)   Post Evacuate Collection Set: 0.7ms
[2022-04-10T03:00:28.069+0800][69.694s] GC(21)   Other: 0.5ms
[2022-04-10T03:00:28.069+0800][69.694s] GC(21) Eden regions: 299->0(304)
[2022-04-10T03:00:28.069+0800][69.694s] GC(21) Survivor regions: 3->3(38)
[2022-04-10T03:00:28.069+0800][69.694s] GC(21) Old regions: 109->109
[2022-04-10T03:00:28.069+0800][69.694s] GC(21) Archive regions: 2->2
[2022-04-10T03:00:28.069+0800][69.694s] GC(21) Humongous regions: 20->20
[2022-04-10T03:00:28.069+0800][69.694s] GC(21) Metaspace: 52447K(52864K)->52447K(52864K) NonClass: 46422K(46656K)->46422K(46656K) Class: 6024K(6208K)->6024K(6208K)
[2022-04-10T03:00:28.069+0800][69.694s] GC(21) Pause Young (Normal) (G1 Evacuation Pause) 430M->131M(512M) 2.731ms
[2022-04-10T03:00:28.069+0800][69.694s] GC(21) User=0.01s Sys=0.00s Real=0.00s
[2022-04-10T03:00:41.250+0800][82.875s] GC(22) Pause Young (Normal) (G1 Evacuation Pause)
[2022-04-10T03:00:41.250+0800][82.875s] GC(22) Using 10 workers of 10 for evacuation
[2022-04-10T03:00:41.252+0800][82.877s] GC(22)   Pre Evacuate Collection Set: 0.1ms
[2022-04-10T03:00:41.252+0800][82.877s] GC(22)   Merge Heap Roots: 0.1ms
[2022-04-10T03:00:41.252+0800][82.877s] GC(22)   Evacuate Collection Set: 1.2ms
[2022-04-10T03:00:41.252+0800][82.877s] GC(22)   Post Evacuate Collection Set: 0.5ms
[2022-04-10T03:00:41.252+0800][82.877s] GC(22)   Other: 0.5ms
[2022-04-10T03:00:41.252+0800][82.877s] GC(22) Eden regions: 304->0(305)
[2022-04-10T03:00:41.252+0800][82.877s] GC(22) Survivor regions: 3->2(39)
[2022-04-10T03:00:41.252+0800][82.877s] GC(22) Old regions: 109->109
[2022-04-10T03:00:41.252+0800][82.877s] GC(22) Archive regions: 2->2
[2022-04-10T03:00:41.252+0800][82.877s] GC(22) Humongous regions: 20->20
[2022-04-10T03:00:41.252+0800][82.877s] GC(22) Metaspace: 52539K(52864K)->52539K(52864K) NonClass: 46512K(46656K)->46512K(46656K) Class: 6026K(6208K)->6026K(6208K)
[2022-04-10T03:00:41.252+0800][82.877s] GC(22) Pause Young (Normal) (G1 Evacuation Pause) 435M->131M(512M) 2.564ms
[2022-04-10T03:00:41.252+0800][82.877s] GC(22) User=0.00s Sys=0.00s Real=0.00s
[2022-04-10T03:00:55.817+0800][97.442s] GC(23) Pause Young (Normal) (G1 Evacuation Pause)
[2022-04-10T03:00:55.817+0800][97.442s] GC(23) Using 10 workers of 10 for evacuation
[2022-04-10T03:00:55.820+0800][97.445s] GC(23)   Pre Evacuate Collection Set: 0.1ms
[2022-04-10T03:00:55.820+0800][97.445s] GC(23)   Merge Heap Roots: 0.1ms
[2022-04-10T03:00:55.820+0800][97.445s] GC(23)   Evacuate Collection Set: 1.6ms
[2022-04-10T03:00:55.820+0800][97.445s] GC(23)   Post Evacuate Collection Set: 0.7ms
[2022-04-10T03:00:55.820+0800][97.445s] GC(23)   Other: 0.5ms
[2022-04-10T03:00:55.820+0800][97.445s] GC(23) Eden regions: 305->0(304)
[2022-04-10T03:00:55.820+0800][97.445s] GC(23) Survivor regions: 2->3(39)
[2022-04-10T03:00:55.820+0800][97.445s] GC(23) Old regions: 109->109
[2022-04-10T03:00:55.820+0800][97.445s] GC(23) Archive regions: 2->2
[2022-04-10T03:00:55.820+0800][97.445s] GC(23) Humongous regions: 20->20
[2022-04-10T03:00:55.820+0800][97.445s] GC(23) Metaspace: 52697K(53120K)->52697K(53120K) NonClass: 46670K(46912K)->46670K(46912K) Class: 6026K(6208K)->6026K(6208K)
[2022-04-10T03:00:55.820+0800][97.445s] GC(23) Pause Young (Normal) (G1 Evacuation Pause) 436M->131M(512M) 3.158ms
[2022-04-10T03:00:55.820+0800][97.445s] GC(23) User=0.02s Sys=0.00s Real=0.01s
[2022-04-10T03:01:05.572+0800][107.197s] GC(24) Pause Young (Normal) (G1 Evacuation Pause)
[2022-04-10T03:01:05.573+0800][107.197s] GC(24) Using 10 workers of 10 for evacuation
[2022-04-10T03:01:05.575+0800][107.199s] GC(24)   Pre Evacuate Collection Set: 0.1ms
[2022-04-10T03:01:05.575+0800][107.200s] GC(24)   Merge Heap Roots: 0.1ms
[2022-04-10T03:01:05.575+0800][107.200s] GC(24)   Evacuate Collection Set: 1.3ms
[2022-04-10T03:01:05.575+0800][107.200s] GC(24)   Post Evacuate Collection Set: 0.5ms
[2022-04-10T03:01:05.575+0800][107.200s] GC(24)   Other: 0.5ms
[2022-04-10T03:01:05.575+0800][107.200s] GC(24) Eden regions: 304->0(304)
[2022-04-10T03:01:05.575+0800][107.200s] GC(24) Survivor regions: 3->3(39)
[2022-04-10T03:01:05.575+0800][107.200s] GC(24) Old regions: 109->109
[2022-04-10T03:01:05.575+0800][107.200s] GC(24) Archive regions: 2->2
[2022-04-10T03:01:05.575+0800][107.200s] GC(24) Humongous regions: 20->20
[2022-04-10T03:01:05.575+0800][107.200s] GC(24) Metaspace: 52788K(53184K)->52788K(53184K) NonClass: 46761K(46976K)->46761K(46976K) Class: 6026K(6208K)->6026K(6208K)
[2022-04-10T03:01:05.575+0800][107.200s] GC(24) Pause Young (Normal) (G1 Evacuation Pause) 435M->131M(512M) 2.722ms
[2022-04-10T03:01:05.575+0800][107.200s] GC(24) User=0.01s Sys=0.00s Real=0.00s
[2022-04-10T03:01:56.070+0800][157.694s] Heap
[2022-04-10T03:01:56.070+0800][157.694s]  garbage-first heap   total 524288K, used 342797K [0x00000007e0000000, 0x0000000800000000)
[2022-04-10T03:01:56.070+0800][157.694s]   region size 1024K, 206 young (210944K), 3 survivors (3072K)
[2022-04-10T03:01:56.070+0800][157.694s]  Metaspace       used 54305K, committed 54656K, reserved 1097728K
[2022-04-10T03:01:56.071+0800][157.694s]   class space    used 6193K, committed 6336K, reserved 1048576K
