[2022-04-07T07:02:37.501+0800][0.007s] Using G1
[2022-04-07T07:02:37.676+0800][0.181s] Version: 16.0.1+9-24 (release)
[2022-04-07T07:02:37.676+0800][0.181s] CPUs: 12 total, 12 available
[2022-04-07T07:02:37.676+0800][0.181s] Memory: 16384M
[2022-04-07T07:02:37.676+0800][0.181s] Large Page Support: Disabled
[2022-04-07T07:02:37.676+0800][0.181s] NUMA Support: Disabled
[2022-04-07T07:02:37.676+0800][0.181s] Compressed Oops: Enabled (Zero based)
[2022-04-07T07:02:37.676+0800][0.181s] Heap Region Size: 1M
[2022-04-07T07:02:37.676+0800][0.181s] Heap Min Capacity: 512M
[2022-04-07T07:02:37.676+0800][0.181s] Heap Initial Capacity: 512M
[2022-04-07T07:02:37.676+0800][0.181s] Heap Max Capacity: 512M
[2022-04-07T07:02:37.676+0800][0.181s] Pre-touch: Enabled
[2022-04-07T07:02:37.676+0800][0.182s] Parallel Workers: 10
[2022-04-07T07:02:37.676+0800][0.182s] Concurrent Workers: 3
[2022-04-07T07:02:37.676+0800][0.182s] Concurrent Refinement Workers: 10
[2022-04-07T07:02:37.676+0800][0.182s] Periodic GC: Disabled
[2022-04-07T07:02:37.677+0800][0.182s] CDS archive(s) mapped at: [0x0000000800000000-0x0000000800bbb000-0x0000000800bbb000), size 12300288, SharedBaseAddress: 0x0000000800000000, ArchiveRelocationMode: 0.
[2022-04-07T07:02:37.677+0800][0.182s] Compressed class space mapped at: 0x0000000800c00000-0x0000000840c00000, reserved size: 1073741824
[2022-04-07T07:02:37.677+0800][0.182s] Narrow klass base: 0x0000000800000000, Narrow klass shift: 3, Narrow klass range: 0x100000000
[2022-04-07T07:02:38.273+0800][0.778s] GC(0) Pause Young (Normal) (G1 Evacuation Pause)
[2022-04-07T07:02:38.273+0800][0.779s] GC(0) Using 10 workers of 10 for evacuation
[2022-04-07T07:02:38.275+0800][0.781s] GC(0)   Pre Evacuate Collection Set: 0.1ms
[2022-04-07T07:02:38.275+0800][0.781s] GC(0)   Merge Heap Roots: 0.0ms
[2022-04-07T07:02:38.275+0800][0.781s] GC(0)   Evacuate Collection Set: 1.4ms
[2022-04-07T07:02:38.275+0800][0.781s] GC(0)   Post Evacuate Collection Set: 0.2ms
[2022-04-07T07:02:38.275+0800][0.781s] GC(0)   Other: 0.5ms
[2022-04-07T07:02:38.275+0800][0.781s] GC(0) Eden regions: 29->0(81)
[2022-04-07T07:02:38.275+0800][0.781s] GC(0) Survivor regions: 0->4(4)
[2022-04-07T07:02:38.275+0800][0.781s] GC(0) Old regions: 0->0
[2022-04-07T07:02:38.275+0800][0.781s] GC(0) Archive regions: 2->2
[2022-04-07T07:02:38.275+0800][0.781s] GC(0) Humongous regions: 0->0
[2022-04-07T07:02:38.275+0800][0.781s] GC(0) Metaspace: 6889K(7104K)->6889K(7104K) NonClass: 6078K(6208K)->6078K(6208K) Class: 811K(896K)->811K(896K)
[2022-04-07T07:02:38.275+0800][0.781s] GC(0) Pause Young (Normal) (G1 Evacuation Pause) 29M->4M(512M) 2.385ms
[2022-04-07T07:02:38.275+0800][0.781s] GC(0) User=0.02s Sys=0.00s Real=0.00s
[2022-04-07T07:02:39.047+0800][1.552s] GC(1) Pause Young (Concurrent Start) (Metadata GC Threshold)
[2022-04-07T07:02:39.047+0800][1.552s] GC(1) Using 10 workers of 10 for evacuation
[2022-04-07T07:02:39.054+0800][1.560s] GC(1)   Pre Evacuate Collection Set: 0.1ms
[2022-04-07T07:02:39.054+0800][1.560s] GC(1)   Merge Heap Roots: 0.1ms
[2022-04-07T07:02:39.054+0800][1.560s] GC(1)   Evacuate Collection Set: 6.1ms
[2022-04-07T07:02:39.054+0800][1.560s] GC(1)   Post Evacuate Collection Set: 0.9ms
[2022-04-07T07:02:39.054+0800][1.560s] GC(1)   Other: 0.2ms
[2022-04-07T07:02:39.054+0800][1.560s] GC(1) Eden regions: 80->0(74)
[2022-04-07T07:02:39.055+0800][1.560s] GC(1) Survivor regions: 4->11(11)
[2022-04-07T07:02:39.055+0800][1.560s] GC(1) Old regions: 0->8
[2022-04-07T07:02:39.055+0800][1.560s] GC(1) Archive regions: 2->2
[2022-04-07T07:02:39.055+0800][1.560s] GC(1) Humongous regions: 4->4
[2022-04-07T07:02:39.055+0800][1.560s] GC(1) Metaspace: 21032K(21248K)->21032K(21248K) NonClass: 18651K(18752K)->18651K(18752K) Class: 2380K(2496K)->2380K(2496K)
[2022-04-07T07:02:39.055+0800][1.560s] GC(1) Pause Young (Concurrent Start) (Metadata GC Threshold) 88M->23M(512M) 7.514ms
[2022-04-07T07:02:39.055+0800][1.560s] GC(1) User=0.06s Sys=0.00s Real=0.01s
[2022-04-07T07:02:39.055+0800][1.560s] GC(2) Concurrent Mark Cycle
[2022-04-07T07:02:39.055+0800][1.560s] GC(2) Concurrent Clear Claimed Marks
[2022-04-07T07:02:39.055+0800][1.560s] GC(2) Concurrent Clear Claimed Marks 0.055ms
[2022-04-07T07:02:39.055+0800][1.560s] GC(2) Concurrent Scan Root Regions
[2022-04-07T07:02:39.058+0800][1.564s] GC(2) Concurrent Scan Root Regions 3.694ms
[2022-04-07T07:02:39.058+0800][1.564s] GC(2) Concurrent Mark
[2022-04-07T07:02:39.058+0800][1.564s] GC(2) Concurrent Mark From Roots
[2022-04-07T07:02:39.058+0800][1.564s] GC(2) Using 3 workers of 3 for marking
[2022-04-07T07:02:39.060+0800][1.565s] GC(2) Concurrent Mark From Roots 1.384ms
[2022-04-07T07:02:39.060+0800][1.565s] GC(2) Concurrent Preclean
[2022-04-07T07:02:39.060+0800][1.565s] GC(2) Concurrent Preclean 0.036ms
[2022-04-07T07:02:39.060+0800][1.565s] GC(2) Pause Remark
[2022-04-07T07:02:39.061+0800][1.566s] GC(2) Pause Remark 24M->24M(512M) 0.968ms
[2022-04-07T07:02:39.061+0800][1.566s] GC(2) User=0.01s Sys=0.00s Real=0.00s
[2022-04-07T07:02:39.061+0800][1.566s] GC(2) Concurrent Mark 2.623ms
[2022-04-07T07:02:39.061+0800][1.566s] GC(2) Concurrent Rebuild Remembered Sets
[2022-04-07T07:02:39.064+0800][1.569s] GC(2) Concurrent Rebuild Remembered Sets 2.666ms
[2022-04-07T07:02:39.064+0800][1.569s] GC(2) Pause Cleanup
[2022-04-07T07:02:39.064+0800][1.569s] GC(2) Pause Cleanup 24M->24M(512M) 0.109ms
[2022-04-07T07:02:39.064+0800][1.569s] GC(2) User=0.00s Sys=0.00s Real=0.00s
[2022-04-07T07:02:39.064+0800][1.569s] GC(2) Concurrent Cleanup for Next Mark
[2022-04-07T07:02:39.065+0800][1.570s] GC(2) Concurrent Cleanup for Next Mark 0.750ms
[2022-04-07T07:02:39.065+0800][1.570s] GC(2) Concurrent Mark Cycle 10.306ms
[2022-04-07T07:02:39.794+0800][2.299s] GC(3) Pause Young (Normal) (G1 Evacuation Pause)
[2022-04-07T07:02:39.794+0800][2.299s] GC(3) Using 10 workers of 10 for evacuation
[2022-04-07T07:02:39.800+0800][2.305s] GC(3)   Pre Evacuate Collection Set: 0.1ms
[2022-04-07T07:02:39.800+0800][2.305s] GC(3)   Merge Heap Roots: 0.1ms
[2022-04-07T07:02:39.800+0800][2.305s] GC(3)   Evacuate Collection Set: 5.3ms
[2022-04-07T07:02:39.800+0800][2.305s] GC(3)   Post Evacuate Collection Set: 0.7ms
[2022-04-07T07:02:39.800+0800][2.305s] GC(3)   Other: 0.1ms
[2022-04-07T07:02:39.800+0800][2.305s] GC(3) Eden regions: 69->0(129)
[2022-04-07T07:02:39.800+0800][2.305s] GC(3) Survivor regions: 11->5(10)
[2022-04-07T07:02:39.800+0800][2.305s] GC(3) Old regions: 8->20
[2022-04-07T07:02:39.800+0800][2.305s] GC(3) Archive regions: 2->2
[2022-04-07T07:02:39.800+0800][2.305s] GC(3) Humongous regions: 4->4
[2022-04-07T07:02:39.800+0800][2.305s] GC(3) Metaspace: 33337K(33600K)->33337K(33600K) NonClass: 29473K(29632K)->29473K(29632K) Class: 3863K(3968K)->3863K(3968K)
[2022-04-07T07:02:39.800+0800][2.305s] GC(3) Pause Young (Normal) (G1 Evacuation Pause) 92M->29M(512M) 6.367ms
[2022-04-07T07:02:39.800+0800][2.305s] GC(3) User=0.05s Sys=0.00s Real=0.01s
[2022-04-07T07:02:39.931+0800][2.436s] GC(4) Pause Young (Concurrent Start) (Metadata GC Threshold)
[2022-04-07T07:02:39.931+0800][2.436s] GC(4) Using 10 workers of 10 for evacuation
[2022-04-07T07:02:39.933+0800][2.439s] GC(4)   Pre Evacuate Collection Set: 0.1ms
[2022-04-07T07:02:39.934+0800][2.439s] GC(4)   Merge Heap Roots: 0.1ms
[2022-04-07T07:02:39.934+0800][2.439s] GC(4)   Evacuate Collection Set: 2.1ms
[2022-04-07T07:02:39.934+0800][2.439s] GC(4)   Post Evacuate Collection Set: 0.3ms
[2022-04-07T07:02:39.934+0800][2.439s] GC(4)   Other: 0.1ms
[2022-04-07T07:02:39.934+0800][2.439s] GC(4) Eden regions: 16->0(221)
[2022-04-07T07:02:39.934+0800][2.439s] GC(4) Survivor regions: 5->7(17)
[2022-04-07T07:02:39.934+0800][2.439s] GC(4) Old regions: 20->20
[2022-04-07T07:02:39.934+0800][2.439s] GC(4) Archive regions: 2->2
[2022-04-07T07:02:39.934+0800][2.439s] GC(4) Humongous regions: 5->4
[2022-04-07T07:02:39.934+0800][2.439s] GC(4) Metaspace: 35484K(35776K)->35484K(35776K) NonClass: 31290K(31424K)->31290K(31424K) Class: 4193K(4352K)->4193K(4352K)
[2022-04-07T07:02:39.934+0800][2.439s] GC(4) Pause Young (Concurrent Start) (Metadata GC Threshold) 46M->30M(512M) 2.825ms
[2022-04-07T07:02:39.934+0800][2.439s] GC(4) User=0.02s Sys=0.00s Real=0.00s
[2022-04-07T07:02:39.934+0800][2.439s] GC(5) Concurrent Mark Cycle
[2022-04-07T07:02:39.934+0800][2.439s] GC(5) Concurrent Clear Claimed Marks
[2022-04-07T07:02:39.934+0800][2.439s] GC(5) Concurrent Clear Claimed Marks 0.025ms
[2022-04-07T07:02:39.934+0800][2.439s] GC(5) Concurrent Scan Root Regions
[2022-04-07T07:02:39.936+0800][2.441s] GC(5) Concurrent Scan Root Regions 1.801ms
[2022-04-07T07:02:39.936+0800][2.441s] GC(5) Concurrent Mark
[2022-04-07T07:02:39.936+0800][2.441s] GC(5) Concurrent Mark From Roots
[2022-04-07T07:02:39.936+0800][2.441s] GC(5) Using 3 workers of 3 for marking
[2022-04-07T07:02:39.947+0800][2.452s] GC(5) Concurrent Mark From Roots 10.845ms
[2022-04-07T07:02:39.947+0800][2.452s] GC(5) Concurrent Preclean
[2022-04-07T07:02:39.947+0800][2.452s] GC(5) Concurrent Preclean 0.101ms
[2022-04-07T07:02:39.947+0800][2.452s] GC(5) Pause Remark
[2022-04-07T07:02:39.948+0800][2.454s] GC(5) Pause Remark 32M->32M(512M) 1.456ms
[2022-04-07T07:02:39.948+0800][2.454s] GC(5) User=0.01s Sys=0.00s Real=0.00s
[2022-04-07T07:02:39.948+0800][2.454s] GC(5) Concurrent Mark 12.744ms
[2022-04-07T07:02:39.948+0800][2.454s] GC(5) Concurrent Rebuild Remembered Sets
[2022-04-07T07:02:39.955+0800][2.461s] GC(5) Concurrent Rebuild Remembered Sets 6.969ms
[2022-04-07T07:02:39.956+0800][2.461s] GC(5) Pause Cleanup
[2022-04-07T07:02:39.956+0800][2.461s] GC(5) Pause Cleanup 32M->32M(512M) 0.112ms
[2022-04-07T07:02:39.956+0800][2.461s] GC(5) User=0.00s Sys=0.00s Real=0.00s
[2022-04-07T07:02:39.956+0800][2.461s] GC(5) Concurrent Cleanup for Next Mark
[2022-04-07T07:02:39.957+0800][2.462s] GC(5) Concurrent Cleanup for Next Mark 0.898ms
[2022-04-07T07:02:39.957+0800][2.462s] GC(5) Concurrent Mark Cycle 22.925ms
[2022-04-07T07:04:54.732+0800][137.240s] GC(6) Pause Young (Normal) (G1 Evacuation Pause)
[2022-04-07T07:04:54.732+0800][137.240s] GC(6) Using 10 workers of 10 for evacuation
[2022-04-07T07:04:54.739+0800][137.246s] GC(6)   Pre Evacuate Collection Set: 0.1ms
[2022-04-07T07:04:54.739+0800][137.246s] GC(6)   Merge Heap Roots: 0.1ms
[2022-04-07T07:04:54.739+0800][137.246s] GC(6)   Evacuate Collection Set: 5.5ms
[2022-04-07T07:04:54.739+0800][137.246s] GC(6)   Post Evacuate Collection Set: 1.0ms
[2022-04-07T07:04:54.739+0800][137.247s] GC(6)   Other: 0.2ms
[2022-04-07T07:04:54.739+0800][137.247s] GC(6) Eden regions: 221->0(291)
[2022-04-07T07:04:54.739+0800][137.247s] GC(6) Survivor regions: 7->16(29)
[2022-04-07T07:04:54.739+0800][137.247s] GC(6) Old regions: 20->20
[2022-04-07T07:04:54.739+0800][137.247s] GC(6) Archive regions: 2->2
[2022-04-07T07:04:54.739+0800][137.247s] GC(6) Humongous regions: 7->7
[2022-04-07T07:04:54.739+0800][137.247s] GC(6) Metaspace: 51071K(51456K)->51071K(51456K) NonClass: 45041K(45248K)->45041K(45248K) Class: 6029K(6208K)->6029K(6208K)
[2022-04-07T07:04:54.739+0800][137.247s] GC(6) Pause Young (Normal) (G1 Evacuation Pause) 254M->42M(512M) 7.041ms
[2022-04-07T07:04:54.739+0800][137.247s] GC(6) User=0.06s Sys=0.01s Real=0.00s
[2022-04-07T07:04:56.753+0800][139.261s] GC(7) Pause Young (Normal) (G1 Evacuation Pause)
[2022-04-07T07:04:56.753+0800][139.261s] GC(7) Using 10 workers of 10 for evacuation
[2022-04-07T07:04:56.759+0800][139.266s] GC(7)   Pre Evacuate Collection Set: 0.1ms
[2022-04-07T07:04:56.759+0800][139.266s] GC(7)   Merge Heap Roots: 0.1ms
[2022-04-07T07:04:56.759+0800][139.266s] GC(7)   Evacuate Collection Set: 4.2ms
[2022-04-07T07:04:56.759+0800][139.266s] GC(7)   Post Evacuate Collection Set: 0.7ms
[2022-04-07T07:04:56.759+0800][139.266s] GC(7)   Other: 0.2ms
[2022-04-07T07:04:56.759+0800][139.266s] GC(7) Eden regions: 291->0(289)
[2022-04-07T07:04:56.759+0800][139.266s] GC(7) Survivor regions: 16->18(39)
[2022-04-07T07:04:56.759+0800][139.266s] GC(7) Old regions: 20->20
[2022-04-07T07:04:56.759+0800][139.266s] GC(7) Archive regions: 2->2
[2022-04-07T07:04:56.759+0800][139.266s] GC(7) Humongous regions: 7->7
[2022-04-07T07:04:56.759+0800][139.266s] GC(7) Metaspace: 51393K(51776K)->51393K(51776K) NonClass: 45354K(45568K)->45354K(45568K) Class: 6039K(6208K)->6039K(6208K)
[2022-04-07T07:04:56.759+0800][139.266s] GC(7) Pause Young (Normal) (G1 Evacuation Pause) 333M->45M(512M) 5.291ms
[2022-04-07T07:04:56.759+0800][139.266s] GC(7) User=0.04s Sys=0.00s Real=0.00s
[2022-04-07T07:04:58.172+0800][140.680s] GC(8) Pause Young (Normal) (G1 Evacuation Pause)
[2022-04-07T07:04:58.173+0800][140.680s] GC(8) Using 10 workers of 10 for evacuation
[2022-04-07T07:04:58.178+0800][140.686s] GC(8)   Pre Evacuate Collection Set: 0.1ms
[2022-04-07T07:04:58.179+0800][140.686s] GC(8)   Merge Heap Roots: 0.1ms
[2022-04-07T07:04:58.179+0800][140.686s] GC(8)   Evacuate Collection Set: 4.8ms
[2022-04-07T07:04:58.179+0800][140.686s] GC(8)   Post Evacuate Collection Set: 0.9ms
[2022-04-07T07:04:58.179+0800][140.686s] GC(8)   Other: 0.2ms
[2022-04-07T07:04:58.179+0800][140.686s] GC(8) Eden regions: 289->0(283)
[2022-04-07T07:04:58.179+0800][140.686s] GC(8) Survivor regions: 18->24(39)
[2022-04-07T07:04:58.179+0800][140.686s] GC(8) Old regions: 20->20
[2022-04-07T07:04:58.179+0800][140.686s] GC(8) Archive regions: 2->2
[2022-04-07T07:04:58.179+0800][140.686s] GC(8) Humongous regions: 7->7
[2022-04-07T07:04:58.179+0800][140.686s] GC(8) Metaspace: 51592K(51968K)->51592K(51968K) NonClass: 45536K(45760K)->45536K(45760K) Class: 6056K(6208K)->6056K(6208K)
[2022-04-07T07:04:58.179+0800][140.686s] GC(8) Pause Young (Normal) (G1 Evacuation Pause) 334M->51M(512M) 6.183ms
[2022-04-07T07:04:58.179+0800][140.686s] GC(8) User=0.05s Sys=0.01s Real=0.00s
[2022-04-07T07:04:59.000+0800][141.508s] GC(9) Pause Young (Normal) (G1 Evacuation Pause)
[2022-04-07T07:04:59.000+0800][141.508s] GC(9) Using 10 workers of 10 for evacuation
[2022-04-07T07:04:59.007+0800][141.515s] GC(9)   Pre Evacuate Collection Set: 0.1ms
[2022-04-07T07:04:59.008+0800][141.515s] GC(9)   Merge Heap Roots: 0.1ms
[2022-04-07T07:04:59.008+0800][141.515s] GC(9)   Evacuate Collection Set: 6.0ms
[2022-04-07T07:04:59.008+0800][141.515s] GC(9)   Post Evacuate Collection Set: 0.6ms
[2022-04-07T07:04:59.008+0800][141.515s] GC(9)   Other: 0.1ms
[2022-04-07T07:04:59.008+0800][141.515s] GC(9) Eden regions: 283->0(275)
[2022-04-07T07:04:59.008+0800][141.515s] GC(9) Survivor regions: 24->32(39)
[2022-04-07T07:04:59.008+0800][141.515s] GC(9) Old regions: 20->24
[2022-04-07T07:04:59.008+0800][141.515s] GC(9) Archive regions: 2->2
[2022-04-07T07:04:59.008+0800][141.515s] GC(9) Humongous regions: 7->7
[2022-04-07T07:04:59.008+0800][141.515s] GC(9) Metaspace: 51601K(51968K)->51601K(51968K) NonClass: 45545K(45760K)->45545K(45760K) Class: 6056K(6208K)->6056K(6208K)
[2022-04-07T07:04:59.008+0800][141.515s] GC(9) Pause Young (Normal) (G1 Evacuation Pause) 334M->63M(512M) 7.122ms
[2022-04-07T07:04:59.008+0800][141.515s] GC(9) User=0.06s Sys=0.00s Real=0.00s
[2022-04-07T07:05:00.359+0800][142.866s] GC(10) Pause Young (Normal) (G1 Evacuation Pause)
[2022-04-07T07:05:00.359+0800][142.866s] GC(10) Using 10 workers of 10 for evacuation
[2022-04-07T07:05:00.363+0800][142.870s] GC(10)   Pre Evacuate Collection Set: 0.1ms
[2022-04-07T07:05:00.363+0800][142.870s] GC(10)   Merge Heap Roots: 0.1ms
[2022-04-07T07:05:00.363+0800][142.870s] GC(10)   Evacuate Collection Set: 3.1ms
[2022-04-07T07:05:00.363+0800][142.870s] GC(10)   Post Evacuate Collection Set: 0.7ms
[2022-04-07T07:05:00.363+0800][142.870s] GC(10)   Other: 0.2ms
[2022-04-07T07:05:00.363+0800][142.870s] GC(10) Eden regions: 275->0(299)
[2022-04-07T07:05:00.363+0800][142.870s] GC(10) Survivor regions: 32->8(39)
[2022-04-07T07:05:00.363+0800][142.870s] GC(10) Old regions: 24->35
[2022-04-07T07:05:00.363+0800][142.870s] GC(10) Archive regions: 2->2
[2022-04-07T07:05:00.363+0800][142.870s] GC(10) Humongous regions: 8->7
[2022-04-07T07:05:00.363+0800][142.870s] GC(10) Metaspace: 51679K(52096K)->51679K(52096K) NonClass: 45622K(45888K)->45622K(45888K) Class: 6057K(6208K)->6057K(6208K)
[2022-04-07T07:05:00.363+0800][142.870s] GC(10) Pause Young (Normal) (G1 Evacuation Pause) 339M->49M(512M) 4.216ms
[2022-04-07T07:05:00.363+0800][142.870s] GC(10) User=0.04s Sys=0.00s Real=0.01s
[2022-04-07T07:05:01.154+0800][143.661s] GC(11) Pause Young (Normal) (G1 Evacuation Pause)
[2022-04-07T07:05:01.154+0800][143.661s] GC(11) Using 10 workers of 10 for evacuation
[2022-04-07T07:05:01.157+0800][143.665s] GC(11)   Pre Evacuate Collection Set: 0.1ms
[2022-04-07T07:05:01.157+0800][143.665s] GC(11)   Merge Heap Roots: 0.1ms
[2022-04-07T07:05:01.157+0800][143.665s] GC(11)   Evacuate Collection Set: 2.8ms
[2022-04-07T07:05:01.157+0800][143.665s] GC(11)   Post Evacuate Collection Set: 0.4ms
[2022-04-07T07:05:01.157+0800][143.665s] GC(11)   Other: 0.2ms
[2022-04-07T07:05:01.157+0800][143.665s] GC(11) Eden regions: 299->0(286)
[2022-04-07T07:05:01.157+0800][143.665s] GC(11) Survivor regions: 8->21(39)
[2022-04-07T07:05:01.157+0800][143.665s] GC(11) Old regions: 35->35
[2022-04-07T07:05:01.157+0800][143.665s] GC(11) Archive regions: 2->2
[2022-04-07T07:05:01.157+0800][143.665s] GC(11) Humongous regions: 8->8
[2022-04-07T07:05:01.157+0800][143.665s] GC(11) Metaspace: 51679K(52096K)->51679K(52096K) NonClass: 45622K(45888K)->45622K(45888K) Class: 6057K(6208K)->6057K(6208K)
[2022-04-07T07:05:01.157+0800][143.665s] GC(11) Pause Young (Normal) (G1 Evacuation Pause) 349M->63M(512M) 3.596ms
[2022-04-07T07:05:01.157+0800][143.665s] GC(11) User=0.02s Sys=0.01s Real=0.00s
[2022-04-07T07:05:02.002+0800][144.510s] GC(12) Pause Young (Normal) (G1 Evacuation Pause)
[2022-04-07T07:05:02.002+0800][144.510s] GC(12) Using 10 workers of 10 for evacuation
[2022-04-07T07:05:02.007+0800][144.514s] GC(12)   Pre Evacuate Collection Set: 0.1ms
[2022-04-07T07:05:02.007+0800][144.514s] GC(12)   Merge Heap Roots: 0.1ms
[2022-04-07T07:05:02.007+0800][144.514s] GC(12)   Evacuate Collection Set: 4.0ms
[2022-04-07T07:05:02.007+0800][144.514s] GC(12)   Post Evacuate Collection Set: 0.3ms
[2022-04-07T07:05:02.007+0800][144.514s] GC(12)   Other: 0.1ms
[2022-04-07T07:05:02.007+0800][144.514s] GC(12) Eden regions: 286->0(275)
[2022-04-07T07:05:02.007+0800][144.514s] GC(12) Survivor regions: 21->32(39)
[2022-04-07T07:05:02.007+0800][144.514s] GC(12) Old regions: 35->35
[2022-04-07T07:05:02.007+0800][144.514s] GC(12) Archive regions: 2->2
[2022-04-07T07:05:02.007+0800][144.514s] GC(12) Humongous regions: 11->10
[2022-04-07T07:05:02.007+0800][144.514s] GC(12) Metaspace: 51680K(52096K)->51680K(52096K) NonClass: 45623K(45888K)->45623K(45888K) Class: 6057K(6208K)->6057K(6208K)
[2022-04-07T07:05:02.007+0800][144.514s] GC(12) Pause Young (Normal) (G1 Evacuation Pause) 352M->77M(512M) 4.729ms
[2022-04-07T07:05:02.007+0800][144.514s] GC(12) User=0.04s Sys=0.00s Real=0.00s
[2022-04-07T07:05:03.173+0800][145.680s] GC(13) Pause Young (Normal) (G1 Evacuation Pause)
[2022-04-07T07:05:03.173+0800][145.680s] GC(13) Using 10 workers of 10 for evacuation
[2022-04-07T07:05:03.174+0800][145.682s] GC(13)   Pre Evacuate Collection Set: 0.1ms
[2022-04-07T07:05:03.174+0800][145.682s] GC(13)   Merge Heap Roots: 0.1ms
[2022-04-07T07:05:03.174+0800][145.682s] GC(13)   Evacuate Collection Set: 1.0ms
[2022-04-07T07:05:03.174+0800][145.682s] GC(13)   Post Evacuate Collection Set: 0.3ms
[2022-04-07T07:05:03.174+0800][145.682s] GC(13)   Other: 0.1ms
[2022-04-07T07:05:03.174+0800][145.682s] GC(13) Eden regions: 275->0(300)
[2022-04-07T07:05:03.174+0800][145.682s] GC(13) Survivor regions: 32->7(39)
[2022-04-07T07:05:03.174+0800][145.682s] GC(13) Old regions: 35->35
[2022-04-07T07:05:03.174+0800][145.682s] GC(13) Archive regions: 2->2
[2022-04-07T07:05:03.174+0800][145.682s] GC(13) Humongous regions: 10->7
[2022-04-07T07:05:03.174+0800][145.682s] GC(13) Metaspace: 51759K(52096K)->51759K(52096K) NonClass: 45701K(45888K)->45701K(45888K) Class: 6057K(6208K)->6057K(6208K)
[2022-04-07T07:05:03.174+0800][145.682s] GC(13) Pause Young (Normal) (G1 Evacuation Pause) 352M->49M(512M) 1.738ms
[2022-04-07T07:05:03.175+0800][145.682s] GC(13) User=0.01s Sys=0.00s Real=0.00s
[2022-04-07T07:05:03.968+0800][146.476s] GC(14) Pause Young (Normal) (G1 Evacuation Pause)
[2022-04-07T07:05:03.968+0800][146.476s] GC(14) Using 10 workers of 10 for evacuation
[2022-04-07T07:05:03.972+0800][146.479s] GC(14)   Pre Evacuate Collection Set: 0.1ms
[2022-04-07T07:05:03.972+0800][146.479s] GC(14)   Merge Heap Roots: 0.1ms
[2022-04-07T07:05:03.972+0800][146.479s] GC(14)   Evacuate Collection Set: 2.7ms
[2022-04-07T07:05:03.972+0800][146.479s] GC(14)   Post Evacuate Collection Set: 0.5ms
[2022-04-07T07:05:03.972+0800][146.479s] GC(14)   Other: 0.2ms
[2022-04-07T07:05:03.972+0800][146.479s] GC(14) Eden regions: 300->0(287)
[2022-04-07T07:05:03.972+0800][146.479s] GC(14) Survivor regions: 7->20(39)
[2022-04-07T07:05:03.972+0800][146.479s] GC(14) Old regions: 35->35
[2022-04-07T07:05:03.972+0800][146.479s] GC(14) Archive regions: 2->2
[2022-04-07T07:05:03.972+0800][146.480s] GC(14) Humongous regions: 8->8
[2022-04-07T07:05:03.972+0800][146.480s] GC(14) Metaspace: 51770K(52160K)->51770K(52160K) NonClass: 45712K(45952K)->45712K(45952K) Class: 6057K(6208K)->6057K(6208K)
[2022-04-07T07:05:03.972+0800][146.480s] GC(14) Pause Young (Normal) (G1 Evacuation Pause) 350M->62M(512M) 3.637ms
[2022-04-07T07:05:03.972+0800][146.480s] GC(14) User=0.03s Sys=0.00s Real=0.01s
[2022-04-07T07:05:05.149+0800][147.657s] GC(15) Pause Young (Normal) (G1 Evacuation Pause)
[2022-04-07T07:05:05.149+0800][147.657s] GC(15) Using 10 workers of 10 for evacuation
[2022-04-07T07:05:05.152+0800][147.659s] GC(15)   Pre Evacuate Collection Set: 0.1ms
[2022-04-07T07:05:05.152+0800][147.659s] GC(15)   Merge Heap Roots: 0.1ms
[2022-04-07T07:05:05.152+0800][147.659s] GC(15)   Evacuate Collection Set: 1.5ms
[2022-04-07T07:05:05.152+0800][147.659s] GC(15)   Post Evacuate Collection Set: 0.7ms
[2022-04-07T07:05:05.152+0800][147.659s] GC(15)   Other: 0.1ms
[2022-04-07T07:05:05.152+0800][147.659s] GC(15) Eden regions: 287->0(296)
[2022-04-07T07:05:05.152+0800][147.659s] GC(15) Survivor regions: 20->11(39)
[2022-04-07T07:05:05.152+0800][147.659s] GC(15) Old regions: 35->35
[2022-04-07T07:05:05.152+0800][147.659s] GC(15) Archive regions: 2->2
[2022-04-07T07:05:05.152+0800][147.659s] GC(15) Humongous regions: 8->7
[2022-04-07T07:05:05.152+0800][147.659s] GC(15) Metaspace: 51812K(52160K)->51812K(52160K) NonClass: 45754K(45952K)->45754K(45952K) Class: 6057K(6208K)->6057K(6208K)
[2022-04-07T07:05:05.152+0800][147.659s] GC(15) Pause Young (Normal) (G1 Evacuation Pause) 349M->52M(512M) 2.562ms
[2022-04-07T07:05:05.152+0800][147.659s] GC(15) User=0.01s Sys=0.00s Real=0.01s
[2022-04-07T07:05:05.937+0800][148.445s] GC(16) Pause Young (Normal) (G1 Evacuation Pause)
[2022-04-07T07:05:05.937+0800][148.445s] GC(16) Using 10 workers of 10 for evacuation
[2022-04-07T07:05:05.941+0800][148.448s] GC(16)   Pre Evacuate Collection Set: 0.1ms
[2022-04-07T07:05:05.941+0800][148.448s] GC(16)   Merge Heap Roots: 0.1ms
[2022-04-07T07:05:05.941+0800][148.448s] GC(16)   Evacuate Collection Set: 3.0ms
[2022-04-07T07:05:05.941+0800][148.448s] GC(16)   Post Evacuate Collection Set: 0.3ms
[2022-04-07T07:05:05.941+0800][148.448s] GC(16)   Other: 0.1ms
[2022-04-07T07:05:05.941+0800][148.448s] GC(16) Eden regions: 296->0(285)
[2022-04-07T07:05:05.941+0800][148.448s] GC(16) Survivor regions: 11->22(39)
[2022-04-07T07:05:05.941+0800][148.448s] GC(16) Old regions: 35->35
[2022-04-07T07:05:05.941+0800][148.448s] GC(16) Archive regions: 2->2
[2022-04-07T07:05:05.941+0800][148.448s] GC(16) Humongous regions: 8->8
[2022-04-07T07:05:05.941+0800][148.448s] GC(16) Metaspace: 51812K(52160K)->51812K(52160K) NonClass: 45754K(45952K)->45754K(45952K) Class: 6057K(6208K)->6057K(6208K)
[2022-04-07T07:05:05.941+0800][148.448s] GC(16) Pause Young (Normal) (G1 Evacuation Pause) 349M->65M(512M) 3.723ms
[2022-04-07T07:05:05.941+0800][148.448s] GC(16) User=0.03s Sys=0.01s Real=0.01s
[2022-04-07T07:05:06.686+0800][149.194s] GC(17) Pause Young (Normal) (G1 Evacuation Pause)
[2022-04-07T07:05:06.686+0800][149.194s] GC(17) Using 10 workers of 10 for evacuation
[2022-04-07T07:05:06.691+0800][149.199s] GC(17)   Pre Evacuate Collection Set: 0.1ms
[2022-04-07T07:05:06.691+0800][149.199s] GC(17)   Merge Heap Roots: 0.1ms
[2022-04-07T07:05:06.691+0800][149.199s] GC(17)   Evacuate Collection Set: 4.3ms
[2022-04-07T07:05:06.691+0800][149.199s] GC(17)   Post Evacuate Collection Set: 0.4ms
[2022-04-07T07:05:06.691+0800][149.199s] GC(17)   Other: 0.1ms
[2022-04-07T07:05:06.691+0800][149.199s] GC(17) Eden regions: 285->0(279)
[2022-04-07T07:05:06.691+0800][149.199s] GC(17) Survivor regions: 22->28(39)
[2022-04-07T07:05:06.691+0800][149.199s] GC(17) Old regions: 35->42
[2022-04-07T07:05:06.691+0800][149.199s] GC(17) Archive regions: 2->2
[2022-04-07T07:05:06.691+0800][149.199s] GC(17) Humongous regions: 9->9
[2022-04-07T07:05:06.691+0800][149.199s] GC(17) Metaspace: 51812K(52160K)->51812K(52160K) NonClass: 45754K(45952K)->45754K(45952K) Class: 6057K(6208K)->6057K(6208K)
[2022-04-07T07:05:06.691+0800][149.199s] GC(17) Pause Young (Normal) (G1 Evacuation Pause) 351M->78M(512M) 5.183ms
[2022-04-07T07:05:06.691+0800][149.199s] GC(17) User=0.05s Sys=0.00s Real=0.01s
[2022-04-07T07:05:07.523+0800][150.031s] GC(18) Pause Young (Normal) (G1 Evacuation Pause)
[2022-04-07T07:05:07.523+0800][150.031s] GC(18) Using 10 workers of 10 for evacuation
[2022-04-07T07:05:07.528+0800][150.036s] GC(18)   Pre Evacuate Collection Set: 0.1ms
[2022-04-07T07:05:07.528+0800][150.036s] GC(18)   Merge Heap Roots: 0.1ms
[2022-04-07T07:05:07.528+0800][150.036s] GC(18)   Evacuate Collection Set: 4.2ms
[2022-04-07T07:05:07.528+0800][150.036s] GC(18)   Post Evacuate Collection Set: 0.4ms
[2022-04-07T07:05:07.528+0800][150.036s] GC(18)   Other: 0.1ms
[2022-04-07T07:05:07.528+0800][150.036s] GC(18) Eden regions: 279->0(283)
[2022-04-07T07:05:07.528+0800][150.036s] GC(18) Survivor regions: 28->24(39)
[2022-04-07T07:05:07.528+0800][150.036s] GC(18) Old regions: 42->51
[2022-04-07T07:05:07.528+0800][150.036s] GC(18) Archive regions: 2->2
[2022-04-07T07:05:07.528+0800][150.036s] GC(18) Humongous regions: 11->10
[2022-04-07T07:05:07.528+0800][150.036s] GC(18) Metaspace: 51819K(52160K)->51819K(52160K) NonClass: 45761K(45952K)->45761K(45952K) Class: 6057K(6208K)->6057K(6208K)
[2022-04-07T07:05:07.528+0800][150.036s] GC(18) Pause Young (Normal) (G1 Evacuation Pause) 359M->85M(512M) 4.982ms
[2022-04-07T07:05:07.528+0800][150.036s] GC(18) User=0.05s Sys=0.00s Real=0.00s
[2022-04-07T07:05:08.633+0800][151.141s] GC(19) Pause Young (Normal) (G1 Evacuation Pause)
[2022-04-07T07:05:08.633+0800][151.141s] GC(19) Using 10 workers of 10 for evacuation
[2022-04-07T07:05:08.638+0800][151.146s] GC(19)   Pre Evacuate Collection Set: 0.1ms
[2022-04-07T07:05:08.638+0800][151.146s] GC(19)   Merge Heap Roots: 0.1ms
[2022-04-07T07:05:08.638+0800][151.146s] GC(19)   Evacuate Collection Set: 4.2ms
[2022-04-07T07:05:08.638+0800][151.146s] GC(19)   Post Evacuate Collection Set: 0.4ms
[2022-04-07T07:05:08.638+0800][151.146s] GC(19)   Other: 0.2ms
[2022-04-07T07:05:08.638+0800][151.146s] GC(19) Eden regions: 283->0(283)
[2022-04-07T07:05:08.638+0800][151.146s] GC(19) Survivor regions: 24->24(39)
[2022-04-07T07:05:08.638+0800][151.146s] GC(19) Old regions: 51->60
[2022-04-07T07:05:08.638+0800][151.146s] GC(19) Archive regions: 2->2
[2022-04-07T07:05:08.638+0800][151.146s] GC(19) Humongous regions: 10->10
[2022-04-07T07:05:08.638+0800][151.146s] GC(19) Metaspace: 51848K(52160K)->51848K(52160K) NonClass: 45790K(45952K)->45790K(45952K) Class: 6057K(6208K)->6057K(6208K)
[2022-04-07T07:05:08.638+0800][151.146s] GC(19) Pause Young (Normal) (G1 Evacuation Pause) 368M->93M(512M) 5.042ms
[2022-04-07T07:05:08.638+0800][151.146s] GC(19) User=0.04s Sys=0.01s Real=0.00s
[2022-04-07T07:05:09.353+0800][151.861s] GC(20) Pause Young (Normal) (G1 Evacuation Pause)
[2022-04-07T07:05:09.353+0800][151.861s] GC(20) Using 10 workers of 10 for evacuation
[2022-04-07T07:05:09.359+0800][151.867s] GC(20)   Pre Evacuate Collection Set: 0.1ms
[2022-04-07T07:05:09.359+0800][151.867s] GC(20)   Merge Heap Roots: 0.1ms
[2022-04-07T07:05:09.359+0800][151.867s] GC(20)   Evacuate Collection Set: 5.2ms
[2022-04-07T07:05:09.359+0800][151.867s] GC(20)   Post Evacuate Collection Set: 0.4ms
[2022-04-07T07:05:09.359+0800][151.867s] GC(20)   Other: 0.1ms
[2022-04-07T07:05:09.359+0800][151.867s] GC(20) Eden regions: 283->0(283)
[2022-04-07T07:05:09.359+0800][151.867s] GC(20) Survivor regions: 24->24(39)
[2022-04-07T07:05:09.359+0800][151.867s] GC(20) Old regions: 60->72
[2022-04-07T07:05:09.359+0800][151.867s] GC(20) Archive regions: 2->2
[2022-04-07T07:05:09.359+0800][151.867s] GC(20) Humongous regions: 11->11
[2022-04-07T07:05:09.359+0800][151.867s] GC(20) Metaspace: 51849K(52160K)->51849K(52160K) NonClass: 45791K(45952K)->45791K(45952K) Class: 6057K(6208K)->6057K(6208K)
[2022-04-07T07:05:09.359+0800][151.867s] GC(20) Pause Young (Normal) (G1 Evacuation Pause) 377M->107M(512M) 6.014ms
[2022-04-07T07:05:09.359+0800][151.867s] GC(20) User=0.05s Sys=0.00s Real=0.00s
[2022-04-07T07:05:11.173+0800][153.681s] GC(21) Pause Young (Normal) (G1 Evacuation Pause)
[2022-04-07T07:05:11.173+0800][153.681s] GC(21) Using 10 workers of 10 for evacuation
[2022-04-07T07:05:11.176+0800][153.684s] GC(21)   Pre Evacuate Collection Set: 0.1ms
[2022-04-07T07:05:11.176+0800][153.684s] GC(21)   Merge Heap Roots: 0.1ms
[2022-04-07T07:05:11.176+0800][153.684s] GC(21)   Evacuate Collection Set: 2.5ms
[2022-04-07T07:05:11.176+0800][153.684s] GC(21)   Post Evacuate Collection Set: 0.7ms
[2022-04-07T07:05:11.176+0800][153.684s] GC(21)   Other: 0.1ms
[2022-04-07T07:05:11.176+0800][153.684s] GC(21) Eden regions: 283->0(300)
[2022-04-07T07:05:11.176+0800][153.684s] GC(21) Survivor regions: 24->7(39)
[2022-04-07T07:05:11.176+0800][153.684s] GC(21) Old regions: 72->74
[2022-04-07T07:05:11.177+0800][153.684s] GC(21) Archive regions: 2->2
[2022-04-07T07:05:11.177+0800][153.684s] GC(21) Humongous regions: 11->10
[2022-04-07T07:05:11.177+0800][153.684s] GC(21) Metaspace: 51997K(52416K)->51997K(52416K) NonClass: 45928K(46144K)->45928K(46144K) Class: 6068K(6272K)->6068K(6272K)
[2022-04-07T07:05:11.177+0800][153.684s] GC(21) Pause Young (Normal) (G1 Evacuation Pause) 390M->90M(512M) 3.654ms
[2022-04-07T07:05:11.177+0800][153.684s] GC(21) User=0.02s Sys=0.00s Real=0.00s
[2022-04-07T07:05:12.041+0800][154.549s] GC(22) Pause Young (Normal) (G1 Evacuation Pause)
[2022-04-07T07:05:12.041+0800][154.549s] GC(22) Using 10 workers of 10 for evacuation
[2022-04-07T07:05:12.045+0800][154.553s] GC(22)   Pre Evacuate Collection Set: 0.1ms
[2022-04-07T07:05:12.045+0800][154.553s] GC(22)   Merge Heap Roots: 0.1ms
[2022-04-07T07:05:12.045+0800][154.553s] GC(22)   Evacuate Collection Set: 3.0ms
[2022-04-07T07:05:12.045+0800][154.553s] GC(22)   Post Evacuate Collection Set: 0.5ms
[2022-04-07T07:05:12.045+0800][154.553s] GC(22)   Other: 0.1ms
[2022-04-07T07:05:12.045+0800][154.553s] GC(22) Eden regions: 300->0(287)
[2022-04-07T07:05:12.045+0800][154.553s] GC(22) Survivor regions: 7->20(39)
[2022-04-07T07:05:12.045+0800][154.553s] GC(22) Old regions: 74->74
[2022-04-07T07:05:12.045+0800][154.553s] GC(22) Archive regions: 2->2
[2022-04-07T07:05:12.045+0800][154.553s] GC(22) Humongous regions: 10->10
[2022-04-07T07:05:12.045+0800][154.553s] GC(22) Metaspace: 51997K(52416K)->51997K(52416K) NonClass: 45928K(46144K)->45928K(46144K) Class: 6068K(6272K)->6068K(6272K)
[2022-04-07T07:05:12.045+0800][154.553s] GC(22) Pause Young (Normal) (G1 Evacuation Pause) 390M->104M(512M) 3.921ms
[2022-04-07T07:05:12.045+0800][154.553s] GC(22) User=0.03s Sys=0.00s Real=0.00s
[2022-04-07T07:05:12.916+0800][155.424s] GC(23) Pause Young (Normal) (G1 Evacuation Pause)
[2022-04-07T07:05:12.916+0800][155.424s] GC(23) Using 10 workers of 10 for evacuation
[2022-04-07T07:05:12.920+0800][155.428s] GC(23)   Pre Evacuate Collection Set: 0.1ms
[2022-04-07T07:05:12.920+0800][155.428s] GC(23)   Merge Heap Roots: 0.1ms
[2022-04-07T07:05:12.920+0800][155.428s] GC(23)   Evacuate Collection Set: 3.7ms
[2022-04-07T07:05:12.920+0800][155.428s] GC(23)   Post Evacuate Collection Set: 0.4ms
[2022-04-07T07:05:12.920+0800][155.428s] GC(23)   Other: 0.1ms
[2022-04-07T07:05:12.920+0800][155.428s] GC(23) Eden regions: 287->0(280)
[2022-04-07T07:05:12.920+0800][155.428s] GC(23) Survivor regions: 20->27(39)
[2022-04-07T07:05:12.920+0800][155.428s] GC(23) Old regions: 74->74
[2022-04-07T07:05:12.920+0800][155.428s] GC(23) Archive regions: 2->2
[2022-04-07T07:05:12.920+0800][155.428s] GC(23) Humongous regions: 11->11
[2022-04-07T07:05:12.920+0800][155.428s] GC(23) Metaspace: 52008K(52416K)->52008K(52416K) NonClass: 45939K(46144K)->45939K(46144K) Class: 6068K(6272K)->6068K(6272K)
[2022-04-07T07:05:12.920+0800][155.428s] GC(23) Pause Young (Normal) (G1 Evacuation Pause) 392M->111M(512M) 4.500ms
[2022-04-07T07:05:12.920+0800][155.428s] GC(23) User=0.04s Sys=0.00s Real=0.01s
[2022-04-07T07:05:13.896+0800][156.404s] GC(24) Pause Young (Normal) (G1 Evacuation Pause)
[2022-04-07T07:05:13.896+0800][156.404s] GC(24) Using 10 workers of 10 for evacuation
[2022-04-07T07:05:13.900+0800][156.408s] GC(24)   Pre Evacuate Collection Set: 0.1ms
[2022-04-07T07:05:13.900+0800][156.408s] GC(24)   Merge Heap Roots: 0.1ms
[2022-04-07T07:05:13.900+0800][156.408s] GC(24)   Evacuate Collection Set: 2.9ms
[2022-04-07T07:05:13.900+0800][156.408s] GC(24)   Post Evacuate Collection Set: 0.5ms
[2022-04-07T07:05:13.900+0800][156.408s] GC(24)   Other: 0.1ms
[2022-04-07T07:05:13.900+0800][156.408s] GC(24) Eden regions: 280->0(294)
[2022-04-07T07:05:13.900+0800][156.408s] GC(24) Survivor regions: 27->13(39)
[2022-04-07T07:05:13.900+0800][156.408s] GC(24) Old regions: 74->77
[2022-04-07T07:05:13.900+0800][156.408s] GC(24) Archive regions: 2->2
[2022-04-07T07:05:13.900+0800][156.408s] GC(24) Humongous regions: 11->10
[2022-04-07T07:05:13.900+0800][156.408s] GC(24) Metaspace: 52036K(52480K)->52036K(52480K) NonClass: 45968K(46208K)->45968K(46208K) Class: 6068K(6272K)->6068K(6272K)
[2022-04-07T07:05:13.900+0800][156.408s] GC(24) Pause Young (Normal) (G1 Evacuation Pause) 391M->99M(512M) 3.923ms
[2022-04-07T07:05:13.900+0800][156.408s] GC(24) User=0.02s Sys=0.00s Real=0.01s
[2022-04-07T07:05:14.681+0800][157.189s] GC(25) Pause Young (Normal) (G1 Evacuation Pause)
[2022-04-07T07:05:14.681+0800][157.189s] GC(25) Using 10 workers of 10 for evacuation
[2022-04-07T07:05:14.685+0800][157.193s] GC(25)   Pre Evacuate Collection Set: 0.1ms
[2022-04-07T07:05:14.685+0800][157.193s] GC(25)   Merge Heap Roots: 0.1ms
[2022-04-07T07:05:14.685+0800][157.193s] GC(25)   Evacuate Collection Set: 3.5ms
[2022-04-07T07:05:14.685+0800][157.193s] GC(25)   Post Evacuate Collection Set: 0.4ms
[2022-04-07T07:05:14.685+0800][157.193s] GC(25)   Other: 0.1ms
[2022-04-07T07:05:14.685+0800][157.193s] GC(25) Eden regions: 294->0(282)
[2022-04-07T07:05:14.685+0800][157.193s] GC(25) Survivor regions: 13->25(39)
[2022-04-07T07:05:14.685+0800][157.193s] GC(25) Old regions: 77->77
[2022-04-07T07:05:14.685+0800][157.193s] GC(25) Archive regions: 2->2
[2022-04-07T07:05:14.685+0800][157.193s] GC(25) Humongous regions: 11->11
[2022-04-07T07:05:14.685+0800][157.193s] GC(25) Metaspace: 52037K(52480K)->52037K(52480K) NonClass: 45969K(46208K)->45969K(46208K) Class: 6068K(6272K)->6068K(6272K)
[2022-04-07T07:05:14.685+0800][157.193s] GC(25) Pause Young (Normal) (G1 Evacuation Pause) 394M->112M(512M) 4.308ms
[2022-04-07T07:05:14.685+0800][157.193s] GC(25) User=0.03s Sys=0.00s Real=0.00s
[2022-04-07T07:05:15.507+0800][158.015s] GC(26) Pause Young (Normal) (G1 Evacuation Pause)
[2022-04-07T07:05:15.507+0800][158.015s] GC(26) Using 10 workers of 10 for evacuation
[2022-04-07T07:05:15.513+0800][158.020s] GC(26)   Pre Evacuate Collection Set: 0.1ms
[2022-04-07T07:05:15.513+0800][158.020s] GC(26)   Merge Heap Roots: 0.1ms
[2022-04-07T07:05:15.513+0800][158.020s] GC(26)   Evacuate Collection Set: 4.6ms
[2022-04-07T07:05:15.513+0800][158.020s] GC(26)   Post Evacuate Collection Set: 0.4ms
[2022-04-07T07:05:15.513+0800][158.020s] GC(26)   Other: 0.1ms
[2022-04-07T07:05:15.513+0800][158.020s] GC(26) Eden regions: 282->0(278)
[2022-04-07T07:05:15.513+0800][158.020s] GC(26) Survivor regions: 25->29(39)
[2022-04-07T07:05:15.513+0800][158.020s] GC(26) Old regions: 77->84
[2022-04-07T07:05:15.513+0800][158.020s] GC(26) Archive regions: 2->2
[2022-04-07T07:05:15.513+0800][158.020s] GC(26) Humongous regions: 14->13
[2022-04-07T07:05:15.513+0800][158.020s] GC(26) Metaspace: 52037K(52480K)->52037K(52480K) NonClass: 45969K(46208K)->45969K(46208K) Class: 6068K(6272K)->6068K(6272K)
[2022-04-07T07:05:15.513+0800][158.020s] GC(26) Pause Young (Normal) (G1 Evacuation Pause) 397M->126M(512M) 5.412ms
[2022-04-07T07:05:15.513+0800][158.020s] GC(26) User=0.05s Sys=0.00s Real=0.01s
[2022-04-07T07:05:16.205+0800][158.713s] GC(27) Pause Young (Normal) (G1 Evacuation Pause)
[2022-04-07T07:05:16.205+0800][158.713s] GC(27) Using 10 workers of 10 for evacuation
[2022-04-07T07:05:16.211+0800][158.719s] GC(27)   Pre Evacuate Collection Set: 0.1ms
[2022-04-07T07:05:16.211+0800][158.719s] GC(27)   Merge Heap Roots: 0.1ms
[2022-04-07T07:05:16.211+0800][158.719s] GC(27)   Evacuate Collection Set: 5.5ms
[2022-04-07T07:05:16.211+0800][158.719s] GC(27)   Post Evacuate Collection Set: 0.4ms
[2022-04-07T07:05:16.211+0800][158.719s] GC(27)   Other: 0.1ms
[2022-04-07T07:05:16.211+0800][158.719s] GC(27) Eden regions: 278->0(264)
[2022-04-07T07:05:16.211+0800][158.719s] GC(27) Survivor regions: 29->32(39)
[2022-04-07T07:05:16.211+0800][158.719s] GC(27) Old regions: 84->94
[2022-04-07T07:05:16.211+0800][158.719s] GC(27) Archive regions: 2->2
[2022-04-07T07:05:16.212+0800][158.719s] GC(27) Humongous regions: 17->17
[2022-04-07T07:05:16.212+0800][158.719s] GC(27) Metaspace: 52037K(52480K)->52037K(52480K) NonClass: 45969K(46208K)->45969K(46208K) Class: 6068K(6272K)->6068K(6272K)
[2022-04-07T07:05:16.212+0800][158.719s] GC(27) Pause Young (Normal) (G1 Evacuation Pause) 408M->143M(512M) 6.290ms
[2022-04-07T07:05:16.212+0800][158.719s] GC(27) User=0.05s Sys=0.00s Real=0.01s
[2022-04-07T07:05:17.270+0800][159.778s] GC(28) Pause Young (Normal) (G1 Evacuation Pause)
[2022-04-07T07:05:17.270+0800][159.778s] GC(28) Using 10 workers of 10 for evacuation
[2022-04-07T07:05:17.276+0800][159.783s] GC(28)   Pre Evacuate Collection Set: 0.1ms
[2022-04-07T07:05:17.276+0800][159.783s] GC(28)   Merge Heap Roots: 0.1ms
[2022-04-07T07:05:17.276+0800][159.783s] GC(28)   Evacuate Collection Set: 4.8ms
[2022-04-07T07:05:17.276+0800][159.784s] GC(28)   Post Evacuate Collection Set: 0.4ms
[2022-04-07T07:05:17.276+0800][159.784s] GC(28)   Other: 0.2ms
[2022-04-07T07:05:17.276+0800][159.784s] GC(28) Eden regions: 264->0(252)
[2022-04-07T07:05:17.276+0800][159.784s] GC(28) Survivor regions: 32->17(37)
[2022-04-07T07:05:17.276+0800][159.784s] GC(28) Old regions: 94->113
[2022-04-07T07:05:17.276+0800][159.784s] GC(28) Archive regions: 2->2
[2022-04-07T07:05:17.276+0800][159.784s] GC(28) Humongous regions: 25->25
[2022-04-07T07:05:17.276+0800][159.784s] GC(28) Metaspace: 52045K(52480K)->52045K(52480K) NonClass: 45976K(46208K)->45976K(46208K) Class: 6068K(6272K)->6068K(6272K)
[2022-04-07T07:05:17.276+0800][159.784s] GC(28) Pause Young (Normal) (G1 Evacuation Pause) 415M->155M(512M) 5.622ms
[2022-04-07T07:05:17.276+0800][159.784s] GC(28) User=0.06s Sys=0.00s Real=0.00s
[2022-04-07T07:05:18.008+0800][160.515s] GC(29) Pause Young (Normal) (G1 Evacuation Pause)
[2022-04-07T07:05:18.008+0800][160.515s] GC(29) Using 10 workers of 10 for evacuation
[2022-04-07T07:05:18.010+0800][160.518s] GC(29)   Pre Evacuate Collection Set: 0.1ms
[2022-04-07T07:05:18.010+0800][160.518s] GC(29)   Merge Heap Roots: 0.1ms
[2022-04-07T07:05:18.010+0800][160.518s] GC(29)   Evacuate Collection Set: 2.2ms
[2022-04-07T07:05:18.010+0800][160.518s] GC(29)   Post Evacuate Collection Set: 0.3ms
[2022-04-07T07:05:18.010+0800][160.518s] GC(29)   Other: 0.1ms
[2022-04-07T07:05:18.010+0800][160.518s] GC(29) Eden regions: 252->0(261)
[2022-04-07T07:05:18.010+0800][160.518s] GC(29) Survivor regions: 17->17(34)
[2022-04-07T07:05:18.010+0800][160.518s] GC(29) Old regions: 113->113
[2022-04-07T07:05:18.010+0800][160.518s] GC(29) Archive regions: 2->2
[2022-04-07T07:05:18.010+0800][160.518s] GC(29) Humongous regions: 25->25
[2022-04-07T07:05:18.010+0800][160.518s] GC(29) Metaspace: 52059K(52480K)->52059K(52480K) NonClass: 45989K(46208K)->45989K(46208K) Class: 6070K(6272K)->6070K(6272K)
[2022-04-07T07:05:18.010+0800][160.518s] GC(29) Pause Young (Normal) (G1 Evacuation Pause) 407M->155M(512M) 2.923ms
[2022-04-07T07:05:18.010+0800][160.518s] GC(29) User=0.02s Sys=0.00s Real=0.01s
[2022-04-07T07:05:18.685+0800][161.193s] GC(30) Pause Young (Normal) (G1 Evacuation Pause)
[2022-04-07T07:05:18.685+0800][161.193s] GC(30) Using 10 workers of 10 for evacuation
[2022-04-07T07:05:18.689+0800][161.197s] GC(30)   Pre Evacuate Collection Set: 0.1ms
[2022-04-07T07:05:18.689+0800][161.197s] GC(30)   Merge Heap Roots: 0.1ms
[2022-04-07T07:05:18.689+0800][161.197s] GC(30)   Evacuate Collection Set: 3.6ms
[2022-04-07T07:05:18.689+0800][161.197s] GC(30)   Post Evacuate Collection Set: 0.4ms
[2022-04-07T07:05:18.689+0800][161.197s] GC(30)   Other: 0.2ms
[2022-04-07T07:05:18.689+0800][161.197s] GC(30) Eden regions: 261->0(252)
[2022-04-07T07:05:18.689+0800][161.197s] GC(30) Survivor regions: 17->28(35)
[2022-04-07T07:05:18.689+0800][161.197s] GC(30) Old regions: 113->113
[2022-04-07T07:05:18.689+0800][161.197s] GC(30) Archive regions: 2->2
[2022-04-07T07:05:18.689+0800][161.197s] GC(30) Humongous regions: 25->25
[2022-04-07T07:05:18.689+0800][161.197s] GC(30) Metaspace: 52059K(52480K)->52059K(52480K) NonClass: 45989K(46208K)->45989K(46208K) Class: 6070K(6272K)->6070K(6272K)
[2022-04-07T07:05:18.689+0800][161.197s] GC(30) Pause Young (Normal) (G1 Evacuation Pause) 416M->166M(512M) 4.581ms
[2022-04-07T07:05:18.690+0800][161.197s] GC(30) User=0.04s Sys=0.00s Real=0.01s
[2022-04-07T07:05:19.362+0800][161.870s] GC(31) Pause Young (Normal) (G1 Evacuation Pause)
[2022-04-07T07:05:19.362+0800][161.870s] GC(31) Using 10 workers of 10 for evacuation
[2022-04-07T07:05:19.368+0800][161.876s] GC(31)   Pre Evacuate Collection Set: 0.1ms
[2022-04-07T07:05:19.368+0800][161.876s] GC(31)   Merge Heap Roots: 0.1ms
[2022-04-07T07:05:19.368+0800][161.876s] GC(31)   Evacuate Collection Set: 5.2ms
[2022-04-07T07:05:19.368+0800][161.876s] GC(31)   Post Evacuate Collection Set: 0.4ms
[2022-04-07T07:05:19.368+0800][161.876s] GC(31)   Other: 0.2ms
[2022-04-07T07:05:19.368+0800][161.876s] GC(31) Eden regions: 252->0(238)
[2022-04-07T07:05:19.368+0800][161.876s] GC(31) Survivor regions: 28->25(35)
[2022-04-07T07:05:19.368+0800][161.876s] GC(31) Old regions: 113->128
[2022-04-07T07:05:19.368+0800][161.876s] GC(31) Archive regions: 2->2
[2022-04-07T07:05:19.368+0800][161.876s] GC(31) Humongous regions: 26->26
[2022-04-07T07:05:19.368+0800][161.876s] GC(31) Metaspace: 52059K(52480K)->52059K(52480K) NonClass: 45989K(46208K)->45989K(46208K) Class: 6070K(6272K)->6070K(6272K)
[2022-04-07T07:05:19.368+0800][161.876s] GC(31) Pause Young (Normal) (G1 Evacuation Pause) 419M->178M(512M) 6.009ms
[2022-04-07T07:05:19.368+0800][161.876s] GC(31) User=0.05s Sys=0.00s Real=0.00s
[2022-04-07T07:05:20.361+0800][162.868s] GC(32) Pause Young (Normal) (G1 Evacuation Pause)
[2022-04-07T07:05:20.361+0800][162.868s] GC(32) Using 10 workers of 10 for evacuation
[2022-04-07T07:05:20.363+0800][162.871s] GC(32)   Pre Evacuate Collection Set: 0.1ms
[2022-04-07T07:05:20.363+0800][162.871s] GC(32)   Merge Heap Roots: 0.1ms
[2022-04-07T07:05:20.363+0800][162.871s] GC(32)   Evacuate Collection Set: 1.6ms
[2022-04-07T07:05:20.363+0800][162.871s] GC(32)   Post Evacuate Collection Set: 0.4ms
[2022-04-07T07:05:20.363+0800][162.871s] GC(32)   Other: 0.1ms
[2022-04-07T07:05:20.363+0800][162.871s] GC(32) Eden regions: 238->0(256)
[2022-04-07T07:05:20.363+0800][162.871s] GC(32) Survivor regions: 25->9(33)
[2022-04-07T07:05:20.363+0800][162.871s] GC(32) Old regions: 128->129
[2022-04-07T07:05:20.363+0800][162.871s] GC(32) Archive regions: 2->2
[2022-04-07T07:05:20.363+0800][162.871s] GC(32) Humongous regions: 26->25
[2022-04-07T07:05:20.363+0800][162.871s] GC(32) Metaspace: 52082K(52480K)->52082K(52480K) NonClass: 46012K(46208K)->46012K(46208K) Class: 6070K(6272K)->6070K(6272K)
[2022-04-07T07:05:20.363+0800][162.871s] GC(32) Pause Young (Normal) (G1 Evacuation Pause) 416M->163M(512M) 2.386ms
[2022-04-07T07:05:20.363+0800][162.871s] GC(32) User=0.01s Sys=0.00s Real=0.00s
[2022-04-07T07:05:21.063+0800][163.571s] GC(33) Pause Young (Normal) (G1 Evacuation Pause)
[2022-04-07T07:05:21.063+0800][163.571s] GC(33) Using 10 workers of 10 for evacuation
[2022-04-07T07:05:21.067+0800][163.574s] GC(33)   Pre Evacuate Collection Set: 0.1ms
[2022-04-07T07:05:21.067+0800][163.575s] GC(33)   Merge Heap Roots: 0.1ms
[2022-04-07T07:05:21.067+0800][163.575s] GC(33)   Evacuate Collection Set: 3.1ms
[2022-04-07T07:05:21.067+0800][163.575s] GC(33)   Post Evacuate Collection Set: 0.4ms
[2022-04-07T07:05:21.067+0800][163.575s] GC(33)   Other: 0.2ms
[2022-04-07T07:05:21.067+0800][163.575s] GC(33) Eden regions: 256->0(243)
[2022-04-07T07:05:21.067+0800][163.575s] GC(33) Survivor regions: 9->21(34)
[2022-04-07T07:05:21.067+0800][163.575s] GC(33) Old regions: 129->129
[2022-04-07T07:05:21.067+0800][163.575s] GC(33) Archive regions: 2->2
[2022-04-07T07:05:21.067+0800][163.575s] GC(33) Humongous regions: 26->26
[2022-04-07T07:05:21.067+0800][163.575s] GC(33) Metaspace: 52082K(52480K)->52082K(52480K) NonClass: 46012K(46208K)->46012K(46208K) Class: 6070K(6272K)->6070K(6272K)
[2022-04-07T07:05:21.067+0800][163.575s] GC(33) Pause Young (Normal) (G1 Evacuation Pause) 420M->176M(512M) 4.026ms
[2022-04-07T07:05:21.067+0800][163.575s] GC(33) User=0.03s Sys=0.00s Real=0.00s
[2022-04-07T07:05:21.768+0800][164.276s] GC(34) Pause Young (Normal) (G1 Evacuation Pause)
[2022-04-07T07:05:21.768+0800][164.276s] GC(34) Using 10 workers of 10 for evacuation
[2022-04-07T07:05:21.773+0800][164.281s] GC(34)   Pre Evacuate Collection Set: 0.1ms
[2022-04-07T07:05:21.773+0800][164.281s] GC(34)   Merge Heap Roots: 0.1ms
[2022-04-07T07:05:21.773+0800][164.281s] GC(34)   Evacuate Collection Set: 3.9ms
[2022-04-07T07:05:21.773+0800][164.281s] GC(34)   Post Evacuate Collection Set: 0.3ms
[2022-04-07T07:05:21.773+0800][164.281s] GC(34)   Other: 0.1ms
[2022-04-07T07:05:21.773+0800][164.281s] GC(34) Eden regions: 243->0(228)
[2022-04-07T07:05:21.773+0800][164.281s] GC(34) Survivor regions: 21->26(33)
[2022-04-07T07:05:21.773+0800][164.281s] GC(34) Old regions: 129->135
[2022-04-07T07:05:21.773+0800][164.281s] GC(34) Archive regions: 2->2
[2022-04-07T07:05:21.773+0800][164.281s] GC(34) Humongous regions: 28->27
[2022-04-07T07:05:21.773+0800][164.281s] GC(34) Metaspace: 52082K(52480K)->52082K(52480K) NonClass: 46012K(46208K)->46012K(46208K) Class: 6070K(6272K)->6070K(6272K)
[2022-04-07T07:05:21.773+0800][164.281s] GC(34) Pause Young (Normal) (G1 Evacuation Pause) 421M->188M(512M) 4.588ms
[2022-04-07T07:05:21.773+0800][164.281s] GC(34) User=0.04s Sys=0.01s Real=0.01s
[2022-04-07T07:05:22.335+0800][164.843s] GC(35) Pause Young (Normal) (G1 Evacuation Pause)
[2022-04-07T07:05:22.335+0800][164.843s] GC(35) Using 10 workers of 10 for evacuation
[2022-04-07T07:05:22.340+0800][164.848s] GC(35)   Pre Evacuate Collection Set: 0.1ms
[2022-04-07T07:05:22.340+0800][164.848s] GC(35)   Merge Heap Roots: 0.1ms
[2022-04-07T07:05:22.340+0800][164.848s] GC(35)   Evacuate Collection Set: 4.6ms
[2022-04-07T07:05:22.340+0800][164.848s] GC(35)   Post Evacuate Collection Set: 0.3ms
[2022-04-07T07:05:22.340+0800][164.848s] GC(35)   Other: 0.1ms
[2022-04-07T07:05:22.340+0800][164.848s] GC(35) Eden regions: 228->0(212)
[2022-04-07T07:05:22.340+0800][164.848s] GC(35) Survivor regions: 26->29(32)
[2022-04-07T07:05:22.340+0800][164.848s] GC(35) Old regions: 135->144
[2022-04-07T07:05:22.340+0800][164.848s] GC(35) Archive regions: 2->2
[2022-04-07T07:05:22.340+0800][164.848s] GC(35) Humongous regions: 28->28
[2022-04-07T07:05:22.340+0800][164.848s] GC(35) Metaspace: 52082K(52480K)->52082K(52480K) NonClass: 46012K(46208K)->46012K(46208K) Class: 6070K(6272K)->6070K(6272K)
[2022-04-07T07:05:22.340+0800][164.848s] GC(35) Pause Young (Normal) (G1 Evacuation Pause) 417M->200M(512M) 5.336ms
[2022-04-07T07:05:22.341+0800][164.848s] GC(35) User=0.05s Sys=0.00s Real=0.01s
[2022-04-07T07:05:22.857+0800][165.365s] GC(36) Pause Young (Normal) (G1 Evacuation Pause)
[2022-04-07T07:05:22.858+0800][165.365s] GC(36) Using 10 workers of 10 for evacuation
[2022-04-07T07:05:22.863+0800][165.371s] GC(36)   Pre Evacuate Collection Set: 0.1ms
[2022-04-07T07:05:22.863+0800][165.371s] GC(36)   Merge Heap Roots: 0.1ms
[2022-04-07T07:05:22.863+0800][165.371s] GC(36)   Evacuate Collection Set: 4.5ms
[2022-04-07T07:05:22.863+0800][165.371s] GC(36)   Post Evacuate Collection Set: 0.4ms
[2022-04-07T07:05:22.863+0800][165.371s] GC(36)   Other: 0.1ms
[2022-04-07T07:05:22.863+0800][165.371s] GC(36) Eden regions: 212->0(202)
[2022-04-07T07:05:22.863+0800][165.371s] GC(36) Survivor regions: 29->18(31)
[2022-04-07T07:05:22.863+0800][165.371s] GC(36) Old regions: 144->162
[2022-04-07T07:05:22.863+0800][165.371s] GC(36) Archive regions: 2->2
[2022-04-07T07:05:22.863+0800][165.371s] GC(36) Humongous regions: 28->28
[2022-04-07T07:05:22.863+0800][165.371s] GC(36) Metaspace: 52082K(52480K)->52082K(52480K) NonClass: 46012K(46208K)->46012K(46208K) Class: 6070K(6272K)->6070K(6272K)
[2022-04-07T07:05:22.863+0800][165.371s] GC(36) Pause Young (Normal) (G1 Evacuation Pause) 412M->208M(512M) 5.301ms
[2022-04-07T07:05:22.863+0800][165.371s] GC(36) User=0.05s Sys=0.00s Real=0.01s
[2022-04-07T07:05:23.404+0800][165.912s] GC(37) Pause Young (Normal) (G1 Evacuation Pause)
[2022-04-07T07:05:23.404+0800][165.912s] GC(37) Using 10 workers of 10 for evacuation
[2022-04-07T07:05:23.408+0800][165.916s] GC(37)   Pre Evacuate Collection Set: 0.1ms
[2022-04-07T07:05:23.408+0800][165.916s] GC(37)   Merge Heap Roots: 0.2ms
[2022-04-07T07:05:23.408+0800][165.916s] GC(37)   Evacuate Collection Set: 3.4ms
[2022-04-07T07:05:23.408+0800][165.916s] GC(37)   Post Evacuate Collection Set: 0.6ms
[2022-04-07T07:05:23.408+0800][165.916s] GC(37)   Other: 0.2ms
[2022-04-07T07:05:23.408+0800][165.916s] GC(37) Eden regions: 202->0(185)
[2022-04-07T07:05:23.408+0800][165.916s] GC(37) Survivor regions: 18->16(28)
[2022-04-07T07:05:23.408+0800][165.916s] GC(37) Old regions: 162->170
[2022-04-07T07:05:23.408+0800][165.916s] GC(37) Archive regions: 2->2
[2022-04-07T07:05:23.408+0800][165.916s] GC(37) Humongous regions: 40->40
[2022-04-07T07:05:23.408+0800][165.916s] GC(37) Metaspace: 52083K(52480K)->52083K(52480K) NonClass: 46013K(46208K)->46013K(46208K) Class: 6070K(6272K)->6070K(6272K)
[2022-04-07T07:05:23.408+0800][165.916s] GC(37) Pause Young (Normal) (G1 Evacuation Pause) 422M->225M(512M) 4.551ms
[2022-04-07T07:05:23.408+0800][165.916s] GC(37) User=0.04s Sys=0.00s Real=0.00s
[2022-04-07T07:05:24.050+0800][166.558s] GC(38) Pause Young (Normal) (G1 Evacuation Pause)
[2022-04-07T07:05:24.050+0800][166.558s] GC(38) Using 10 workers of 10 for evacuation
[2022-04-07T07:05:24.053+0800][166.561s] GC(38)   Pre Evacuate Collection Set: 0.1ms
[2022-04-07T07:05:24.053+0800][166.561s] GC(38)   Merge Heap Roots: 0.1ms
[2022-04-07T07:05:24.053+0800][166.561s] GC(38)   Evacuate Collection Set: 2.2ms
[2022-04-07T07:05:24.053+0800][166.561s] GC(38)   Post Evacuate Collection Set: 0.3ms
[2022-04-07T07:05:24.053+0800][166.561s] GC(38)   Other: 0.1ms
[2022-04-07T07:05:24.053+0800][166.561s] GC(38) Eden regions: 185->0(192)
[2022-04-07T07:05:24.053+0800][166.561s] GC(38) Survivor regions: 16->2(26)
[2022-04-07T07:05:24.053+0800][166.561s] GC(38) Old regions: 170->185
[2022-04-07T07:05:24.053+0800][166.561s] GC(38) Archive regions: 2->2
[2022-04-07T07:05:24.053+0800][166.561s] GC(38) Humongous regions: 40->40
[2022-04-07T07:05:24.053+0800][166.561s] GC(38) Metaspace: 52091K(52480K)->52091K(52480K) NonClass: 46021K(46208K)->46021K(46208K) Class: 6070K(6272K)->6070K(6272K)
[2022-04-07T07:05:24.053+0800][166.561s] GC(38) Pause Young (Normal) (G1 Evacuation Pause) 410M->227M(512M) 2.902ms
[2022-04-07T07:05:24.053+0800][166.561s] GC(38) User=0.02s Sys=0.00s Real=0.00s
[2022-04-07T07:05:26.061+0800][168.569s] GC(39) Pause Young (Normal) (G1 Evacuation Pause)
[2022-04-07T07:05:26.061+0800][168.569s] GC(39) Using 10 workers of 10 for evacuation
[2022-04-07T07:05:26.063+0800][168.571s] GC(39)   Pre Evacuate Collection Set: 0.1ms
[2022-04-07T07:05:26.063+0800][168.571s] GC(39)   Merge Heap Roots: 0.1ms
[2022-04-07T07:05:26.063+0800][168.571s] GC(39)   Evacuate Collection Set: 1.3ms
[2022-04-07T07:05:26.063+0800][168.571s] GC(39)   Post Evacuate Collection Set: 0.6ms
[2022-04-07T07:05:26.063+0800][168.571s] GC(39)   Other: 0.2ms
[2022-04-07T07:05:26.063+0800][168.571s] GC(39) Eden regions: 192->0(196)
[2022-04-07T07:05:26.063+0800][168.571s] GC(39) Survivor regions: 2->4(25)
[2022-04-07T07:05:26.063+0800][168.571s] GC(39) Old regions: 185->185
[2022-04-07T07:05:26.063+0800][168.571s] GC(39) Archive regions: 2->2
[2022-04-07T07:05:26.063+0800][168.571s] GC(39) Humongous regions: 40->40
[2022-04-07T07:05:26.063+0800][168.571s] GC(39) Metaspace: 52205K(52608K)->52205K(52608K) NonClass: 46134K(46336K)->46134K(46336K) Class: 6071K(6272K)->6071K(6272K)
[2022-04-07T07:05:26.063+0800][168.571s] GC(39) Pause Young (Normal) (G1 Evacuation Pause) 419M->228M(512M) 2.472ms
[2022-04-07T07:05:26.063+0800][168.571s] GC(39) User=0.02s Sys=0.00s Real=0.00s
[2022-04-07T07:05:31.450+0800][173.958s] GC(40) Pause Young (Normal) (G1 Evacuation Pause)
[2022-04-07T07:05:31.469+0800][173.977s] GC(40) Using 10 workers of 10 for evacuation
[2022-04-07T07:05:31.472+0800][173.980s] GC(40)   Pre Evacuate Collection Set: 0.2ms
[2022-04-07T07:05:31.472+0800][173.980s] GC(40)   Merge Heap Roots: 0.2ms
[2022-04-07T07:05:31.472+0800][173.980s] GC(40)   Evacuate Collection Set: 1.6ms
[2022-04-07T07:05:31.472+0800][173.980s] GC(40)   Post Evacuate Collection Set: 0.7ms
[2022-04-07T07:05:31.472+0800][173.980s] GC(40)   Other: 18.9ms
[2022-04-07T07:05:31.472+0800][173.980s] GC(40) Eden regions: 196->0(202)
[2022-04-07T07:05:31.472+0800][173.980s] GC(40) Survivor regions: 4->3(25)
[2022-04-07T07:05:31.472+0800][173.980s] GC(40) Old regions: 185->185
[2022-04-07T07:05:31.472+0800][173.980s] GC(40) Archive regions: 2->2
[2022-04-07T07:05:31.472+0800][173.980s] GC(40) Humongous regions: 40->40
[2022-04-07T07:05:31.472+0800][173.980s] GC(40) Metaspace: 52642K(52992K)->52642K(52992K) NonClass: 46528K(46720K)->46528K(46720K) Class: 6114K(6272K)->6114K(6272K)
[2022-04-07T07:05:31.472+0800][173.980s] GC(40) Pause Young (Normal) (G1 Evacuation Pause) 424M->228M(512M) 21.622ms
[2022-04-07T07:05:31.472+0800][173.980s] GC(40) User=0.02s Sys=0.00s Real=0.02s
[2022-04-07T07:05:34.377+0800][176.885s] GC(41) Pause Young (Normal) (G1 Evacuation Pause)
[2022-04-07T07:05:34.377+0800][176.885s] GC(41) Using 10 workers of 10 for evacuation
[2022-04-07T07:05:34.379+0800][176.887s] GC(41)   Pre Evacuate Collection Set: 0.1ms
[2022-04-07T07:05:34.379+0800][176.887s] GC(41)   Merge Heap Roots: 0.1ms
[2022-04-07T07:05:34.379+0800][176.887s] GC(41)   Evacuate Collection Set: 1.4ms
[2022-04-07T07:05:34.379+0800][176.887s] GC(41)   Post Evacuate Collection Set: 0.5ms
[2022-04-07T07:05:34.379+0800][176.887s] GC(41)   Other: 0.1ms
[2022-04-07T07:05:34.379+0800][176.887s] GC(41) Eden regions: 202->0(203)
[2022-04-07T07:05:34.379+0800][176.887s] GC(41) Survivor regions: 3->6(26)
[2022-04-07T07:05:34.379+0800][176.887s] GC(41) Old regions: 185->185
[2022-04-07T07:05:34.379+0800][176.887s] GC(41) Archive regions: 2->2
[2022-04-07T07:05:34.379+0800][176.887s] GC(41) Humongous regions: 40->40
[2022-04-07T07:05:34.379+0800][176.887s] GC(41) Metaspace: 52869K(53312K)->52869K(53312K) NonClass: 46736K(46976K)->46736K(46976K) Class: 6133K(6336K)->6133K(6336K)
[2022-04-07T07:05:34.379+0800][176.887s] GC(41) Pause Young (Normal) (G1 Evacuation Pause) 430M->230M(512M) 2.455ms
[2022-04-07T07:05:34.379+0800][176.887s] GC(41) User=0.02s Sys=0.01s Real=0.00s
[2022-04-07T07:05:36.422+0800][178.930s] GC(42) Pause Young (Normal) (G1 Evacuation Pause)
[2022-04-07T07:05:36.422+0800][178.930s] GC(42) Using 10 workers of 10 for evacuation
[2022-04-07T07:05:36.424+0800][178.932s] GC(42)   Pre Evacuate Collection Set: 0.1ms
[2022-04-07T07:05:36.424+0800][178.932s] GC(42)   Merge Heap Roots: 0.1ms
[2022-04-07T07:05:36.424+0800][178.932s] GC(42)   Evacuate Collection Set: 1.5ms
[2022-04-07T07:05:36.424+0800][178.932s] GC(42)   Post Evacuate Collection Set: 0.5ms
[2022-04-07T07:05:36.424+0800][178.932s] GC(42)   Other: 0.1ms
[2022-04-07T07:05:36.424+0800][178.932s] GC(42) Eden regions: 203->0(204)
[2022-04-07T07:05:36.424+0800][178.932s] GC(42) Survivor regions: 6->6(27)
[2022-04-07T07:05:36.424+0800][178.932s] GC(42) Old regions: 185->185
[2022-04-07T07:05:36.424+0800][178.932s] GC(42) Archive regions: 2->2
[2022-04-07T07:05:36.424+0800][178.932s] GC(42) Humongous regions: 40->40
[2022-04-07T07:05:36.424+0800][178.932s] GC(42) Metaspace: 53031K(53376K)->53031K(53376K) NonClass: 46893K(47040K)->46893K(47040K) Class: 6138K(6336K)->6138K(6336K)
[2022-04-07T07:05:36.424+0800][178.932s] GC(42) Pause Young (Normal) (G1 Evacuation Pause) 433M->231M(512M) 2.382ms
[2022-04-07T07:05:36.424+0800][178.932s] GC(42) User=0.01s Sys=0.00s Real=0.00s
[2022-04-07T07:05:36.980+0800][179.488s] GC(43) Pause Young (Normal) (G1 Evacuation Pause)
[2022-04-07T07:05:36.980+0800][179.488s] GC(43) Using 10 workers of 10 for evacuation
[2022-04-07T07:05:36.983+0800][179.491s] GC(43)   Pre Evacuate Collection Set: 0.1ms
[2022-04-07T07:05:36.983+0800][179.491s] GC(43)   Merge Heap Roots: 0.1ms
[2022-04-07T07:05:36.983+0800][179.491s] GC(43)   Evacuate Collection Set: 2.3ms
[2022-04-07T07:05:36.983+0800][179.491s] GC(43)   Post Evacuate Collection Set: 0.4ms
[2022-04-07T07:05:36.983+0800][179.491s] GC(43)   Other: 0.1ms
[2022-04-07T07:05:36.983+0800][179.491s] GC(43) Eden regions: 204->0(193)
[2022-04-07T07:05:36.983+0800][179.491s] GC(43) Survivor regions: 6->15(27)
[2022-04-07T07:05:36.983+0800][179.491s] GC(43) Old regions: 185->185
[2022-04-07T07:05:36.983+0800][179.491s] GC(43) Archive regions: 2->2
[2022-04-07T07:05:36.983+0800][179.491s] GC(43) Humongous regions: 40->40
[2022-04-07T07:05:36.983+0800][179.491s] GC(43) Metaspace: 53031K(53376K)->53031K(53376K) NonClass: 46893K(47040K)->46893K(47040K) Class: 6138K(6336K)->6138K(6336K)
[2022-04-07T07:05:36.983+0800][179.491s] GC(43) Pause Young (Normal) (G1 Evacuation Pause) 435M->240M(512M) 3.167ms
[2022-04-07T07:05:36.983+0800][179.491s] GC(43) User=0.02s Sys=0.00s Real=0.00s
[2022-04-07T07:05:37.518+0800][180.026s] GC(44) Pause Young (Normal) (G1 Evacuation Pause)
[2022-04-07T07:05:37.518+0800][180.026s] GC(44) Using 10 workers of 10 for evacuation
[2022-04-07T07:05:37.521+0800][180.029s] GC(44)   Pre Evacuate Collection Set: 0.1ms
[2022-04-07T07:05:37.521+0800][180.029s] GC(44)   Merge Heap Roots: 0.1ms
[2022-04-07T07:05:37.521+0800][180.029s] GC(44)   Evacuate Collection Set: 3.0ms
[2022-04-07T07:05:37.521+0800][180.029s] GC(44)   Post Evacuate Collection Set: 0.3ms
[2022-04-07T07:05:37.521+0800][180.029s] GC(44)   Other: 0.1ms
[2022-04-07T07:05:37.521+0800][180.029s] GC(44) Eden regions: 193->0(187)
[2022-04-07T07:05:37.521+0800][180.029s] GC(44) Survivor regions: 15->16(26)
[2022-04-07T07:05:37.521+0800][180.029s] GC(44) Old regions: 185->190
[2022-04-07T07:05:37.521+0800][180.029s] GC(44) Archive regions: 2->2
[2022-04-07T07:05:37.521+0800][180.029s] GC(44) Humongous regions: 40->40
[2022-04-07T07:05:37.521+0800][180.029s] GC(44) Metaspace: 53032K(53376K)->53032K(53376K) NonClass: 46894K(47040K)->46894K(47040K) Class: 6138K(6336K)->6138K(6336K)
[2022-04-07T07:05:37.521+0800][180.029s] GC(44) Pause Young (Normal) (G1 Evacuation Pause) 433M->245M(512M) 3.730ms
[2022-04-07T07:05:37.521+0800][180.030s] GC(44) User=0.03s Sys=0.00s Real=0.01s
[2022-04-07T07:05:37.654+0800][180.162s] GC(45) Pause Young (Concurrent Start) (G1 Humongous Allocation)
[2022-04-07T07:05:37.654+0800][180.162s] GC(45) Using 10 workers of 10 for evacuation
[2022-04-07T07:05:37.657+0800][180.165s] GC(45)   Pre Evacuate Collection Set: 0.1ms
[2022-04-07T07:05:37.657+0800][180.165s] GC(45)   Merge Heap Roots: 0.1ms
[2022-04-07T07:05:37.657+0800][180.165s] GC(45)   Evacuate Collection Set: 2.3ms
[2022-04-07T07:05:37.657+0800][180.165s] GC(45)   Post Evacuate Collection Set: 0.4ms
[2022-04-07T07:05:37.657+0800][180.165s] GC(45)   Other: 0.2ms
[2022-04-07T07:05:37.657+0800][180.165s] GC(45) Eden regions: 53->0(189)
[2022-04-07T07:05:37.657+0800][180.165s] GC(45) Survivor regions: 16->9(26)
[2022-04-07T07:05:37.657+0800][180.165s] GC(45) Old regions: 190->197
[2022-04-07T07:05:37.657+0800][180.165s] GC(45) Archive regions: 2->2
[2022-04-07T07:05:37.657+0800][180.165s] GC(45) Humongous regions: 40->40
[2022-04-07T07:05:37.657+0800][180.165s] GC(45) Metaspace: 53032K(53376K)->53032K(53376K) NonClass: 46894K(47040K)->46894K(47040K) Class: 6138K(6336K)->6138K(6336K)
[2022-04-07T07:05:37.657+0800][180.165s] GC(45) Pause Young (Concurrent Start) (G1 Humongous Allocation) 298M->246M(512M) 3.085ms
[2022-04-07T07:05:37.657+0800][180.165s] GC(45) User=0.02s Sys=0.01s Real=0.00s
[2022-04-07T07:05:37.657+0800][180.165s] GC(46) Concurrent Mark Cycle
[2022-04-07T07:05:37.657+0800][180.165s] GC(46) Concurrent Clear Claimed Marks
[2022-04-07T07:05:37.657+0800][180.165s] GC(46) Concurrent Clear Claimed Marks 0.028ms
[2022-04-07T07:05:37.657+0800][180.165s] GC(46) Concurrent Scan Root Regions
[2022-04-07T07:05:37.658+0800][180.166s] GC(46) Concurrent Scan Root Regions 1.077ms
[2022-04-07T07:05:37.658+0800][180.166s] GC(46) Concurrent Mark
[2022-04-07T07:05:37.658+0800][180.166s] GC(46) Concurrent Mark From Roots
[2022-04-07T07:05:37.658+0800][180.166s] GC(46) Using 3 workers of 3 for marking
[2022-04-07T07:05:37.675+0800][180.183s] GC(46) Concurrent Mark From Roots 16.982ms
[2022-04-07T07:05:37.675+0800][180.183s] GC(46) Concurrent Preclean
[2022-04-07T07:05:37.675+0800][180.184s] GC(46) Concurrent Preclean 0.092ms
[2022-04-07T07:05:37.676+0800][180.184s] GC(46) Pause Remark
[2022-04-07T07:05:37.678+0800][180.186s] GC(46) Pause Remark 252M->96M(512M) 2.162ms
[2022-04-07T07:05:37.678+0800][180.186s] GC(46) User=0.01s Sys=0.00s Real=0.00s
[2022-04-07T07:05:37.678+0800][180.186s] GC(46) Concurrent Mark 19.551ms
[2022-04-07T07:05:37.678+0800][180.186s] GC(46) Concurrent Rebuild Remembered Sets
[2022-04-07T07:05:37.689+0800][180.197s] GC(46) Concurrent Rebuild Remembered Sets 11.257ms
[2022-04-07T07:05:37.689+0800][180.197s] GC(46) Pause Cleanup
[2022-04-07T07:05:37.689+0800][180.198s] GC(46) Pause Cleanup 100M->100M(512M) 0.135ms
[2022-04-07T07:05:37.689+0800][180.198s] GC(46) User=0.00s Sys=0.00s Real=0.00s
[2022-04-07T07:05:37.690+0800][180.198s] GC(46) Concurrent Cleanup for Next Mark
[2022-04-07T07:05:37.690+0800][180.198s] GC(46) Concurrent Cleanup for Next Mark 0.573ms
[2022-04-07T07:05:37.690+0800][180.198s] GC(46) Concurrent Mark Cycle 32.938ms
[2022-04-07T07:05:38.138+0800][180.646s] GC(47) Pause Young (Prepare Mixed) (G1 Evacuation Pause)
[2022-04-07T07:05:38.138+0800][180.646s] GC(47) Using 10 workers of 10 for evacuation
[2022-04-07T07:05:38.141+0800][180.649s] GC(47)   Pre Evacuate Collection Set: 0.1ms
[2022-04-07T07:05:38.141+0800][180.649s] GC(47)   Merge Heap Roots: 0.1ms
[2022-04-07T07:05:38.141+0800][180.649s] GC(47)   Evacuate Collection Set: 2.3ms
[2022-04-07T07:05:38.141+0800][180.649s] GC(47)   Post Evacuate Collection Set: 0.6ms
[2022-04-07T07:05:38.141+0800][180.649s] GC(47)   Other: 0.1ms
[2022-04-07T07:05:38.141+0800][180.649s] GC(47) Eden regions: 189->0(9)
[2022-04-07T07:05:38.141+0800][180.649s] GC(47) Survivor regions: 9->16(25)
[2022-04-07T07:05:38.141+0800][180.649s] GC(47) Old regions: 74->74
[2022-04-07T07:05:38.141+0800][180.649s] GC(47) Archive regions: 2->2
[2022-04-07T07:05:38.141+0800][180.649s] GC(47) Humongous regions: 8->8
[2022-04-07T07:05:38.141+0800][180.650s] GC(47) Metaspace: 53032K(53376K)->53032K(53376K) NonClass: 46894K(47040K)->46894K(47040K) Class: 6138K(6336K)->6138K(6336K)
[2022-04-07T07:05:38.141+0800][180.650s] GC(47) Pause Young (Prepare Mixed) (G1 Evacuation Pause) 280M->98M(512M) 3.270ms
[2022-04-07T07:05:38.141+0800][180.650s] GC(47) User=0.02s Sys=0.00s Real=0.01s
[2022-04-07T07:05:38.162+0800][180.670s] GC(48) Pause Young (Mixed) (G1 Evacuation Pause)
[2022-04-07T07:05:38.162+0800][180.670s] GC(48) Using 10 workers of 10 for evacuation
[2022-04-07T07:05:38.168+0800][180.676s] GC(48)   Pre Evacuate Collection Set: 0.1ms
[2022-04-07T07:05:38.168+0800][180.676s] GC(48)   Merge Heap Roots: 0.2ms
[2022-04-07T07:05:38.168+0800][180.676s] GC(48)   Evacuate Collection Set: 4.4ms
[2022-04-07T07:05:38.168+0800][180.676s] GC(48)   Post Evacuate Collection Set: 0.8ms
[2022-04-07T07:05:38.168+0800][180.676s] GC(48)   Other: 0.1ms
[2022-04-07T07:05:38.168+0800][180.676s] GC(48) Eden regions: 9->0(306)
[2022-04-07T07:05:38.168+0800][180.676s] GC(48) Survivor regions: 16->1(4)
[2022-04-07T07:05:38.168+0800][180.676s] GC(48) Old regions: 74->60
[2022-04-07T07:05:38.168+0800][180.676s] GC(48) Archive regions: 2->2
[2022-04-07T07:05:38.168+0800][180.676s] GC(48) Humongous regions: 8->8
[2022-04-07T07:05:38.168+0800][180.676s] GC(48) Metaspace: 53032K(53376K)->53032K(53376K) NonClass: 46894K(47040K)->46894K(47040K) Class: 6138K(6336K)->6138K(6336K)
[2022-04-07T07:05:38.168+0800][180.676s] GC(48) Pause Young (Mixed) (G1 Evacuation Pause) 107M->69M(512M) 5.697ms
[2022-04-07T07:05:38.168+0800][180.676s] GC(48) User=0.05s Sys=0.01s Real=0.00s
[2022-04-07T07:05:38.859+0800][181.367s] GC(49) Pause Young (Normal) (G1 Evacuation Pause)
[2022-04-07T07:05:38.859+0800][181.367s] GC(49) Using 10 workers of 10 for evacuation
[2022-04-07T07:05:38.862+0800][181.371s] GC(49)   Pre Evacuate Collection Set: 0.1ms
[2022-04-07T07:05:38.862+0800][181.371s] GC(49)   Merge Heap Roots: 0.1ms
[2022-04-07T07:05:38.862+0800][181.371s] GC(49)   Evacuate Collection Set: 2.5ms
[2022-04-07T07:05:38.863+0800][181.371s] GC(49)   Post Evacuate Collection Set: 0.6ms
[2022-04-07T07:05:38.863+0800][181.371s] GC(49)   Other: 0.2ms
[2022-04-07T07:05:38.863+0800][181.371s] GC(49) Eden regions: 306->0(294)
[2022-04-07T07:05:38.863+0800][181.371s] GC(49) Survivor regions: 1->13(39)
[2022-04-07T07:05:38.863+0800][181.371s] GC(49) Old regions: 60->60
[2022-04-07T07:05:38.863+0800][181.371s] GC(49) Archive regions: 2->2
[2022-04-07T07:05:38.863+0800][181.371s] GC(49) Humongous regions: 8->8
[2022-04-07T07:05:38.863+0800][181.371s] GC(49) Metaspace: 53032K(53376K)->53032K(53376K) NonClass: 46894K(47040K)->46894K(47040K) Class: 6138K(6336K)->6138K(6336K)
[2022-04-07T07:05:38.863+0800][181.371s] GC(49) Pause Young (Normal) (G1 Evacuation Pause) 375M->81M(512M) 3.524ms
[2022-04-07T07:05:38.863+0800][181.371s] GC(49) User=0.02s Sys=0.00s Real=0.01s
[2022-04-07T07:05:40.067+0800][182.576s] GC(50) Pause Young (Normal) (G1 Evacuation Pause)
[2022-04-07T07:05:40.067+0800][182.576s] GC(50) Using 10 workers of 10 for evacuation
[2022-04-07T07:05:40.071+0800][182.579s] GC(50)   Pre Evacuate Collection Set: 0.1ms
[2022-04-07T07:05:40.071+0800][182.579s] GC(50)   Merge Heap Roots: 0.1ms
[2022-04-07T07:05:40.071+0800][182.579s] GC(50)   Evacuate Collection Set: 2.6ms
[2022-04-07T07:05:40.071+0800][182.579s] GC(50)   Post Evacuate Collection Set: 0.4ms
[2022-04-07T07:05:40.071+0800][182.579s] GC(50)   Other: 0.1ms
[2022-04-07T07:05:40.071+0800][182.579s] GC(50) Eden regions: 294->0(289)
[2022-04-07T07:05:40.071+0800][182.579s] GC(50) Survivor regions: 13->18(39)
[2022-04-07T07:05:40.071+0800][182.579s] GC(50) Old regions: 60->60
[2022-04-07T07:05:40.071+0800][182.579s] GC(50) Archive regions: 2->2
[2022-04-07T07:05:40.071+0800][182.579s] GC(50) Humongous regions: 8->8
[2022-04-07T07:05:40.071+0800][182.579s] GC(50) Metaspace: 53045K(53440K)->53045K(53440K) NonClass: 46907K(47104K)->46907K(47104K) Class: 6138K(6336K)->6138K(6336K)
[2022-04-07T07:05:40.071+0800][182.579s] GC(50) Pause Young (Normal) (G1 Evacuation Pause) 375M->86M(512M) 3.298ms
[2022-04-07T07:05:40.071+0800][182.579s] GC(50) User=0.03s Sys=0.00s Real=0.01s
[2022-04-07T07:05:41.221+0800][183.729s] GC(51) Pause Young (Normal) (G1 Evacuation Pause)
[2022-04-07T07:05:41.221+0800][183.729s] GC(51) Using 10 workers of 10 for evacuation
[2022-04-07T07:05:41.225+0800][183.733s] GC(51)   Pre Evacuate Collection Set: 0.1ms
[2022-04-07T07:05:41.225+0800][183.733s] GC(51)   Merge Heap Roots: 0.1ms
[2022-04-07T07:05:41.225+0800][183.733s] GC(51)   Evacuate Collection Set: 3.4ms
[2022-04-07T07:05:41.225+0800][183.733s] GC(51)   Post Evacuate Collection Set: 0.5ms
[2022-04-07T07:05:41.225+0800][183.733s] GC(51)   Other: 0.1ms
[2022-04-07T07:05:41.225+0800][183.733s] GC(51) Eden regions: 289->0(281)
[2022-04-07T07:05:41.225+0800][183.733s] GC(51) Survivor regions: 18->26(39)
[2022-04-07T07:05:41.225+0800][183.733s] GC(51) Old regions: 60->60
[2022-04-07T07:05:41.225+0800][183.733s] GC(51) Archive regions: 2->2
[2022-04-07T07:05:41.225+0800][183.733s] GC(51) Humongous regions: 8->8
[2022-04-07T07:05:41.225+0800][183.733s] GC(51) Metaspace: 53065K(53504K)->53065K(53504K) NonClass: 46927K(47168K)->46927K(47168K) Class: 6138K(6336K)->6138K(6336K)
[2022-04-07T07:05:41.225+0800][183.733s] GC(51) Pause Young (Normal) (G1 Evacuation Pause) 375M->94M(512M) 4.284ms
[2022-04-07T07:05:41.225+0800][183.733s] GC(51) User=0.03s Sys=0.00s Real=0.00s
[2022-04-07T07:05:42.299+0800][184.807s] GC(52) Pause Young (Normal) (G1 Evacuation Pause)
[2022-04-07T07:05:42.299+0800][184.807s] GC(52) Using 10 workers of 10 for evacuation
[2022-04-07T07:05:42.303+0800][184.811s] GC(52)   Pre Evacuate Collection Set: 0.1ms
[2022-04-07T07:05:42.303+0800][184.811s] GC(52)   Merge Heap Roots: 0.1ms
[2022-04-07T07:05:42.303+0800][184.811s] GC(52)   Evacuate Collection Set: 3.4ms
[2022-04-07T07:05:42.303+0800][184.811s] GC(52)   Post Evacuate Collection Set: 0.5ms
[2022-04-07T07:05:42.303+0800][184.811s] GC(52)   Other: 0.2ms
[2022-04-07T07:05:42.303+0800][184.811s] GC(52) Eden regions: 281->0(285)
[2022-04-07T07:05:42.303+0800][184.811s] GC(52) Survivor regions: 26->22(39)
[2022-04-07T07:05:42.303+0800][184.811s] GC(52) Old regions: 60->66
[2022-04-07T07:05:42.303+0800][184.811s] GC(52) Archive regions: 2->2
[2022-04-07T07:05:42.303+0800][184.811s] GC(52) Humongous regions: 8->8
[2022-04-07T07:05:42.303+0800][184.811s] GC(52) Metaspace: 53078K(53504K)->53078K(53504K) NonClass: 46940K(47168K)->46940K(47168K) Class: 6138K(6336K)->6138K(6336K)
[2022-04-07T07:05:42.303+0800][184.811s] GC(52) Pause Young (Normal) (G1 Evacuation Pause) 375M->96M(512M) 4.458ms
[2022-04-07T07:05:42.303+0800][184.811s] GC(52) User=0.03s Sys=0.00s Real=0.01s
[2022-04-07T07:05:43.724+0800][186.233s] GC(53) Pause Young (Normal) (G1 Evacuation Pause)
[2022-04-07T07:05:43.725+0800][186.233s] GC(53) Using 10 workers of 10 for evacuation
[2022-04-07T07:05:43.727+0800][186.235s] GC(53)   Pre Evacuate Collection Set: 0.1ms
[2022-04-07T07:05:43.727+0800][186.235s] GC(53)   Merge Heap Roots: 0.1ms
[2022-04-07T07:05:43.727+0800][186.235s] GC(53)   Evacuate Collection Set: 1.8ms
[2022-04-07T07:05:43.727+0800][186.235s] GC(53)   Post Evacuate Collection Set: 0.5ms
[2022-04-07T07:05:43.727+0800][186.235s] GC(53)   Other: 0.2ms
[2022-04-07T07:05:43.727+0800][186.235s] GC(53) Eden regions: 285->0(305)
[2022-04-07T07:05:43.727+0800][186.235s] GC(53) Survivor regions: 22->2(39)
[2022-04-07T07:05:43.727+0800][186.235s] GC(53) Old regions: 66->76
[2022-04-07T07:05:43.727+0800][186.235s] GC(53) Archive regions: 2->2
[2022-04-07T07:05:43.727+0800][186.235s] GC(53) Humongous regions: 8->8
[2022-04-07T07:05:43.727+0800][186.235s] GC(53) Metaspace: 53113K(53504K)->53113K(53504K) NonClass: 46974K(47168K)->46974K(47168K) Class: 6138K(6336K)->6138K(6336K)
[2022-04-07T07:05:43.727+0800][186.235s] GC(53) Pause Young (Normal) (G1 Evacuation Pause) 381M->86M(512M) 2.750ms
[2022-04-07T07:05:43.727+0800][186.235s] GC(53) User=0.01s Sys=0.00s Real=0.00s
[2022-04-07T07:05:45.198+0800][187.706s] GC(54) Pause Young (Normal) (G1 Evacuation Pause)
[2022-04-07T07:05:45.198+0800][187.706s] GC(54) Using 10 workers of 10 for evacuation
[2022-04-07T07:05:45.199+0800][187.707s] GC(54)   Pre Evacuate Collection Set: 0.1ms
[2022-04-07T07:05:45.199+0800][187.707s] GC(54)   Merge Heap Roots: 0.1ms
[2022-04-07T07:05:45.199+0800][187.707s] GC(54)   Evacuate Collection Set: 0.5ms
[2022-04-07T07:05:45.199+0800][187.707s] GC(54)   Post Evacuate Collection Set: 0.4ms
[2022-04-07T07:05:45.199+0800][187.707s] GC(54)   Other: 0.1ms
[2022-04-07T07:05:45.199+0800][187.707s] GC(54) Eden regions: 305->0(305)
[2022-04-07T07:05:45.199+0800][187.707s] GC(54) Survivor regions: 2->2(39)
[2022-04-07T07:05:45.199+0800][187.707s] GC(54) Old regions: 76->76
[2022-04-07T07:05:45.199+0800][187.707s] GC(54) Archive regions: 2->2
[2022-04-07T07:05:45.199+0800][187.707s] GC(54) Humongous regions: 8->8
[2022-04-07T07:05:45.199+0800][187.707s] GC(54) Metaspace: 53137K(53504K)->53137K(53504K) NonClass: 46996K(47168K)->46996K(47168K) Class: 6140K(6336K)->6140K(6336K)
[2022-04-07T07:05:45.199+0800][187.707s] GC(54) Pause Young (Normal) (G1 Evacuation Pause) 391M->86M(512M) 1.468ms
[2022-04-07T07:05:45.199+0800][187.707s] GC(54) User=0.00s Sys=0.00s Real=0.00s
[2022-04-07T16:06:15.589+0800][5705.380s] GC(55) Pause Young (Normal) (G1 Evacuation Pause)
[2022-04-07T16:06:15.590+0800][5705.382s] GC(55) Using 10 workers of 10 for evacuation
[2022-04-07T16:06:15.598+0800][5705.390s] GC(55)   Pre Evacuate Collection Set: 0.6ms
[2022-04-07T16:06:15.598+0800][5705.390s] GC(55)   Merge Heap Roots: 0.2ms
[2022-04-07T16:06:15.598+0800][5705.390s] GC(55)   Evacuate Collection Set: 6.0ms
[2022-04-07T16:06:15.598+0800][5705.390s] GC(55)   Post Evacuate Collection Set: 1.2ms
[2022-04-07T16:06:15.598+0800][5705.390s] GC(55)   Other: 2.0ms
[2022-04-07T16:06:15.599+0800][5705.390s] GC(55) Eden regions: 305->0(306)
[2022-04-07T16:06:15.599+0800][5705.390s] GC(55) Survivor regions: 2->1(39)
[2022-04-07T16:06:15.599+0800][5705.390s] GC(55) Old regions: 76->76
[2022-04-07T16:06:15.599+0800][5705.390s] GC(55) Archive regions: 2->2
[2022-04-07T16:06:15.599+0800][5705.390s] GC(55) Humongous regions: 8->8
[2022-04-07T16:06:15.599+0800][5705.390s] GC(55) Metaspace: 53274K(53696K)->53274K(53696K) NonClass: 47132K(47360K)->47132K(47360K) Class: 6141K(6336K)->6141K(6336K)
[2022-04-07T16:06:15.599+0800][5705.390s] GC(55) Pause Young (Normal) (G1 Evacuation Pause) 391M->85M(512M) 10.083ms
[2022-04-07T16:06:15.599+0800][5705.390s] GC(55) User=0.00s Sys=0.04s Real=0.01s
[2022-04-08T16:37:31.433+0800][33010.804s] GC(56) Pause Young (Normal) (G1 Evacuation Pause)
[2022-04-08T16:37:31.436+0800][33010.806s] GC(56) Using 10 workers of 10 for evacuation
[2022-04-08T16:37:31.538+0800][33010.908s] GC(56)   Pre Evacuate Collection Set: 12.1ms
[2022-04-08T16:37:31.566+0800][33010.935s] GC(56)   Merge Heap Roots: 4.9ms
[2022-04-08T16:37:31.566+0800][33010.935s] GC(56)   Evacuate Collection Set: 65.5ms
[2022-04-08T16:37:31.566+0800][33010.935s] GC(56)   Post Evacuate Collection Set: 10.5ms
[2022-04-08T16:37:31.566+0800][33010.935s] GC(56)   Other: 13.5ms
[2022-04-08T16:37:31.566+0800][33010.935s] GC(56) Eden regions: 306->0(306)
[2022-04-08T16:37:31.566+0800][33010.935s] GC(56) Survivor regions: 1->1(39)
[2022-04-08T16:37:31.567+0800][33010.936s] GC(56) Old regions: 76->76
[2022-04-08T16:37:31.567+0800][33010.936s] GC(56) Archive regions: 2->2
[2022-04-08T16:37:31.567+0800][33010.937s] GC(56) Humongous regions: 8->8
[2022-04-08T16:37:31.567+0800][33010.937s] GC(56) Metaspace: 53633K(54016K)->53633K(54016K) NonClass: 47468K(47680K)->47468K(47680K) Class: 6165K(6336K)->6165K(6336K)
[2022-04-08T16:37:31.568+0800][33010.937s] GC(56) Pause Young (Normal) (G1 Evacuation Pause) 391M->85M(512M) 135.058ms
[2022-04-08T16:37:31.568+0800][33010.937s] GC(56) User=0.04s Sys=0.12s Real=0.13s
[2022-04-09T16:54:07.597+0800][49701.201s] Heap
[2022-04-09T16:54:07.597+0800][49701.201s]  garbage-first heap   total 524288K, used 282932K [0x00000007e0000000, 0x0000000800000000)
[2022-04-09T16:54:07.597+0800][49701.201s]   region size 1024K, 192 young (196608K), 1 survivors (1024K)
[2022-04-09T16:54:07.597+0800][49701.201s]  Metaspace       used 53796K, committed 54144K, reserved 1097728K
[2022-04-09T16:54:07.597+0800][49701.201s]   class space    used 6189K, committed 6336K, reserved 1048576K
