[2022-04-10T15:58:14.157+0800][0.009s] Using G1
[2022-04-10T15:58:14.295+0800][0.147s] Version: 16.0.1+9-24 (release)
[2022-04-10T15:58:14.295+0800][0.147s] CPUs: 8 total, 8 available
[2022-04-10T15:58:14.295+0800][0.147s] Memory: 16384M
[2022-04-10T15:58:14.295+0800][0.147s] Large Page Support: Disabled
[2022-04-10T15:58:14.295+0800][0.147s] NUMA Support: Disabled
[2022-04-10T15:58:14.295+0800][0.147s] Compressed Oops: Enabled (Zero based)
[2022-04-10T15:58:14.295+0800][0.147s] Heap Region Size: 1M
[2022-04-10T15:58:14.295+0800][0.147s] Heap Min Capacity: 512M
[2022-04-10T15:58:14.295+0800][0.147s] Heap Initial Capacity: 512M
[2022-04-10T15:58:14.295+0800][0.147s] Heap Max Capacity: 512M
[2022-04-10T15:58:14.295+0800][0.147s] Pre-touch: Enabled
[2022-04-10T15:58:14.295+0800][0.147s] Parallel Workers: 8
[2022-04-10T15:58:14.295+0800][0.147s] Concurrent Workers: 2
[2022-04-10T15:58:14.295+0800][0.147s] Concurrent Refinement Workers: 8
[2022-04-10T15:58:14.295+0800][0.147s] Periodic GC: Disabled
[2022-04-10T15:58:14.296+0800][0.148s] CDS archive(s) mapped at: [0x0000000800000000-0x0000000800bbb000-0x0000000800bbb000), size 12300288, SharedBaseAddress: 0x0000000800000000, ArchiveRelocationMode: 0.
[2022-04-10T15:58:14.296+0800][0.148s] Compressed class space mapped at: 0x0000000800c00000-0x0000000840c00000, reserved size: 1073741824
[2022-04-10T15:58:14.296+0800][0.148s] Narrow klass base: 0x0000000800000000, Narrow klass shift: 3, Narrow klass range: 0x100000000
[2022-04-10T15:58:20.193+0800][6.044s] GC(0) Pause Young (Normal) (G1 Evacuation Pause)
[2022-04-10T15:58:20.193+0800][6.045s] GC(0) Using 8 workers of 8 for evacuation
[2022-04-10T15:58:20.200+0800][6.052s] GC(0)   Pre Evacuate Collection Set: 0.1ms
[2022-04-10T15:58:20.200+0800][6.052s] GC(0)   Merge Heap Roots: 0.3ms
[2022-04-10T15:58:20.200+0800][6.052s] GC(0)   Evacuate Collection Set: 6.2ms
[2022-04-10T15:58:20.200+0800][6.052s] GC(0)   Post Evacuate Collection Set: 0.2ms
[2022-04-10T15:58:20.200+0800][6.052s] GC(0)   Other: 0.7ms
[2022-04-10T15:58:20.200+0800][6.052s] GC(0) Eden regions: 29->0(83)
[2022-04-10T15:58:20.200+0800][6.052s] GC(0) Survivor regions: 0->4(4)
[2022-04-10T15:58:20.200+0800][6.052s] GC(0) Old regions: 0->0
[2022-04-10T15:58:20.200+0800][6.052s] GC(0) Archive regions: 2->2
[2022-04-10T15:58:20.200+0800][6.052s] GC(0) Humongous regions: 0->0
[2022-04-10T15:58:20.200+0800][6.052s] GC(0) Metaspace: 6875K(7040K)->6875K(7040K) NonClass: 6067K(6144K)->6067K(6144K) Class: 808K(896K)->808K(896K)
[2022-04-10T15:58:20.200+0800][6.052s] GC(0) Pause Young (Normal) (G1 Evacuation Pause) 29M->4M(512M) 7.826ms
[2022-04-10T15:58:20.200+0800][6.052s] GC(0) User=0.01s Sys=0.01s Real=0.01s
[2022-04-10T15:58:21.584+0800][7.435s] GC(1) Pause Young (Concurrent Start) (Metadata GC Threshold)
[2022-04-10T15:58:21.584+0800][7.436s] GC(1) Using 8 workers of 8 for evacuation
[2022-04-10T15:58:21.599+0800][7.450s] GC(1)   Pre Evacuate Collection Set: 0.1ms
[2022-04-10T15:58:21.599+0800][7.450s] GC(1)   Merge Heap Roots: 0.0ms
[2022-04-10T15:58:21.599+0800][7.450s] GC(1)   Evacuate Collection Set: 13.5ms
[2022-04-10T15:58:21.599+0800][7.450s] GC(1)   Post Evacuate Collection Set: 0.7ms
[2022-04-10T15:58:21.599+0800][7.450s] GC(1)   Other: 0.4ms
[2022-04-10T15:58:21.599+0800][7.450s] GC(1) Eden regions: 81->0(74)
[2022-04-10T15:58:21.599+0800][7.450s] GC(1) Survivor regions: 4->11(11)
[2022-04-10T15:58:21.599+0800][7.450s] GC(1) Old regions: 0->9
[2022-04-10T15:58:21.599+0800][7.450s] GC(1) Archive regions: 2->2
[2022-04-10T15:58:21.599+0800][7.450s] GC(1) Humongous regions: 4->4
[2022-04-10T15:58:21.599+0800][7.450s] GC(1) Metaspace: 21018K(21248K)->21018K(21248K) NonClass: 18663K(18752K)->18663K(18752K) Class: 2354K(2496K)->2354K(2496K)
[2022-04-10T15:58:21.599+0800][7.450s] GC(1) Pause Young (Concurrent Start) (Metadata GC Threshold) 88M->24M(512M) 14.827ms
[2022-04-10T15:58:21.599+0800][7.450s] GC(1) User=0.04s Sys=0.02s Real=0.01s
[2022-04-10T15:58:21.599+0800][7.450s] GC(2) Concurrent Mark Cycle
[2022-04-10T15:58:21.599+0800][7.450s] GC(2) Concurrent Clear Claimed Marks
[2022-04-10T15:58:21.599+0800][7.450s] GC(2) Concurrent Clear Claimed Marks 0.043ms
[2022-04-10T15:58:21.599+0800][7.450s] GC(2) Concurrent Scan Root Regions
[2022-04-10T15:58:21.603+0800][7.454s] GC(2) Concurrent Scan Root Regions 3.922ms
[2022-04-10T15:58:21.603+0800][7.455s] GC(2) Concurrent Mark
[2022-04-10T15:58:21.603+0800][7.455s] GC(2) Concurrent Mark From Roots
[2022-04-10T15:58:21.603+0800][7.455s] GC(2) Using 2 workers of 2 for marking
[2022-04-10T15:58:21.608+0800][7.459s] GC(2) Concurrent Mark From Roots 4.566ms
[2022-04-10T15:58:21.608+0800][7.459s] GC(2) Concurrent Preclean
[2022-04-10T15:58:21.608+0800][7.460s] GC(2) Concurrent Preclean 0.063ms
[2022-04-10T15:58:21.609+0800][7.460s] GC(2) Pause Remark
[2022-04-10T15:58:21.617+0800][7.468s] GC(2) Pause Remark 24M->24M(512M) 8.243ms
[2022-04-10T15:58:21.617+0800][7.468s] GC(2) User=0.01s Sys=0.01s Real=0.01s
[2022-04-10T15:58:21.617+0800][7.469s] GC(2) Concurrent Mark 13.896ms
[2022-04-10T15:58:21.617+0800][7.469s] GC(2) Concurrent Rebuild Remembered Sets
[2022-04-10T15:58:21.620+0800][7.472s] GC(2) Concurrent Rebuild Remembered Sets 3.000ms
[2022-04-10T15:58:21.621+0800][7.472s] GC(2) Pause Cleanup
[2022-04-10T15:58:21.621+0800][7.473s] GC(2) Pause Cleanup 24M->24M(512M) 0.066ms
[2022-04-10T15:58:21.621+0800][7.473s] GC(2) User=0.00s Sys=0.00s Real=0.00s
[2022-04-10T15:58:21.621+0800][7.473s] GC(2) Concurrent Cleanup for Next Mark
[2022-04-10T15:58:21.622+0800][7.474s] GC(2) Concurrent Cleanup for Next Mark 1.309ms
[2022-04-10T15:58:21.622+0800][7.474s] GC(2) Concurrent Mark Cycle 23.548ms
[2022-04-10T15:58:23.405+0800][9.256s] GC(3) Pause Young (Normal) (G1 Evacuation Pause)
[2022-04-10T15:58:23.405+0800][9.256s] GC(3) Using 8 workers of 8 for evacuation
[2022-04-10T15:58:23.415+0800][9.267s] GC(3)   Pre Evacuate Collection Set: 0.1ms
[2022-04-10T15:58:23.415+0800][9.267s] GC(3)   Merge Heap Roots: 0.0ms
[2022-04-10T15:58:23.415+0800][9.267s] GC(3)   Evacuate Collection Set: 9.6ms
[2022-04-10T15:58:23.415+0800][9.267s] GC(3)   Post Evacuate Collection Set: 0.7ms
[2022-04-10T15:58:23.415+0800][9.267s] GC(3)   Other: 0.1ms
[2022-04-10T15:58:23.415+0800][9.267s] GC(3) Eden regions: 72->0(251)
[2022-04-10T15:58:23.415+0800][9.267s] GC(3) Survivor regions: 11->6(11)
[2022-04-10T15:58:23.415+0800][9.267s] GC(3) Old regions: 9->20
[2022-04-10T15:58:23.415+0800][9.267s] GC(3) Archive regions: 2->2
[2022-04-10T15:58:23.415+0800][9.267s] GC(3) Humongous regions: 4->4
[2022-04-10T15:58:23.415+0800][9.267s] GC(3) Metaspace: 34605K(34880K)->34605K(34880K) NonClass: 30541K(30656K)->30541K(30656K) Class: 4063K(4224K)->4063K(4224K)
[2022-04-10T15:58:23.415+0800][9.267s] GC(3) Pause Young (Normal) (G1 Evacuation Pause) 96M->30M(512M) 10.640ms
[2022-04-10T15:58:23.415+0800][9.267s] GC(3) User=0.04s Sys=0.00s Real=0.01s
[2022-04-10T15:58:23.506+0800][9.357s] GC(4) Pause Young (Concurrent Start) (Metadata GC Threshold)
[2022-04-10T15:58:23.506+0800][9.357s] GC(4) Using 8 workers of 8 for evacuation
[2022-04-10T15:58:23.508+0800][9.360s] GC(4)   Pre Evacuate Collection Set: 0.1ms
[2022-04-10T15:58:23.508+0800][9.360s] GC(4)   Merge Heap Roots: 0.0ms
[2022-04-10T15:58:23.508+0800][9.360s] GC(4)   Evacuate Collection Set: 2.2ms
[2022-04-10T15:58:23.508+0800][9.360s] GC(4)   Post Evacuate Collection Set: 0.2ms
[2022-04-10T15:58:23.508+0800][9.360s] GC(4)   Other: 0.1ms
[2022-04-10T15:58:23.508+0800][9.360s] GC(4) Eden regions: 5->0(301)
[2022-04-10T15:58:23.508+0800][9.360s] GC(4) Survivor regions: 6->6(33)
[2022-04-10T15:58:23.508+0800][9.360s] GC(4) Old regions: 20->20
[2022-04-10T15:58:23.508+0800][9.360s] GC(4) Archive regions: 2->2
[2022-04-10T15:58:23.508+0800][9.360s] GC(4) Humongous regions: 4->4
[2022-04-10T15:58:23.508+0800][9.360s] GC(4) Metaspace: 35222K(35520K)->35222K(35520K) NonClass: 31089K(31232K)->31089K(31232K) Class: 4133K(4288K)->4133K(4288K)
[2022-04-10T15:58:23.508+0800][9.360s] GC(4) Pause Young (Concurrent Start) (Metadata GC Threshold) 34M->30M(512M) 2.700ms
[2022-04-10T15:58:23.508+0800][9.360s] GC(4) User=0.02s Sys=0.00s Real=0.00s
[2022-04-10T15:58:23.508+0800][9.360s] GC(5) Concurrent Mark Cycle
[2022-04-10T15:58:23.508+0800][9.360s] GC(5) Concurrent Clear Claimed Marks
[2022-04-10T15:58:23.508+0800][9.360s] GC(5) Concurrent Clear Claimed Marks 0.014ms
[2022-04-10T15:58:23.508+0800][9.360s] GC(5) Concurrent Scan Root Regions
[2022-04-10T15:58:23.510+0800][9.362s] GC(5) Concurrent Scan Root Regions 1.619ms
[2022-04-10T15:58:23.510+0800][9.362s] GC(5) Concurrent Mark
[2022-04-10T15:58:23.510+0800][9.362s] GC(5) Concurrent Mark From Roots
[2022-04-10T15:58:23.510+0800][9.362s] GC(5) Using 2 workers of 2 for marking
[2022-04-10T15:58:23.518+0800][9.370s] GC(5) Concurrent Mark From Roots 7.897ms
[2022-04-10T15:58:23.518+0800][9.370s] GC(5) Concurrent Preclean
[2022-04-10T15:58:23.518+0800][9.370s] GC(5) Concurrent Preclean 0.052ms
[2022-04-10T15:58:23.518+0800][9.370s] GC(5) Pause Remark
[2022-04-10T15:58:23.528+0800][9.379s] GC(5) Pause Remark 31M->31M(512M) 9.575ms
[2022-04-10T15:58:23.528+0800][9.379s] GC(5) User=0.01s Sys=0.01s Real=0.01s
[2022-04-10T15:58:23.528+0800][9.380s] GC(5) Concurrent Mark 17.758ms
[2022-04-10T15:58:23.528+0800][9.380s] GC(5) Concurrent Rebuild Remembered Sets
[2022-04-10T15:58:23.533+0800][9.385s] GC(5) Concurrent Rebuild Remembered Sets 4.986ms
[2022-04-10T15:58:23.533+0800][9.385s] GC(5) Pause Cleanup
[2022-04-10T15:58:23.533+0800][9.385s] GC(5) Pause Cleanup 31M->31M(512M) 0.144ms
[2022-04-10T15:58:23.533+0800][9.385s] GC(5) User=0.00s Sys=0.00s Real=0.00s
[2022-04-10T15:58:23.533+0800][9.385s] GC(5) Concurrent Cleanup for Next Mark
[2022-04-10T15:58:23.534+0800][9.386s] GC(5) Concurrent Cleanup for Next Mark 0.957ms
[2022-04-10T15:58:23.534+0800][9.386s] GC(5) Concurrent Mark Cycle 25.811ms
[2022-04-10T16:37:14.912+0800][2340.688s] GC(6) Pause Young (Normal) (G1 Evacuation Pause)
[2022-04-10T16:37:14.912+0800][2340.688s] GC(6) Using 8 workers of 8 for evacuation
[2022-04-10T16:37:14.948+0800][2340.724s] GC(6)   Pre Evacuate Collection Set: 0.1ms
[2022-04-10T16:37:14.948+0800][2340.724s] GC(6)   Merge Heap Roots: 0.1ms
[2022-04-10T16:37:14.948+0800][2340.724s] GC(6)   Evacuate Collection Set: 34.9ms
[2022-04-10T16:37:14.948+0800][2340.724s] GC(6)   Post Evacuate Collection Set: 1.3ms
[2022-04-10T16:37:14.948+0800][2340.724s] GC(6)   Other: 0.4ms
[2022-04-10T16:37:14.948+0800][2340.724s] GC(6) Eden regions: 301->0(290)
[2022-04-10T16:37:14.948+0800][2340.724s] GC(6) Survivor regions: 6->17(39)
[2022-04-10T16:37:14.948+0800][2340.724s] GC(6) Old regions: 20->20
[2022-04-10T16:37:14.948+0800][2340.724s] GC(6) Archive regions: 2->2
[2022-04-10T16:37:14.948+0800][2340.724s] GC(6) Humongous regions: 8->7
[2022-04-10T16:37:14.948+0800][2340.724s] GC(6) Metaspace: 50614K(51008K)->50614K(51008K) NonClass: 44614K(44800K)->44614K(44800K) Class: 5999K(6208K)->5999K(6208K)
[2022-04-10T16:37:14.948+0800][2340.724s] GC(6) Pause Young (Normal) (G1 Evacuation Pause) 335M->44M(512M) 36.899ms
[2022-04-10T16:37:14.948+0800][2340.724s] GC(6) User=0.04s Sys=0.12s Real=0.03s
[2022-04-10T16:37:28.759+0800][2354.534s] GC(7) Pause Young (Normal) (G1 Evacuation Pause)
[2022-04-10T16:37:28.759+0800][2354.534s] GC(7) Using 8 workers of 8 for evacuation
[2022-04-10T16:37:28.782+0800][2354.558s] GC(7)   Pre Evacuate Collection Set: 0.2ms
[2022-04-10T16:37:28.782+0800][2354.558s] GC(7)   Merge Heap Roots: 0.1ms
[2022-04-10T16:37:28.782+0800][2354.558s] GC(7)   Evacuate Collection Set: 21.6ms
[2022-04-10T16:37:28.782+0800][2354.558s] GC(7)   Post Evacuate Collection Set: 1.3ms
[2022-04-10T16:37:28.782+0800][2354.558s] GC(7)   Other: 0.4ms
[2022-04-10T16:37:28.782+0800][2354.558s] GC(7) Eden regions: 290->0(291)
[2022-04-10T16:37:28.782+0800][2354.558s] GC(7) Survivor regions: 17->16(39)
[2022-04-10T16:37:28.782+0800][2354.558s] GC(7) Old regions: 20->20
[2022-04-10T16:37:28.782+0800][2354.558s] GC(7) Archive regions: 2->2
[2022-04-10T16:37:28.782+0800][2354.558s] GC(7) Humongous regions: 7->7
[2022-04-10T16:37:28.782+0800][2354.558s] GC(7) Metaspace: 50810K(51200K)->50810K(51200K) NonClass: 44800K(44992K)->44800K(44992K) Class: 6010K(6208K)->6010K(6208K)
[2022-04-10T16:37:28.782+0800][2354.558s] GC(7) Pause Young (Normal) (G1 Evacuation Pause) 334M->43M(512M) 23.731ms
[2022-04-10T16:37:28.782+0800][2354.558s] GC(7) User=0.03s Sys=0.04s Real=0.03s
[2022-04-10T16:38:07.734+0800][2393.508s] GC(8) Pause Young (Normal) (G1 Evacuation Pause)
[2022-04-10T16:38:07.734+0800][2393.509s] GC(8) Using 8 workers of 8 for evacuation
[2022-04-10T16:38:07.755+0800][2393.530s] GC(8)   Pre Evacuate Collection Set: 0.2ms
[2022-04-10T16:38:07.755+0800][2393.530s] GC(8)   Merge Heap Roots: 0.1ms
[2022-04-10T16:38:07.755+0800][2393.530s] GC(8)   Evacuate Collection Set: 19.6ms
[2022-04-10T16:38:07.755+0800][2393.530s] GC(8)   Post Evacuate Collection Set: 1.4ms
[2022-04-10T16:38:07.755+0800][2393.530s] GC(8)   Other: 0.4ms
[2022-04-10T16:38:07.755+0800][2393.530s] GC(8) Eden regions: 291->0(291)
[2022-04-10T16:38:07.755+0800][2393.530s] GC(8) Survivor regions: 16->16(39)
[2022-04-10T16:38:07.756+0800][2393.530s] GC(8) Old regions: 20->20
[2022-04-10T16:38:07.756+0800][2393.530s] GC(8) Archive regions: 2->2
[2022-04-10T16:38:07.756+0800][2393.530s] GC(8) Humongous regions: 7->7
[2022-04-10T16:38:07.756+0800][2393.530s] GC(8) Metaspace: 50920K(51264K)->50920K(51264K) NonClass: 44907K(45056K)->44907K(45056K) Class: 6013K(6208K)->6013K(6208K)
[2022-04-10T16:38:07.756+0800][2393.530s] GC(8) Pause Young (Normal) (G1 Evacuation Pause) 334M->43M(512M) 21.754ms
[2022-04-10T16:38:07.756+0800][2393.530s] GC(8) User=0.05s Sys=0.07s Real=0.02s
[2022-04-10T17:13:00.542+0800][4486.256s] GC(9) Pause Young (Normal) (G1 Evacuation Pause)
[2022-04-10T17:13:00.542+0800][4486.256s] GC(9) Using 8 workers of 8 for evacuation
[2022-04-10T17:13:00.562+0800][4486.276s] GC(9)   Pre Evacuate Collection Set: 0.2ms
[2022-04-10T17:13:00.562+0800][4486.276s] GC(9)   Merge Heap Roots: 0.2ms
[2022-04-10T17:13:00.562+0800][4486.276s] GC(9)   Evacuate Collection Set: 18.1ms
[2022-04-10T17:13:00.562+0800][4486.276s] GC(9)   Post Evacuate Collection Set: 1.3ms
[2022-04-10T17:13:00.562+0800][4486.276s] GC(9)   Other: 0.4ms
[2022-04-10T17:13:00.562+0800][4486.276s] GC(9) Eden regions: 291->0(291)
[2022-04-10T17:13:00.562+0800][4486.276s] GC(9) Survivor regions: 16->16(39)
[2022-04-10T17:13:00.562+0800][4486.276s] GC(9) Old regions: 20->20
[2022-04-10T17:13:00.562+0800][4486.276s] GC(9) Archive regions: 2->2
[2022-04-10T17:13:00.562+0800][4486.276s] GC(9) Humongous regions: 7->7
[2022-04-10T17:13:00.562+0800][4486.276s] GC(9) Metaspace: 51064K(51456K)->51064K(51456K) NonClass: 45050K(45248K)->45050K(45248K) Class: 6013K(6208K)->6013K(6208K)
[2022-04-10T17:13:00.562+0800][4486.276s] GC(9) Pause Young (Normal) (G1 Evacuation Pause) 334M->43M(512M) 20.227ms
[2022-04-10T17:13:00.562+0800][4486.276s] GC(9) User=0.03s Sys=0.06s Real=0.02s
[2022-04-10T17:16:13.569+0800][4679.277s] GC(10) Pause Young (Normal) (G1 Evacuation Pause)
[2022-04-10T17:16:13.593+0800][4679.301s] GC(10) Using 8 workers of 8 for evacuation
[2022-04-10T17:16:13.602+0800][4679.310s] GC(10)   Pre Evacuate Collection Set: 0.1ms
[2022-04-10T17:16:13.602+0800][4679.310s] GC(10)   Merge Heap Roots: 0.0ms
[2022-04-10T17:16:13.602+0800][4679.310s] GC(10)   Evacuate Collection Set: 7.8ms
[2022-04-10T17:16:13.602+0800][4679.310s] GC(10)   Post Evacuate Collection Set: 0.7ms
[2022-04-10T17:16:13.602+0800][4679.310s] GC(10)   Other: 24.6ms
[2022-04-10T17:16:13.602+0800][4679.310s] GC(10) Eden regions: 291->0(290)
[2022-04-10T17:16:13.602+0800][4679.310s] GC(10) Survivor regions: 16->17(39)
[2022-04-10T17:16:13.602+0800][4679.310s] GC(10) Old regions: 20->20
[2022-04-10T17:16:13.602+0800][4679.310s] GC(10) Archive regions: 2->2
[2022-04-10T17:16:13.602+0800][4679.310s] GC(10) Humongous regions: 7->7
[2022-04-10T17:16:13.602+0800][4679.310s] GC(10) Metaspace: 51129K(51520K)->51129K(51520K) NonClass: 45115K(45312K)->45115K(45312K) Class: 6013K(6208K)->6013K(6208K)
[2022-04-10T17:16:13.602+0800][4679.310s] GC(10) Pause Young (Normal) (G1 Evacuation Pause) 334M->44M(512M) 33.349ms
[2022-04-10T17:16:13.602+0800][4679.310s] GC(10) User=0.03s Sys=0.01s Real=0.04s
[2022-04-10T17:24:47.797+0800][5193.547s] GC(11) Pause Young (Normal) (G1 Evacuation Pause)
[2022-04-10T17:24:47.797+0800][5193.547s] GC(11) Using 8 workers of 8 for evacuation
[2022-04-10T17:24:47.820+0800][5193.570s] GC(11)   Pre Evacuate Collection Set: 0.2ms
[2022-04-10T17:24:47.820+0800][5193.570s] GC(11)   Merge Heap Roots: 0.1ms
[2022-04-10T17:24:47.820+0800][5193.570s] GC(11)   Evacuate Collection Set: 21.0ms
[2022-04-10T17:24:47.820+0800][5193.570s] GC(11)   Post Evacuate Collection Set: 1.3ms
[2022-04-10T17:24:47.820+0800][5193.570s] GC(11)   Other: 0.4ms
[2022-04-10T17:24:47.820+0800][5193.570s] GC(11) Eden regions: 290->0(291)
[2022-04-10T17:24:47.820+0800][5193.570s] GC(11) Survivor regions: 17->16(39)
[2022-04-10T17:24:47.820+0800][5193.570s] GC(11) Old regions: 20->20
[2022-04-10T17:24:47.820+0800][5193.570s] GC(11) Archive regions: 2->2
[2022-04-10T17:24:47.820+0800][5193.570s] GC(11) Humongous regions: 7->7
[2022-04-10T17:24:47.820+0800][5193.570s] GC(11) Metaspace: 51262K(51648K)->51262K(51648K) NonClass: 45248K(45440K)->45248K(45440K) Class: 6013K(6208K)->6013K(6208K)
[2022-04-10T17:24:47.820+0800][5193.570s] GC(11) Pause Young (Normal) (G1 Evacuation Pause) 334M->43M(512M) 23.121ms
[2022-04-10T17:24:47.820+0800][5193.570s] GC(11) User=0.04s Sys=0.06s Real=0.03s
[2022-04-10T17:39:31.539+0800][6077.280s] GC(12) Pause Young (Normal) (G1 Evacuation Pause)
[2022-04-10T17:39:31.539+0800][6077.280s] GC(12) Using 8 workers of 8 for evacuation
[2022-04-10T17:39:31.565+0800][6077.306s] GC(12)   Pre Evacuate Collection Set: 0.2ms
[2022-04-10T17:39:31.565+0800][6077.306s] GC(12)   Merge Heap Roots: 0.1ms
[2022-04-10T17:39:31.565+0800][6077.306s] GC(12)   Evacuate Collection Set: 24.2ms
[2022-04-10T17:39:31.565+0800][6077.306s] GC(12)   Post Evacuate Collection Set: 1.4ms
[2022-04-10T17:39:31.565+0800][6077.306s] GC(12)   Other: 0.4ms
[2022-04-10T17:39:31.565+0800][6077.306s] GC(12) Eden regions: 291->0(291)
[2022-04-10T17:39:31.565+0800][6077.306s] GC(12) Survivor regions: 16->16(39)
[2022-04-10T17:39:31.565+0800][6077.306s] GC(12) Old regions: 20->20
[2022-04-10T17:39:31.565+0800][6077.306s] GC(12) Archive regions: 2->2
[2022-04-10T17:39:31.565+0800][6077.306s] GC(12) Humongous regions: 7->7
[2022-04-10T17:39:31.565+0800][6077.306s] GC(12) Metaspace: 51382K(51776K)->51382K(51776K) NonClass: 45368K(45568K)->45368K(45568K) Class: 6013K(6208K)->6013K(6208K)
[2022-04-10T17:39:31.565+0800][6077.306s] GC(12) Pause Young (Normal) (G1 Evacuation Pause) 334M->43M(512M) 26.366ms
[2022-04-10T17:39:31.565+0800][6077.307s] GC(12) User=0.04s Sys=0.08s Real=0.03s
[2022-04-10T19:10:00.497+0800][10236.983s] GC(13) Pause Young (Normal) (G1 Evacuation Pause)
[2022-04-10T19:10:00.497+0800][10236.983s] GC(13) Using 8 workers of 8 for evacuation
[2022-04-10T19:10:00.517+0800][10237.003s] GC(13)   Pre Evacuate Collection Set: 0.1ms
[2022-04-10T19:10:00.517+0800][10237.003s] GC(13)   Merge Heap Roots: 0.1ms
[2022-04-10T19:10:00.517+0800][10237.003s] GC(13)   Evacuate Collection Set: 17.9ms
[2022-04-10T19:10:00.517+0800][10237.003s] GC(13)   Post Evacuate Collection Set: 1.2ms
[2022-04-10T19:10:00.517+0800][10237.003s] GC(13)   Other: 0.3ms
[2022-04-10T19:10:00.517+0800][10237.003s] GC(13) Eden regions: 291->0(291)
[2022-04-10T19:10:00.517+0800][10237.003s] GC(13) Survivor regions: 16->16(39)
[2022-04-10T19:10:00.517+0800][10237.003s] GC(13) Old regions: 20->20
[2022-04-10T19:10:00.517+0800][10237.003s] GC(13) Archive regions: 2->2
[2022-04-10T19:10:00.517+0800][10237.003s] GC(13) Humongous regions: 7->7
[2022-04-10T19:10:00.517+0800][10237.003s] GC(13) Metaspace: 51641K(52032K)->51641K(52032K) NonClass: 45626K(45824K)->45626K(45824K) Class: 6014K(6208K)->6014K(6208K)
[2022-04-10T19:10:00.517+0800][10237.003s] GC(13) Pause Young (Normal) (G1 Evacuation Pause) 334M->43M(512M) 19.665ms
[2022-04-10T19:10:00.517+0800][10237.003s] GC(13) User=0.03s Sys=0.06s Real=0.02s
[2022-04-10T19:48:54.350+0800][12570.866s] GC(14) Pause Young (Normal) (G1 Evacuation Pause)
[2022-04-10T19:48:54.350+0800][12570.867s] GC(14) Using 8 workers of 8 for evacuation
[2022-04-10T19:48:54.372+0800][12570.889s] GC(14)   Pre Evacuate Collection Set: 0.2ms
[2022-04-10T19:48:54.372+0800][12570.889s] GC(14)   Merge Heap Roots: 0.1ms
[2022-04-10T19:48:54.372+0800][12570.889s] GC(14)   Evacuate Collection Set: 20.6ms
[2022-04-10T19:48:54.372+0800][12570.889s] GC(14)   Post Evacuate Collection Set: 1.0ms
[2022-04-10T19:48:54.372+0800][12570.889s] GC(14)   Other: 0.4ms
[2022-04-10T19:48:54.372+0800][12570.889s] GC(14) Eden regions: 291->0(291)
[2022-04-10T19:48:54.372+0800][12570.889s] GC(14) Survivor regions: 16->16(39)
[2022-04-10T19:48:54.372+0800][12570.889s] GC(14) Old regions: 20->20
[2022-04-10T19:48:54.372+0800][12570.889s] GC(14) Archive regions: 2->2
[2022-04-10T19:48:54.372+0800][12570.889s] GC(14) Humongous regions: 7->7
[2022-04-10T19:48:54.372+0800][12570.889s] GC(14) Metaspace: 52270K(52608K)->52270K(52608K) NonClass: 46208K(46400K)->46208K(46400K) Class: 6061K(6208K)->6061K(6208K)
[2022-04-10T19:48:54.372+0800][12570.889s] GC(14) Pause Young (Normal) (G1 Evacuation Pause) 334M->43M(512M) 22.466ms
[2022-04-10T19:48:54.372+0800][12570.889s] GC(14) User=0.03s Sys=0.06s Real=0.02s
[2022-04-10T19:53:51.602+0800][12868.122s] GC(15) Pause Young (Normal) (G1 Evacuation Pause)
[2022-04-10T19:53:51.602+0800][12868.122s] GC(15) Using 8 workers of 8 for evacuation
[2022-04-10T19:53:51.633+0800][12868.152s] GC(15)   Pre Evacuate Collection Set: 0.2ms
[2022-04-10T19:53:51.633+0800][12868.152s] GC(15)   Merge Heap Roots: 0.1ms
[2022-04-10T19:53:51.633+0800][12868.152s] GC(15)   Evacuate Collection Set: 28.5ms
[2022-04-10T19:53:51.633+0800][12868.152s] GC(15)   Post Evacuate Collection Set: 1.3ms
[2022-04-10T19:53:51.633+0800][12868.152s] GC(15)   Other: 0.5ms
[2022-04-10T19:53:51.633+0800][12868.153s] GC(15) Eden regions: 291->0(290)
[2022-04-10T19:53:51.633+0800][12868.153s] GC(15) Survivor regions: 16->17(39)
[2022-04-10T19:53:51.633+0800][12868.153s] GC(15) Old regions: 20->20
[2022-04-10T19:53:51.633+0800][12868.153s] GC(15) Archive regions: 2->2
[2022-04-10T19:53:51.633+0800][12868.153s] GC(15) Humongous regions: 7->7
[2022-04-10T19:53:51.633+0800][12868.153s] GC(15) Metaspace: 52410K(52736K)->52410K(52736K) NonClass: 46349K(46528K)->46349K(46528K) Class: 6061K(6208K)->6061K(6208K)
[2022-04-10T19:53:51.633+0800][12868.153s] GC(15) Pause Young (Normal) (G1 Evacuation Pause) 334M->44M(512M) 30.738ms
[2022-04-10T19:53:51.633+0800][12868.153s] GC(15) User=0.04s Sys=0.07s Real=0.03s
[2022-04-10T20:04:22.791+0800][13126.186s] GC(16) Pause Young (Normal) (G1 Evacuation Pause)
[2022-04-10T20:04:22.791+0800][13126.186s] GC(16) Using 8 workers of 8 for evacuation
[2022-04-10T20:04:22.816+0800][13126.212s] GC(16)   Pre Evacuate Collection Set: 0.1ms
[2022-04-10T20:04:22.816+0800][13126.212s] GC(16)   Merge Heap Roots: 0.1ms
[2022-04-10T20:04:22.816+0800][13126.212s] GC(16)   Evacuate Collection Set: 23.8ms
[2022-04-10T20:04:22.816+0800][13126.212s] GC(16)   Post Evacuate Collection Set: 1.0ms
[2022-04-10T20:04:22.816+0800][13126.212s] GC(16)   Other: 0.4ms
[2022-04-10T20:04:22.816+0800][13126.212s] GC(16) Eden regions: 290->0(291)
[2022-04-10T20:04:22.816+0800][13126.212s] GC(16) Survivor regions: 17->16(39)
[2022-04-10T20:04:22.816+0800][13126.212s] GC(16) Old regions: 20->20
[2022-04-10T20:04:22.816+0800][13126.212s] GC(16) Archive regions: 2->2
[2022-04-10T20:04:22.816+0800][13126.212s] GC(16) Humongous regions: 7->7
[2022-04-10T20:04:22.816+0800][13126.212s] GC(16) Metaspace: 52548K(52864K)->52548K(52864K) NonClass: 46486K(46656K)->46486K(46656K) Class: 6061K(6208K)->6061K(6208K)
[2022-04-10T20:04:22.816+0800][13126.212s] GC(16) Pause Young (Normal) (G1 Evacuation Pause) 334M->43M(512M) 25.593ms
[2022-04-10T20:04:22.816+0800][13126.212s] GC(16) User=0.04s Sys=0.07s Real=0.02s
[2022-04-10T21:03:34.848+0800][15629.541s] GC(17) Pause Young (Normal) (G1 Evacuation Pause)
[2022-04-10T21:03:34.849+0800][15629.541s] GC(17) Using 8 workers of 8 for evacuation
[2022-04-10T21:03:34.880+0800][15629.573s] GC(17)   Pre Evacuate Collection Set: 0.2ms
[2022-04-10T21:03:34.880+0800][15629.573s] GC(17)   Merge Heap Roots: 0.2ms
[2022-04-10T21:03:34.880+0800][15629.573s] GC(17)   Evacuate Collection Set: 28.6ms
[2022-04-10T21:03:34.880+0800][15629.573s] GC(17)   Post Evacuate Collection Set: 2.1ms
[2022-04-10T21:03:34.880+0800][15629.573s] GC(17)   Other: 0.5ms
[2022-04-10T21:03:34.880+0800][15629.573s] GC(17) Eden regions: 291->0(290)
[2022-04-10T21:03:34.880+0800][15629.573s] GC(17) Survivor regions: 16->17(39)
[2022-04-10T21:03:34.880+0800][15629.573s] GC(17) Old regions: 20->20
[2022-04-10T21:03:34.880+0800][15629.573s] GC(17) Archive regions: 2->2
[2022-04-10T21:03:34.880+0800][15629.573s] GC(17) Humongous regions: 7->7
[2022-04-10T21:03:34.880+0800][15629.573s] GC(17) Metaspace: 52669K(53056K)->52669K(53056K) NonClass: 46607K(46848K)->46607K(46848K) Class: 6061K(6208K)->6061K(6208K)
[2022-04-10T21:03:34.880+0800][15629.573s] GC(17) Pause Young (Normal) (G1 Evacuation Pause) 334M->44M(512M) 31.730ms
[2022-04-10T21:03:34.880+0800][15629.573s] GC(17) User=0.06s Sys=0.09s Real=0.04s
[2022-04-10T21:05:07.182+0800][15721.876s] GC(18) Pause Young (Normal) (G1 Evacuation Pause)
[2022-04-10T21:05:07.183+0800][15721.876s] GC(18) Using 8 workers of 8 for evacuation
[2022-04-10T21:05:07.194+0800][15721.887s] GC(18)   Pre Evacuate Collection Set: 0.1ms
[2022-04-10T21:05:07.194+0800][15721.887s] GC(18)   Merge Heap Roots: 0.1ms
[2022-04-10T21:05:07.194+0800][15721.887s] GC(18)   Evacuate Collection Set: 10.2ms
[2022-04-10T21:05:07.194+0800][15721.887s] GC(18)   Post Evacuate Collection Set: 0.7ms
[2022-04-10T21:05:07.194+0800][15721.887s] GC(18)   Other: 0.4ms
[2022-04-10T21:05:07.194+0800][15721.887s] GC(18) Eden regions: 290->0(290)
[2022-04-10T21:05:07.194+0800][15721.887s] GC(18) Survivor regions: 17->17(39)
[2022-04-10T21:05:07.194+0800][15721.887s] GC(18) Old regions: 20->20
[2022-04-10T21:05:07.194+0800][15721.887s] GC(18) Archive regions: 2->2
[2022-04-10T21:05:07.194+0800][15721.887s] GC(18) Humongous regions: 7->7
[2022-04-10T21:05:07.194+0800][15721.887s] GC(18) Metaspace: 52685K(53056K)->52685K(53056K) NonClass: 46623K(46848K)->46623K(46848K) Class: 6061K(6208K)->6061K(6208K)
[2022-04-10T21:05:07.194+0800][15721.887s] GC(18) Pause Young (Normal) (G1 Evacuation Pause) 334M->44M(512M) 11.641ms
[2022-04-10T21:05:07.194+0800][15721.887s] GC(18) User=0.03s Sys=0.01s Real=0.01s
[2022-04-10T21:10:39.590+0800][16054.285s] GC(19) Pause Young (Normal) (G1 Evacuation Pause)
[2022-04-10T21:10:39.590+0800][16054.285s] GC(19) Using 8 workers of 8 for evacuation
[2022-04-10T21:10:39.607+0800][16054.302s] GC(19)   Pre Evacuate Collection Set: 0.1ms
[2022-04-10T21:10:39.607+0800][16054.302s] GC(19)   Merge Heap Roots: 0.1ms
[2022-04-10T21:10:39.607+0800][16054.302s] GC(19)   Evacuate Collection Set: 15.6ms
[2022-04-10T21:10:39.607+0800][16054.302s] GC(19)   Post Evacuate Collection Set: 0.8ms
[2022-04-10T21:10:39.607+0800][16054.302s] GC(19)   Other: 0.4ms
[2022-04-10T21:10:39.607+0800][16054.302s] GC(19) Eden regions: 290->0(295)
[2022-04-10T21:10:39.607+0800][16054.302s] GC(19) Survivor regions: 17->12(39)
[2022-04-10T21:10:39.607+0800][16054.302s] GC(19) Old regions: 20->25
[2022-04-10T21:10:39.607+0800][16054.302s] GC(19) Archive regions: 2->2
[2022-04-10T21:10:39.607+0800][16054.302s] GC(19) Humongous regions: 7->7
[2022-04-10T21:10:39.607+0800][16054.302s] GC(19) Metaspace: 52701K(53056K)->52701K(53056K) NonClass: 46639K(46848K)->46639K(46848K) Class: 6061K(6208K)->6061K(6208K)
[2022-04-10T21:10:39.607+0800][16054.302s] GC(19) Pause Young (Normal) (G1 Evacuation Pause) 334M->44M(512M) 17.015ms
[2022-04-10T21:10:39.607+0800][16054.302s] GC(19) User=0.04s Sys=0.02s Real=0.01s
[2022-04-10T21:15:18.178+0800][16332.874s] GC(20) Pause Young (Normal) (G1 Evacuation Pause)
[2022-04-10T21:15:18.178+0800][16332.874s] GC(20) Using 8 workers of 8 for evacuation
[2022-04-10T21:15:18.204+0800][16332.900s] GC(20)   Pre Evacuate Collection Set: 0.2ms
[2022-04-10T21:15:18.204+0800][16332.901s] GC(20)   Merge Heap Roots: 0.1ms
[2022-04-10T21:15:18.204+0800][16332.901s] GC(20)   Evacuate Collection Set: 24.5ms
[2022-04-10T21:15:18.204+0800][16332.901s] GC(20)   Post Evacuate Collection Set: 1.1ms
[2022-04-10T21:15:18.204+0800][16332.901s] GC(20)   Other: 0.5ms
[2022-04-10T21:15:18.204+0800][16332.901s] GC(20) Eden regions: 295->0(295)
[2022-04-10T21:15:18.204+0800][16332.901s] GC(20) Survivor regions: 12->12(39)
[2022-04-10T21:15:18.204+0800][16332.901s] GC(20) Old regions: 25->26
[2022-04-10T21:15:18.204+0800][16332.901s] GC(20) Archive regions: 2->2
[2022-04-10T21:15:18.204+0800][16332.901s] GC(20) Humongous regions: 7->7
[2022-04-10T21:15:18.204+0800][16332.901s] GC(20) Metaspace: 52710K(53056K)->52710K(53056K) NonClass: 46648K(46848K)->46648K(46848K) Class: 6061K(6208K)->6061K(6208K)
[2022-04-10T21:15:18.204+0800][16332.901s] GC(20) Pause Young (Normal) (G1 Evacuation Pause) 339M->44M(512M) 26.454ms
[2022-04-10T21:15:18.204+0800][16332.901s] GC(20) User=0.03s Sys=0.06s Real=0.03s
[2022-04-10T21:21:04.363+0800][16678.994s] GC(21) Pause Young (Normal) (G1 Evacuation Pause)
[2022-04-10T21:21:04.363+0800][16678.994s] GC(21) Using 8 workers of 8 for evacuation
[2022-04-10T21:21:04.379+0800][16679.010s] GC(21)   Pre Evacuate Collection Set: 0.1ms
[2022-04-10T21:21:04.379+0800][16679.010s] GC(21)   Merge Heap Roots: 0.2ms
[2022-04-10T21:21:04.379+0800][16679.010s] GC(21)   Evacuate Collection Set: 14.8ms
[2022-04-10T21:21:04.379+0800][16679.010s] GC(21)   Post Evacuate Collection Set: 0.7ms
[2022-04-10T21:21:04.379+0800][16679.010s] GC(21)   Other: 0.5ms
[2022-04-10T21:21:04.379+0800][16679.010s] GC(21) Eden regions: 295->0(304)
[2022-04-10T21:21:04.379+0800][16679.010s] GC(21) Survivor regions: 12->3(39)
[2022-04-10T21:21:04.379+0800][16679.010s] GC(21) Old regions: 26->34
[2022-04-10T21:21:04.379+0800][16679.010s] GC(21) Archive regions: 2->2
[2022-04-10T21:21:04.379+0800][16679.010s] GC(21) Humongous regions: 7->7
[2022-04-10T21:21:04.379+0800][16679.010s] GC(21) Metaspace: 52736K(53120K)->52736K(53120K) NonClass: 46674K(46912K)->46674K(46912K) Class: 6061K(6208K)->6061K(6208K)
[2022-04-10T21:21:04.379+0800][16679.010s] GC(21) Pause Young (Normal) (G1 Evacuation Pause) 339M->44M(512M) 16.406ms
[2022-04-10T21:21:04.379+0800][16679.010s] GC(21) User=0.03s Sys=0.02s Real=0.01s
[2022-04-10T21:24:03.359+0800][16857.987s] GC(22) Pause Young (Normal) (G1 Evacuation Pause)
[2022-04-10T21:24:03.359+0800][16857.987s] GC(22) Using 8 workers of 8 for evacuation
[2022-04-10T21:24:03.364+0800][16857.993s] GC(22)   Pre Evacuate Collection Set: 0.1ms
[2022-04-10T21:24:03.365+0800][16857.993s] GC(22)   Merge Heap Roots: 0.1ms
[2022-04-10T21:24:03.365+0800][16857.993s] GC(22)   Evacuate Collection Set: 4.7ms
[2022-04-10T21:24:03.365+0800][16857.993s] GC(22)   Post Evacuate Collection Set: 0.6ms
[2022-04-10T21:24:03.365+0800][16857.993s] GC(22)   Other: 0.4ms
[2022-04-10T21:24:03.365+0800][16857.993s] GC(22) Eden regions: 304->0(304)
[2022-04-10T21:24:03.365+0800][16857.993s] GC(22) Survivor regions: 3->3(39)
[2022-04-10T21:24:03.365+0800][16857.993s] GC(22) Old regions: 34->35
[2022-04-10T21:24:03.365+0800][16857.993s] GC(22) Archive regions: 2->2
[2022-04-10T21:24:03.365+0800][16857.993s] GC(22) Humongous regions: 7->7
[2022-04-10T21:24:03.365+0800][16857.993s] GC(22) Metaspace: 52745K(53120K)->52745K(53120K) NonClass: 46683K(46912K)->46683K(46912K) Class: 6061K(6208K)->6061K(6208K)
[2022-04-10T21:24:03.365+0800][16857.993s] GC(22) Pause Young (Normal) (G1 Evacuation Pause) 348M->44M(512M) 6.024ms
[2022-04-10T21:24:03.365+0800][16857.993s] GC(22) User=0.01s Sys=0.01s Real=0.01s
[2022-04-10T21:28:00.922+0800][17095.548s] GC(23) Pause Young (Normal) (G1 Evacuation Pause)
[2022-04-10T21:28:00.923+0800][17095.548s] GC(23) Using 8 workers of 8 for evacuation
[2022-04-10T21:28:00.928+0800][17095.554s] GC(23)   Pre Evacuate Collection Set: 0.1ms
[2022-04-10T21:28:00.928+0800][17095.554s] GC(23)   Merge Heap Roots: 0.0ms
[2022-04-10T21:28:00.928+0800][17095.554s] GC(23)   Evacuate Collection Set: 5.0ms
[2022-04-10T21:28:00.928+0800][17095.554s] GC(23)   Post Evacuate Collection Set: 0.5ms
[2022-04-10T21:28:00.928+0800][17095.554s] GC(23)   Other: 0.4ms
[2022-04-10T21:28:00.928+0800][17095.554s] GC(23) Eden regions: 304->0(304)
[2022-04-10T21:28:00.929+0800][17095.554s] GC(23) Survivor regions: 3->3(39)
[2022-04-10T21:28:00.929+0800][17095.554s] GC(23) Old regions: 35->35
[2022-04-10T21:28:00.929+0800][17095.554s] GC(23) Archive regions: 2->2
[2022-04-10T21:28:00.929+0800][17095.554s] GC(23) Humongous regions: 7->7
[2022-04-10T21:28:00.929+0800][17095.554s] GC(23) Metaspace: 52754K(53120K)->52754K(53120K) NonClass: 46692K(46912K)->46692K(46912K) Class: 6061K(6208K)->6061K(6208K)
[2022-04-10T21:28:00.929+0800][17095.554s] GC(23) Pause Young (Normal) (G1 Evacuation Pause) 348M->44M(512M) 6.298ms
[2022-04-10T21:28:00.929+0800][17095.554s] GC(23) User=0.01s Sys=0.01s Real=0.00s
[2022-04-10T21:30:05.288+0800][17219.912s] GC(24) Pause Young (Normal) (G1 Evacuation Pause)
[2022-04-10T21:30:05.288+0800][17219.912s] GC(24) Using 8 workers of 8 for evacuation
[2022-04-10T21:30:05.293+0800][17219.917s] GC(24)   Pre Evacuate Collection Set: 0.1ms
[2022-04-10T21:30:05.293+0800][17219.917s] GC(24)   Merge Heap Roots: 0.0ms
[2022-04-10T21:30:05.293+0800][17219.917s] GC(24)   Evacuate Collection Set: 3.9ms
[2022-04-10T21:30:05.293+0800][17219.917s] GC(24)   Post Evacuate Collection Set: 0.5ms
[2022-04-10T21:30:05.293+0800][17219.917s] GC(24)   Other: 0.3ms
[2022-04-10T21:30:05.293+0800][17219.917s] GC(24) Eden regions: 304->0(305)
[2022-04-10T21:30:05.293+0800][17219.917s] GC(24) Survivor regions: 3->2(39)
[2022-04-10T21:30:05.293+0800][17219.917s] GC(24) Old regions: 35->35
[2022-04-10T21:30:05.293+0800][17219.917s] GC(24) Archive regions: 2->2
[2022-04-10T21:30:05.293+0800][17219.917s] GC(24) Humongous regions: 7->7
[2022-04-10T21:30:05.293+0800][17219.917s] GC(24) Metaspace: 52764K(53120K)->52764K(53120K) NonClass: 46702K(46912K)->46702K(46912K) Class: 6061K(6208K)->6061K(6208K)
[2022-04-10T21:30:05.293+0800][17219.917s] GC(24) Pause Young (Normal) (G1 Evacuation Pause) 348M->44M(512M) 4.889ms
[2022-04-10T21:30:05.293+0800][17219.917s] GC(24) User=0.01s Sys=0.00s Real=0.01s
[2022-04-10T21:34:01.883+0800][17456.503s] GC(25) Pause Young (Normal) (G1 Evacuation Pause)
[2022-04-10T21:34:01.883+0800][17456.504s] GC(25) Using 8 workers of 8 for evacuation
[2022-04-10T21:34:01.887+0800][17456.508s] GC(25)   Pre Evacuate Collection Set: 0.1ms
[2022-04-10T21:34:01.887+0800][17456.508s] GC(25)   Merge Heap Roots: 0.1ms
[2022-04-10T21:34:01.887+0800][17456.508s] GC(25)   Evacuate Collection Set: 3.8ms
[2022-04-10T21:34:01.887+0800][17456.508s] GC(25)   Post Evacuate Collection Set: 0.5ms
[2022-04-10T21:34:01.887+0800][17456.508s] GC(25)   Other: 0.4ms
[2022-04-10T21:34:01.887+0800][17456.508s] GC(25) Eden regions: 305->0(305)
[2022-04-10T21:34:01.887+0800][17456.508s] GC(25) Survivor regions: 2->2(39)
[2022-04-10T21:34:01.887+0800][17456.508s] GC(25) Old regions: 35->35
[2022-04-10T21:34:01.887+0800][17456.508s] GC(25) Archive regions: 2->2
[2022-04-10T21:34:01.887+0800][17456.508s] GC(25) Humongous regions: 7->7
[2022-04-10T21:34:01.888+0800][17456.508s] GC(25) Metaspace: 52813K(53184K)->52813K(53184K) NonClass: 46751K(46976K)->46751K(46976K) Class: 6061K(6208K)->6061K(6208K)
[2022-04-10T21:34:01.888+0800][17456.508s] GC(25) Pause Young (Normal) (G1 Evacuation Pause) 349M->44M(512M) 4.922ms
[2022-04-10T21:34:01.888+0800][17456.508s] GC(25) User=0.01s Sys=0.01s Real=0.00s
[2022-04-10T21:34:09.039+0800][17463.660s] GC(26) Pause Young (Normal) (G1 Evacuation Pause)
[2022-04-10T21:34:09.039+0800][17463.660s] GC(26) Using 8 workers of 8 for evacuation
[2022-04-10T21:34:09.044+0800][17463.665s] GC(26)   Pre Evacuate Collection Set: 0.1ms
[2022-04-10T21:34:09.044+0800][17463.665s] GC(26)   Merge Heap Roots: 0.1ms
[2022-04-10T21:34:09.044+0800][17463.665s] GC(26)   Evacuate Collection Set: 3.6ms
[2022-04-10T21:34:09.044+0800][17463.665s] GC(26)   Post Evacuate Collection Set: 0.6ms
[2022-04-10T21:34:09.044+0800][17463.665s] GC(26)   Other: 0.1ms
[2022-04-10T21:34:09.044+0800][17463.665s] GC(26) Eden regions: 305->0(305)
[2022-04-10T21:34:09.044+0800][17463.665s] GC(26) Survivor regions: 2->2(39)
[2022-04-10T21:34:09.044+0800][17463.665s] GC(26) Old regions: 35->35
[2022-04-10T21:34:09.044+0800][17463.665s] GC(26) Archive regions: 2->2
[2022-04-10T21:34:09.044+0800][17463.665s] GC(26) Humongous regions: 7->7
[2022-04-10T21:34:09.044+0800][17463.665s] GC(26) Metaspace: 52823K(53184K)->52823K(53184K) NonClass: 46762K(46976K)->46762K(46976K) Class: 6061K(6208K)->6061K(6208K)
[2022-04-10T21:34:09.044+0800][17463.665s] GC(26) Pause Young (Normal) (G1 Evacuation Pause) 349M->44M(512M) 4.629ms
[2022-04-10T21:34:09.044+0800][17463.665s] GC(26) User=0.01s Sys=0.00s Real=0.01s
[2022-04-10T21:34:12.794+0800][17467.415s] GC(27) Pause Young (Normal) (G1 Evacuation Pause)
[2022-04-10T21:34:12.794+0800][17467.415s] GC(27) Using 8 workers of 8 for evacuation
[2022-04-10T21:34:12.801+0800][17467.421s] GC(27)   Pre Evacuate Collection Set: 0.1ms
[2022-04-10T21:34:12.801+0800][17467.421s] GC(27)   Merge Heap Roots: 0.1ms
[2022-04-10T21:34:12.801+0800][17467.421s] GC(27)   Evacuate Collection Set: 5.5ms
[2022-04-10T21:34:12.801+0800][17467.421s] GC(27)   Post Evacuate Collection Set: 0.6ms
[2022-04-10T21:34:12.801+0800][17467.421s] GC(27)   Other: 0.2ms
[2022-04-10T21:34:12.801+0800][17467.421s] GC(27) Eden regions: 305->0(305)
[2022-04-10T21:34:12.801+0800][17467.421s] GC(27) Survivor regions: 2->2(39)
[2022-04-10T21:34:12.801+0800][17467.421s] GC(27) Old regions: 35->35
[2022-04-10T21:34:12.801+0800][17467.421s] GC(27) Archive regions: 2->2
[2022-04-10T21:34:12.801+0800][17467.421s] GC(27) Humongous regions: 7->7
[2022-04-10T21:34:12.801+0800][17467.421s] GC(27) Metaspace: 52824K(53184K)->52824K(53184K) NonClass: 46762K(46976K)->46762K(46976K) Class: 6061K(6208K)->6061K(6208K)
[2022-04-10T21:34:12.801+0800][17467.421s] GC(27) Pause Young (Normal) (G1 Evacuation Pause) 349M->44M(512M) 6.637ms
[2022-04-10T21:34:12.801+0800][17467.421s] GC(27) User=0.02s Sys=0.01s Real=0.01s
