[2022-04-10T12:35:42.738+0800][0.009s] Using G1
[2022-04-10T12:35:42.910+0800][0.180s] Version: 16.0.1+9-24 (release)
[2022-04-10T12:35:42.910+0800][0.180s] CPUs: 12 total, 12 available
[2022-04-10T12:35:42.910+0800][0.180s] Memory: 16384M
[2022-04-10T12:35:42.910+0800][0.180s] Large Page Support: Disabled
[2022-04-10T12:35:42.910+0800][0.180s] NUMA Support: Disabled
[2022-04-10T12:35:42.910+0800][0.180s] Compressed Oops: Enabled (Zero based)
[2022-04-10T12:35:42.910+0800][0.180s] Heap Region Size: 1M
[2022-04-10T12:35:42.910+0800][0.180s] Heap Min Capacity: 512M
[2022-04-10T12:35:42.910+0800][0.180s] Heap Initial Capacity: 512M
[2022-04-10T12:35:42.910+0800][0.180s] Heap Max Capacity: 512M
[2022-04-10T12:35:42.910+0800][0.180s] Pre-touch: Enabled
[2022-04-10T12:35:42.910+0800][0.180s] Parallel Workers: 10
[2022-04-10T12:35:42.910+0800][0.180s] Concurrent Workers: 3
[2022-04-10T12:35:42.910+0800][0.180s] Concurrent Refinement Workers: 10
[2022-04-10T12:35:42.910+0800][0.180s] Periodic GC: Disabled
[2022-04-10T12:35:42.910+0800][0.181s] CDS archive(s) mapped at: [0x0000000800000000-0x0000000800bbb000-0x0000000800bbb000), size 12300288, SharedBaseAddress: 0x0000000800000000, ArchiveRelocationMode: 0.
[2022-04-10T12:35:42.911+0800][0.181s] Compressed class space mapped at: 0x0000000800c00000-0x0000000840c00000, reserved size: 1073741824
[2022-04-10T12:35:42.911+0800][0.181s] Narrow klass base: 0x0000000800000000, Narrow klass shift: 3, Narrow klass range: 0x100000000
[2022-04-10T12:35:43.473+0800][0.744s] GC(0) Pause Young (Normal) (G1 Evacuation Pause)
[2022-04-10T12:35:43.474+0800][0.744s] GC(0) Using 10 workers of 10 for evacuation
[2022-04-10T12:35:43.475+0800][0.746s] GC(0)   Pre Evacuate Collection Set: 0.1ms
[2022-04-10T12:35:43.475+0800][0.746s] GC(0)   Merge Heap Roots: 0.0ms
[2022-04-10T12:35:43.475+0800][0.746s] GC(0)   Evacuate Collection Set: 1.3ms
[2022-04-10T12:35:43.475+0800][0.746s] GC(0)   Post Evacuate Collection Set: 0.2ms
[2022-04-10T12:35:43.475+0800][0.746s] GC(0)   Other: 0.4ms
[2022-04-10T12:35:43.475+0800][0.746s] GC(0) Eden regions: 29->0(81)
[2022-04-10T12:35:43.475+0800][0.746s] GC(0) Survivor regions: 0->4(4)
[2022-04-10T12:35:43.475+0800][0.746s] GC(0) Old regions: 0->0
[2022-04-10T12:35:43.475+0800][0.746s] GC(0) Archive regions: 2->2
[2022-04-10T12:35:43.475+0800][0.746s] GC(0) Humongous regions: 0->0
[2022-04-10T12:35:43.475+0800][0.746s] GC(0) Metaspace: 6969K(7168K)->6969K(7168K) NonClass: 6150K(6272K)->6150K(6272K) Class: 819K(896K)->819K(896K)
[2022-04-10T12:35:43.475+0800][0.746s] GC(0) Pause Young (Normal) (G1 Evacuation Pause) 29M->4M(512M) 2.199ms
[2022-04-10T12:35:43.475+0800][0.746s] GC(0) User=0.01s Sys=0.00s Real=0.00s
[2022-04-10T12:35:44.407+0800][1.677s] GC(1) Pause Young (Concurrent Start) (Metadata GC Threshold)
[2022-04-10T12:35:44.407+0800][1.678s] GC(1) Using 10 workers of 10 for evacuation
[2022-04-10T12:35:44.413+0800][1.684s] GC(1)   Pre Evacuate Collection Set: 0.1ms
[2022-04-10T12:35:44.413+0800][1.684s] GC(1)   Merge Heap Roots: 0.1ms
[2022-04-10T12:35:44.413+0800][1.684s] GC(1)   Evacuate Collection Set: 4.9ms
[2022-04-10T12:35:44.413+0800][1.684s] GC(1)   Post Evacuate Collection Set: 0.9ms
[2022-04-10T12:35:44.413+0800][1.684s] GC(1)   Other: 0.2ms
[2022-04-10T12:35:44.413+0800][1.684s] GC(1) Eden regions: 80->0(74)
[2022-04-10T12:35:44.413+0800][1.684s] GC(1) Survivor regions: 4->11(11)
[2022-04-10T12:35:44.413+0800][1.684s] GC(1) Old regions: 0->8
[2022-04-10T12:35:44.413+0800][1.684s] GC(1) Archive regions: 2->2
[2022-04-10T12:35:44.413+0800][1.684s] GC(1) Humongous regions: 4->4
[2022-04-10T12:35:44.413+0800][1.684s] GC(1) Metaspace: 20979K(21248K)->20979K(21248K) NonClass: 18615K(18752K)->18615K(18752K) Class: 2363K(2496K)->2363K(2496K)
[2022-04-10T12:35:44.413+0800][1.684s] GC(1) Pause Young (Concurrent Start) (Metadata GC Threshold) 87M->23M(512M) 6.322ms
[2022-04-10T12:35:44.413+0800][1.684s] GC(1) User=0.05s Sys=0.00s Real=0.01s
[2022-04-10T12:35:44.414+0800][1.684s] GC(2) Concurrent Mark Cycle
[2022-04-10T12:35:44.414+0800][1.684s] GC(2) Concurrent Clear Claimed Marks
[2022-04-10T12:35:44.414+0800][1.684s] GC(2) Concurrent Clear Claimed Marks 0.042ms
[2022-04-10T12:35:44.414+0800][1.684s] GC(2) Concurrent Scan Root Regions
[2022-04-10T12:35:44.416+0800][1.687s] GC(2) Concurrent Scan Root Regions 2.863ms
[2022-04-10T12:35:44.417+0800][1.687s] GC(2) Concurrent Mark
[2022-04-10T12:35:44.417+0800][1.687s] GC(2) Concurrent Mark From Roots
[2022-04-10T12:35:44.417+0800][1.687s] GC(2) Using 3 workers of 3 for marking
[2022-04-10T12:35:44.418+0800][1.688s] GC(2) Concurrent Mark From Roots 1.131ms
[2022-04-10T12:35:44.418+0800][1.688s] GC(2) Concurrent Preclean
[2022-04-10T12:35:44.418+0800][1.688s] GC(2) Concurrent Preclean 0.028ms
[2022-04-10T12:35:44.418+0800][1.688s] GC(2) Pause Remark
[2022-04-10T12:35:44.419+0800][1.689s] GC(2) Pause Remark 24M->24M(512M) 0.923ms
[2022-04-10T12:35:44.419+0800][1.689s] GC(2) User=0.00s Sys=0.00s Real=0.00s
[2022-04-10T12:35:44.419+0800][1.689s] GC(2) Concurrent Mark 2.322ms
[2022-04-10T12:35:44.419+0800][1.689s] GC(2) Concurrent Rebuild Remembered Sets
[2022-04-10T12:35:44.421+0800][1.691s] GC(2) Concurrent Rebuild Remembered Sets 2.084ms
[2022-04-10T12:35:44.421+0800][1.691s] GC(2) Pause Cleanup
[2022-04-10T12:35:44.421+0800][1.692s] GC(2) Pause Cleanup 24M->24M(512M) 0.176ms
[2022-04-10T12:35:44.421+0800][1.692s] GC(2) User=0.00s Sys=0.00s Real=0.00s
[2022-04-10T12:35:44.421+0800][1.692s] GC(2) Concurrent Cleanup for Next Mark
[2022-04-10T12:35:44.422+0800][1.692s] GC(2) Concurrent Cleanup for Next Mark 0.705ms
[2022-04-10T12:35:44.422+0800][1.692s] GC(2) Concurrent Mark Cycle 8.506ms
[2022-04-10T12:35:45.346+0800][2.616s] GC(3) Pause Young (Normal) (G1 Evacuation Pause)
[2022-04-10T12:35:45.346+0800][2.616s] GC(3) Using 10 workers of 10 for evacuation
[2022-04-10T12:35:45.351+0800][2.621s] GC(3)   Pre Evacuate Collection Set: 0.1ms
[2022-04-10T12:35:45.351+0800][2.621s] GC(3)   Merge Heap Roots: 0.1ms
[2022-04-10T12:35:45.351+0800][2.621s] GC(3)   Evacuate Collection Set: 4.6ms
[2022-04-10T12:35:45.351+0800][2.621s] GC(3)   Post Evacuate Collection Set: 0.6ms
[2022-04-10T12:35:45.351+0800][2.621s] GC(3)   Other: 0.1ms
[2022-04-10T12:35:45.351+0800][2.621s] GC(3) Eden regions: 68->0(129)
[2022-04-10T12:35:45.351+0800][2.621s] GC(3) Survivor regions: 11->5(10)
[2022-04-10T12:35:45.351+0800][2.621s] GC(3) Old regions: 8->19
[2022-04-10T12:35:45.351+0800][2.621s] GC(3) Archive regions: 2->2
[2022-04-10T12:35:45.351+0800][2.621s] GC(3) Humongous regions: 4->4
[2022-04-10T12:35:45.351+0800][2.621s] GC(3) Metaspace: 31998K(32256K)->31998K(32256K) NonClass: 28296K(28416K)->28296K(28416K) Class: 3701K(3840K)->3701K(3840K)
[2022-04-10T12:35:45.351+0800][2.621s] GC(3) Pause Young (Normal) (G1 Evacuation Pause) 91M->28M(512M) 5.576ms
[2022-04-10T12:35:45.351+0800][2.621s] GC(3) User=0.04s Sys=0.00s Real=0.01s
[2022-04-10T12:35:45.574+0800][2.844s] GC(4) Pause Young (Concurrent Start) (Metadata GC Threshold)
[2022-04-10T12:35:45.574+0800][2.844s] GC(4) Using 10 workers of 10 for evacuation
[2022-04-10T12:35:45.577+0800][2.847s] GC(4)   Pre Evacuate Collection Set: 0.1ms
[2022-04-10T12:35:45.577+0800][2.847s] GC(4)   Merge Heap Roots: 0.0ms
[2022-04-10T12:35:45.577+0800][2.847s] GC(4)   Evacuate Collection Set: 2.1ms
[2022-04-10T12:35:45.577+0800][2.847s] GC(4)   Post Evacuate Collection Set: 0.3ms
[2022-04-10T12:35:45.577+0800][2.847s] GC(4)   Other: 0.1ms
[2022-04-10T12:35:45.577+0800][2.847s] GC(4) Eden regions: 21->0(208)
[2022-04-10T12:35:45.577+0800][2.847s] GC(4) Survivor regions: 5->6(17)
[2022-04-10T12:35:45.577+0800][2.847s] GC(4) Old regions: 19->19
[2022-04-10T12:35:45.577+0800][2.847s] GC(4) Archive regions: 2->2
[2022-04-10T12:35:45.577+0800][2.847s] GC(4) Humongous regions: 4->4
[2022-04-10T12:35:45.577+0800][2.847s] GC(4) Metaspace: 35277K(35520K)->35277K(35520K) NonClass: 31119K(31232K)->31119K(31232K) Class: 4158K(4288K)->4158K(4288K)
[2022-04-10T12:35:45.577+0800][2.847s] GC(4) Pause Young (Concurrent Start) (Metadata GC Threshold) 48M->29M(512M) 2.752ms
[2022-04-10T12:35:45.577+0800][2.847s] GC(4) User=0.02s Sys=0.00s Real=0.00s
[2022-04-10T12:35:45.577+0800][2.847s] GC(5) Concurrent Mark Cycle
[2022-04-10T12:35:45.577+0800][2.847s] GC(5) Concurrent Clear Claimed Marks
[2022-04-10T12:35:45.577+0800][2.847s] GC(5) Concurrent Clear Claimed Marks 0.032ms
[2022-04-10T12:35:45.577+0800][2.847s] GC(5) Concurrent Scan Root Regions
[2022-04-10T12:35:45.578+0800][2.849s] GC(5) Concurrent Scan Root Regions 1.255ms
[2022-04-10T12:35:45.578+0800][2.849s] GC(5) Concurrent Mark
[2022-04-10T12:35:45.578+0800][2.849s] GC(5) Concurrent Mark From Roots
[2022-04-10T12:35:45.578+0800][2.849s] GC(5) Using 3 workers of 3 for marking
[2022-04-10T12:35:45.586+0800][2.856s] GC(5) Concurrent Mark From Roots 7.400ms
[2022-04-10T12:35:45.586+0800][2.856s] GC(5) Concurrent Preclean
[2022-04-10T12:35:45.586+0800][2.856s] GC(5) Concurrent Preclean 0.058ms
[2022-04-10T12:35:45.586+0800][2.856s] GC(5) Pause Remark
[2022-04-10T12:35:45.587+0800][2.857s] GC(5) Pause Remark 30M->30M(512M) 1.349ms
[2022-04-10T12:35:45.587+0800][2.858s] GC(5) User=0.01s Sys=0.00s Real=0.00s
[2022-04-10T12:35:45.587+0800][2.858s] GC(5) Concurrent Mark 8.952ms
[2022-04-10T12:35:45.587+0800][2.858s] GC(5) Concurrent Rebuild Remembered Sets
[2022-04-10T12:35:45.592+0800][2.862s] GC(5) Concurrent Rebuild Remembered Sets 4.643ms
[2022-04-10T12:35:45.592+0800][2.862s] GC(5) Pause Cleanup
[2022-04-10T12:35:45.592+0800][2.863s] GC(5) Pause Cleanup 31M->31M(512M) 0.139ms
[2022-04-10T12:35:45.592+0800][2.863s] GC(5) User=0.00s Sys=0.00s Real=0.00s
[2022-04-10T12:35:45.592+0800][2.863s] GC(5) Concurrent Cleanup for Next Mark
[2022-04-10T12:35:45.593+0800][2.863s] GC(5) Concurrent Cleanup for Next Mark 0.735ms
[2022-04-10T12:35:45.593+0800][2.863s] GC(5) Concurrent Mark Cycle 16.139ms
[2022-04-10T12:35:56.555+0800][13.825s] GC(6) Pause Young (Normal) (G1 Evacuation Pause)
[2022-04-10T12:35:56.555+0800][13.825s] GC(6) Using 10 workers of 10 for evacuation
[2022-04-10T12:35:56.560+0800][13.830s] GC(6)   Pre Evacuate Collection Set: 0.1ms
[2022-04-10T12:35:56.560+0800][13.830s] GC(6)   Merge Heap Roots: 0.1ms
[2022-04-10T12:35:56.560+0800][13.831s] GC(6)   Evacuate Collection Set: 4.1ms
[2022-04-10T12:35:56.560+0800][13.831s] GC(6)   Post Evacuate Collection Set: 0.9ms
[2022-04-10T12:35:56.560+0800][13.831s] GC(6)   Other: 0.2ms
[2022-04-10T12:35:56.560+0800][13.831s] GC(6) Eden regions: 208->0(290)
[2022-04-10T12:35:56.560+0800][13.831s] GC(6) Survivor regions: 6->17(27)
[2022-04-10T12:35:56.560+0800][13.831s] GC(6) Old regions: 19->19
[2022-04-10T12:35:56.560+0800][13.831s] GC(6) Archive regions: 2->2
[2022-04-10T12:35:56.560+0800][13.831s] GC(6) Humongous regions: 8->7
[2022-04-10T12:35:56.560+0800][13.831s] GC(6) Metaspace: 47891K(48256K)->47891K(48256K) NonClass: 42243K(42432K)->42243K(42432K) Class: 5648K(5824K)->5648K(5824K)
[2022-04-10T12:35:56.560+0800][13.831s] GC(6) Pause Young (Normal) (G1 Evacuation Pause) 241M->43M(512M) 5.505ms
[2022-04-10T12:35:56.560+0800][13.831s] GC(6) User=0.05s Sys=0.01s Real=0.01s
[2022-04-10T12:35:57.289+0800][14.559s] GC(7) Pause Young (Normal) (G1 Evacuation Pause)
[2022-04-10T12:35:57.289+0800][14.559s] GC(7) Using 10 workers of 10 for evacuation
[2022-04-10T12:35:57.294+0800][14.564s] GC(7)   Pre Evacuate Collection Set: 0.1ms
[2022-04-10T12:35:57.294+0800][14.564s] GC(7)   Merge Heap Roots: 0.1ms
[2022-04-10T12:35:57.294+0800][14.564s] GC(7)   Evacuate Collection Set: 4.3ms
[2022-04-10T12:35:57.294+0800][14.564s] GC(7)   Post Evacuate Collection Set: 0.6ms
[2022-04-10T12:35:57.294+0800][14.564s] GC(7)   Other: 0.2ms
[2022-04-10T12:35:57.294+0800][14.564s] GC(7) Eden regions: 290->0(284)
[2022-04-10T12:35:57.294+0800][14.564s] GC(7) Survivor regions: 17->23(39)
[2022-04-10T12:35:57.294+0800][14.564s] GC(7) Old regions: 19->19
[2022-04-10T12:35:57.294+0800][14.564s] GC(7) Archive regions: 2->2
[2022-04-10T12:35:57.294+0800][14.564s] GC(7) Humongous regions: 7->7
[2022-04-10T12:35:57.294+0800][14.564s] GC(7) Metaspace: 47930K(48256K)->47930K(48256K) NonClass: 42280K(42432K)->42280K(42432K) Class: 5649K(5824K)->5649K(5824K)
[2022-04-10T12:35:57.294+0800][14.564s] GC(7) Pause Young (Normal) (G1 Evacuation Pause) 333M->49M(512M) 5.350ms
[2022-04-10T12:35:57.294+0800][14.564s] GC(7) User=0.05s Sys=0.00s Real=0.01s
[2022-04-10T12:35:57.886+0800][15.157s] GC(8) Pause Young (Normal) (G1 Evacuation Pause)
[2022-04-10T12:35:57.886+0800][15.157s] GC(8) Using 10 workers of 10 for evacuation
[2022-04-10T12:35:57.892+0800][15.162s] GC(8)   Pre Evacuate Collection Set: 0.1ms
[2022-04-10T12:35:57.892+0800][15.162s] GC(8)   Merge Heap Roots: 0.1ms
[2022-04-10T12:35:57.892+0800][15.162s] GC(8)   Evacuate Collection Set: 4.9ms
[2022-04-10T12:35:57.892+0800][15.162s] GC(8)   Post Evacuate Collection Set: 0.6ms
[2022-04-10T12:35:57.892+0800][15.163s] GC(8)   Other: 0.1ms
[2022-04-10T12:35:57.892+0800][15.163s] GC(8) Eden regions: 284->0(284)
[2022-04-10T12:35:57.892+0800][15.163s] GC(8) Survivor regions: 23->23(39)
[2022-04-10T12:35:57.892+0800][15.163s] GC(8) Old regions: 19->23
[2022-04-10T12:35:57.892+0800][15.163s] GC(8) Archive regions: 2->2
[2022-04-10T12:35:57.892+0800][15.163s] GC(8) Humongous regions: 8->8
[2022-04-10T12:35:57.892+0800][15.163s] GC(8) Metaspace: 48036K(48384K)->48036K(48384K) NonClass: 42386K(42560K)->42386K(42560K) Class: 5649K(5824K)->5649K(5824K)
[2022-04-10T12:35:57.892+0800][15.163s] GC(8) Pause Young (Normal) (G1 Evacuation Pause) 334M->54M(512M) 5.872ms
[2022-04-10T12:35:57.892+0800][15.163s] GC(8) User=0.06s Sys=0.00s Real=0.01s
[2022-04-10T12:35:58.436+0800][15.707s] GC(9) Pause Young (Normal) (G1 Evacuation Pause)
[2022-04-10T12:35:58.436+0800][15.707s] GC(9) Using 10 workers of 10 for evacuation
[2022-04-10T12:35:58.441+0800][15.711s] GC(9)   Pre Evacuate Collection Set: 0.1ms
[2022-04-10T12:35:58.441+0800][15.711s] GC(9)   Merge Heap Roots: 0.1ms
[2022-04-10T12:35:58.441+0800][15.711s] GC(9)   Evacuate Collection Set: 3.3ms
[2022-04-10T12:35:58.441+0800][15.711s] GC(9)   Post Evacuate Collection Set: 0.5ms
[2022-04-10T12:35:58.441+0800][15.711s] GC(9)   Other: 0.1ms
[2022-04-10T12:35:58.441+0800][15.711s] GC(9) Eden regions: 284->0(292)
[2022-04-10T12:35:58.441+0800][15.711s] GC(9) Survivor regions: 23->15(39)
[2022-04-10T12:35:58.441+0800][15.711s] GC(9) Old regions: 23->35
[2022-04-10T12:35:58.441+0800][15.711s] GC(9) Archive regions: 2->2
[2022-04-10T12:35:58.441+0800][15.711s] GC(9) Humongous regions: 8->8
[2022-04-10T12:35:58.441+0800][15.711s] GC(9) Metaspace: 48044K(48384K)->48044K(48384K) NonClass: 42394K(42560K)->42394K(42560K) Class: 5649K(5824K)->5649K(5824K)
[2022-04-10T12:35:58.441+0800][15.711s] GC(9) Pause Young (Normal) (G1 Evacuation Pause) 338M->58M(512M) 4.297ms
[2022-04-10T12:35:58.441+0800][15.711s] GC(9) User=0.03s Sys=0.00s Real=0.01s
[2022-04-10T12:35:58.951+0800][16.222s] GC(10) Pause Young (Normal) (G1 Evacuation Pause)
[2022-04-10T12:35:58.951+0800][16.222s] GC(10) Using 10 workers of 10 for evacuation
[2022-04-10T12:35:58.954+0800][16.224s] GC(10)   Pre Evacuate Collection Set: 0.1ms
[2022-04-10T12:35:58.954+0800][16.224s] GC(10)   Merge Heap Roots: 0.1ms
[2022-04-10T12:35:58.954+0800][16.224s] GC(10)   Evacuate Collection Set: 1.9ms
[2022-04-10T12:35:58.954+0800][16.224s] GC(10)   Post Evacuate Collection Set: 0.4ms
[2022-04-10T12:35:58.954+0800][16.224s] GC(10)   Other: 0.2ms
[2022-04-10T12:35:58.954+0800][16.224s] GC(10) Eden regions: 292->0(287)
[2022-04-10T12:35:58.954+0800][16.224s] GC(10) Survivor regions: 15->20(39)
[2022-04-10T12:35:58.954+0800][16.224s] GC(10) Old regions: 35->35
[2022-04-10T12:35:58.954+0800][16.224s] GC(10) Archive regions: 2->2
[2022-04-10T12:35:58.954+0800][16.224s] GC(10) Humongous regions: 8->8
[2022-04-10T12:35:58.954+0800][16.224s] GC(10) Metaspace: 48049K(48384K)->48049K(48384K) NonClass: 42399K(42560K)->42399K(42560K) Class: 5649K(5824K)->5649K(5824K)
[2022-04-10T12:35:58.954+0800][16.224s] GC(10) Pause Young (Normal) (G1 Evacuation Pause) 350M->62M(512M) 2.821ms
[2022-04-10T12:35:58.954+0800][16.224s] GC(10) User=0.02s Sys=0.00s Real=0.00s
[2022-04-10T12:35:59.450+0800][16.721s] GC(11) Pause Young (Normal) (G1 Evacuation Pause)
[2022-04-10T12:35:59.450+0800][16.721s] GC(11) Using 10 workers of 10 for evacuation
[2022-04-10T12:35:59.453+0800][16.724s] GC(11)   Pre Evacuate Collection Set: 0.1ms
[2022-04-10T12:35:59.453+0800][16.724s] GC(11)   Merge Heap Roots: 0.1ms
[2022-04-10T12:35:59.453+0800][16.724s] GC(11)   Evacuate Collection Set: 2.2ms
[2022-04-10T12:35:59.453+0800][16.724s] GC(11)   Post Evacuate Collection Set: 0.4ms
[2022-04-10T12:35:59.453+0800][16.724s] GC(11)   Other: 0.2ms
[2022-04-10T12:35:59.453+0800][16.724s] GC(11) Eden regions: 287->0(283)
[2022-04-10T12:35:59.453+0800][16.724s] GC(11) Survivor regions: 20->24(39)
[2022-04-10T12:35:59.453+0800][16.724s] GC(11) Old regions: 35->35
[2022-04-10T12:35:59.453+0800][16.724s] GC(11) Archive regions: 2->2
[2022-04-10T12:35:59.453+0800][16.724s] GC(11) Humongous regions: 8->8
[2022-04-10T12:35:59.453+0800][16.724s] GC(11) Metaspace: 48054K(48448K)->48054K(48448K) NonClass: 42405K(42624K)->42405K(42624K) Class: 5649K(5824K)->5649K(5824K)
[2022-04-10T12:35:59.453+0800][16.724s] GC(11) Pause Young (Normal) (G1 Evacuation Pause) 349M->66M(512M) 3.083ms
[2022-04-10T12:35:59.453+0800][16.724s] GC(11) User=0.03s Sys=0.00s Real=0.00s
[2022-04-10T12:35:59.992+0800][17.262s] GC(12) Pause Young (Normal) (G1 Evacuation Pause)
[2022-04-10T12:35:59.992+0800][17.262s] GC(12) Using 10 workers of 10 for evacuation
[2022-04-10T12:35:59.995+0800][17.265s] GC(12)   Pre Evacuate Collection Set: 0.1ms
[2022-04-10T12:35:59.995+0800][17.265s] GC(12)   Merge Heap Roots: 0.1ms
[2022-04-10T12:35:59.995+0800][17.265s] GC(12)   Evacuate Collection Set: 2.5ms
[2022-04-10T12:35:59.995+0800][17.265s] GC(12)   Post Evacuate Collection Set: 0.4ms
[2022-04-10T12:35:59.995+0800][17.265s] GC(12)   Other: 0.2ms
[2022-04-10T12:35:59.995+0800][17.265s] GC(12) Eden regions: 283->0(283)
[2022-04-10T12:35:59.995+0800][17.265s] GC(12) Survivor regions: 24->24(39)
[2022-04-10T12:35:59.995+0800][17.265s] GC(12) Old regions: 35->39
[2022-04-10T12:35:59.995+0800][17.265s] GC(12) Archive regions: 2->2
[2022-04-10T12:35:59.995+0800][17.265s] GC(12) Humongous regions: 14->13
[2022-04-10T12:35:59.995+0800][17.265s] GC(12) Metaspace: 48055K(48448K)->48055K(48448K) NonClass: 42406K(42624K)->42406K(42624K) Class: 5649K(5824K)->5649K(5824K)
[2022-04-10T12:35:59.995+0800][17.265s] GC(12) Pause Young (Normal) (G1 Evacuation Pause) 355M->75M(512M) 3.375ms
[2022-04-10T12:35:59.995+0800][17.265s] GC(12) User=0.03s Sys=0.00s Real=0.00s
[2022-04-10T12:36:00.531+0800][17.801s] GC(13) Pause Young (Normal) (G1 Evacuation Pause)
[2022-04-10T12:36:00.531+0800][17.801s] GC(13) Using 10 workers of 10 for evacuation
[2022-04-10T12:36:00.534+0800][17.805s] GC(13)   Pre Evacuate Collection Set: 0.1ms
[2022-04-10T12:36:00.534+0800][17.805s] GC(13)   Merge Heap Roots: 0.1ms
[2022-04-10T12:36:00.534+0800][17.805s] GC(13)   Evacuate Collection Set: 2.8ms
[2022-04-10T12:36:00.534+0800][17.805s] GC(13)   Post Evacuate Collection Set: 0.4ms
[2022-04-10T12:36:00.534+0800][17.805s] GC(13)   Other: 0.1ms
[2022-04-10T12:36:00.534+0800][17.805s] GC(13) Eden regions: 283->0(282)
[2022-04-10T12:36:00.534+0800][17.805s] GC(13) Survivor regions: 24->25(39)
[2022-04-10T12:36:00.534+0800][17.805s] GC(13) Old regions: 39->42
[2022-04-10T12:36:00.534+0800][17.805s] GC(13) Archive regions: 2->2
[2022-04-10T12:36:00.534+0800][17.805s] GC(13) Humongous regions: 13->13
[2022-04-10T12:36:00.534+0800][17.805s] GC(13) Metaspace: 48057K(48448K)->48057K(48448K) NonClass: 42407K(42624K)->42407K(42624K) Class: 5649K(5824K)->5649K(5824K)
[2022-04-10T12:36:00.534+0800][17.805s] GC(13) Pause Young (Normal) (G1 Evacuation Pause) 358M->79M(512M) 3.640ms
[2022-04-10T12:36:00.535+0800][17.805s] GC(13) User=0.02s Sys=0.01s Real=0.00s
[2022-04-10T12:36:01.066+0800][18.336s] GC(14) Pause Young (Normal) (G1 Evacuation Pause)
[2022-04-10T12:36:01.066+0800][18.336s] GC(14) Using 10 workers of 10 for evacuation
[2022-04-10T12:36:01.069+0800][18.340s] GC(14)   Pre Evacuate Collection Set: 0.1ms
[2022-04-10T12:36:01.069+0800][18.340s] GC(14)   Merge Heap Roots: 0.1ms
[2022-04-10T12:36:01.069+0800][18.340s] GC(14)   Evacuate Collection Set: 2.9ms
[2022-04-10T12:36:01.069+0800][18.340s] GC(14)   Post Evacuate Collection Set: 0.4ms
[2022-04-10T12:36:01.069+0800][18.340s] GC(14)   Other: 0.2ms
[2022-04-10T12:36:01.070+0800][18.340s] GC(14) Eden regions: 282->0(284)
[2022-04-10T12:36:01.070+0800][18.340s] GC(14) Survivor regions: 25->23(39)
[2022-04-10T12:36:01.070+0800][18.340s] GC(14) Old regions: 42->48
[2022-04-10T12:36:01.070+0800][18.340s] GC(14) Archive regions: 2->2
[2022-04-10T12:36:01.070+0800][18.340s] GC(14) Humongous regions: 13->13
[2022-04-10T12:36:01.070+0800][18.340s] GC(14) Metaspace: 48058K(48448K)->48058K(48448K) NonClass: 42409K(42624K)->42409K(42624K) Class: 5649K(5824K)->5649K(5824K)
[2022-04-10T12:36:01.070+0800][18.340s] GC(14) Pause Young (Normal) (G1 Evacuation Pause) 361M->84M(512M) 3.800ms
[2022-04-10T12:36:01.070+0800][18.340s] GC(14) User=0.03s Sys=0.00s Real=0.01s
[2022-04-10T12:36:01.610+0800][18.880s] GC(15) Pause Young (Normal) (G1 Evacuation Pause)
[2022-04-10T12:36:01.610+0800][18.880s] GC(15) Using 10 workers of 10 for evacuation
[2022-04-10T12:36:01.613+0800][18.883s] GC(15)   Pre Evacuate Collection Set: 0.1ms
[2022-04-10T12:36:01.613+0800][18.884s] GC(15)   Merge Heap Roots: 0.1ms
[2022-04-10T12:36:01.613+0800][18.884s] GC(15)   Evacuate Collection Set: 2.6ms
[2022-04-10T12:36:01.613+0800][18.884s] GC(15)   Post Evacuate Collection Set: 0.5ms
[2022-04-10T12:36:01.613+0800][18.884s] GC(15)   Other: 0.1ms
[2022-04-10T12:36:01.613+0800][18.884s] GC(15) Eden regions: 284->0(283)
[2022-04-10T12:36:01.613+0800][18.884s] GC(15) Survivor regions: 23->24(39)
[2022-04-10T12:36:01.613+0800][18.884s] GC(15) Old regions: 48->51
[2022-04-10T12:36:01.613+0800][18.884s] GC(15) Archive regions: 2->2
[2022-04-10T12:36:01.613+0800][18.884s] GC(15) Humongous regions: 14->14
[2022-04-10T12:36:01.613+0800][18.884s] GC(15) Metaspace: 48059K(48448K)->48059K(48448K) NonClass: 42410K(42624K)->42410K(42624K) Class: 5649K(5824K)->5649K(5824K)
[2022-04-10T12:36:01.613+0800][18.884s] GC(15) Pause Young (Normal) (G1 Evacuation Pause) 369M->89M(512M) 3.539ms
[2022-04-10T12:36:01.613+0800][18.884s] GC(15) User=0.03s Sys=0.00s Real=0.00s
[2022-04-10T12:36:03.079+0800][20.349s] GC(16) Pause Young (Normal) (G1 Evacuation Pause)
[2022-04-10T12:36:03.079+0800][20.349s] GC(16) Using 10 workers of 10 for evacuation
[2022-04-10T12:36:03.083+0800][20.353s] GC(16)   Pre Evacuate Collection Set: 0.1ms
[2022-04-10T12:36:03.083+0800][20.353s] GC(16)   Merge Heap Roots: 0.1ms
[2022-04-10T12:36:03.083+0800][20.353s] GC(16)   Evacuate Collection Set: 3.0ms
[2022-04-10T12:36:03.083+0800][20.353s] GC(16)   Post Evacuate Collection Set: 0.4ms
[2022-04-10T12:36:03.083+0800][20.353s] GC(16)   Other: 0.1ms
[2022-04-10T12:36:03.083+0800][20.353s] GC(16) Eden regions: 283->0(281)
[2022-04-10T12:36:03.083+0800][20.353s] GC(16) Survivor regions: 24->26(39)
[2022-04-10T12:36:03.083+0800][20.353s] GC(16) Old regions: 51->54
[2022-04-10T12:36:03.083+0800][20.353s] GC(16) Archive regions: 2->2
[2022-04-10T12:36:03.083+0800][20.353s] GC(16) Humongous regions: 14->14
[2022-04-10T12:36:03.083+0800][20.353s] GC(16) Metaspace: 49247K(49600K)->49247K(49600K) NonClass: 43483K(43648K)->43483K(43648K) Class: 5763K(5952K)->5763K(5952K)
[2022-04-10T12:36:03.083+0800][20.353s] GC(16) Pause Young (Normal) (G1 Evacuation Pause) 372M->94M(512M) 3.879ms
[2022-04-10T12:36:03.083+0800][20.353s] GC(16) User=0.04s Sys=0.01s Real=0.01s
[2022-04-10T12:36:04.490+0800][21.760s] GC(17) Pause Young (Normal) (G1 Evacuation Pause)
[2022-04-10T12:36:04.490+0800][21.760s] GC(17) Using 10 workers of 10 for evacuation
[2022-04-10T12:36:04.494+0800][21.764s] GC(17)   Pre Evacuate Collection Set: 0.1ms
[2022-04-10T12:36:04.494+0800][21.764s] GC(17)   Merge Heap Roots: 0.1ms
[2022-04-10T12:36:04.494+0800][21.765s] GC(17)   Evacuate Collection Set: 3.4ms
[2022-04-10T12:36:04.494+0800][21.765s] GC(17)   Post Evacuate Collection Set: 0.6ms
[2022-04-10T12:36:04.494+0800][21.765s] GC(17)   Other: 0.2ms
[2022-04-10T12:36:04.494+0800][21.765s] GC(17) Eden regions: 281->0(285)
[2022-04-10T12:36:04.494+0800][21.765s] GC(17) Survivor regions: 26->22(39)
[2022-04-10T12:36:04.494+0800][21.765s] GC(17) Old regions: 54->62
[2022-04-10T12:36:04.494+0800][21.765s] GC(17) Archive regions: 2->2
[2022-04-10T12:36:04.494+0800][21.765s] GC(17) Humongous regions: 14->14
[2022-04-10T12:36:04.494+0800][21.765s] GC(17) Metaspace: 50723K(51072K)->50723K(51072K) NonClass: 44774K(44928K)->44774K(44928K) Class: 5948K(6144K)->5948K(6144K)
[2022-04-10T12:36:04.494+0800][21.765s] GC(17) Pause Young (Normal) (G1 Evacuation Pause) 375M->97M(512M) 4.391ms
[2022-04-10T12:36:04.494+0800][21.765s] GC(17) User=0.04s Sys=0.00s Real=0.00s
[2022-04-10T12:36:05.682+0800][22.952s] GC(18) Pause Young (Normal) (G1 Evacuation Pause)
[2022-04-10T12:36:05.682+0800][22.952s] GC(18) Using 10 workers of 10 for evacuation
[2022-04-10T12:36:05.685+0800][22.956s] GC(18)   Pre Evacuate Collection Set: 0.1ms
[2022-04-10T12:36:05.685+0800][22.956s] GC(18)   Merge Heap Roots: 0.1ms
[2022-04-10T12:36:05.685+0800][22.956s] GC(18)   Evacuate Collection Set: 2.7ms
[2022-04-10T12:36:05.685+0800][22.956s] GC(18)   Post Evacuate Collection Set: 0.5ms
[2022-04-10T12:36:05.685+0800][22.956s] GC(18)   Other: 0.1ms
[2022-04-10T12:36:05.685+0800][22.956s] GC(18) Eden regions: 285->0(287)
[2022-04-10T12:36:05.685+0800][22.956s] GC(18) Survivor regions: 22->20(39)
[2022-04-10T12:36:05.685+0800][22.956s] GC(18) Old regions: 62->67
[2022-04-10T12:36:05.685+0800][22.956s] GC(18) Archive regions: 2->2
[2022-04-10T12:36:05.685+0800][22.956s] GC(18) Humongous regions: 14->14
[2022-04-10T12:36:05.685+0800][22.956s] GC(18) Metaspace: 50854K(51264K)->50854K(51264K) NonClass: 44899K(45120K)->44899K(45120K) Class: 5955K(6144K)->5955K(6144K)
[2022-04-10T12:36:05.685+0800][22.956s] GC(18) Pause Young (Normal) (G1 Evacuation Pause) 382M->101M(512M) 3.714ms
[2022-04-10T12:36:05.685+0800][22.956s] GC(18) User=0.03s Sys=0.00s Real=0.00s
[2022-04-10T12:36:06.797+0800][24.067s] GC(19) Pause Young (Normal) (G1 Evacuation Pause)
[2022-04-10T12:36:06.797+0800][24.067s] GC(19) Using 10 workers of 10 for evacuation
[2022-04-10T12:36:06.800+0800][24.070s] GC(19)   Pre Evacuate Collection Set: 0.1ms
[2022-04-10T12:36:06.800+0800][24.070s] GC(19)   Merge Heap Roots: 0.1ms
[2022-04-10T12:36:06.800+0800][24.070s] GC(19)   Evacuate Collection Set: 2.1ms
[2022-04-10T12:36:06.800+0800][24.070s] GC(19)   Post Evacuate Collection Set: 0.5ms
[2022-04-10T12:36:06.800+0800][24.070s] GC(19)   Other: 0.1ms
[2022-04-10T12:36:06.800+0800][24.070s] GC(19) Eden regions: 287->0(288)
[2022-04-10T12:36:06.800+0800][24.070s] GC(19) Survivor regions: 20->19(39)
[2022-04-10T12:36:06.800+0800][24.070s] GC(19) Old regions: 67->67
[2022-04-10T12:36:06.800+0800][24.070s] GC(19) Archive regions: 2->2
[2022-04-10T12:36:06.800+0800][24.070s] GC(19) Humongous regions: 14->14
[2022-04-10T12:36:06.800+0800][24.070s] GC(19) Metaspace: 50954K(51328K)->50954K(51328K) NonClass: 44997K(45184K)->44997K(45184K) Class: 5956K(6144K)->5956K(6144K)
[2022-04-10T12:36:06.800+0800][24.070s] GC(19) Pause Young (Normal) (G1 Evacuation Pause) 388M->100M(512M) 3.008ms
[2022-04-10T12:36:06.800+0800][24.070s] GC(19) User=0.02s Sys=0.00s Real=0.01s
[2022-04-10T12:36:07.386+0800][24.657s] GC(20) Pause Young (Normal) (G1 Evacuation Pause)
[2022-04-10T12:36:07.386+0800][24.657s] GC(20) Using 10 workers of 10 for evacuation
[2022-04-10T12:36:07.390+0800][24.660s] GC(20)   Pre Evacuate Collection Set: 0.1ms
[2022-04-10T12:36:07.390+0800][24.660s] GC(20)   Merge Heap Roots: 0.1ms
[2022-04-10T12:36:07.390+0800][24.660s] GC(20)   Evacuate Collection Set: 2.7ms
[2022-04-10T12:36:07.390+0800][24.660s] GC(20)   Post Evacuate Collection Set: 0.5ms
[2022-04-10T12:36:07.390+0800][24.660s] GC(20)   Other: 0.2ms
[2022-04-10T12:36:07.390+0800][24.660s] GC(20) Eden regions: 288->0(281)
[2022-04-10T12:36:07.390+0800][24.660s] GC(20) Survivor regions: 19->26(39)
[2022-04-10T12:36:07.390+0800][24.660s] GC(20) Old regions: 67->67
[2022-04-10T12:36:07.390+0800][24.660s] GC(20) Archive regions: 2->2
[2022-04-10T12:36:07.390+0800][24.660s] GC(20) Humongous regions: 14->14
[2022-04-10T12:36:07.390+0800][24.660s] GC(20) Metaspace: 50954K(51328K)->50954K(51328K) NonClass: 44997K(45184K)->44997K(45184K) Class: 5956K(6144K)->5956K(6144K)
[2022-04-10T12:36:07.390+0800][24.660s] GC(20) Pause Young (Normal) (G1 Evacuation Pause) 388M->106M(512M) 3.655ms
[2022-04-10T12:36:07.390+0800][24.660s] GC(20) User=0.03s Sys=0.00s Real=0.01s
[2022-04-10T12:36:07.955+0800][25.225s] GC(21) Pause Young (Normal) (G1 Evacuation Pause)
[2022-04-10T12:36:07.955+0800][25.225s] GC(21) Using 10 workers of 10 for evacuation
[2022-04-10T12:36:07.958+0800][25.229s] GC(21)   Pre Evacuate Collection Set: 0.1ms
[2022-04-10T12:36:07.958+0800][25.229s] GC(21)   Merge Heap Roots: 0.0ms
[2022-04-10T12:36:07.958+0800][25.229s] GC(21)   Evacuate Collection Set: 3.1ms
[2022-04-10T12:36:07.958+0800][25.229s] GC(21)   Post Evacuate Collection Set: 0.4ms
[2022-04-10T12:36:07.958+0800][25.229s] GC(21)   Other: 0.1ms
[2022-04-10T12:36:07.958+0800][25.229s] GC(21) Eden regions: 281->0(289)
[2022-04-10T12:36:07.958+0800][25.229s] GC(21) Survivor regions: 26->18(39)
[2022-04-10T12:36:07.958+0800][25.229s] GC(21) Old regions: 67->79
[2022-04-10T12:36:07.958+0800][25.229s] GC(21) Archive regions: 2->2
[2022-04-10T12:36:07.958+0800][25.229s] GC(21) Humongous regions: 15->15
[2022-04-10T12:36:07.958+0800][25.229s] GC(21) Metaspace: 50954K(51328K)->50954K(51328K) NonClass: 44997K(45184K)->44997K(45184K) Class: 5956K(6144K)->5956K(6144K)
[2022-04-10T12:36:07.959+0800][25.229s] GC(21) Pause Young (Normal) (G1 Evacuation Pause) 388M->112M(512M) 3.839ms
[2022-04-10T12:36:07.959+0800][25.229s] GC(21) User=0.03s Sys=0.00s Real=0.00s
[2022-04-10T12:36:08.512+0800][25.782s] GC(22) Pause Young (Normal) (G1 Evacuation Pause)
[2022-04-10T12:36:08.512+0800][25.782s] GC(22) Using 10 workers of 10 for evacuation
[2022-04-10T12:36:08.515+0800][25.786s] GC(22)   Pre Evacuate Collection Set: 0.1ms
[2022-04-10T12:36:08.515+0800][25.786s] GC(22)   Merge Heap Roots: 0.1ms
[2022-04-10T12:36:08.515+0800][25.786s] GC(22)   Evacuate Collection Set: 2.5ms
[2022-04-10T12:36:08.515+0800][25.786s] GC(22)   Post Evacuate Collection Set: 0.5ms
[2022-04-10T12:36:08.515+0800][25.786s] GC(22)   Other: 0.2ms
[2022-04-10T12:36:08.515+0800][25.786s] GC(22) Eden regions: 289->0(283)
[2022-04-10T12:36:08.515+0800][25.786s] GC(22) Survivor regions: 18->24(39)
[2022-04-10T12:36:08.515+0800][25.786s] GC(22) Old regions: 79->79
[2022-04-10T12:36:08.515+0800][25.786s] GC(22) Archive regions: 2->2
[2022-04-10T12:36:08.515+0800][25.786s] GC(22) Humongous regions: 15->15
[2022-04-10T12:36:08.516+0800][25.786s] GC(22) Metaspace: 50957K(51328K)->50957K(51328K) NonClass: 45000K(45184K)->45000K(45184K) Class: 5956K(6144K)->5956K(6144K)
[2022-04-10T12:36:08.516+0800][25.786s] GC(22) Pause Young (Normal) (G1 Evacuation Pause) 401M->117M(512M) 3.384ms
[2022-04-10T12:36:08.516+0800][25.786s] GC(22) User=0.02s Sys=0.01s Real=0.00s
[2022-04-10T12:36:09.737+0800][27.007s] GC(23) Pause Young (Normal) (G1 Evacuation Pause)
[2022-04-10T12:36:09.737+0800][27.007s] GC(23) Using 10 workers of 10 for evacuation
[2022-04-10T12:36:09.739+0800][27.010s] GC(23)   Pre Evacuate Collection Set: 0.1ms
[2022-04-10T12:36:09.739+0800][27.010s] GC(23)   Merge Heap Roots: 0.1ms
[2022-04-10T12:36:09.739+0800][27.010s] GC(23)   Evacuate Collection Set: 2.0ms
[2022-04-10T12:36:09.739+0800][27.010s] GC(23)   Post Evacuate Collection Set: 0.4ms
[2022-04-10T12:36:09.739+0800][27.010s] GC(23)   Other: 0.1ms
[2022-04-10T12:36:09.739+0800][27.010s] GC(23) Eden regions: 283->0(300)
[2022-04-10T12:36:09.739+0800][27.010s] GC(23) Survivor regions: 24->7(39)
[2022-04-10T12:36:09.739+0800][27.010s] GC(23) Old regions: 79->81
[2022-04-10T12:36:09.739+0800][27.010s] GC(23) Archive regions: 2->2
[2022-04-10T12:36:09.739+0800][27.010s] GC(23) Humongous regions: 15->14
[2022-04-10T12:36:09.739+0800][27.010s] GC(23) Metaspace: 50996K(51392K)->50996K(51392K) NonClass: 45040K(45248K)->45040K(45248K) Class: 5956K(6144K)->5956K(6144K)
[2022-04-10T12:36:09.739+0800][27.010s] GC(23) Pause Young (Normal) (G1 Evacuation Pause) 400M->102M(512M) 2.836ms
[2022-04-10T12:36:09.739+0800][27.010s] GC(23) User=0.01s Sys=0.01s Real=0.00s
[2022-04-10T12:46:25.564+0800][642.829s] Heap
[2022-04-10T12:46:25.564+0800][642.829s]  garbage-first heap   total 524288K, used 409622K [0x00000007e0000000, 0x0000000800000000)
[2022-04-10T12:46:25.564+0800][642.829s]   region size 1024K, 305 young (312320K), 7 survivors (7168K)
[2022-04-10T12:46:25.564+0800][642.829s]  Metaspace       used 51836K, committed 52224K, reserved 1097728K
[2022-04-10T12:46:25.564+0800][642.829s]   class space    used 6045K, committed 6208K, reserved 1048576K
