[2022-04-10T01:51:49.780+0800][0.009s] Using G1
[2022-04-10T01:51:49.972+0800][0.200s] Version: 16.0.1+9-24 (release)
[2022-04-10T01:51:49.972+0800][0.200s] CPUs: 12 total, 12 available
[2022-04-10T01:51:49.972+0800][0.200s] Memory: 16384M
[2022-04-10T01:51:49.972+0800][0.200s] Large Page Support: Disabled
[2022-04-10T01:51:49.972+0800][0.200s] NUMA Support: Disabled
[2022-04-10T01:51:49.972+0800][0.200s] Compressed Oops: Enabled (Zero based)
[2022-04-10T01:51:49.972+0800][0.200s] Heap Region Size: 1M
[2022-04-10T01:51:49.972+0800][0.200s] Heap Min Capacity: 512M
[2022-04-10T01:51:49.972+0800][0.200s] Heap Initial Capacity: 512M
[2022-04-10T01:51:49.972+0800][0.200s] Heap Max Capacity: 512M
[2022-04-10T01:51:49.972+0800][0.200s] Pre-touch: Enabled
[2022-04-10T01:51:49.972+0800][0.200s] Parallel Workers: 10
[2022-04-10T01:51:49.972+0800][0.200s] Concurrent Workers: 3
[2022-04-10T01:51:49.972+0800][0.200s] Concurrent Refinement Workers: 10
[2022-04-10T01:51:49.972+0800][0.200s] Periodic GC: Disabled
[2022-04-10T01:51:49.972+0800][0.201s] CDS archive(s) mapped at: [0x0000000800000000-0x0000000800bbb000-0x0000000800bbb000), size 12300288, SharedBaseAddress: 0x0000000800000000, ArchiveRelocationMode: 0.
[2022-04-10T01:51:49.973+0800][0.201s] Compressed class space mapped at: 0x0000000800c00000-0x0000000840c00000, reserved size: 1073741824
[2022-04-10T01:51:49.973+0800][0.201s] Narrow klass base: 0x0000000800000000, Narrow klass shift: 3, Narrow klass range: 0x100000000
[2022-04-10T01:51:50.562+0800][0.790s] GC(0) Pause Young (Normal) (G1 Evacuation Pause)
[2022-04-10T01:51:50.562+0800][0.791s] GC(0) Using 10 workers of 10 for evacuation
[2022-04-10T01:51:50.564+0800][0.793s] GC(0)   Pre Evacuate Collection Set: 0.1ms
[2022-04-10T01:51:50.564+0800][0.793s] GC(0)   Merge Heap Roots: 0.1ms
[2022-04-10T01:51:50.564+0800][0.793s] GC(0)   Evacuate Collection Set: 1.4ms
[2022-04-10T01:51:50.564+0800][0.793s] GC(0)   Post Evacuate Collection Set: 0.4ms
[2022-04-10T01:51:50.564+0800][0.793s] GC(0)   Other: 0.5ms
[2022-04-10T01:51:50.564+0800][0.793s] GC(0) Eden regions: 29->0(81)
[2022-04-10T01:51:50.565+0800][0.793s] GC(0) Survivor regions: 0->4(4)
[2022-04-10T01:51:50.565+0800][0.793s] GC(0) Old regions: 0->0
[2022-04-10T01:51:50.565+0800][0.793s] GC(0) Archive regions: 2->2
[2022-04-10T01:51:50.565+0800][0.793s] GC(0) Humongous regions: 0->0
[2022-04-10T01:51:50.565+0800][0.793s] GC(0) Metaspace: 6913K(7104K)->6913K(7104K) NonClass: 6097K(6208K)->6097K(6208K) Class: 815K(896K)->815K(896K)
[2022-04-10T01:51:50.565+0800][0.793s] GC(0) Pause Young (Normal) (G1 Evacuation Pause) 29M->4M(512M) 2.669ms
[2022-04-10T01:51:50.565+0800][0.793s] GC(0) User=0.02s Sys=0.00s Real=0.00s
[2022-04-10T01:51:51.403+0800][1.631s] GC(1) Pause Young (Concurrent Start) (Metadata GC Threshold)
[2022-04-10T01:51:51.403+0800][1.631s] GC(1) Using 10 workers of 10 for evacuation
[2022-04-10T01:51:51.410+0800][1.638s] GC(1)   Pre Evacuate Collection Set: 0.1ms
[2022-04-10T01:51:51.410+0800][1.638s] GC(1)   Merge Heap Roots: 0.1ms
[2022-04-10T01:51:51.410+0800][1.638s] GC(1)   Evacuate Collection Set: 5.6ms
[2022-04-10T01:51:51.410+0800][1.638s] GC(1)   Post Evacuate Collection Set: 0.9ms
[2022-04-10T01:51:51.410+0800][1.638s] GC(1)   Other: 0.3ms
[2022-04-10T01:51:51.410+0800][1.638s] GC(1) Eden regions: 80->0(74)
[2022-04-10T01:51:51.410+0800][1.638s] GC(1) Survivor regions: 4->11(11)
[2022-04-10T01:51:51.410+0800][1.638s] GC(1) Old regions: 0->8
[2022-04-10T01:51:51.410+0800][1.638s] GC(1) Archive regions: 2->2
[2022-04-10T01:51:51.410+0800][1.638s] GC(1) Humongous regions: 4->4
[2022-04-10T01:51:51.410+0800][1.638s] GC(1) Metaspace: 21032K(21248K)->21032K(21248K) NonClass: 18658K(18752K)->18658K(18752K) Class: 2373K(2496K)->2373K(2496K)
[2022-04-10T01:51:51.410+0800][1.638s] GC(1) Pause Young (Concurrent Start) (Metadata GC Threshold) 88M->23M(512M) 7.077ms
[2022-04-10T01:51:51.410+0800][1.638s] GC(1) User=0.06s Sys=0.00s Real=0.01s
[2022-04-10T01:51:51.410+0800][1.638s] GC(2) Concurrent Mark Cycle
[2022-04-10T01:51:51.410+0800][1.638s] GC(2) Concurrent Clear Claimed Marks
[2022-04-10T01:51:51.410+0800][1.639s] GC(2) Concurrent Clear Claimed Marks 0.073ms
[2022-04-10T01:51:51.410+0800][1.639s] GC(2) Concurrent Scan Root Regions
[2022-04-10T01:51:51.413+0800][1.641s] GC(2) Concurrent Scan Root Regions 2.926ms
[2022-04-10T01:51:51.413+0800][1.641s] GC(2) Concurrent Mark
[2022-04-10T01:51:51.413+0800][1.642s] GC(2) Concurrent Mark From Roots
[2022-04-10T01:51:51.413+0800][1.642s] GC(2) Using 3 workers of 3 for marking
[2022-04-10T01:51:51.414+0800][1.643s] GC(2) Concurrent Mark From Roots 1.057ms
[2022-04-10T01:51:51.414+0800][1.643s] GC(2) Concurrent Preclean
[2022-04-10T01:51:51.414+0800][1.643s] GC(2) Concurrent Preclean 0.028ms
[2022-04-10T01:51:51.414+0800][1.643s] GC(2) Pause Remark
[2022-04-10T01:51:51.415+0800][1.644s] GC(2) Pause Remark 24M->24M(512M) 0.983ms
[2022-04-10T01:51:51.415+0800][1.644s] GC(2) User=0.01s Sys=0.00s Real=0.00s
[2022-04-10T01:51:51.415+0800][1.644s] GC(2) Concurrent Mark 2.284ms
[2022-04-10T01:51:51.415+0800][1.644s] GC(2) Concurrent Rebuild Remembered Sets
[2022-04-10T01:51:51.417+0800][1.646s] GC(2) Concurrent Rebuild Remembered Sets 2.067ms
[2022-04-10T01:51:51.417+0800][1.646s] GC(2) Pause Cleanup
[2022-04-10T01:51:51.418+0800][1.646s] GC(2) Pause Cleanup 24M->24M(512M) 0.127ms
[2022-04-10T01:51:51.418+0800][1.646s] GC(2) User=0.00s Sys=0.00s Real=0.00s
[2022-04-10T01:51:51.418+0800][1.646s] GC(2) Concurrent Cleanup for Next Mark
[2022-04-10T01:51:51.418+0800][1.647s] GC(2) Concurrent Cleanup for Next Mark 0.690ms
[2022-04-10T01:51:51.418+0800][1.647s] GC(2) Concurrent Mark Cycle 8.470ms
[2022-04-10T01:51:52.258+0800][2.486s] GC(3) Pause Young (Normal) (GCLocker Initiated GC)
[2022-04-10T01:51:52.258+0800][2.486s] GC(3) Using 10 workers of 10 for evacuation
[2022-04-10T01:51:52.264+0800][2.493s] GC(3)   Pre Evacuate Collection Set: 0.1ms
[2022-04-10T01:51:52.264+0800][2.493s] GC(3)   Merge Heap Roots: 0.1ms
[2022-04-10T01:51:52.264+0800][2.493s] GC(3)   Evacuate Collection Set: 5.8ms
[2022-04-10T01:51:52.264+0800][2.493s] GC(3)   Post Evacuate Collection Set: 0.6ms
[2022-04-10T01:51:52.264+0800][2.493s] GC(3)   Other: 0.1ms
[2022-04-10T01:51:52.264+0800][2.493s] GC(3) Eden regions: 69->0(130)
[2022-04-10T01:51:52.265+0800][2.493s] GC(3) Survivor regions: 11->5(10)
[2022-04-10T01:51:52.265+0800][2.493s] GC(3) Old regions: 8->20
[2022-04-10T01:51:52.265+0800][2.493s] GC(3) Archive regions: 2->2
[2022-04-10T01:51:52.265+0800][2.493s] GC(3) Humongous regions: 4->4
[2022-04-10T01:51:52.265+0800][2.493s] GC(3) Metaspace: 32847K(33152K)->32847K(33152K) NonClass: 29033K(29184K)->29033K(29184K) Class: 3814K(3968K)->3814K(3968K)
[2022-04-10T01:51:52.265+0800][2.493s] GC(3) Pause Young (Normal) (GCLocker Initiated GC) 92M->29M(512M) 6.760ms
[2022-04-10T01:51:52.265+0800][2.493s] GC(3) User=0.07s Sys=0.00s Real=0.01s
[2022-04-10T01:51:52.462+0800][2.691s] GC(4) Pause Young (Concurrent Start) (Metadata GC Threshold)
[2022-04-10T01:51:52.462+0800][2.691s] GC(4) Using 10 workers of 10 for evacuation
[2022-04-10T01:51:52.465+0800][2.694s] GC(4)   Pre Evacuate Collection Set: 0.1ms
[2022-04-10T01:51:52.465+0800][2.694s] GC(4)   Merge Heap Roots: 0.1ms
[2022-04-10T01:51:52.465+0800][2.694s] GC(4)   Evacuate Collection Set: 2.2ms
[2022-04-10T01:51:52.465+0800][2.694s] GC(4)   Post Evacuate Collection Set: 0.4ms
[2022-04-10T01:51:52.465+0800][2.694s] GC(4)   Other: 0.2ms
[2022-04-10T01:51:52.465+0800][2.694s] GC(4) Eden regions: 21->0(229)
[2022-04-10T01:51:52.465+0800][2.694s] GC(4) Survivor regions: 5->7(17)
[2022-04-10T01:51:52.465+0800][2.694s] GC(4) Old regions: 20->20
[2022-04-10T01:51:52.465+0800][2.694s] GC(4) Archive regions: 2->2
[2022-04-10T01:51:52.465+0800][2.694s] GC(4) Humongous regions: 5->4
[2022-04-10T01:51:52.465+0800][2.694s] GC(4) Metaspace: 35490K(35776K)->35490K(35776K) NonClass: 31295K(31424K)->31295K(31424K) Class: 4194K(4352K)->4194K(4352K)
[2022-04-10T01:51:52.465+0800][2.694s] GC(4) Pause Young (Concurrent Start) (Metadata GC Threshold) 50M->31M(512M) 3.131ms
[2022-04-10T01:51:52.465+0800][2.694s] GC(4) User=0.03s Sys=0.00s Real=0.00s
[2022-04-10T01:51:52.465+0800][2.694s] GC(5) Concurrent Mark Cycle
[2022-04-10T01:51:52.465+0800][2.694s] GC(5) Concurrent Clear Claimed Marks
[2022-04-10T01:51:52.465+0800][2.694s] GC(5) Concurrent Clear Claimed Marks 0.019ms
[2022-04-10T01:51:52.465+0800][2.694s] GC(5) Concurrent Scan Root Regions
[2022-04-10T01:51:52.467+0800][2.695s] GC(5) Concurrent Scan Root Regions 1.401ms
[2022-04-10T01:51:52.467+0800][2.695s] GC(5) Concurrent Mark
[2022-04-10T01:51:52.467+0800][2.695s] GC(5) Concurrent Mark From Roots
[2022-04-10T01:51:52.467+0800][2.695s] GC(5) Using 3 workers of 3 for marking
[2022-04-10T01:51:52.476+0800][2.704s] GC(5) Concurrent Mark From Roots 8.650ms
[2022-04-10T01:51:52.476+0800][2.704s] GC(5) Concurrent Preclean
[2022-04-10T01:51:52.476+0800][2.704s] GC(5) Concurrent Preclean 0.062ms
[2022-04-10T01:51:52.476+0800][2.704s] GC(5) Pause Remark
[2022-04-10T01:51:52.477+0800][2.706s] GC(5) Pause Remark 32M->32M(512M) 1.512ms
[2022-04-10T01:51:52.477+0800][2.706s] GC(5) User=0.01s Sys=0.00s Real=0.00s
[2022-04-10T01:51:52.477+0800][2.706s] GC(5) Concurrent Mark 10.527ms
[2022-04-10T01:51:52.477+0800][2.706s] GC(5) Concurrent Rebuild Remembered Sets
[2022-04-10T01:51:52.482+0800][2.710s] GC(5) Concurrent Rebuild Remembered Sets 4.260ms
[2022-04-10T01:51:52.482+0800][2.710s] GC(5) Pause Cleanup
[2022-04-10T01:51:52.482+0800][2.711s] GC(5) Pause Cleanup 33M->33M(512M) 0.152ms
[2022-04-10T01:51:52.482+0800][2.711s] GC(5) User=0.00s Sys=0.00s Real=0.00s
[2022-04-10T01:51:52.482+0800][2.711s] GC(5) Concurrent Cleanup for Next Mark
[2022-04-10T01:51:52.483+0800][2.711s] GC(5) Concurrent Cleanup for Next Mark 0.687ms
[2022-04-10T01:51:52.483+0800][2.711s] GC(5) Concurrent Mark Cycle 17.480ms
[2022-04-10T01:52:01.197+0800][11.425s] GC(6) Pause Young (Normal) (G1 Evacuation Pause)
[2022-04-10T01:52:01.197+0800][11.425s] GC(6) Using 10 workers of 10 for evacuation
[2022-04-10T01:52:01.203+0800][11.431s] GC(6)   Pre Evacuate Collection Set: 0.1ms
[2022-04-10T01:52:01.203+0800][11.431s] GC(6)   Merge Heap Roots: 0.1ms
[2022-04-10T01:52:01.203+0800][11.431s] GC(6)   Evacuate Collection Set: 5.0ms
[2022-04-10T01:52:01.203+0800][11.431s] GC(6)   Post Evacuate Collection Set: 0.8ms
[2022-04-10T01:52:01.203+0800][11.431s] GC(6)   Other: 0.2ms
[2022-04-10T01:52:01.203+0800][11.432s] GC(6) Eden regions: 229->0(286)
[2022-04-10T01:52:01.203+0800][11.432s] GC(6) Survivor regions: 7->21(30)
[2022-04-10T01:52:01.203+0800][11.432s] GC(6) Old regions: 20->20
[2022-04-10T01:52:01.203+0800][11.432s] GC(6) Archive regions: 2->2
[2022-04-10T01:52:01.203+0800][11.432s] GC(6) Humongous regions: 7->7
[2022-04-10T01:52:01.203+0800][11.432s] GC(6) Metaspace: 47863K(48192K)->47863K(48192K) NonClass: 42216K(42368K)->42216K(42368K) Class: 5647K(5824K)->5647K(5824K)
[2022-04-10T01:52:01.203+0800][11.432s] GC(6) Pause Young (Normal) (G1 Evacuation Pause) 263M->47M(512M) 6.218ms
[2022-04-10T01:52:01.203+0800][11.432s] GC(6) User=0.07s Sys=0.00s Real=0.01s
[2022-04-10T01:52:02.173+0800][12.402s] GC(7) Pause Young (Normal) (G1 Evacuation Pause)
[2022-04-10T01:52:02.173+0800][12.402s] GC(7) Using 10 workers of 10 for evacuation
[2022-04-10T01:52:02.180+0800][12.409s] GC(7)   Pre Evacuate Collection Set: 0.0ms
[2022-04-10T01:52:02.180+0800][12.409s] GC(7)   Merge Heap Roots: 0.1ms
[2022-04-10T01:52:02.180+0800][12.409s] GC(7)   Evacuate Collection Set: 6.1ms
[2022-04-10T01:52:02.180+0800][12.409s] GC(7)   Post Evacuate Collection Set: 0.7ms
[2022-04-10T01:52:02.180+0800][12.409s] GC(7)   Other: 0.2ms
[2022-04-10T01:52:02.180+0800][12.409s] GC(7) Eden regions: 286->0(278)
[2022-04-10T01:52:02.181+0800][12.409s] GC(7) Survivor regions: 21->29(39)
[2022-04-10T01:52:02.181+0800][12.409s] GC(7) Old regions: 20->25
[2022-04-10T01:52:02.181+0800][12.409s] GC(7) Archive regions: 2->2
[2022-04-10T01:52:02.181+0800][12.409s] GC(7) Humongous regions: 8->8
[2022-04-10T01:52:02.181+0800][12.409s] GC(7) Metaspace: 47978K(48320K)->47978K(48320K) NonClass: 42331K(42496K)->42331K(42496K) Class: 5647K(5824K)->5647K(5824K)
[2022-04-10T01:52:02.181+0800][12.409s] GC(7) Pause Young (Normal) (G1 Evacuation Pause) 334M->61M(512M) 7.164ms
[2022-04-10T01:52:02.181+0800][12.409s] GC(7) User=0.07s Sys=0.00s Real=0.01s
[2022-04-10T01:52:02.957+0800][13.186s] GC(8) Pause Young (Normal) (G1 Evacuation Pause)
[2022-04-10T01:52:02.957+0800][13.186s] GC(8) Using 10 workers of 10 for evacuation
[2022-04-10T01:52:02.964+0800][13.192s] GC(8)   Pre Evacuate Collection Set: 0.1ms
[2022-04-10T01:52:02.964+0800][13.192s] GC(8)   Merge Heap Roots: 0.1ms
[2022-04-10T01:52:02.964+0800][13.192s] GC(8)   Evacuate Collection Set: 5.7ms
[2022-04-10T01:52:02.964+0800][13.192s] GC(8)   Post Evacuate Collection Set: 0.5ms
[2022-04-10T01:52:02.964+0800][13.192s] GC(8)   Other: 0.1ms
[2022-04-10T01:52:02.964+0800][13.192s] GC(8) Eden regions: 278->0(281)
[2022-04-10T01:52:02.964+0800][13.192s] GC(8) Survivor regions: 29->26(39)
[2022-04-10T01:52:02.964+0800][13.192s] GC(8) Old regions: 25->39
[2022-04-10T01:52:02.964+0800][13.192s] GC(8) Archive regions: 2->2
[2022-04-10T01:52:02.964+0800][13.192s] GC(8) Humongous regions: 8->8
[2022-04-10T01:52:02.964+0800][13.192s] GC(8) Metaspace: 47997K(48384K)->47997K(48384K) NonClass: 42349K(42560K)->42349K(42560K) Class: 5648K(5824K)->5648K(5824K)
[2022-04-10T01:52:02.964+0800][13.192s] GC(8) Pause Young (Normal) (G1 Evacuation Pause) 339M->73M(512M) 6.599ms
[2022-04-10T01:52:02.964+0800][13.192s] GC(8) User=0.06s Sys=0.01s Real=0.01s
[2022-04-10T01:52:03.637+0800][13.866s] GC(9) Pause Young (Normal) (G1 Evacuation Pause)
[2022-04-10T01:52:03.637+0800][13.866s] GC(9) Using 10 workers of 10 for evacuation
[2022-04-10T01:52:03.642+0800][13.871s] GC(9)   Pre Evacuate Collection Set: 0.1ms
[2022-04-10T01:52:03.642+0800][13.871s] GC(9)   Merge Heap Roots: 0.1ms
[2022-04-10T01:52:03.642+0800][13.871s] GC(9)   Evacuate Collection Set: 4.9ms
[2022-04-10T01:52:03.642+0800][13.871s] GC(9)   Post Evacuate Collection Set: 0.3ms
[2022-04-10T01:52:03.643+0800][13.871s] GC(9)   Other: 0.1ms
[2022-04-10T01:52:03.643+0800][13.871s] GC(9) Eden regions: 281->0(279)
[2022-04-10T01:52:03.643+0800][13.871s] GC(9) Survivor regions: 26->28(39)
[2022-04-10T01:52:03.643+0800][13.871s] GC(9) Old regions: 39->48
[2022-04-10T01:52:03.643+0800][13.871s] GC(9) Archive regions: 2->2
[2022-04-10T01:52:03.643+0800][13.871s] GC(9) Humongous regions: 8->8
[2022-04-10T01:52:03.643+0800][13.871s] GC(9) Metaspace: 48008K(48384K)->48008K(48384K) NonClass: 42360K(42560K)->42360K(42560K) Class: 5648K(5824K)->5648K(5824K)
[2022-04-10T01:52:03.643+0800][13.871s] GC(9) Pause Young (Normal) (G1 Evacuation Pause) 354M->83M(512M) 5.664ms
[2022-04-10T01:52:03.643+0800][13.871s] GC(9) User=0.05s Sys=0.00s Real=0.01s
[2022-04-10T01:52:04.460+0800][14.689s] GC(10) Pause Young (Normal) (G1 Evacuation Pause)
[2022-04-10T01:52:04.460+0800][14.689s] GC(10) Using 10 workers of 10 for evacuation
[2022-04-10T01:52:04.465+0800][14.694s] GC(10)   Pre Evacuate Collection Set: 0.1ms
[2022-04-10T01:52:04.465+0800][14.694s] GC(10)   Merge Heap Roots: 0.1ms
[2022-04-10T01:52:04.465+0800][14.694s] GC(10)   Evacuate Collection Set: 4.9ms
[2022-04-10T01:52:04.465+0800][14.694s] GC(10)   Post Evacuate Collection Set: 0.4ms
[2022-04-10T01:52:04.465+0800][14.694s] GC(10)   Other: 0.2ms
[2022-04-10T01:52:04.465+0800][14.694s] GC(10) Eden regions: 279->0(278)
[2022-04-10T01:52:04.465+0800][14.694s] GC(10) Survivor regions: 28->29(39)
[2022-04-10T01:52:04.465+0800][14.694s] GC(10) Old regions: 48->57
[2022-04-10T01:52:04.466+0800][14.694s] GC(10) Archive regions: 2->2
[2022-04-10T01:52:04.466+0800][14.694s] GC(10) Humongous regions: 17->16
[2022-04-10T01:52:04.466+0800][14.694s] GC(10) Metaspace: 48010K(48384K)->48010K(48384K) NonClass: 42361K(42560K)->42361K(42560K) Class: 5648K(5824K)->5648K(5824K)
[2022-04-10T01:52:04.466+0800][14.694s] GC(10) Pause Young (Normal) (G1 Evacuation Pause) 371M->101M(512M) 5.725ms
[2022-04-10T01:52:04.466+0800][14.694s] GC(10) User=0.05s Sys=0.00s Real=0.00s
[2022-04-10T01:52:05.167+0800][15.395s] GC(11) Pause Young (Normal) (G1 Evacuation Pause)
[2022-04-10T01:52:05.167+0800][15.395s] GC(11) Using 10 workers of 10 for evacuation
[2022-04-10T01:52:05.173+0800][15.401s] GC(11)   Pre Evacuate Collection Set: 0.1ms
[2022-04-10T01:52:05.173+0800][15.401s] GC(11)   Merge Heap Roots: 0.1ms
[2022-04-10T01:52:05.173+0800][15.401s] GC(11)   Evacuate Collection Set: 5.2ms
[2022-04-10T01:52:05.173+0800][15.401s] GC(11)   Post Evacuate Collection Set: 0.4ms
[2022-04-10T01:52:05.173+0800][15.401s] GC(11)   Other: 0.2ms
[2022-04-10T01:52:05.173+0800][15.401s] GC(11) Eden regions: 278->0(276)
[2022-04-10T01:52:05.173+0800][15.401s] GC(11) Survivor regions: 29->31(39)
[2022-04-10T01:52:05.173+0800][15.401s] GC(11) Old regions: 57->67
[2022-04-10T01:52:05.173+0800][15.401s] GC(11) Archive regions: 2->2
[2022-04-10T01:52:05.173+0800][15.401s] GC(11) Humongous regions: 16->16
[2022-04-10T01:52:05.173+0800][15.401s] GC(11) Metaspace: 48012K(48384K)->48012K(48384K) NonClass: 42364K(42560K)->42364K(42560K) Class: 5648K(5824K)->5648K(5824K)
[2022-04-10T01:52:05.173+0800][15.401s] GC(11) Pause Young (Normal) (G1 Evacuation Pause) 379M->113M(512M) 6.016ms
[2022-04-10T01:52:05.173+0800][15.401s] GC(11) User=0.05s Sys=0.00s Real=0.01s
[2022-04-10T01:52:05.889+0800][16.118s] GC(12) Pause Young (Normal) (G1 Evacuation Pause)
[2022-04-10T01:52:05.889+0800][16.118s] GC(12) Using 10 workers of 10 for evacuation
[2022-04-10T01:52:05.896+0800][16.125s] GC(12)   Pre Evacuate Collection Set: 0.1ms
[2022-04-10T01:52:05.896+0800][16.125s] GC(12)   Merge Heap Roots: 0.2ms
[2022-04-10T01:52:05.896+0800][16.125s] GC(12)   Evacuate Collection Set: 6.1ms
[2022-04-10T01:52:05.896+0800][16.125s] GC(12)   Post Evacuate Collection Set: 0.4ms
[2022-04-10T01:52:05.896+0800][16.125s] GC(12)   Other: 0.1ms
[2022-04-10T01:52:05.896+0800][16.125s] GC(12) Eden regions: 276->0(268)
[2022-04-10T01:52:05.896+0800][16.125s] GC(12) Survivor regions: 31->32(39)
[2022-04-10T01:52:05.896+0800][16.125s] GC(12) Old regions: 67->76
[2022-04-10T01:52:05.896+0800][16.125s] GC(12) Archive regions: 2->2
[2022-04-10T01:52:05.896+0800][16.125s] GC(12) Humongous regions: 20->20
[2022-04-10T01:52:05.896+0800][16.125s] GC(12) Metaspace: 48017K(48384K)->48017K(48384K) NonClass: 42368K(42560K)->42368K(42560K) Class: 5648K(5824K)->5648K(5824K)
[2022-04-10T01:52:05.896+0800][16.125s] GC(12) Pause Young (Normal) (G1 Evacuation Pause) 393M->127M(512M) 7.050ms
[2022-04-10T01:52:05.896+0800][16.125s] GC(12) User=0.06s Sys=0.00s Real=0.01s
[2022-04-10T01:52:08.051+0800][18.280s] GC(13) Pause Young (Normal) (G1 Evacuation Pause)
[2022-04-10T01:52:08.051+0800][18.280s] GC(13) Using 10 workers of 10 for evacuation
[2022-04-10T01:52:08.056+0800][18.285s] GC(13)   Pre Evacuate Collection Set: 0.1ms
[2022-04-10T01:52:08.056+0800][18.285s] GC(13)   Merge Heap Roots: 0.1ms
[2022-04-10T01:52:08.056+0800][18.285s] GC(13)   Evacuate Collection Set: 4.6ms
[2022-04-10T01:52:08.056+0800][18.285s] GC(13)   Post Evacuate Collection Set: 0.4ms
[2022-04-10T01:52:08.056+0800][18.285s] GC(13)   Other: 0.1ms
[2022-04-10T01:52:08.057+0800][18.285s] GC(13) Eden regions: 268->0(274)
[2022-04-10T01:52:08.057+0800][18.285s] GC(13) Survivor regions: 32->6(38)
[2022-04-10T01:52:08.057+0800][18.285s] GC(13) Old regions: 76->104
[2022-04-10T01:52:08.057+0800][18.285s] GC(13) Archive regions: 2->2
[2022-04-10T01:52:08.057+0800][18.285s] GC(13) Humongous regions: 20->20
[2022-04-10T01:52:08.057+0800][18.285s] GC(13) Metaspace: 49261K(49600K)->49261K(49600K) NonClass: 43496K(43648K)->43496K(43648K) Class: 5764K(5952K)->5764K(5952K)
[2022-04-10T01:52:08.057+0800][18.285s] GC(13) Pause Young (Normal) (G1 Evacuation Pause) 395M->130M(512M) 5.347ms
[2022-04-10T01:52:08.057+0800][18.285s] GC(13) User=0.05s Sys=0.00s Real=0.00s
[2022-04-10T01:52:10.068+0800][20.296s] GC(14) Pause Young (Normal) (G1 Evacuation Pause)
[2022-04-10T01:52:10.068+0800][20.296s] GC(14) Using 10 workers of 10 for evacuation
[2022-04-10T01:52:10.070+0800][20.299s] GC(14)   Pre Evacuate Collection Set: 0.1ms
[2022-04-10T01:52:10.070+0800][20.299s] GC(14)   Merge Heap Roots: 0.1ms
[2022-04-10T01:52:10.070+0800][20.299s] GC(14)   Evacuate Collection Set: 1.7ms
[2022-04-10T01:52:10.070+0800][20.299s] GC(14)   Post Evacuate Collection Set: 0.5ms
[2022-04-10T01:52:10.070+0800][20.299s] GC(14)   Other: 0.1ms
[2022-04-10T01:52:10.070+0800][20.299s] GC(14) Eden regions: 274->0(279)
[2022-04-10T01:52:10.070+0800][20.299s] GC(14) Survivor regions: 6->9(35)
[2022-04-10T01:52:10.070+0800][20.299s] GC(14) Old regions: 104->104
[2022-04-10T01:52:10.070+0800][20.299s] GC(14) Archive regions: 2->2
[2022-04-10T01:52:10.070+0800][20.299s] GC(14) Humongous regions: 20->20
[2022-04-10T01:52:10.070+0800][20.299s] GC(14) Metaspace: 50219K(50560K)->50219K(50560K) NonClass: 44331K(44480K)->44331K(44480K) Class: 5888K(6080K)->5888K(6080K)
[2022-04-10T01:52:10.070+0800][20.299s] GC(14) Pause Young (Normal) (G1 Evacuation Pause) 404M->133M(512M) 2.534ms
[2022-04-10T01:52:10.070+0800][20.299s] GC(14) User=0.01s Sys=0.00s Real=0.01s
[2022-04-10T01:52:11.792+0800][21.884s] GC(15) Pause Young (Normal) (G1 Evacuation Pause)
[2022-04-10T01:52:11.792+0800][21.884s] GC(15) Using 10 workers of 10 for evacuation
[2022-04-10T01:52:11.795+0800][21.887s] GC(15)   Pre Evacuate Collection Set: 0.1ms
[2022-04-10T01:52:11.795+0800][21.887s] GC(15)   Merge Heap Roots: 0.1ms
[2022-04-10T01:52:11.795+0800][21.887s] GC(15)   Evacuate Collection Set: 2.7ms
[2022-04-10T01:52:11.795+0800][21.887s] GC(15)   Post Evacuate Collection Set: 0.7ms
[2022-04-10T01:52:11.795+0800][21.888s] GC(15)   Other: 0.2ms
[2022-04-10T01:52:11.795+0800][21.888s] GC(15) Eden regions: 279->0(281)
[2022-04-10T01:52:11.795+0800][21.888s] GC(15) Survivor regions: 9->12(36)
[2022-04-10T01:52:11.795+0800][21.888s] GC(15) Old regions: 104->104
[2022-04-10T01:52:11.795+0800][21.888s] GC(15) Archive regions: 2->2
[2022-04-10T01:52:11.795+0800][21.888s] GC(15) Humongous regions: 20->20
[2022-04-10T01:52:11.795+0800][21.888s] GC(15) Metaspace: 50296K(50688K)->50296K(50688K) NonClass: 44405K(44608K)->44405K(44608K) Class: 5890K(6080K)->5890K(6080K)
[2022-04-10T01:52:11.795+0800][21.888s] GC(15) Pause Young (Normal) (G1 Evacuation Pause) 412M->135M(512M) 3.911ms
[2022-04-10T01:52:11.795+0800][21.888s] GC(15) User=0.02s Sys=0.00s Real=0.00s
[2022-04-10T01:52:12.737+0800][22.829s] GC(16) Pause Young (Normal) (G1 Evacuation Pause)
[2022-04-10T01:52:12.737+0800][22.829s] GC(16) Using 10 workers of 10 for evacuation
[2022-04-10T01:52:12.741+0800][22.833s] GC(16)   Pre Evacuate Collection Set: 0.1ms
[2022-04-10T01:52:12.741+0800][22.833s] GC(16)   Merge Heap Roots: 0.1ms
[2022-04-10T01:52:12.741+0800][22.833s] GC(16)   Evacuate Collection Set: 3.4ms
[2022-04-10T01:52:12.741+0800][22.833s] GC(16)   Post Evacuate Collection Set: 0.4ms
[2022-04-10T01:52:12.741+0800][22.833s] GC(16)   Other: 0.1ms
[2022-04-10T01:52:12.741+0800][22.833s] GC(16) Eden regions: 281->0(269)
[2022-04-10T01:52:12.741+0800][22.833s] GC(16) Survivor regions: 12->23(37)
[2022-04-10T01:52:12.741+0800][22.833s] GC(16) Old regions: 104->104
[2022-04-10T01:52:12.741+0800][22.833s] GC(16) Archive regions: 2->2
[2022-04-10T01:52:12.741+0800][22.833s] GC(16) Humongous regions: 20->20
[2022-04-10T01:52:12.741+0800][22.833s] GC(16) Metaspace: 50296K(50688K)->50296K(50688K) NonClass: 44405K(44608K)->44405K(44608K) Class: 5890K(6080K)->5890K(6080K)
[2022-04-10T01:52:12.741+0800][22.833s] GC(16) Pause Young (Normal) (G1 Evacuation Pause) 416M->147M(512M) 4.203ms
[2022-04-10T01:52:12.741+0800][22.833s] GC(16) User=0.03s Sys=0.00s Real=0.01s
[2022-04-10T01:52:13.783+0800][23.875s] GC(17) Pause Young (Normal) (G1 Evacuation Pause)
[2022-04-10T01:52:13.783+0800][23.875s] GC(17) Using 10 workers of 10 for evacuation
[2022-04-10T01:52:13.788+0800][23.880s] GC(17)   Pre Evacuate Collection Set: 0.1ms
[2022-04-10T01:52:13.788+0800][23.880s] GC(17)   Merge Heap Roots: 0.1ms
[2022-04-10T01:52:13.788+0800][23.880s] GC(17)   Evacuate Collection Set: 4.2ms
[2022-04-10T01:52:13.788+0800][23.880s] GC(17)   Post Evacuate Collection Set: 0.4ms
[2022-04-10T01:52:13.788+0800][23.880s] GC(17)   Other: 0.1ms
[2022-04-10T01:52:13.788+0800][23.880s] GC(17) Eden regions: 269->0(261)
[2022-04-10T01:52:13.788+0800][23.880s] GC(17) Survivor regions: 23->26(37)
[2022-04-10T01:52:13.788+0800][23.880s] GC(17) Old regions: 104->108
[2022-04-10T01:52:13.788+0800][23.880s] GC(17) Archive regions: 2->2
[2022-04-10T01:52:13.788+0800][23.880s] GC(17) Humongous regions: 21->21
[2022-04-10T01:52:13.788+0800][23.880s] GC(17) Metaspace: 50311K(50688K)->50311K(50688K) NonClass: 44419K(44608K)->44419K(44608K) Class: 5891K(6080K)->5891K(6080K)
[2022-04-10T01:52:13.788+0800][23.880s] GC(17) Pause Young (Normal) (G1 Evacuation Pause) 417M->155M(512M) 5.095ms
[2022-04-10T01:52:13.788+0800][23.880s] GC(17) User=0.05s Sys=0.00s Real=0.00s
[2022-04-10T01:52:15.079+0800][25.171s] GC(18) Pause Young (Normal) (G1 Evacuation Pause)
[2022-04-10T01:52:15.079+0800][25.171s] GC(18) Using 10 workers of 10 for evacuation
[2022-04-10T01:52:15.081+0800][25.173s] GC(18)   Pre Evacuate Collection Set: 0.1ms
[2022-04-10T01:52:15.081+0800][25.173s] GC(18)   Merge Heap Roots: 0.1ms
[2022-04-10T01:52:15.081+0800][25.173s] GC(18)   Evacuate Collection Set: 1.5ms
[2022-04-10T01:52:15.081+0800][25.173s] GC(18)   Post Evacuate Collection Set: 0.3ms
[2022-04-10T01:52:15.081+0800][25.173s] GC(18)   Other: 0.1ms
[2022-04-10T01:52:15.081+0800][25.173s] GC(18) Eden regions: 261->0(277)
[2022-04-10T01:52:15.081+0800][25.173s] GC(18) Survivor regions: 26->9(36)
[2022-04-10T01:52:15.081+0800][25.173s] GC(18) Old regions: 108->109
[2022-04-10T01:52:15.081+0800][25.173s] GC(18) Archive regions: 2->2
[2022-04-10T01:52:15.081+0800][25.173s] GC(18) Humongous regions: 21->20
[2022-04-10T01:52:15.081+0800][25.173s] GC(18) Metaspace: 50354K(50752K)->50354K(50752K) NonClass: 44463K(44672K)->44463K(44672K) Class: 5891K(6080K)->5891K(6080K)
[2022-04-10T01:52:15.081+0800][25.173s] GC(18) Pause Young (Normal) (G1 Evacuation Pause) 416M->138M(512M) 2.243ms
[2022-04-10T01:52:15.081+0800][25.173s] GC(18) User=0.01s Sys=0.00s Real=0.01s
[2022-04-10T01:52:53.669+0800][63.760s] GC(19) Pause Young (Normal) (G1 Evacuation Pause)
[2022-04-10T01:52:53.669+0800][63.760s] GC(19) Using 10 workers of 10 for evacuation
[2022-04-10T01:52:53.671+0800][63.763s] GC(19)   Pre Evacuate Collection Set: 0.1ms
[2022-04-10T01:52:53.671+0800][63.763s] GC(19)   Merge Heap Roots: 0.1ms
[2022-04-10T01:52:53.671+0800][63.763s] GC(19)   Evacuate Collection Set: 1.7ms
[2022-04-10T01:52:53.671+0800][63.763s] GC(19)   Post Evacuate Collection Set: 0.7ms
[2022-04-10T01:52:53.671+0800][63.763s] GC(19)   Other: 0.2ms
[2022-04-10T01:52:53.671+0800][63.763s] GC(19) Eden regions: 277->0(277)
[2022-04-10T01:52:53.672+0800][63.763s] GC(19) Survivor regions: 9->11(36)
[2022-04-10T01:52:53.672+0800][63.763s] GC(19) Old regions: 109->109
[2022-04-10T01:52:53.672+0800][63.763s] GC(19) Archive regions: 2->2
[2022-04-10T01:52:53.672+0800][63.763s] GC(19) Humongous regions: 20->20
[2022-04-10T01:52:53.672+0800][63.763s] GC(19) Metaspace: 50787K(51200K)->50787K(51200K) NonClass: 44843K(45056K)->44843K(45056K) Class: 5943K(6144K)->5943K(6144K)
[2022-04-10T01:52:53.672+0800][63.763s] GC(19) Pause Young (Normal) (G1 Evacuation Pause) 415M->140M(512M) 3.014ms
[2022-04-10T01:52:53.672+0800][63.763s] GC(19) User=0.01s Sys=0.00s Real=0.01s
[2022-04-10T01:52:54.429+0800][64.521s] GC(20) Pause Young (Normal) (G1 Evacuation Pause)
[2022-04-10T01:52:54.429+0800][64.521s] GC(20) Using 10 workers of 10 for evacuation
[2022-04-10T01:52:54.434+0800][64.525s] GC(20)   Pre Evacuate Collection Set: 0.1ms
[2022-04-10T01:52:54.434+0800][64.525s] GC(20)   Merge Heap Roots: 0.1ms
[2022-04-10T01:52:54.434+0800][64.525s] GC(20)   Evacuate Collection Set: 3.6ms
[2022-04-10T01:52:54.434+0800][64.525s] GC(20)   Post Evacuate Collection Set: 0.5ms
[2022-04-10T01:52:54.434+0800][64.525s] GC(20)   Other: 0.2ms
[2022-04-10T01:52:54.434+0800][64.525s] GC(20) Eden regions: 277->0(266)
[2022-04-10T01:52:54.434+0800][64.525s] GC(20) Survivor regions: 11->22(36)
[2022-04-10T01:52:54.434+0800][64.525s] GC(20) Old regions: 109->109
[2022-04-10T01:52:54.434+0800][64.525s] GC(20) Archive regions: 2->2
[2022-04-10T01:52:54.434+0800][64.525s] GC(20) Humongous regions: 21->21
[2022-04-10T01:52:54.434+0800][64.525s] GC(20) Metaspace: 50787K(51200K)->50787K(51200K) NonClass: 44843K(45056K)->44843K(45056K) Class: 5943K(6144K)->5943K(6144K)
[2022-04-10T01:52:54.434+0800][64.525s] GC(20) Pause Young (Normal) (G1 Evacuation Pause) 418M->152M(512M) 4.540ms
[2022-04-10T01:52:54.434+0800][64.525s] GC(20) User=0.03s Sys=0.00s Real=0.01s
[2022-04-10T01:52:55.153+0800][65.244s] GC(21) Pause Young (Normal) (G1 Evacuation Pause)
[2022-04-10T01:52:55.153+0800][65.244s] GC(21) Using 10 workers of 10 for evacuation
[2022-04-10T01:52:55.158+0800][65.249s] GC(21)   Pre Evacuate Collection Set: 0.1ms
[2022-04-10T01:52:55.158+0800][65.249s] GC(21)   Merge Heap Roots: 0.1ms
[2022-04-10T01:52:55.158+0800][65.249s] GC(21)   Evacuate Collection Set: 4.4ms
[2022-04-10T01:52:55.158+0800][65.249s] GC(21)   Post Evacuate Collection Set: 0.5ms
[2022-04-10T01:52:55.158+0800][65.249s] GC(21)   Other: 0.1ms
[2022-04-10T01:52:55.158+0800][65.249s] GC(21) Eden regions: 266->0(253)
[2022-04-10T01:52:55.158+0800][65.249s] GC(21) Survivor regions: 22->25(36)
[2022-04-10T01:52:55.158+0800][65.249s] GC(21) Old regions: 109->116
[2022-04-10T01:52:55.158+0800][65.249s] GC(21) Archive regions: 2->2
[2022-04-10T01:52:55.158+0800][65.249s] GC(21) Humongous regions: 21->21
[2022-04-10T01:52:55.158+0800][65.249s] GC(21) Metaspace: 50787K(51200K)->50787K(51200K) NonClass: 44843K(45056K)->44843K(45056K) Class: 5943K(6144K)->5943K(6144K)
[2022-04-10T01:52:55.158+0800][65.249s] GC(21) Pause Young (Normal) (G1 Evacuation Pause) 418M->162M(512M) 5.223ms
[2022-04-10T01:52:55.158+0800][65.249s] GC(21) User=0.04s Sys=0.01s Real=0.00s
[2022-04-10T01:52:55.757+0800][65.849s] GC(22) Pause Young (Normal) (G1 Evacuation Pause)
[2022-04-10T01:52:55.758+0800][65.849s] GC(22) Using 10 workers of 10 for evacuation
[2022-04-10T01:52:55.763+0800][65.854s] GC(22)   Pre Evacuate Collection Set: 0.1ms
[2022-04-10T01:52:55.763+0800][65.854s] GC(22)   Merge Heap Roots: 0.1ms
[2022-04-10T01:52:55.763+0800][65.854s] GC(22)   Evacuate Collection Set: 4.9ms
[2022-04-10T01:52:55.763+0800][65.854s] GC(22)   Post Evacuate Collection Set: 0.3ms
[2022-04-10T01:52:55.763+0800][65.854s] GC(22)   Other: 0.2ms
[2022-04-10T01:52:55.763+0800][65.854s] GC(22) Eden regions: 253->0(241)
[2022-04-10T01:52:55.763+0800][65.854s] GC(22) Survivor regions: 25->27(35)
[2022-04-10T01:52:55.763+0800][65.854s] GC(22) Old regions: 116->125
[2022-04-10T01:52:55.763+0800][65.854s] GC(22) Archive regions: 2->2
[2022-04-10T01:52:55.763+0800][65.854s] GC(22) Humongous regions: 21->21
[2022-04-10T01:52:55.763+0800][65.854s] GC(22) Metaspace: 50787K(51200K)->50787K(51200K) NonClass: 44843K(45056K)->44843K(45056K) Class: 5943K(6144K)->5943K(6144K)
[2022-04-10T01:52:55.763+0800][65.854s] GC(22) Pause Young (Normal) (G1 Evacuation Pause) 415M->173M(512M) 5.591ms
[2022-04-10T01:52:55.763+0800][65.854s] GC(22) User=0.06s Sys=0.00s Real=0.01s
[2022-04-10T01:52:56.470+0800][66.561s] GC(23) Pause Young (Normal) (G1 Evacuation Pause)
[2022-04-10T01:52:56.470+0800][66.561s] GC(23) Using 10 workers of 10 for evacuation
[2022-04-10T01:52:56.475+0800][66.566s] GC(23)   Pre Evacuate Collection Set: 0.1ms
[2022-04-10T01:52:56.475+0800][66.566s] GC(23)   Merge Heap Roots: 0.1ms
[2022-04-10T01:52:56.475+0800][66.566s] GC(23)   Evacuate Collection Set: 4.5ms
[2022-04-10T01:52:56.475+0800][66.566s] GC(23)   Post Evacuate Collection Set: 0.4ms
[2022-04-10T01:52:56.475+0800][66.566s] GC(23)   Other: 0.1ms
[2022-04-10T01:52:56.475+0800][66.566s] GC(23) Eden regions: 241->0(223)
[2022-04-10T01:52:56.475+0800][66.566s] GC(23) Survivor regions: 27->26(34)
[2022-04-10T01:52:56.475+0800][66.566s] GC(23) Old regions: 125->134
[2022-04-10T01:52:56.475+0800][66.566s] GC(23) Archive regions: 2->2
[2022-04-10T01:52:56.475+0800][66.566s] GC(23) Humongous regions: 30->29
[2022-04-10T01:52:56.475+0800][66.566s] GC(23) Metaspace: 50787K(51200K)->50787K(51200K) NonClass: 44843K(45056K)->44843K(45056K) Class: 5943K(6144K)->5943K(6144K)
[2022-04-10T01:52:56.475+0800][66.566s] GC(23) Pause Young (Normal) (G1 Evacuation Pause) 423M->188M(512M) 5.271ms
[2022-04-10T01:52:56.475+0800][66.566s] GC(23) User=0.05s Sys=0.01s Real=0.00s
[2022-04-10T01:52:57.047+0800][67.138s] GC(24) Pause Young (Normal) (G1 Evacuation Pause)
[2022-04-10T01:52:57.047+0800][67.138s] GC(24) Using 10 workers of 10 for evacuation
[2022-04-10T01:52:57.052+0800][67.143s] GC(24)   Pre Evacuate Collection Set: 0.1ms
[2022-04-10T01:52:57.052+0800][67.143s] GC(24)   Merge Heap Roots: 0.1ms
[2022-04-10T01:52:57.052+0800][67.143s] GC(24)   Evacuate Collection Set: 4.6ms
[2022-04-10T01:52:57.052+0800][67.144s] GC(24)   Post Evacuate Collection Set: 0.5ms
[2022-04-10T01:52:57.052+0800][67.144s] GC(24)   Other: 0.2ms
[2022-04-10T01:52:57.052+0800][67.144s] GC(24) Eden regions: 223->0(213)
[2022-04-10T01:52:57.052+0800][67.144s] GC(24) Survivor regions: 26->27(32)
[2022-04-10T01:52:57.052+0800][67.144s] GC(24) Old regions: 134->142
[2022-04-10T01:52:57.052+0800][67.144s] GC(24) Archive regions: 2->2
[2022-04-10T01:52:57.052+0800][67.144s] GC(24) Humongous regions: 29->29
[2022-04-10T01:52:57.052+0800][67.144s] GC(24) Metaspace: 50787K(51200K)->50787K(51200K) NonClass: 44843K(45056K)->44843K(45056K) Class: 5943K(6144K)->5943K(6144K)
[2022-04-10T01:52:57.052+0800][67.144s] GC(24) Pause Young (Normal) (G1 Evacuation Pause) 411M->198M(512M) 5.646ms
[2022-04-10T01:52:57.052+0800][67.144s] GC(24) User=0.05s Sys=0.00s Real=0.01s
[2022-04-10T01:52:57.590+0800][67.681s] GC(25) Pause Young (Normal) (G1 Evacuation Pause)
[2022-04-10T01:52:57.590+0800][67.681s] GC(25) Using 10 workers of 10 for evacuation
[2022-04-10T01:52:57.595+0800][67.687s] GC(25)   Pre Evacuate Collection Set: 0.1ms
[2022-04-10T01:52:57.596+0800][67.687s] GC(25)   Merge Heap Roots: 0.2ms
[2022-04-10T01:52:57.596+0800][67.687s] GC(25)   Evacuate Collection Set: 4.9ms
[2022-04-10T01:52:57.596+0800][67.687s] GC(25)   Post Evacuate Collection Set: 0.4ms
[2022-04-10T01:52:57.596+0800][67.687s] GC(25)   Other: 0.2ms
[2022-04-10T01:52:57.596+0800][67.687s] GC(25) Eden regions: 213->0(199)
[2022-04-10T01:52:57.596+0800][67.687s] GC(25) Survivor regions: 27->20(30)
[2022-04-10T01:52:57.596+0800][67.687s] GC(25) Old regions: 142->158
[2022-04-10T01:52:57.596+0800][67.687s] GC(25) Archive regions: 2->2
[2022-04-10T01:52:57.596+0800][67.687s] GC(25) Humongous regions: 33->33
[2022-04-10T01:52:57.596+0800][67.687s] GC(25) Metaspace: 50787K(51200K)->50787K(51200K) NonClass: 44843K(45056K)->44843K(45056K) Class: 5943K(6144K)->5943K(6144K)
[2022-04-10T01:52:57.596+0800][67.687s] GC(25) Pause Young (Normal) (G1 Evacuation Pause) 415M->211M(512M) 5.787ms
[2022-04-10T01:52:57.596+0800][67.687s] GC(25) User=0.05s Sys=0.00s Real=0.00s
[2022-04-10T01:52:58.906+0800][68.998s] GC(26) Pause Young (Normal) (G1 Evacuation Pause)
[2022-04-10T01:52:58.906+0800][68.998s] GC(26) Using 10 workers of 10 for evacuation
[2022-04-10T01:52:58.911+0800][69.002s] GC(26)   Pre Evacuate Collection Set: 0.1ms
[2022-04-10T01:52:58.911+0800][69.002s] GC(26)   Merge Heap Roots: 0.1ms
[2022-04-10T01:52:58.911+0800][69.002s] GC(26)   Evacuate Collection Set: 3.8ms
[2022-04-10T01:52:58.911+0800][69.002s] GC(26)   Post Evacuate Collection Set: 0.4ms
[2022-04-10T01:52:58.911+0800][69.002s] GC(26)   Other: 0.1ms
[2022-04-10T01:52:58.911+0800][69.002s] GC(26) Eden regions: 199->0(193)
[2022-04-10T01:52:58.911+0800][69.002s] GC(26) Survivor regions: 20->16(28)
[2022-04-10T01:52:58.911+0800][69.002s] GC(26) Old regions: 158->170
[2022-04-10T01:52:58.911+0800][69.002s] GC(26) Archive regions: 2->2
[2022-04-10T01:52:58.911+0800][69.002s] GC(26) Humongous regions: 33->33
[2022-04-10T01:52:58.911+0800][69.002s] GC(26) Metaspace: 50799K(51200K)->50799K(51200K) NonClass: 44855K(45056K)->44855K(45056K) Class: 5943K(6144K)->5943K(6144K)
[2022-04-10T01:52:58.911+0800][69.002s] GC(26) Pause Young (Normal) (G1 Evacuation Pause) 409M->219M(512M) 4.628ms
[2022-04-10T01:52:58.911+0800][69.002s] GC(26) User=0.04s Sys=0.00s Real=0.01s
[2022-04-10T01:52:59.214+0800][69.305s] GC(27) Pause Young (Normal) (G1 Evacuation Pause)
[2022-04-10T01:52:59.214+0800][69.305s] GC(27) Using 10 workers of 10 for evacuation
[2022-04-10T01:52:59.216+0800][69.308s] GC(27)   Pre Evacuate Collection Set: 0.1ms
[2022-04-10T01:52:59.216+0800][69.308s] GC(27)   Merge Heap Roots: 0.1ms
[2022-04-10T01:52:59.216+0800][69.308s] GC(27)   Evacuate Collection Set: 2.0ms
[2022-04-10T01:52:59.216+0800][69.308s] GC(27)   Post Evacuate Collection Set: 0.2ms
[2022-04-10T01:52:59.216+0800][69.308s] GC(27)   Other: 0.1ms
[2022-04-10T01:52:59.216+0800][69.308s] GC(27) Eden regions: 193->0(199)
[2022-04-10T01:52:59.216+0800][69.308s] GC(27) Survivor regions: 16->1(27)
[2022-04-10T01:52:59.216+0800][69.308s] GC(27) Old regions: 170->185
[2022-04-10T01:52:59.216+0800][69.308s] GC(27) Archive regions: 2->2
[2022-04-10T01:52:59.216+0800][69.308s] GC(27) Humongous regions: 33->33
[2022-04-10T01:52:59.216+0800][69.308s] GC(27) Metaspace: 50800K(51200K)->50800K(51200K) NonClass: 44856K(45056K)->44856K(45056K) Class: 5943K(6144K)->5943K(6144K)
[2022-04-10T01:52:59.216+0800][69.308s] GC(27) Pause Young (Normal) (G1 Evacuation Pause) 412M->218M(512M) 2.584ms
[2022-04-10T01:52:59.216+0800][69.308s] GC(27) User=0.02s Sys=0.00s Real=0.00s
[2022-04-10T01:53:00.574+0800][70.665s] GC(28) Pause Young (Normal) (G1 Evacuation Pause)
[2022-04-10T01:53:00.574+0800][70.665s] GC(28) Using 10 workers of 10 for evacuation
[2022-04-10T01:53:00.575+0800][70.666s] GC(28)   Pre Evacuate Collection Set: 0.1ms
[2022-04-10T01:53:00.575+0800][70.666s] GC(28)   Merge Heap Roots: 0.1ms
[2022-04-10T01:53:00.575+0800][70.666s] GC(28)   Evacuate Collection Set: 0.6ms
[2022-04-10T01:53:00.575+0800][70.666s] GC(28)   Post Evacuate Collection Set: 0.4ms
[2022-04-10T01:53:00.575+0800][70.666s] GC(28)   Other: 0.1ms
[2022-04-10T01:53:00.575+0800][70.666s] GC(28) Eden regions: 199->0(205)
[2022-04-10T01:53:00.575+0800][70.666s] GC(28) Survivor regions: 1->2(25)
[2022-04-10T01:53:00.575+0800][70.666s] GC(28) Old regions: 185->185
[2022-04-10T01:53:00.575+0800][70.666s] GC(28) Archive regions: 2->2
[2022-04-10T01:53:00.575+0800][70.666s] GC(28) Humongous regions: 33->33
[2022-04-10T01:53:00.575+0800][70.666s] GC(28) Metaspace: 50863K(51264K)->50863K(51264K) NonClass: 44917K(45120K)->44917K(45120K) Class: 5945K(6144K)->5945K(6144K)
[2022-04-10T01:53:00.575+0800][70.666s] GC(28) Pause Young (Normal) (G1 Evacuation Pause) 417M->220M(512M) 1.409ms
[2022-04-10T01:53:00.575+0800][70.666s] GC(28) User=0.01s Sys=0.00s Real=0.00s
[2022-04-10T01:53:01.272+0800][71.363s] GC(29) Pause Young (Normal) (G1 Evacuation Pause)
[2022-04-10T01:53:01.272+0800][71.363s] GC(29) Using 10 workers of 10 for evacuation
[2022-04-10T01:53:01.273+0800][71.365s] GC(29)   Pre Evacuate Collection Set: 0.1ms
[2022-04-10T01:53:01.273+0800][71.365s] GC(29)   Merge Heap Roots: 0.1ms
[2022-04-10T01:53:01.273+0800][71.365s] GC(29)   Evacuate Collection Set: 1.3ms
[2022-04-10T01:53:01.273+0800][71.365s] GC(29)   Post Evacuate Collection Set: 0.3ms
[2022-04-10T01:53:01.273+0800][71.365s] GC(29)   Other: 0.1ms
[2022-04-10T01:53:01.273+0800][71.365s] GC(29) Eden regions: 205->0(199)
[2022-04-10T01:53:01.273+0800][71.365s] GC(29) Survivor regions: 2->10(26)
[2022-04-10T01:53:01.273+0800][71.365s] GC(29) Old regions: 185->185
[2022-04-10T01:53:01.273+0800][71.365s] GC(29) Archive regions: 2->2
[2022-04-10T01:53:01.273+0800][71.365s] GC(29) Humongous regions: 33->33
[2022-04-10T01:53:01.273+0800][71.365s] GC(29) Metaspace: 50867K(51264K)->50867K(51264K) NonClass: 44922K(45120K)->44922K(45120K) Class: 5945K(6144K)->5945K(6144K)
[2022-04-10T01:53:01.274+0800][71.365s] GC(29) Pause Young (Normal) (G1 Evacuation Pause) 425M->227M(512M) 1.885ms
[2022-04-10T01:53:01.274+0800][71.365s] GC(29) User=0.01s Sys=0.00s Real=0.00s
[2022-04-10T01:53:02.123+0800][72.214s] GC(30) Pause Young (Normal) (G1 Evacuation Pause)
[2022-04-10T01:53:02.123+0800][72.214s] GC(30) Using 10 workers of 10 for evacuation
[2022-04-10T01:53:02.126+0800][72.217s] GC(30)   Pre Evacuate Collection Set: 0.1ms
[2022-04-10T01:53:02.126+0800][72.217s] GC(30)   Merge Heap Roots: 0.1ms
[2022-04-10T01:53:02.126+0800][72.217s] GC(30)   Evacuate Collection Set: 1.6ms
[2022-04-10T01:53:02.126+0800][72.217s] GC(30)   Post Evacuate Collection Set: 0.5ms
[2022-04-10T01:53:02.126+0800][72.217s] GC(30)   Other: 0.1ms
[2022-04-10T01:53:02.126+0800][72.217s] GC(30) Eden regions: 199->0(199)
[2022-04-10T01:53:02.126+0800][72.217s] GC(30) Survivor regions: 10->10(27)
[2022-04-10T01:53:02.126+0800][72.217s] GC(30) Old regions: 185->185
[2022-04-10T01:53:02.126+0800][72.217s] GC(30) Archive regions: 2->2
[2022-04-10T01:53:02.126+0800][72.217s] GC(30) Humongous regions: 33->33
[2022-04-10T01:53:02.126+0800][72.217s] GC(30) Metaspace: 50877K(51264K)->50877K(51264K) NonClass: 44932K(45120K)->44932K(45120K) Class: 5945K(6144K)->5945K(6144K)
[2022-04-10T01:53:02.126+0800][72.217s] GC(30) Pause Young (Normal) (G1 Evacuation Pause) 426M->228M(512M) 2.516ms
[2022-04-10T01:53:02.126+0800][72.217s] GC(30) User=0.02s Sys=0.00s Real=0.00s
[2022-04-10T01:53:02.684+0800][72.776s] GC(31) Pause Young (Normal) (G1 Evacuation Pause)
[2022-04-10T01:53:02.684+0800][72.776s] GC(31) Using 10 workers of 10 for evacuation
[2022-04-10T01:53:02.687+0800][72.779s] GC(31)   Pre Evacuate Collection Set: 0.0ms
[2022-04-10T01:53:02.687+0800][72.779s] GC(31)   Merge Heap Roots: 0.0ms
[2022-04-10T01:53:02.687+0800][72.779s] GC(31)   Evacuate Collection Set: 2.6ms
[2022-04-10T01:53:02.687+0800][72.779s] GC(31)   Post Evacuate Collection Set: 0.3ms
[2022-04-10T01:53:02.687+0800][72.779s] GC(31)   Other: 0.1ms
[2022-04-10T01:53:02.687+0800][72.779s] GC(31) Eden regions: 199->0(190)
[2022-04-10T01:53:02.687+0800][72.779s] GC(31) Survivor regions: 10->19(27)
[2022-04-10T01:53:02.687+0800][72.779s] GC(31) Old regions: 185->185
[2022-04-10T01:53:02.687+0800][72.779s] GC(31) Archive regions: 2->2
[2022-04-10T01:53:02.687+0800][72.779s] GC(31) Humongous regions: 33->33
[2022-04-10T01:53:02.688+0800][72.779s] GC(31) Metaspace: 50877K(51264K)->50877K(51264K) NonClass: 44932K(45120K)->44932K(45120K) Class: 5945K(6144K)->5945K(6144K)
[2022-04-10T01:53:02.688+0800][72.779s] GC(31) Pause Young (Normal) (G1 Evacuation Pause) 427M->236M(512M) 3.113ms
[2022-04-10T01:53:02.688+0800][72.779s] GC(31) User=0.02s Sys=0.00s Real=0.00s
[2022-04-10T01:53:03.199+0800][73.290s] GC(32) Pause Young (Normal) (G1 Evacuation Pause)
[2022-04-10T01:53:03.199+0800][73.290s] GC(32) Using 10 workers of 10 for evacuation
[2022-04-10T01:53:03.203+0800][73.295s] GC(32)   Pre Evacuate Collection Set: 0.1ms
[2022-04-10T01:53:03.203+0800][73.295s] GC(32)   Merge Heap Roots: 0.1ms
[2022-04-10T01:53:03.203+0800][73.295s] GC(32)   Evacuate Collection Set: 3.9ms
[2022-04-10T01:53:03.203+0800][73.295s] GC(32)   Post Evacuate Collection Set: 0.3ms
[2022-04-10T01:53:03.203+0800][73.295s] GC(32)   Other: 0.2ms
[2022-04-10T01:53:03.203+0800][73.295s] GC(32) Eden regions: 190->0(179)
[2022-04-10T01:53:03.203+0800][73.295s] GC(32) Survivor regions: 19->20(27)
[2022-04-10T01:53:03.203+0800][73.295s] GC(32) Old regions: 185->192
[2022-04-10T01:53:03.203+0800][73.295s] GC(32) Archive regions: 2->2
[2022-04-10T01:53:03.203+0800][73.295s] GC(32) Humongous regions: 34->34
[2022-04-10T01:53:03.203+0800][73.295s] GC(32) Metaspace: 50877K(51264K)->50877K(51264K) NonClass: 44932K(45120K)->44932K(45120K) Class: 5945K(6144K)->5945K(6144K)
[2022-04-10T01:53:03.203+0800][73.295s] GC(32) Pause Young (Normal) (G1 Evacuation Pause) 427M->245M(512M) 4.581ms
[2022-04-10T01:53:03.204+0800][73.295s] GC(32) User=0.04s Sys=0.00s Real=0.01s
[2022-04-10T01:53:04.011+0800][74.103s] GC(33) Pause Young (Normal) (G1 Evacuation Pause)
[2022-04-10T01:53:04.011+0800][74.103s] GC(33) Using 10 workers of 10 for evacuation
[2022-04-10T01:53:04.015+0800][74.106s] GC(33)   Pre Evacuate Collection Set: 0.1ms
[2022-04-10T01:53:04.015+0800][74.106s] GC(33)   Merge Heap Roots: 0.1ms
[2022-04-10T01:53:04.015+0800][74.106s] GC(33)   Evacuate Collection Set: 2.7ms
[2022-04-10T01:53:04.015+0800][74.106s] GC(33)   Post Evacuate Collection Set: 0.4ms
[2022-04-10T01:53:04.015+0800][74.106s] GC(33)   Other: 0.2ms
[2022-04-10T01:53:04.015+0800][74.106s] GC(33) Eden regions: 179->0(176)
[2022-04-10T01:53:04.015+0800][74.106s] GC(33) Survivor regions: 20->17(25)
[2022-04-10T01:53:04.015+0800][74.106s] GC(33) Old regions: 192->198
[2022-04-10T01:53:04.015+0800][74.106s] GC(33) Archive regions: 2->2
[2022-04-10T01:53:04.015+0800][74.106s] GC(33) Humongous regions: 34->34
[2022-04-10T01:53:04.015+0800][74.106s] GC(33) Metaspace: 50886K(51264K)->50886K(51264K) NonClass: 44941K(45120K)->44941K(45120K) Class: 5945K(6144K)->5945K(6144K)
[2022-04-10T01:53:04.015+0800][74.106s] GC(33) Pause Young (Normal) (G1 Evacuation Pause) 424M->249M(512M) 3.613ms
[2022-04-10T01:53:04.015+0800][74.106s] GC(33) User=0.03s Sys=0.00s Real=0.00s
[2022-04-10T01:53:04.853+0800][74.944s] GC(34) Pause Young (Concurrent Start) (G1 Evacuation Pause)
[2022-04-10T01:53:04.853+0800][74.944s] GC(34) Using 10 workers of 10 for evacuation
[2022-04-10T01:53:04.858+0800][74.949s] GC(34)   Pre Evacuate Collection Set: 0.1ms
[2022-04-10T01:53:04.858+0800][74.949s] GC(34)   Merge Heap Roots: 0.1ms
[2022-04-10T01:53:04.858+0800][74.949s] GC(34)   Evacuate Collection Set: 4.4ms
[2022-04-10T01:53:04.858+0800][74.949s] GC(34)   Post Evacuate Collection Set: 0.5ms
[2022-04-10T01:53:04.858+0800][74.949s] GC(34)   Other: 0.2ms
[2022-04-10T01:53:04.858+0800][74.949s] GC(34) Eden regions: 176->0(171)
[2022-04-10T01:53:04.858+0800][74.949s] GC(34) Survivor regions: 17->16(25)
[2022-04-10T01:53:04.858+0800][74.949s] GC(34) Old regions: 198->206
[2022-04-10T01:53:04.858+0800][74.949s] GC(34) Archive regions: 2->2
[2022-04-10T01:53:04.858+0800][74.949s] GC(34) Humongous regions: 34->34
[2022-04-10T01:53:04.858+0800][74.949s] GC(34) Metaspace: 50902K(51328K)->50902K(51328K) NonClass: 44956K(45184K)->44956K(45184K) Class: 5946K(6144K)->5946K(6144K)
[2022-04-10T01:53:04.858+0800][74.949s] GC(34) Pause Young (Concurrent Start) (G1 Evacuation Pause) 425M->256M(512M) 5.471ms
[2022-04-10T01:53:04.858+0800][74.949s] GC(34) User=0.03s Sys=0.00s Real=0.00s
[2022-04-10T01:53:04.858+0800][74.949s] GC(35) Concurrent Mark Cycle
[2022-04-10T01:53:04.858+0800][74.949s] GC(35) Concurrent Clear Claimed Marks
[2022-04-10T01:53:04.858+0800][74.949s] GC(35) Concurrent Clear Claimed Marks 0.036ms
[2022-04-10T01:53:04.858+0800][74.949s] GC(35) Concurrent Scan Root Regions
[2022-04-10T01:53:04.860+0800][74.951s] GC(35) Concurrent Scan Root Regions 1.846ms
[2022-04-10T01:53:04.860+0800][74.951s] GC(35) Concurrent Mark
[2022-04-10T01:53:04.860+0800][74.951s] GC(35) Concurrent Mark From Roots
[2022-04-10T01:53:04.860+0800][74.951s] GC(35) Using 3 workers of 3 for marking
[2022-04-10T01:53:04.883+0800][74.974s] GC(35) Concurrent Mark From Roots 23.230ms
[2022-04-10T01:53:04.883+0800][74.975s] GC(35) Concurrent Preclean
[2022-04-10T01:53:04.883+0800][74.975s] GC(35) Concurrent Preclean 0.109ms
[2022-04-10T01:53:04.884+0800][74.975s] GC(35) Pause Remark
[2022-04-10T01:53:04.886+0800][74.977s] GC(35) Pause Remark 261M->116M(512M) 2.015ms
[2022-04-10T01:53:04.886+0800][74.977s] GC(35) User=0.01s Sys=0.01s Real=0.00s
[2022-04-10T01:53:04.886+0800][74.977s] GC(35) Concurrent Mark 25.656ms
[2022-04-10T01:53:04.886+0800][74.977s] GC(35) Concurrent Rebuild Remembered Sets
[2022-04-10T01:53:04.896+0800][74.987s] GC(35) Concurrent Rebuild Remembered Sets 10.434ms
[2022-04-10T01:53:04.896+0800][74.987s] GC(35) Pause Cleanup
[2022-04-10T01:53:04.896+0800][74.988s] GC(35) Pause Cleanup 119M->119M(512M) 0.112ms
[2022-04-10T01:53:04.896+0800][74.988s] GC(35) User=0.00s Sys=0.00s Real=0.00s
[2022-04-10T01:53:04.897+0800][74.988s] GC(35) Concurrent Cleanup for Next Mark
[2022-04-10T01:53:04.897+0800][74.988s] GC(35) Concurrent Cleanup for Next Mark 0.580ms
[2022-04-10T01:53:04.897+0800][74.988s] GC(35) Concurrent Mark Cycle 39.040ms
[2022-04-10T01:53:08.181+0800][78.272s] GC(36) Pause Young (Prepare Mixed) (G1 Evacuation Pause)
[2022-04-10T01:53:08.181+0800][78.272s] GC(36) Using 10 workers of 10 for evacuation
[2022-04-10T01:53:08.183+0800][78.274s] GC(36)   Pre Evacuate Collection Set: 0.1ms
[2022-04-10T01:53:08.183+0800][78.274s] GC(36)   Merge Heap Roots: 0.1ms
[2022-04-10T01:53:08.183+0800][78.274s] GC(36)   Evacuate Collection Set: 1.3ms
[2022-04-10T01:53:08.183+0800][78.274s] GC(36)   Post Evacuate Collection Set: 0.6ms
[2022-04-10T01:53:08.183+0800][78.274s] GC(36)   Other: 0.1ms
[2022-04-10T01:53:08.183+0800][78.274s] GC(36) Eden regions: 171->0(23)
[2022-04-10T01:53:08.183+0800][78.274s] GC(36) Survivor regions: 16->2(24)
[2022-04-10T01:53:08.183+0800][78.274s] GC(36) Old regions: 88->89
[2022-04-10T01:53:08.183+0800][78.274s] GC(36) Archive regions: 2->2
[2022-04-10T01:53:08.183+0800][78.274s] GC(36) Humongous regions: 7->7
[2022-04-10T01:53:08.183+0800][78.274s] GC(36) Metaspace: 51204K(51584K)->51204K(51584K) NonClass: 45241K(45440K)->45241K(45440K) Class: 5962K(6144K)->5962K(6144K)
[2022-04-10T01:53:08.183+0800][78.274s] GC(36) Pause Young (Prepare Mixed) (G1 Evacuation Pause) 282M->98M(512M) 2.335ms
[2022-04-10T01:53:08.183+0800][78.274s] GC(36) User=0.02s Sys=0.00s Real=0.00s
[2022-04-10T01:53:08.986+0800][79.077s] GC(37) Pause Young (Mixed) (G1 Evacuation Pause)
[2022-04-10T01:53:08.986+0800][79.077s] GC(37) Using 10 workers of 10 for evacuation
[2022-04-10T01:53:08.991+0800][79.082s] GC(37)   Pre Evacuate Collection Set: 0.1ms
[2022-04-10T01:53:08.991+0800][79.082s] GC(37)   Merge Heap Roots: 0.1ms
[2022-04-10T01:53:08.991+0800][79.082s] GC(37)   Evacuate Collection Set: 4.6ms
[2022-04-10T01:53:08.991+0800][79.082s] GC(37)   Post Evacuate Collection Set: 0.7ms
[2022-04-10T01:53:08.991+0800][79.082s] GC(37)   Other: 0.1ms
[2022-04-10T01:53:08.991+0800][79.082s] GC(37) Eden regions: 23->0(304)
[2022-04-10T01:53:08.991+0800][79.082s] GC(37) Survivor regions: 2->3(4)
[2022-04-10T01:53:08.991+0800][79.082s] GC(37) Old regions: 89->47
[2022-04-10T01:53:08.991+0800][79.082s] GC(37) Archive regions: 2->2
[2022-04-10T01:53:08.991+0800][79.082s] GC(37) Humongous regions: 7->7
[2022-04-10T01:53:08.991+0800][79.082s] GC(37) Metaspace: 51377K(51712K)->51377K(51712K) NonClass: 45394K(45568K)->45394K(45568K) Class: 5982K(6144K)->5982K(6144K)
[2022-04-10T01:53:08.991+0800][79.082s] GC(37) Pause Young (Mixed) (G1 Evacuation Pause) 120M->56M(512M) 5.718ms
[2022-04-10T01:53:08.991+0800][79.082s] GC(37) User=0.05s Sys=0.00s Real=0.01s
[2022-04-10T01:53:22.027+0800][92.117s] GC(38) Pause Young (Normal) (G1 Evacuation Pause)
[2022-04-10T01:53:22.027+0800][92.118s] GC(38) Using 10 workers of 10 for evacuation
[2022-04-10T01:53:22.029+0800][92.119s] GC(38)   Pre Evacuate Collection Set: 0.1ms
[2022-04-10T01:53:22.029+0800][92.119s] GC(38)   Merge Heap Roots: 0.1ms
[2022-04-10T01:53:22.029+0800][92.119s] GC(38)   Evacuate Collection Set: 1.1ms
[2022-04-10T01:53:22.029+0800][92.119s] GC(38)   Post Evacuate Collection Set: 0.5ms
[2022-04-10T01:53:22.029+0800][92.119s] GC(38)   Other: 0.1ms
[2022-04-10T01:53:22.029+0800][92.119s] GC(38) Eden regions: 304->0(304)
[2022-04-10T01:53:22.029+0800][92.119s] GC(38) Survivor regions: 3->3(39)
[2022-04-10T01:53:22.029+0800][92.119s] GC(38) Old regions: 47->47
[2022-04-10T01:53:22.029+0800][92.119s] GC(38) Archive regions: 2->2
[2022-04-10T01:53:22.029+0800][92.119s] GC(38) Humongous regions: 7->7
[2022-04-10T01:53:22.029+0800][92.120s] GC(38) Metaspace: 52149K(52544K)->52149K(52544K) NonClass: 46120K(46336K)->46120K(46336K) Class: 6029K(6208K)->6029K(6208K)
[2022-04-10T01:53:22.029+0800][92.120s] GC(38) Pause Young (Normal) (G1 Evacuation Pause) 360M->56M(512M) 2.065ms
[2022-04-10T01:53:22.029+0800][92.120s] GC(38) User=0.02s Sys=0.00s Real=0.00s
[2022-04-10T01:53:28.173+0800][98.263s] GC(39) Pause Young (Normal) (G1 Evacuation Pause)
[2022-04-10T01:53:28.173+0800][98.263s] GC(39) Using 10 workers of 10 for evacuation
[2022-04-10T01:53:28.175+0800][98.266s] GC(39)   Pre Evacuate Collection Set: 0.1ms
[2022-04-10T01:53:28.175+0800][98.266s] GC(39)   Merge Heap Roots: 0.1ms
[2022-04-10T01:53:28.175+0800][98.266s] GC(39)   Evacuate Collection Set: 1.6ms
[2022-04-10T01:53:28.175+0800][98.266s] GC(39)   Post Evacuate Collection Set: 0.6ms
[2022-04-10T01:53:28.175+0800][98.266s] GC(39)   Other: 0.1ms
[2022-04-10T01:53:28.175+0800][98.266s] GC(39) Eden regions: 304->0(304)
[2022-04-10T01:53:28.175+0800][98.266s] GC(39) Survivor regions: 3->3(39)
[2022-04-10T01:53:28.175+0800][98.266s] GC(39) Old regions: 47->47
[2022-04-10T01:53:28.175+0800][98.266s] GC(39) Archive regions: 2->2
[2022-04-10T01:53:28.175+0800][98.266s] GC(39) Humongous regions: 7->7
[2022-04-10T01:53:28.175+0800][98.266s] GC(39) Metaspace: 52371K(52736K)->52371K(52736K) NonClass: 46339K(46528K)->46339K(46528K) Class: 6031K(6208K)->6031K(6208K)
[2022-04-10T01:53:28.175+0800][98.266s] GC(39) Pause Young (Normal) (G1 Evacuation Pause) 360M->56M(512M) 2.715ms
[2022-04-10T01:53:28.175+0800][98.266s] GC(39) User=0.02s Sys=0.00s Real=0.00s
[2022-04-10T01:53:39.037+0800][109.127s] GC(40) Pause Young (Normal) (G1 Evacuation Pause)
[2022-04-10T01:53:39.037+0800][109.127s] GC(40) Using 10 workers of 10 for evacuation
[2022-04-10T01:53:39.038+0800][109.129s] GC(40)   Pre Evacuate Collection Set: 0.1ms
[2022-04-10T01:53:39.038+0800][109.129s] GC(40)   Merge Heap Roots: 0.1ms
[2022-04-10T01:53:39.038+0800][109.129s] GC(40)   Evacuate Collection Set: 0.9ms
[2022-04-10T01:53:39.038+0800][109.129s] GC(40)   Post Evacuate Collection Set: 0.5ms
[2022-04-10T01:53:39.038+0800][109.129s] GC(40)   Other: 0.1ms
[2022-04-10T01:53:39.038+0800][109.129s] GC(40) Eden regions: 304->0(304)
[2022-04-10T01:53:39.038+0800][109.129s] GC(40) Survivor regions: 3->3(39)
[2022-04-10T01:53:39.038+0800][109.129s] GC(40) Old regions: 47->47
[2022-04-10T01:53:39.038+0800][109.129s] GC(40) Archive regions: 2->2
[2022-04-10T01:53:39.038+0800][109.129s] GC(40) Humongous regions: 7->7
[2022-04-10T01:53:39.038+0800][109.129s] GC(40) Metaspace: 52460K(52800K)->52460K(52800K) NonClass: 46429K(46592K)->46429K(46592K) Class: 6031K(6208K)->6031K(6208K)
[2022-04-10T01:53:39.038+0800][109.129s] GC(40) Pause Young (Normal) (G1 Evacuation Pause) 360M->56M(512M) 1.892ms
[2022-04-10T01:53:39.039+0800][109.129s] GC(40) User=0.01s Sys=0.01s Real=0.00s
