[2022-04-10T02:38:19.725+0800][0.009s] Using G1
[2022-04-10T02:38:19.917+0800][0.201s] Version: 16.0.1+9-24 (release)
[2022-04-10T02:38:19.917+0800][0.201s] CPUs: 12 total, 12 available
[2022-04-10T02:38:19.917+0800][0.201s] Memory: 16384M
[2022-04-10T02:38:19.917+0800][0.201s] Large Page Support: Disabled
[2022-04-10T02:38:19.917+0800][0.201s] NUMA Support: Disabled
[2022-04-10T02:38:19.917+0800][0.201s] Compressed Oops: Enabled (Zero based)
[2022-04-10T02:38:19.917+0800][0.201s] Heap Region Size: 1M
[2022-04-10T02:38:19.917+0800][0.201s] Heap Min Capacity: 512M
[2022-04-10T02:38:19.917+0800][0.201s] Heap Initial Capacity: 512M
[2022-04-10T02:38:19.917+0800][0.201s] Heap Max Capacity: 512M
[2022-04-10T02:38:19.917+0800][0.201s] Pre-touch: Enabled
[2022-04-10T02:38:19.917+0800][0.201s] Parallel Workers: 10
[2022-04-10T02:38:19.917+0800][0.201s] Concurrent Workers: 3
[2022-04-10T02:38:19.917+0800][0.201s] Concurrent Refinement Workers: 10
[2022-04-10T02:38:19.917+0800][0.201s] Periodic GC: Disabled
[2022-04-10T02:38:19.918+0800][0.202s] CDS archive(s) mapped at: [0x0000000800000000-0x0000000800bbb000-0x0000000800bbb000), size 12300288, SharedBaseAddress: 0x0000000800000000, ArchiveRelocationMode: 0.
[2022-04-10T02:38:19.918+0800][0.202s] Compressed class space mapped at: 0x0000000800c00000-0x0000000840c00000, reserved size: 1073741824
[2022-04-10T02:38:19.918+0800][0.202s] Narrow klass base: 0x0000000800000000, Narrow klass shift: 3, Narrow klass range: 0x100000000
[2022-04-10T02:38:20.545+0800][0.829s] GC(0) Pause Young (Normal) (G1 Evacuation Pause)
[2022-04-10T02:38:20.545+0800][0.829s] GC(0) Using 10 workers of 10 for evacuation
[2022-04-10T02:38:20.547+0800][0.831s] GC(0)   Pre Evacuate Collection Set: 0.1ms
[2022-04-10T02:38:20.547+0800][0.831s] GC(0)   Merge Heap Roots: 0.0ms
[2022-04-10T02:38:20.547+0800][0.831s] GC(0)   Evacuate Collection Set: 1.2ms
[2022-04-10T02:38:20.547+0800][0.831s] GC(0)   Post Evacuate Collection Set: 0.2ms
[2022-04-10T02:38:20.547+0800][0.831s] GC(0)   Other: 0.5ms
[2022-04-10T02:38:20.547+0800][0.831s] GC(0) Eden regions: 29->0(81)
[2022-04-10T02:38:20.547+0800][0.831s] GC(0) Survivor regions: 0->4(4)
[2022-04-10T02:38:20.547+0800][0.831s] GC(0) Old regions: 0->0
[2022-04-10T02:38:20.547+0800][0.831s] GC(0) Archive regions: 2->2
[2022-04-10T02:38:20.547+0800][0.831s] GC(0) Humongous regions: 0->0
[2022-04-10T02:38:20.547+0800][0.831s] GC(0) Metaspace: 6907K(7104K)->6907K(7104K) NonClass: 6091K(6208K)->6091K(6208K) Class: 815K(896K)->815K(896K)
[2022-04-10T02:38:20.547+0800][0.831s] GC(0) Pause Young (Normal) (G1 Evacuation Pause) 29M->4M(512M) 2.181ms
[2022-04-10T02:38:20.547+0800][0.831s] GC(0) User=0.01s Sys=0.01s Real=0.00s
[2022-04-10T02:38:21.379+0800][1.663s] GC(1) Pause Young (Concurrent Start) (Metadata GC Threshold)
[2022-04-10T02:38:21.379+0800][1.663s] GC(1) Using 10 workers of 10 for evacuation
[2022-04-10T02:38:21.386+0800][1.670s] GC(1)   Pre Evacuate Collection Set: 0.1ms
[2022-04-10T02:38:21.386+0800][1.670s] GC(1)   Merge Heap Roots: 0.1ms
[2022-04-10T02:38:21.386+0800][1.670s] GC(1)   Evacuate Collection Set: 5.3ms
[2022-04-10T02:38:21.386+0800][1.670s] GC(1)   Post Evacuate Collection Set: 1.0ms
[2022-04-10T02:38:21.386+0800][1.670s] GC(1)   Other: 0.3ms
[2022-04-10T02:38:21.386+0800][1.670s] GC(1) Eden regions: 80->0(74)
[2022-04-10T02:38:21.386+0800][1.670s] GC(1) Survivor regions: 4->11(11)
[2022-04-10T02:38:21.386+0800][1.670s] GC(1) Old regions: 0->9
[2022-04-10T02:38:21.386+0800][1.670s] GC(1) Archive regions: 2->2
[2022-04-10T02:38:21.386+0800][1.670s] GC(1) Humongous regions: 4->4
[2022-04-10T02:38:21.386+0800][1.670s] GC(1) Metaspace: 21029K(21248K)->21029K(21248K) NonClass: 18655K(18752K)->18655K(18752K) Class: 2373K(2496K)->2373K(2496K)
[2022-04-10T02:38:21.386+0800][1.670s] GC(1) Pause Young (Concurrent Start) (Metadata GC Threshold) 88M->23M(512M) 6.894ms
[2022-04-10T02:38:21.386+0800][1.670s] GC(1) User=0.05s Sys=0.01s Real=0.01s
[2022-04-10T02:38:21.386+0800][1.670s] GC(2) Concurrent Mark Cycle
[2022-04-10T02:38:21.386+0800][1.670s] GC(2) Concurrent Clear Claimed Marks
[2022-04-10T02:38:21.386+0800][1.670s] GC(2) Concurrent Clear Claimed Marks 0.034ms
[2022-04-10T02:38:21.386+0800][1.670s] GC(2) Concurrent Scan Root Regions
[2022-04-10T02:38:21.389+0800][1.673s] GC(2) Concurrent Scan Root Regions 2.687ms
[2022-04-10T02:38:21.389+0800][1.673s] GC(2) Concurrent Mark
[2022-04-10T02:38:21.389+0800][1.673s] GC(2) Concurrent Mark From Roots
[2022-04-10T02:38:21.389+0800][1.673s] GC(2) Using 3 workers of 3 for marking
[2022-04-10T02:38:21.390+0800][1.674s] GC(2) Concurrent Mark From Roots 1.173ms
[2022-04-10T02:38:21.390+0800][1.674s] GC(2) Concurrent Preclean
[2022-04-10T02:38:21.390+0800][1.674s] GC(2) Concurrent Preclean 0.043ms
[2022-04-10T02:38:21.390+0800][1.674s] GC(2) Pause Remark
[2022-04-10T02:38:21.392+0800][1.675s] GC(2) Pause Remark 24M->24M(512M) 1.061ms
[2022-04-10T02:38:21.392+0800][1.675s] GC(2) User=0.00s Sys=0.00s Real=0.00s
[2022-04-10T02:38:21.392+0800][1.675s] GC(2) Concurrent Mark 2.516ms
[2022-04-10T02:38:21.392+0800][1.675s] GC(2) Concurrent Rebuild Remembered Sets
[2022-04-10T02:38:21.394+0800][1.678s] GC(2) Concurrent Rebuild Remembered Sets 2.520ms
[2022-04-10T02:38:21.394+0800][1.678s] GC(2) Pause Cleanup
[2022-04-10T02:38:21.394+0800][1.678s] GC(2) Pause Cleanup 24M->24M(512M) 0.165ms
[2022-04-10T02:38:21.395+0800][1.678s] GC(2) User=0.00s Sys=0.00s Real=0.00s
[2022-04-10T02:38:21.395+0800][1.678s] GC(2) Concurrent Cleanup for Next Mark
[2022-04-10T02:38:21.395+0800][1.679s] GC(2) Concurrent Cleanup for Next Mark 0.747ms
[2022-04-10T02:38:21.395+0800][1.679s] GC(2) Concurrent Mark Cycle 9.094ms
[2022-04-10T02:38:22.330+0800][2.614s] GC(3) Pause Young (Normal) (G1 Evacuation Pause)
[2022-04-10T02:38:22.330+0800][2.614s] GC(3) Using 10 workers of 10 for evacuation
[2022-04-10T02:38:22.336+0800][2.619s] GC(3)   Pre Evacuate Collection Set: 0.1ms
[2022-04-10T02:38:22.336+0800][2.619s] GC(3)   Merge Heap Roots: 0.1ms
[2022-04-10T02:38:22.336+0800][2.619s] GC(3)   Evacuate Collection Set: 4.9ms
[2022-04-10T02:38:22.336+0800][2.619s] GC(3)   Post Evacuate Collection Set: 0.6ms
[2022-04-10T02:38:22.336+0800][2.619s] GC(3)   Other: 0.1ms
[2022-04-10T02:38:22.336+0800][2.619s] GC(3) Eden regions: 69->0(128)
[2022-04-10T02:38:22.336+0800][2.619s] GC(3) Survivor regions: 11->6(10)
[2022-04-10T02:38:22.336+0800][2.619s] GC(3) Old regions: 9->20
[2022-04-10T02:38:22.336+0800][2.619s] GC(3) Archive regions: 2->2
[2022-04-10T02:38:22.336+0800][2.619s] GC(3) Humongous regions: 4->4
[2022-04-10T02:38:22.336+0800][2.619s] GC(3) Metaspace: 34261K(34560K)->34261K(34560K) NonClass: 30225K(30400K)->30225K(30400K) Class: 4035K(4160K)->4035K(4160K)
[2022-04-10T02:38:22.336+0800][2.620s] GC(3) Pause Young (Normal) (G1 Evacuation Pause) 92M->29M(512M) 5.975ms
[2022-04-10T02:38:22.336+0800][2.620s] GC(3) User=0.05s Sys=0.00s Real=0.00s
[2022-04-10T02:38:22.429+0800][2.713s] GC(4) Pause Young (Concurrent Start) (Metadata GC Threshold)
[2022-04-10T02:38:22.429+0800][2.713s] GC(4) Using 10 workers of 10 for evacuation
[2022-04-10T02:38:22.431+0800][2.715s] GC(4)   Pre Evacuate Collection Set: 0.1ms
[2022-04-10T02:38:22.431+0800][2.715s] GC(4)   Merge Heap Roots: 0.0ms
[2022-04-10T02:38:22.431+0800][2.715s] GC(4)   Evacuate Collection Set: 1.7ms
[2022-04-10T02:38:22.431+0800][2.715s] GC(4)   Post Evacuate Collection Set: 0.4ms
[2022-04-10T02:38:22.431+0800][2.715s] GC(4)   Other: 0.2ms
[2022-04-10T02:38:22.431+0800][2.715s] GC(4) Eden regions: 11->0(218)
[2022-04-10T02:38:22.431+0800][2.715s] GC(4) Survivor regions: 6->7(17)
[2022-04-10T02:38:22.431+0800][2.715s] GC(4) Old regions: 20->20
[2022-04-10T02:38:22.431+0800][2.715s] GC(4) Archive regions: 2->2
[2022-04-10T02:38:22.431+0800][2.715s] GC(4) Humongous regions: 5->4
[2022-04-10T02:38:22.431+0800][2.715s] GC(4) Metaspace: 35484K(35776K)->35484K(35776K) NonClass: 31293K(31424K)->31293K(31424K) Class: 4191K(4352K)->4191K(4352K)
[2022-04-10T02:38:22.431+0800][2.715s] GC(4) Pause Young (Concurrent Start) (Metadata GC Threshold) 41M->30M(512M) 2.603ms
[2022-04-10T02:38:22.432+0800][2.715s] GC(4) User=0.02s Sys=0.00s Real=0.01s
[2022-04-10T02:38:22.432+0800][2.715s] GC(5) Concurrent Mark Cycle
[2022-04-10T02:38:22.432+0800][2.715s] GC(5) Concurrent Clear Claimed Marks
[2022-04-10T02:38:22.432+0800][2.715s] GC(5) Concurrent Clear Claimed Marks 0.019ms
[2022-04-10T02:38:22.432+0800][2.715s] GC(5) Concurrent Scan Root Regions
[2022-04-10T02:38:22.433+0800][2.717s] GC(5) Concurrent Scan Root Regions 1.335ms
[2022-04-10T02:38:22.433+0800][2.717s] GC(5) Concurrent Mark
[2022-04-10T02:38:22.433+0800][2.717s] GC(5) Concurrent Mark From Roots
[2022-04-10T02:38:22.433+0800][2.717s] GC(5) Using 3 workers of 3 for marking
[2022-04-10T02:38:22.441+0800][2.725s] GC(5) Concurrent Mark From Roots 8.147ms
[2022-04-10T02:38:22.441+0800][2.725s] GC(5) Concurrent Preclean
[2022-04-10T02:38:22.441+0800][2.725s] GC(5) Concurrent Preclean 0.076ms
[2022-04-10T02:38:22.441+0800][2.725s] GC(5) Pause Remark
[2022-04-10T02:38:22.443+0800][2.727s] GC(5) Pause Remark 32M->32M(512M) 1.720ms
[2022-04-10T02:38:22.443+0800][2.727s] GC(5) User=0.01s Sys=0.00s Real=0.00s
[2022-04-10T02:38:22.443+0800][2.727s] GC(5) Concurrent Mark 10.241ms
[2022-04-10T02:38:22.443+0800][2.727s] GC(5) Concurrent Rebuild Remembered Sets
[2022-04-10T02:38:22.448+0800][2.732s] GC(5) Concurrent Rebuild Remembered Sets 4.672ms
[2022-04-10T02:38:22.448+0800][2.732s] GC(5) Pause Cleanup
[2022-04-10T02:38:22.448+0800][2.732s] GC(5) Pause Cleanup 32M->32M(512M) 0.125ms
[2022-04-10T02:38:22.448+0800][2.732s] GC(5) User=0.00s Sys=0.00s Real=0.00s
[2022-04-10T02:38:22.448+0800][2.732s] GC(5) Concurrent Cleanup for Next Mark
[2022-04-10T02:38:22.449+0800][2.733s] GC(5) Concurrent Cleanup for Next Mark 0.750ms
[2022-04-10T02:38:22.449+0800][2.733s] GC(5) Concurrent Mark Cycle 17.552ms
[2022-04-10T02:38:35.400+0800][15.683s] GC(6) Pause Young (Normal) (G1 Evacuation Pause)
[2022-04-10T02:38:35.400+0800][15.683s] GC(6) Using 10 workers of 10 for evacuation
[2022-04-10T02:38:35.406+0800][15.689s] GC(6)   Pre Evacuate Collection Set: 0.1ms
[2022-04-10T02:38:35.406+0800][15.689s] GC(6)   Merge Heap Roots: 0.0ms
[2022-04-10T02:38:35.406+0800][15.689s] GC(6)   Evacuate Collection Set: 4.9ms
[2022-04-10T02:38:35.406+0800][15.689s] GC(6)   Post Evacuate Collection Set: 0.8ms
[2022-04-10T02:38:35.406+0800][15.689s] GC(6)   Other: 0.1ms
[2022-04-10T02:38:35.406+0800][15.689s] GC(6) Eden regions: 218->0(287)
[2022-04-10T02:38:35.406+0800][15.689s] GC(6) Survivor regions: 7->20(29)
[2022-04-10T02:38:35.406+0800][15.689s] GC(6) Old regions: 20->20
[2022-04-10T02:38:35.406+0800][15.689s] GC(6) Archive regions: 2->2
[2022-04-10T02:38:35.406+0800][15.689s] GC(6) Humongous regions: 7->7
[2022-04-10T02:38:35.406+0800][15.689s] GC(6) Metaspace: 47887K(48192K)->47887K(48192K) NonClass: 42240K(42368K)->42240K(42368K) Class: 5646K(5824K)->5646K(5824K)
[2022-04-10T02:38:35.406+0800][15.689s] GC(6) Pause Young (Normal) (G1 Evacuation Pause) 251M->47M(512M) 5.992ms
[2022-04-10T02:38:35.406+0800][15.689s] GC(6) User=0.06s Sys=0.00s Real=0.00s
[2022-04-10T02:38:36.468+0800][16.752s] GC(7) Pause Young (Normal) (G1 Evacuation Pause)
[2022-04-10T02:38:36.468+0800][16.752s] GC(7) Using 10 workers of 10 for evacuation
[2022-04-10T02:38:36.477+0800][16.761s] GC(7)   Pre Evacuate Collection Set: 0.1ms
[2022-04-10T02:38:36.477+0800][16.761s] GC(7)   Merge Heap Roots: 0.1ms
[2022-04-10T02:38:36.477+0800][16.761s] GC(7)   Evacuate Collection Set: 7.7ms
[2022-04-10T02:38:36.477+0800][16.761s] GC(7)   Post Evacuate Collection Set: 0.8ms
[2022-04-10T02:38:36.477+0800][16.761s] GC(7)   Other: 0.2ms
[2022-04-10T02:38:36.477+0800][16.761s] GC(7) Eden regions: 287->0(274)
[2022-04-10T02:38:36.477+0800][16.761s] GC(7) Survivor regions: 20->33(39)
[2022-04-10T02:38:36.477+0800][16.761s] GC(7) Old regions: 20->20
[2022-04-10T02:38:36.477+0800][16.761s] GC(7) Archive regions: 2->2
[2022-04-10T02:38:36.477+0800][16.761s] GC(7) Humongous regions: 8->8
[2022-04-10T02:38:36.477+0800][16.761s] GC(7) Metaspace: 48004K(48384K)->48004K(48384K) NonClass: 42357K(42560K)->42357K(42560K) Class: 5647K(5824K)->5647K(5824K)
[2022-04-10T02:38:36.477+0800][16.761s] GC(7) Pause Young (Normal) (G1 Evacuation Pause) 335M->61M(512M) 8.989ms
[2022-04-10T02:38:36.477+0800][16.761s] GC(7) User=0.09s Sys=0.00s Real=0.01s
[2022-04-10T02:38:37.240+0800][17.524s] GC(8) Pause Young (Normal) (G1 Evacuation Pause)
[2022-04-10T02:38:37.240+0800][17.524s] GC(8) Using 10 workers of 10 for evacuation
[2022-04-10T02:38:37.249+0800][17.533s] GC(8)   Pre Evacuate Collection Set: 0.1ms
[2022-04-10T02:38:37.249+0800][17.533s] GC(8)   Merge Heap Roots: 0.1ms
[2022-04-10T02:38:37.249+0800][17.533s] GC(8)   Evacuate Collection Set: 7.6ms
[2022-04-10T02:38:37.249+0800][17.533s] GC(8)   Post Evacuate Collection Set: 0.7ms
[2022-04-10T02:38:37.249+0800][17.533s] GC(8)   Other: 0.1ms
[2022-04-10T02:38:37.249+0800][17.533s] GC(8) Eden regions: 274->0(280)
[2022-04-10T02:38:37.249+0800][17.533s] GC(8) Survivor regions: 33->27(39)
[2022-04-10T02:38:37.249+0800][17.533s] GC(8) Old regions: 20->38
[2022-04-10T02:38:37.249+0800][17.533s] GC(8) Archive regions: 2->2
[2022-04-10T02:38:37.249+0800][17.533s] GC(8) Humongous regions: 8->8
[2022-04-10T02:38:37.249+0800][17.533s] GC(8) Metaspace: 48021K(48384K)->48021K(48384K) NonClass: 42374K(42560K)->42374K(42560K) Class: 5647K(5824K)->5647K(5824K)
[2022-04-10T02:38:37.249+0800][17.533s] GC(8) Pause Young (Normal) (G1 Evacuation Pause) 335M->72M(512M) 8.740ms
[2022-04-10T02:38:37.249+0800][17.533s] GC(8) User=0.07s Sys=0.01s Real=0.00s
[2022-04-10T02:38:37.938+0800][18.221s] GC(9) Pause Young (Normal) (G1 Evacuation Pause)
[2022-04-10T02:38:37.938+0800][18.221s] GC(9) Using 10 workers of 10 for evacuation
[2022-04-10T02:38:37.943+0800][18.227s] GC(9)   Pre Evacuate Collection Set: 0.1ms
[2022-04-10T02:38:37.943+0800][18.227s] GC(9)   Merge Heap Roots: 0.1ms
[2022-04-10T02:38:37.943+0800][18.227s] GC(9)   Evacuate Collection Set: 4.8ms
[2022-04-10T02:38:37.943+0800][18.227s] GC(9)   Post Evacuate Collection Set: 0.4ms
[2022-04-10T02:38:37.943+0800][18.227s] GC(9)   Other: 0.1ms
[2022-04-10T02:38:37.943+0800][18.227s] GC(9) Eden regions: 280->0(279)
[2022-04-10T02:38:37.943+0800][18.227s] GC(9) Survivor regions: 27->28(39)
[2022-04-10T02:38:37.943+0800][18.227s] GC(9) Old regions: 38->47
[2022-04-10T02:38:37.943+0800][18.227s] GC(9) Archive regions: 2->2
[2022-04-10T02:38:37.943+0800][18.227s] GC(9) Humongous regions: 8->8
[2022-04-10T02:38:37.943+0800][18.227s] GC(9) Metaspace: 48032K(48384K)->48032K(48384K) NonClass: 42385K(42560K)->42385K(42560K) Class: 5647K(5824K)->5647K(5824K)
[2022-04-10T02:38:37.943+0800][18.227s] GC(9) Pause Young (Normal) (G1 Evacuation Pause) 352M->83M(512M) 5.586ms
[2022-04-10T02:38:37.943+0800][18.227s] GC(9) User=0.05s Sys=0.00s Real=0.01s
[2022-04-10T02:38:38.719+0800][19.002s] GC(10) Pause Young (Normal) (G1 Evacuation Pause)
[2022-04-10T02:38:38.719+0800][19.002s] GC(10) Using 10 workers of 10 for evacuation
[2022-04-10T02:38:38.724+0800][19.008s] GC(10)   Pre Evacuate Collection Set: 0.1ms
[2022-04-10T02:38:38.724+0800][19.008s] GC(10)   Merge Heap Roots: 0.1ms
[2022-04-10T02:38:38.724+0800][19.008s] GC(10)   Evacuate Collection Set: 5.0ms
[2022-04-10T02:38:38.724+0800][19.008s] GC(10)   Post Evacuate Collection Set: 0.3ms
[2022-04-10T02:38:38.724+0800][19.008s] GC(10)   Other: 0.2ms
[2022-04-10T02:38:38.724+0800][19.008s] GC(10) Eden regions: 279->0(278)
[2022-04-10T02:38:38.724+0800][19.008s] GC(10) Survivor regions: 28->29(39)
[2022-04-10T02:38:38.724+0800][19.008s] GC(10) Old regions: 47->56
[2022-04-10T02:38:38.724+0800][19.008s] GC(10) Archive regions: 2->2
[2022-04-10T02:38:38.724+0800][19.008s] GC(10) Humongous regions: 17->16
[2022-04-10T02:38:38.724+0800][19.008s] GC(10) Metaspace: 48034K(48384K)->48034K(48384K) NonClass: 42387K(42560K)->42387K(42560K) Class: 5647K(5824K)->5647K(5824K)
[2022-04-10T02:38:38.724+0800][19.008s] GC(10) Pause Young (Normal) (G1 Evacuation Pause) 371M->101M(512M) 5.794ms
[2022-04-10T02:38:38.724+0800][19.008s] GC(10) User=0.05s Sys=0.00s Real=0.01s
[2022-04-10T02:38:39.482+0800][19.765s] GC(11) Pause Young (Normal) (G1 Evacuation Pause)
[2022-04-10T02:38:39.482+0800][19.765s] GC(11) Using 10 workers of 10 for evacuation
[2022-04-10T02:38:39.488+0800][19.771s] GC(11)   Pre Evacuate Collection Set: 0.1ms
[2022-04-10T02:38:39.488+0800][19.771s] GC(11)   Merge Heap Roots: 0.2ms
[2022-04-10T02:38:39.488+0800][19.771s] GC(11)   Evacuate Collection Set: 5.1ms
[2022-04-10T02:38:39.488+0800][19.771s] GC(11)   Post Evacuate Collection Set: 0.4ms
[2022-04-10T02:38:39.488+0800][19.771s] GC(11)   Other: 0.1ms
[2022-04-10T02:38:39.488+0800][19.771s] GC(11) Eden regions: 278->0(275)
[2022-04-10T02:38:39.488+0800][19.771s] GC(11) Survivor regions: 29->32(39)
[2022-04-10T02:38:39.488+0800][19.771s] GC(11) Old regions: 56->66
[2022-04-10T02:38:39.488+0800][19.771s] GC(11) Archive regions: 2->2
[2022-04-10T02:38:39.488+0800][19.771s] GC(11) Humongous regions: 16->16
[2022-04-10T02:38:39.488+0800][19.771s] GC(11) Metaspace: 48037K(48384K)->48037K(48384K) NonClass: 42389K(42560K)->42389K(42560K) Class: 5647K(5824K)->5647K(5824K)
[2022-04-10T02:38:39.488+0800][19.771s] GC(11) Pause Young (Normal) (G1 Evacuation Pause) 379M->113M(512M) 6.001ms
[2022-04-10T02:38:39.488+0800][19.771s] GC(11) User=0.05s Sys=0.00s Real=0.00s
[2022-04-10T02:38:40.209+0800][20.492s] GC(12) Pause Young (Normal) (G1 Evacuation Pause)
[2022-04-10T02:38:40.209+0800][20.492s] GC(12) Using 10 workers of 10 for evacuation
[2022-04-10T02:38:40.216+0800][20.499s] GC(12)   Pre Evacuate Collection Set: 0.1ms
[2022-04-10T02:38:40.216+0800][20.499s] GC(12)   Merge Heap Roots: 0.2ms
[2022-04-10T02:38:40.216+0800][20.499s] GC(12)   Evacuate Collection Set: 6.0ms
[2022-04-10T02:38:40.216+0800][20.499s] GC(12)   Post Evacuate Collection Set: 0.4ms
[2022-04-10T02:38:40.216+0800][20.499s] GC(12)   Other: 0.1ms
[2022-04-10T02:38:40.216+0800][20.499s] GC(12) Eden regions: 275->0(267)
[2022-04-10T02:38:40.216+0800][20.499s] GC(12) Survivor regions: 32->33(39)
[2022-04-10T02:38:40.216+0800][20.499s] GC(12) Old regions: 66->75
[2022-04-10T02:38:40.216+0800][20.499s] GC(12) Archive regions: 2->2
[2022-04-10T02:38:40.216+0800][20.499s] GC(12) Humongous regions: 20->20
[2022-04-10T02:38:40.216+0800][20.499s] GC(12) Metaspace: 48041K(48384K)->48041K(48384K) NonClass: 42393K(42560K)->42393K(42560K) Class: 5647K(5824K)->5647K(5824K)
[2022-04-10T02:38:40.216+0800][20.499s] GC(12) Pause Young (Normal) (G1 Evacuation Pause) 392M->128M(512M) 6.870ms
[2022-04-10T02:38:40.216+0800][20.499s] GC(12) User=0.06s Sys=0.00s Real=0.01s
[2022-04-10T02:38:42.266+0800][22.549s] GC(13) Pause Young (Normal) (G1 Evacuation Pause)
[2022-04-10T02:38:42.266+0800][22.549s] GC(13) Using 10 workers of 10 for evacuation
[2022-04-10T02:38:42.272+0800][22.556s] GC(13)   Pre Evacuate Collection Set: 0.1ms
[2022-04-10T02:38:42.272+0800][22.556s] GC(13)   Merge Heap Roots: 0.1ms
[2022-04-10T02:38:42.272+0800][22.556s] GC(13)   Evacuate Collection Set: 5.3ms
[2022-04-10T02:38:42.272+0800][22.556s] GC(13)   Post Evacuate Collection Set: 0.4ms
[2022-04-10T02:38:42.272+0800][22.556s] GC(13)   Other: 0.2ms
[2022-04-10T02:38:42.272+0800][22.556s] GC(13) Eden regions: 267->0(272)
[2022-04-10T02:38:42.272+0800][22.556s] GC(13) Survivor regions: 33->8(38)
[2022-04-10T02:38:42.272+0800][22.556s] GC(13) Old regions: 75->103
[2022-04-10T02:38:42.272+0800][22.556s] GC(13) Archive regions: 2->2
[2022-04-10T02:38:42.272+0800][22.556s] GC(13) Humongous regions: 20->20
[2022-04-10T02:38:42.272+0800][22.556s] GC(13) Metaspace: 49279K(49664K)->49279K(49664K) NonClass: 43516K(43712K)->43516K(43712K) Class: 5763K(5952K)->5763K(5952K)
[2022-04-10T02:38:42.272+0800][22.556s] GC(13) Pause Young (Normal) (G1 Evacuation Pause) 395M->130M(512M) 6.231ms
[2022-04-10T02:38:42.272+0800][22.556s] GC(13) User=0.06s Sys=0.00s Real=0.01s
[2022-04-10T02:38:44.164+0800][24.447s] GC(14) Pause Young (Normal) (G1 Evacuation Pause)
[2022-04-10T02:38:44.164+0800][24.447s] GC(14) Using 10 workers of 10 for evacuation
[2022-04-10T02:38:44.166+0800][24.450s] GC(14)   Pre Evacuate Collection Set: 0.1ms
[2022-04-10T02:38:44.166+0800][24.450s] GC(14)   Merge Heap Roots: 0.1ms
[2022-04-10T02:38:44.166+0800][24.450s] GC(14)   Evacuate Collection Set: 1.8ms
[2022-04-10T02:38:44.166+0800][24.450s] GC(14)   Post Evacuate Collection Set: 0.5ms
[2022-04-10T02:38:44.166+0800][24.450s] GC(14)   Other: 0.1ms
[2022-04-10T02:38:44.166+0800][24.450s] GC(14) Eden regions: 272->0(278)
[2022-04-10T02:38:44.166+0800][24.450s] GC(14) Survivor regions: 8->10(35)
[2022-04-10T02:38:44.166+0800][24.450s] GC(14) Old regions: 103->103
[2022-04-10T02:38:44.166+0800][24.450s] GC(14) Archive regions: 2->2
[2022-04-10T02:38:44.166+0800][24.450s] GC(14) Humongous regions: 20->20
[2022-04-10T02:38:44.166+0800][24.450s] GC(14) Metaspace: 50235K(50624K)->50235K(50624K) NonClass: 44348K(44544K)->44348K(44544K) Class: 5886K(6080K)->5886K(6080K)
[2022-04-10T02:38:44.166+0800][24.450s] GC(14) Pause Young (Normal) (G1 Evacuation Pause) 402M->133M(512M) 2.735ms
[2022-04-10T02:38:44.166+0800][24.450s] GC(14) User=0.02s Sys=0.00s Real=0.00s
[2022-04-10T02:38:45.422+0800][25.705s] GC(15) Pause Young (Normal) (G1 Evacuation Pause)
[2022-04-10T02:38:45.422+0800][25.705s] GC(15) Using 10 workers of 10 for evacuation
[2022-04-10T02:38:45.425+0800][25.708s] GC(15)   Pre Evacuate Collection Set: 0.1ms
[2022-04-10T02:38:45.425+0800][25.708s] GC(15)   Merge Heap Roots: 0.1ms
[2022-04-10T02:38:45.425+0800][25.708s] GC(15)   Evacuate Collection Set: 1.6ms
[2022-04-10T02:38:45.425+0800][25.708s] GC(15)   Post Evacuate Collection Set: 0.6ms
[2022-04-10T02:38:45.425+0800][25.708s] GC(15)   Other: 0.2ms
[2022-04-10T02:38:45.425+0800][25.708s] GC(15) Eden regions: 278->0(283)
[2022-04-10T02:38:45.425+0800][25.708s] GC(15) Survivor regions: 10->11(36)
[2022-04-10T02:38:45.425+0800][25.708s] GC(15) Old regions: 103->103
[2022-04-10T02:38:45.425+0800][25.708s] GC(15) Archive regions: 2->2
[2022-04-10T02:38:45.425+0800][25.708s] GC(15) Humongous regions: 20->20
[2022-04-10T02:38:45.425+0800][25.708s] GC(15) Metaspace: 50314K(50688K)->50314K(50688K) NonClass: 44424K(44608K)->44424K(44608K) Class: 5889K(6080K)->5889K(6080K)
[2022-04-10T02:38:45.425+0800][25.708s] GC(15) Pause Young (Normal) (G1 Evacuation Pause) 411M->134M(512M) 2.701ms
[2022-04-10T02:38:45.425+0800][25.708s] GC(15) User=0.01s Sys=0.00s Real=0.00s
[2022-04-10T02:38:46.153+0800][26.436s] GC(16) Pause Young (Normal) (G1 Evacuation Pause)
[2022-04-10T02:38:46.153+0800][26.436s] GC(16) Using 10 workers of 10 for evacuation
[2022-04-10T02:38:46.157+0800][26.440s] GC(16)   Pre Evacuate Collection Set: 0.1ms
[2022-04-10T02:38:46.157+0800][26.440s] GC(16)   Merge Heap Roots: 0.1ms
[2022-04-10T02:38:46.157+0800][26.440s] GC(16)   Evacuate Collection Set: 3.2ms
[2022-04-10T02:38:46.157+0800][26.440s] GC(16)   Post Evacuate Collection Set: 0.4ms
[2022-04-10T02:38:46.157+0800][26.440s] GC(16)   Other: 0.2ms
[2022-04-10T02:38:46.157+0800][26.440s] GC(16) Eden regions: 283->0(270)
[2022-04-10T02:38:46.157+0800][26.440s] GC(16) Survivor regions: 11->23(37)
[2022-04-10T02:38:46.157+0800][26.440s] GC(16) Old regions: 103->103
[2022-04-10T02:38:46.157+0800][26.440s] GC(16) Archive regions: 2->2
[2022-04-10T02:38:46.157+0800][26.440s] GC(16) Humongous regions: 20->20
[2022-04-10T02:38:46.157+0800][26.440s] GC(16) Metaspace: 50314K(50688K)->50314K(50688K) NonClass: 44424K(44608K)->44424K(44608K) Class: 5889K(6080K)->5889K(6080K)
[2022-04-10T02:38:46.157+0800][26.440s] GC(16) Pause Young (Normal) (G1 Evacuation Pause) 417M->146M(512M) 4.106ms
[2022-04-10T02:38:46.157+0800][26.440s] GC(16) User=0.03s Sys=0.00s Real=0.00s
[2022-04-10T02:38:47.122+0800][27.405s] GC(17) Pause Young (Normal) (G1 Evacuation Pause)
[2022-04-10T02:38:47.122+0800][27.405s] GC(17) Using 10 workers of 10 for evacuation
[2022-04-10T02:38:47.127+0800][27.410s] GC(17)   Pre Evacuate Collection Set: 0.1ms
[2022-04-10T02:38:47.127+0800][27.410s] GC(17)   Merge Heap Roots: 0.1ms
[2022-04-10T02:38:47.127+0800][27.410s] GC(17)   Evacuate Collection Set: 3.9ms
[2022-04-10T02:38:47.127+0800][27.410s] GC(17)   Post Evacuate Collection Set: 0.4ms
[2022-04-10T02:38:47.127+0800][27.410s] GC(17)   Other: 0.1ms
[2022-04-10T02:38:47.127+0800][27.410s] GC(17) Eden regions: 270->0(262)
[2022-04-10T02:38:47.127+0800][27.410s] GC(17) Survivor regions: 23->26(37)
[2022-04-10T02:38:47.127+0800][27.410s] GC(17) Old regions: 103->107
[2022-04-10T02:38:47.127+0800][27.410s] GC(17) Archive regions: 2->2
[2022-04-10T02:38:47.127+0800][27.410s] GC(17) Humongous regions: 21->21
[2022-04-10T02:38:47.127+0800][27.410s] GC(17) Metaspace: 50328K(50752K)->50328K(50752K) NonClass: 44438K(44672K)->44438K(44672K) Class: 5889K(6080K)->5889K(6080K)
[2022-04-10T02:38:47.127+0800][27.410s] GC(17) Pause Young (Normal) (G1 Evacuation Pause) 417M->154M(512M) 4.731ms
[2022-04-10T02:38:47.127+0800][27.410s] GC(17) User=0.04s Sys=0.00s Real=0.00s
[2022-04-10T02:38:48.184+0800][28.467s] GC(18) Pause Young (Normal) (G1 Evacuation Pause)
[2022-04-10T02:38:48.184+0800][28.467s] GC(18) Using 10 workers of 10 for evacuation
[2022-04-10T02:38:48.186+0800][28.469s] GC(18)   Pre Evacuate Collection Set: 0.1ms
[2022-04-10T02:38:48.186+0800][28.469s] GC(18)   Merge Heap Roots: 0.1ms
[2022-04-10T02:38:48.186+0800][28.469s] GC(18)   Evacuate Collection Set: 1.5ms
[2022-04-10T02:38:48.186+0800][28.469s] GC(18)   Post Evacuate Collection Set: 0.4ms
[2022-04-10T02:38:48.186+0800][28.469s] GC(18)   Other: 0.1ms
[2022-04-10T02:38:48.186+0800][28.469s] GC(18) Eden regions: 262->0(280)
[2022-04-10T02:38:48.186+0800][28.469s] GC(18) Survivor regions: 26->10(36)
[2022-04-10T02:38:48.186+0800][28.469s] GC(18) Old regions: 107->108
[2022-04-10T02:38:48.186+0800][28.469s] GC(18) Archive regions: 2->2
[2022-04-10T02:38:48.186+0800][28.469s] GC(18) Humongous regions: 21->20
[2022-04-10T02:38:48.186+0800][28.469s] GC(18) Metaspace: 50374K(50752K)->50374K(50752K) NonClass: 44484K(44672K)->44484K(44672K) Class: 5889K(6080K)->5889K(6080K)
[2022-04-10T02:38:48.186+0800][28.469s] GC(18) Pause Young (Normal) (G1 Evacuation Pause) 416M->137M(512M) 2.186ms
[2022-04-10T02:38:48.186+0800][28.469s] GC(18) User=0.01s Sys=0.00s Real=0.00s
[2022-04-10T02:38:59.315+0800][39.598s] GC(19) Pause Young (Normal) (G1 Evacuation Pause)
[2022-04-10T02:38:59.315+0800][39.598s] GC(19) Using 10 workers of 10 for evacuation
[2022-04-10T02:38:59.316+0800][39.599s] GC(19)   Pre Evacuate Collection Set: 0.1ms
[2022-04-10T02:38:59.316+0800][39.599s] GC(19)   Merge Heap Roots: 0.1ms
[2022-04-10T02:38:59.316+0800][39.599s] GC(19)   Evacuate Collection Set: 0.6ms
[2022-04-10T02:38:59.316+0800][39.599s] GC(19)   Post Evacuate Collection Set: 0.5ms
[2022-04-10T02:38:59.316+0800][39.599s] GC(19)   Other: 0.1ms
[2022-04-10T02:38:59.316+0800][39.599s] GC(19) Eden regions: 280->0(294)
[2022-04-10T02:38:59.316+0800][39.599s] GC(19) Survivor regions: 10->2(37)
[2022-04-10T02:38:59.316+0800][39.599s] GC(19) Old regions: 108->108
[2022-04-10T02:38:59.316+0800][39.599s] GC(19) Archive regions: 2->2
[2022-04-10T02:38:59.316+0800][39.599s] GC(19) Humongous regions: 20->20
[2022-04-10T02:38:59.316+0800][39.599s] GC(19) Metaspace: 51322K(51712K)->51322K(51712K) NonClass: 45363K(45568K)->45363K(45568K) Class: 5959K(6144K)->5959K(6144K)
[2022-04-10T02:38:59.316+0800][39.599s] GC(19) Pause Young (Normal) (G1 Evacuation Pause) 417M->130M(512M) 1.529ms
[2022-04-10T02:38:59.316+0800][39.599s] GC(19) User=0.00s Sys=0.00s Real=0.00s
[2022-04-10T02:39:09.779+0800][50.062s] GC(20) Pause Young (Normal) (G1 Evacuation Pause)
[2022-04-10T02:39:09.779+0800][50.062s] GC(20) Using 10 workers of 10 for evacuation
[2022-04-10T02:39:09.781+0800][50.064s] GC(20)   Pre Evacuate Collection Set: 0.1ms
[2022-04-10T02:39:09.781+0800][50.064s] GC(20)   Merge Heap Roots: 0.1ms
[2022-04-10T02:39:09.781+0800][50.064s] GC(20)   Evacuate Collection Set: 1.1ms
[2022-04-10T02:39:09.781+0800][50.064s] GC(20)   Post Evacuate Collection Set: 0.5ms
[2022-04-10T02:39:09.781+0800][50.064s] GC(20)   Other: 0.1ms
[2022-04-10T02:39:09.781+0800][50.064s] GC(20) Eden regions: 294->0(299)
[2022-04-10T02:39:09.781+0800][50.064s] GC(20) Survivor regions: 2->3(37)
[2022-04-10T02:39:09.781+0800][50.064s] GC(20) Old regions: 108->108
[2022-04-10T02:39:09.781+0800][50.064s] GC(20) Archive regions: 2->2
[2022-04-10T02:39:09.781+0800][50.064s] GC(20) Humongous regions: 20->20
[2022-04-10T02:39:09.781+0800][50.064s] GC(20) Metaspace: 51803K(52160K)->51803K(52160K) NonClass: 45833K(46016K)->45833K(46016K) Class: 5969K(6144K)->5969K(6144K)
[2022-04-10T02:39:09.781+0800][50.064s] GC(20) Pause Young (Normal) (G1 Evacuation Pause) 424M->130M(512M) 2.058ms
[2022-04-10T02:39:09.781+0800][50.064s] GC(20) User=0.02s Sys=0.00s Real=0.01s
[2022-04-10T02:39:21.868+0800][62.151s] GC(21) Pause Young (Normal) (G1 Evacuation Pause)
[2022-04-10T02:39:21.868+0800][62.151s] GC(21) Using 10 workers of 10 for evacuation
[2022-04-10T02:39:21.870+0800][62.153s] GC(21)   Pre Evacuate Collection Set: 0.1ms
[2022-04-10T02:39:21.870+0800][62.153s] GC(21)   Merge Heap Roots: 0.1ms
[2022-04-10T02:39:21.870+0800][62.153s] GC(21)   Evacuate Collection Set: 1.0ms
[2022-04-10T02:39:21.870+0800][62.153s] GC(21)   Post Evacuate Collection Set: 0.6ms
[2022-04-10T02:39:21.870+0800][62.153s] GC(21)   Other: 0.2ms
[2022-04-10T02:39:21.870+0800][62.153s] GC(21) Eden regions: 299->0(304)
[2022-04-10T02:39:21.870+0800][62.153s] GC(21) Survivor regions: 3->3(38)
[2022-04-10T02:39:21.870+0800][62.153s] GC(21) Old regions: 108->108
[2022-04-10T02:39:21.870+0800][62.153s] GC(21) Archive regions: 2->2
[2022-04-10T02:39:21.870+0800][62.153s] GC(21) Humongous regions: 20->20
[2022-04-10T02:39:21.870+0800][62.153s] GC(21) Metaspace: 52058K(52416K)->52058K(52416K) NonClass: 46087K(46272K)->46087K(46272K) Class: 5970K(6144K)->5970K(6144K)
[2022-04-10T02:39:21.870+0800][62.153s] GC(21) Pause Young (Normal) (G1 Evacuation Pause) 429M->130M(512M) 2.006ms
[2022-04-10T02:39:21.870+0800][62.153s] GC(21) User=0.01s Sys=0.00s Real=0.01s
[2022-04-10T02:39:36.055+0800][76.338s] GC(22) Pause Young (Normal) (G1 Evacuation Pause)
[2022-04-10T02:39:36.055+0800][76.338s] GC(22) Using 10 workers of 10 for evacuation
[2022-04-10T02:39:36.057+0800][76.340s] GC(22)   Pre Evacuate Collection Set: 0.1ms
[2022-04-10T02:39:36.057+0800][76.340s] GC(22)   Merge Heap Roots: 0.1ms
[2022-04-10T02:39:36.057+0800][76.340s] GC(22)   Evacuate Collection Set: 1.4ms
[2022-04-10T02:39:36.057+0800][76.340s] GC(22)   Post Evacuate Collection Set: 0.5ms
[2022-04-10T02:39:36.057+0800][76.340s] GC(22)   Other: 0.2ms
[2022-04-10T02:39:36.057+0800][76.340s] GC(22) Eden regions: 304->0(304)
[2022-04-10T02:39:36.057+0800][76.340s] GC(22) Survivor regions: 3->3(39)
[2022-04-10T02:39:36.057+0800][76.340s] GC(22) Old regions: 108->108
[2022-04-10T02:39:36.058+0800][76.340s] GC(22) Archive regions: 2->2
[2022-04-10T02:39:36.058+0800][76.340s] GC(22) Humongous regions: 20->20
[2022-04-10T02:39:36.058+0800][76.340s] GC(22) Metaspace: 52577K(52928K)->52577K(52928K) NonClass: 46552K(46720K)->46552K(46720K) Class: 6024K(6208K)->6024K(6208K)
[2022-04-10T02:39:36.058+0800][76.340s] GC(22) Pause Young (Normal) (G1 Evacuation Pause) 434M->130M(512M) 2.439ms
[2022-04-10T02:39:36.058+0800][76.340s] GC(22) User=0.01s Sys=0.00s Real=0.00s
[2022-04-10T02:39:47.009+0800][87.291s] GC(23) Pause Young (Normal) (G1 Evacuation Pause)
[2022-04-10T02:39:47.009+0800][87.291s] GC(23) Using 10 workers of 10 for evacuation
[2022-04-10T02:39:47.011+0800][87.294s] GC(23)   Pre Evacuate Collection Set: 0.1ms
[2022-04-10T02:39:47.011+0800][87.294s] GC(23)   Merge Heap Roots: 0.1ms
[2022-04-10T02:39:47.011+0800][87.294s] GC(23)   Evacuate Collection Set: 1.4ms
[2022-04-10T02:39:47.011+0800][87.294s] GC(23)   Post Evacuate Collection Set: 0.7ms
[2022-04-10T02:39:47.011+0800][87.294s] GC(23)   Other: 0.1ms
[2022-04-10T02:39:47.011+0800][87.294s] GC(23) Eden regions: 304->0(304)
[2022-04-10T02:39:47.011+0800][87.294s] GC(23) Survivor regions: 3->3(39)
[2022-04-10T02:39:47.011+0800][87.294s] GC(23) Old regions: 108->108
[2022-04-10T02:39:47.011+0800][87.294s] GC(23) Archive regions: 2->2
[2022-04-10T02:39:47.011+0800][87.294s] GC(23) Humongous regions: 20->20
[2022-04-10T02:39:47.011+0800][87.294s] GC(23) Metaspace: 52704K(53056K)->52704K(53056K) NonClass: 46679K(46848K)->46679K(46848K) Class: 6024K(6208K)->6024K(6208K)
[2022-04-10T02:39:47.011+0800][87.294s] GC(23) Pause Young (Normal) (G1 Evacuation Pause) 434M->130M(512M) 2.542ms
[2022-04-10T02:39:47.011+0800][87.294s] GC(23) User=0.01s Sys=0.00s Real=0.01s
[2022-04-10T02:39:58.481+0800][98.763s] GC(24) Pause Young (Normal) (G1 Evacuation Pause)
[2022-04-10T02:39:58.481+0800][98.763s] GC(24) Using 10 workers of 10 for evacuation
[2022-04-10T02:39:58.483+0800][98.765s] GC(24)   Pre Evacuate Collection Set: 0.1ms
[2022-04-10T02:39:58.483+0800][98.765s] GC(24)   Merge Heap Roots: 0.1ms
[2022-04-10T02:39:58.483+0800][98.765s] GC(24)   Evacuate Collection Set: 1.4ms
[2022-04-10T02:39:58.483+0800][98.765s] GC(24)   Post Evacuate Collection Set: 0.5ms
[2022-04-10T02:39:58.483+0800][98.765s] GC(24)   Other: 0.2ms
[2022-04-10T02:39:58.483+0800][98.765s] GC(24) Eden regions: 304->0(304)
[2022-04-10T02:39:58.483+0800][98.765s] GC(24) Survivor regions: 3->3(39)
[2022-04-10T02:39:58.483+0800][98.765s] GC(24) Old regions: 108->108
[2022-04-10T02:39:58.483+0800][98.765s] GC(24) Archive regions: 2->2
[2022-04-10T02:39:58.483+0800][98.765s] GC(24) Humongous regions: 20->20
[2022-04-10T02:39:58.483+0800][98.765s] GC(24) Metaspace: 52807K(53184K)->52807K(53184K) NonClass: 46783K(46976K)->46783K(46976K) Class: 6024K(6208K)->6024K(6208K)
[2022-04-10T02:39:58.483+0800][98.765s] GC(24) Pause Young (Normal) (G1 Evacuation Pause) 434M->131M(512M) 2.409ms
[2022-04-10T02:39:58.483+0800][98.765s] GC(24) User=0.01s Sys=0.00s Real=0.00s
[2022-04-10T02:41:49.637+0800][209.918s] GC(25) Pause Young (Normal) (G1 Evacuation Pause)
[2022-04-10T02:41:49.637+0800][209.918s] GC(25) Using 10 workers of 10 for evacuation
[2022-04-10T02:41:49.640+0800][209.920s] GC(25)   Pre Evacuate Collection Set: 0.1ms
[2022-04-10T02:41:49.640+0800][209.920s] GC(25)   Merge Heap Roots: 0.1ms
[2022-04-10T02:41:49.640+0800][209.920s] GC(25)   Evacuate Collection Set: 1.6ms
[2022-04-10T02:41:49.640+0800][209.920s] GC(25)   Post Evacuate Collection Set: 0.6ms
[2022-04-10T02:41:49.640+0800][209.920s] GC(25)   Other: 0.1ms
[2022-04-10T02:41:49.640+0800][209.920s] GC(25) Eden regions: 304->0(303)
[2022-04-10T02:41:49.640+0800][209.920s] GC(25) Survivor regions: 3->4(39)
[2022-04-10T02:41:49.640+0800][209.920s] GC(25) Old regions: 108->108
[2022-04-10T02:41:49.640+0800][209.920s] GC(25) Archive regions: 2->2
[2022-04-10T02:41:49.640+0800][209.920s] GC(25) Humongous regions: 20->20
[2022-04-10T02:41:49.640+0800][209.920s] GC(25) Metaspace: 53106K(53504K)->53106K(53504K) NonClass: 47080K(47296K)->47080K(47296K) Class: 6026K(6208K)->6026K(6208K)
[2022-04-10T02:41:49.640+0800][209.920s] GC(25) Pause Young (Normal) (G1 Evacuation Pause) 435M->131M(512M) 2.641ms
[2022-04-10T02:41:49.640+0800][209.920s] GC(25) User=0.01s Sys=0.00s Real=0.01s
[2022-04-10T02:42:13.306+0800][233.586s] Heap
[2022-04-10T02:42:13.306+0800][233.586s]  garbage-first heap   total 524288K, used 352927K [0x00000007e0000000, 0x0000000800000000)
[2022-04-10T02:42:13.306+0800][233.586s]   region size 1024K, 218 young (223232K), 4 survivors (4096K)
[2022-04-10T02:42:13.306+0800][233.586s]  Metaspace       used 53360K, committed 53696K, reserved 1097728K
[2022-04-10T02:42:13.306+0800][233.586s]   class space    used 6050K, committed 6208K, reserved 1048576K
