[2022-04-10T12:46:30.878+0800][0.007s] Using G1
[2022-04-10T12:46:31.053+0800][0.182s] Version: 16.0.1+9-24 (release)
[2022-04-10T12:46:31.053+0800][0.182s] CPUs: 12 total, 12 available
[2022-04-10T12:46:31.053+0800][0.182s] Memory: 16384M
[2022-04-10T12:46:31.053+0800][0.182s] Large Page Support: Disabled
[2022-04-10T12:46:31.053+0800][0.182s] NUMA Support: Disabled
[2022-04-10T12:46:31.053+0800][0.182s] Compressed Oops: Enabled (Zero based)
[2022-04-10T12:46:31.053+0800][0.182s] Heap Region Size: 1M
[2022-04-10T12:46:31.053+0800][0.182s] Heap Min Capacity: 512M
[2022-04-10T12:46:31.053+0800][0.182s] Heap Initial Capacity: 512M
[2022-04-10T12:46:31.053+0800][0.182s] Heap Max Capacity: 512M
[2022-04-10T12:46:31.053+0800][0.182s] Pre-touch: Enabled
[2022-04-10T12:46:31.053+0800][0.182s] Parallel Workers: 10
[2022-04-10T12:46:31.053+0800][0.182s] Concurrent Workers: 3
[2022-04-10T12:46:31.053+0800][0.182s] Concurrent Refinement Workers: 10
[2022-04-10T12:46:31.053+0800][0.182s] Periodic GC: Disabled
[2022-04-10T12:46:31.054+0800][0.183s] CDS archive(s) mapped at: [0x0000000800000000-0x0000000800bbb000-0x0000000800bbb000), size 12300288, SharedBaseAddress: 0x0000000800000000, ArchiveRelocationMode: 0.
[2022-04-10T12:46:31.054+0800][0.183s] Compressed class space mapped at: 0x0000000800c00000-0x0000000840c00000, reserved size: 1073741824
[2022-04-10T12:46:31.054+0800][0.183s] Narrow klass base: 0x0000000800000000, Narrow klass shift: 3, Narrow klass range: 0x100000000
[2022-04-10T12:46:31.636+0800][0.765s] GC(0) Pause Young (Normal) (G1 Evacuation Pause)
[2022-04-10T12:46:31.636+0800][0.765s] GC(0) Using 10 workers of 10 for evacuation
[2022-04-10T12:46:31.638+0800][0.767s] GC(0)   Pre Evacuate Collection Set: 0.1ms
[2022-04-10T12:46:31.638+0800][0.767s] GC(0)   Merge Heap Roots: 0.0ms
[2022-04-10T12:46:31.638+0800][0.767s] GC(0)   Evacuate Collection Set: 1.2ms
[2022-04-10T12:46:31.638+0800][0.767s] GC(0)   Post Evacuate Collection Set: 0.2ms
[2022-04-10T12:46:31.638+0800][0.767s] GC(0)   Other: 0.4ms
[2022-04-10T12:46:31.638+0800][0.767s] GC(0) Eden regions: 29->0(81)
[2022-04-10T12:46:31.638+0800][0.767s] GC(0) Survivor regions: 0->4(4)
[2022-04-10T12:46:31.638+0800][0.767s] GC(0) Old regions: 0->0
[2022-04-10T12:46:31.638+0800][0.767s] GC(0) Archive regions: 2->2
[2022-04-10T12:46:31.638+0800][0.767s] GC(0) Humongous regions: 0->0
[2022-04-10T12:46:31.638+0800][0.767s] GC(0) Metaspace: 6918K(7104K)->6918K(7104K) NonClass: 6102K(6208K)->6102K(6208K) Class: 816K(896K)->816K(896K)
[2022-04-10T12:46:31.638+0800][0.767s] GC(0) Pause Young (Normal) (G1 Evacuation Pause) 29M->4M(512M) 2.141ms
[2022-04-10T12:46:31.638+0800][0.767s] GC(0) User=0.01s Sys=0.00s Real=0.00s
[2022-04-10T12:46:32.260+0800][1.389s] GC(1) Pause Young (Concurrent Start) (Metadata GC Threshold)
[2022-04-10T12:46:32.260+0800][1.390s] GC(1) Using 10 workers of 10 for evacuation
[2022-04-10T12:46:32.266+0800][1.396s] GC(1)   Pre Evacuate Collection Set: 0.1ms
[2022-04-10T12:46:32.266+0800][1.396s] GC(1)   Merge Heap Roots: 0.1ms
[2022-04-10T12:46:32.266+0800][1.396s] GC(1)   Evacuate Collection Set: 5.1ms
[2022-04-10T12:46:32.266+0800][1.396s] GC(1)   Post Evacuate Collection Set: 0.7ms
[2022-04-10T12:46:32.266+0800][1.396s] GC(1)   Other: 0.2ms
[2022-04-10T12:46:32.266+0800][1.396s] GC(1) Eden regions: 80->0(74)
[2022-04-10T12:46:32.266+0800][1.396s] GC(1) Survivor regions: 4->11(11)
[2022-04-10T12:46:32.266+0800][1.396s] GC(1) Old regions: 0->8
[2022-04-10T12:46:32.266+0800][1.396s] GC(1) Archive regions: 2->2
[2022-04-10T12:46:32.267+0800][1.396s] GC(1) Humongous regions: 4->4
[2022-04-10T12:46:32.267+0800][1.396s] GC(1) Metaspace: 21017K(21248K)->21017K(21248K) NonClass: 18642K(18752K)->18642K(18752K) Class: 2375K(2496K)->2375K(2496K)
[2022-04-10T12:46:32.267+0800][1.396s] GC(1) Pause Young (Concurrent Start) (Metadata GC Threshold) 88M->23M(512M) 6.268ms
[2022-04-10T12:46:32.267+0800][1.396s] GC(1) User=0.05s Sys=0.00s Real=0.00s
[2022-04-10T12:46:32.267+0800][1.396s] GC(2) Concurrent Mark Cycle
[2022-04-10T12:46:32.267+0800][1.396s] GC(2) Concurrent Clear Claimed Marks
[2022-04-10T12:46:32.267+0800][1.396s] GC(2) Concurrent Clear Claimed Marks 0.053ms
[2022-04-10T12:46:32.267+0800][1.396s] GC(2) Concurrent Scan Root Regions
[2022-04-10T12:46:32.270+0800][1.399s] GC(2) Concurrent Scan Root Regions 2.847ms
[2022-04-10T12:46:32.270+0800][1.399s] GC(2) Concurrent Mark
[2022-04-10T12:46:32.270+0800][1.399s] GC(2) Concurrent Mark From Roots
[2022-04-10T12:46:32.270+0800][1.399s] GC(2) Using 3 workers of 3 for marking
[2022-04-10T12:46:32.271+0800][1.400s] GC(2) Concurrent Mark From Roots 0.981ms
[2022-04-10T12:46:32.271+0800][1.400s] GC(2) Concurrent Preclean
[2022-04-10T12:46:32.271+0800][1.400s] GC(2) Concurrent Preclean 0.027ms
[2022-04-10T12:46:32.271+0800][1.400s] GC(2) Pause Remark
[2022-04-10T12:46:32.271+0800][1.401s] GC(2) Pause Remark 24M->24M(512M) 0.799ms
[2022-04-10T12:46:32.272+0800][1.401s] GC(2) User=0.00s Sys=0.00s Real=0.00s
[2022-04-10T12:46:32.272+0800][1.401s] GC(2) Concurrent Mark 2.007ms
[2022-04-10T12:46:32.272+0800][1.401s] GC(2) Concurrent Rebuild Remembered Sets
[2022-04-10T12:46:32.274+0800][1.403s] GC(2) Concurrent Rebuild Remembered Sets 1.941ms
[2022-04-10T12:46:32.274+0800][1.403s] GC(2) Pause Cleanup
[2022-04-10T12:46:32.274+0800][1.403s] GC(2) Pause Cleanup 24M->24M(512M) 0.077ms
[2022-04-10T12:46:32.274+0800][1.403s] GC(2) User=0.00s Sys=0.00s Real=0.00s
[2022-04-10T12:46:32.274+0800][1.403s] GC(2) Concurrent Cleanup for Next Mark
[2022-04-10T12:46:32.274+0800][1.404s] GC(2) Concurrent Cleanup for Next Mark 0.611ms
[2022-04-10T12:46:32.274+0800][1.404s] GC(2) Concurrent Mark Cycle 7.794ms
[2022-04-10T12:46:33.085+0800][2.214s] GC(3) Pause Young (Normal) (G1 Evacuation Pause)
[2022-04-10T12:46:33.085+0800][2.214s] GC(3) Using 10 workers of 10 for evacuation
[2022-04-10T12:46:33.089+0800][2.219s] GC(3)   Pre Evacuate Collection Set: 0.1ms
[2022-04-10T12:46:33.089+0800][2.219s] GC(3)   Merge Heap Roots: 0.1ms
[2022-04-10T12:46:33.089+0800][2.219s] GC(3)   Evacuate Collection Set: 3.8ms
[2022-04-10T12:46:33.089+0800][2.219s] GC(3)   Post Evacuate Collection Set: 0.5ms
[2022-04-10T12:46:33.089+0800][2.219s] GC(3)   Other: 0.1ms
[2022-04-10T12:46:33.089+0800][2.219s] GC(3) Eden regions: 69->0(133)
[2022-04-10T12:46:33.089+0800][2.219s] GC(3) Survivor regions: 11->5(10)
[2022-04-10T12:46:33.089+0800][2.219s] GC(3) Old regions: 8->20
[2022-04-10T12:46:33.089+0800][2.219s] GC(3) Archive regions: 2->2
[2022-04-10T12:46:33.089+0800][2.219s] GC(3) Humongous regions: 4->4
[2022-04-10T12:46:33.089+0800][2.219s] GC(3) Metaspace: 31290K(31552K)->31290K(31552K) NonClass: 27685K(27840K)->27685K(27840K) Class: 3605K(3712K)->3605K(3712K)
[2022-04-10T12:46:33.089+0800][2.219s] GC(3) Pause Young (Normal) (G1 Evacuation Pause) 92M->28M(512M) 4.633ms
[2022-04-10T12:46:33.089+0800][2.219s] GC(3) User=0.04s Sys=0.00s Real=0.00s
[2022-04-10T12:46:33.316+0800][2.445s] GC(4) Pause Young (Concurrent Start) (Metadata GC Threshold)
[2022-04-10T12:46:33.316+0800][2.445s] GC(4) Using 10 workers of 10 for evacuation
[2022-04-10T12:46:33.319+0800][2.448s] GC(4)   Pre Evacuate Collection Set: 0.1ms
[2022-04-10T12:46:33.319+0800][2.448s] GC(4)   Merge Heap Roots: 0.0ms
[2022-04-10T12:46:33.319+0800][2.448s] GC(4)   Evacuate Collection Set: 2.5ms
[2022-04-10T12:46:33.319+0800][2.448s] GC(4)   Post Evacuate Collection Set: 0.2ms
[2022-04-10T12:46:33.319+0800][2.448s] GC(4)   Other: 0.1ms
[2022-04-10T12:46:33.319+0800][2.448s] GC(4) Eden regions: 27->0(219)
[2022-04-10T12:46:33.319+0800][2.448s] GC(4) Survivor regions: 5->7(18)
[2022-04-10T12:46:33.319+0800][2.448s] GC(4) Old regions: 20->20
[2022-04-10T12:46:33.319+0800][2.448s] GC(4) Archive regions: 2->2
[2022-04-10T12:46:33.319+0800][2.448s] GC(4) Humongous regions: 5->4
[2022-04-10T12:46:33.319+0800][2.448s] GC(4) Metaspace: 35519K(35776K)->35519K(35776K) NonClass: 31322K(31424K)->31322K(31424K) Class: 4196K(4352K)->4196K(4352K)
[2022-04-10T12:46:33.319+0800][2.448s] GC(4) Pause Young (Concurrent Start) (Metadata GC Threshold) 56M->30M(512M) 3.126ms
[2022-04-10T12:46:33.319+0800][2.448s] GC(4) User=0.03s Sys=0.00s Real=0.00s
[2022-04-10T12:46:33.319+0800][2.448s] GC(5) Concurrent Mark Cycle
[2022-04-10T12:46:33.319+0800][2.448s] GC(5) Concurrent Clear Claimed Marks
[2022-04-10T12:46:33.319+0800][2.448s] GC(5) Concurrent Clear Claimed Marks 0.023ms
[2022-04-10T12:46:33.319+0800][2.448s] GC(5) Concurrent Scan Root Regions
[2022-04-10T12:46:33.321+0800][2.450s] GC(5) Concurrent Scan Root Regions 1.917ms
[2022-04-10T12:46:33.321+0800][2.450s] GC(5) Concurrent Mark
[2022-04-10T12:46:33.321+0800][2.450s] GC(5) Concurrent Mark From Roots
[2022-04-10T12:46:33.321+0800][2.450s] GC(5) Using 3 workers of 3 for marking
[2022-04-10T12:46:33.329+0800][2.458s] GC(5) Concurrent Mark From Roots 8.149ms
[2022-04-10T12:46:33.329+0800][2.458s] GC(5) Concurrent Preclean
[2022-04-10T12:46:33.329+0800][2.458s] GC(5) Concurrent Preclean 0.067ms
[2022-04-10T12:46:33.329+0800][2.459s] GC(5) Pause Remark
[2022-04-10T12:46:33.331+0800][2.460s] GC(5) Pause Remark 32M->32M(512M) 1.111ms
[2022-04-10T12:46:33.331+0800][2.460s] GC(5) User=0.01s Sys=0.00s Real=0.01s
[2022-04-10T12:46:33.331+0800][2.460s] GC(5) Concurrent Mark 9.560ms
[2022-04-10T12:46:33.331+0800][2.460s] GC(5) Concurrent Rebuild Remembered Sets
[2022-04-10T12:46:33.335+0800][2.464s] GC(5) Concurrent Rebuild Remembered Sets 4.197ms
[2022-04-10T12:46:33.335+0800][2.464s] GC(5) Pause Cleanup
[2022-04-10T12:46:33.335+0800][2.464s] GC(5) Pause Cleanup 32M->32M(512M) 0.091ms
[2022-04-10T12:46:33.335+0800][2.464s] GC(5) User=0.00s Sys=0.00s Real=0.00s
[2022-04-10T12:46:33.335+0800][2.464s] GC(5) Concurrent Cleanup for Next Mark
[2022-04-10T12:46:33.336+0800][2.465s] GC(5) Concurrent Cleanup for Next Mark 0.673ms
[2022-04-10T12:46:33.336+0800][2.465s] GC(5) Concurrent Mark Cycle 16.750ms
[2022-04-10T12:46:40.523+0800][9.652s] GC(6) Pause Young (Normal) (G1 Evacuation Pause)
[2022-04-10T12:46:40.523+0800][9.652s] GC(6) Using 10 workers of 10 for evacuation
[2022-04-10T12:46:40.528+0800][9.657s] GC(6)   Pre Evacuate Collection Set: 0.1ms
[2022-04-10T12:46:40.528+0800][9.657s] GC(6)   Merge Heap Roots: 0.1ms
[2022-04-10T12:46:40.528+0800][9.657s] GC(6)   Evacuate Collection Set: 4.0ms
[2022-04-10T12:46:40.528+0800][9.657s] GC(6)   Post Evacuate Collection Set: 0.8ms
[2022-04-10T12:46:40.528+0800][9.657s] GC(6)   Other: 0.2ms
[2022-04-10T12:46:40.528+0800][9.657s] GC(6) Eden regions: 219->0(290)
[2022-04-10T12:46:40.528+0800][9.657s] GC(6) Survivor regions: 7->17(29)
[2022-04-10T12:46:40.528+0800][9.657s] GC(6) Old regions: 20->20
[2022-04-10T12:46:40.528+0800][9.657s] GC(6) Archive regions: 2->2
[2022-04-10T12:46:40.528+0800][9.657s] GC(6) Humongous regions: 7->7
[2022-04-10T12:46:40.528+0800][9.657s] GC(6) Metaspace: 47864K(48256K)->47864K(48256K) NonClass: 42214K(42432K)->42214K(42432K) Class: 5649K(5824K)->5649K(5824K)
[2022-04-10T12:46:40.528+0800][9.657s] GC(6) Pause Young (Normal) (G1 Evacuation Pause) 252M->44M(512M) 5.276ms
[2022-04-10T12:46:40.528+0800][9.657s] GC(6) User=0.04s Sys=0.00s Real=0.00s
[2022-04-10T12:46:41.183+0800][10.313s] GC(7) Pause Young (Normal) (G1 Evacuation Pause)
[2022-04-10T12:46:41.184+0800][10.313s] GC(7) Using 10 workers of 10 for evacuation
[2022-04-10T12:46:41.188+0800][10.317s] GC(7)   Pre Evacuate Collection Set: 0.1ms
[2022-04-10T12:46:41.188+0800][10.317s] GC(7)   Merge Heap Roots: 0.1ms
[2022-04-10T12:46:41.188+0800][10.317s] GC(7)   Evacuate Collection Set: 3.5ms
[2022-04-10T12:46:41.188+0800][10.317s] GC(7)   Post Evacuate Collection Set: 0.7ms
[2022-04-10T12:46:41.188+0800][10.317s] GC(7)   Other: 0.2ms
[2022-04-10T12:46:41.188+0800][10.317s] GC(7) Eden regions: 290->0(285)
[2022-04-10T12:46:41.188+0800][10.317s] GC(7) Survivor regions: 17->22(39)
[2022-04-10T12:46:41.188+0800][10.317s] GC(7) Old regions: 20->20
[2022-04-10T12:46:41.188+0800][10.317s] GC(7) Archive regions: 2->2
[2022-04-10T12:46:41.188+0800][10.317s] GC(7) Humongous regions: 7->7
[2022-04-10T12:46:41.188+0800][10.317s] GC(7) Metaspace: 47906K(48256K)->47906K(48256K) NonClass: 42256K(42432K)->42256K(42432K) Class: 5649K(5824K)->5649K(5824K)
[2022-04-10T12:46:41.188+0800][10.317s] GC(7) Pause Young (Normal) (G1 Evacuation Pause) 334M->49M(512M) 4.743ms
[2022-04-10T12:46:41.188+0800][10.317s] GC(7) User=0.04s Sys=0.00s Real=0.00s
[2022-04-10T12:46:41.741+0800][10.870s] GC(8) Pause Young (Normal) (G1 Evacuation Pause)
[2022-04-10T12:46:41.741+0800][10.870s] GC(8) Using 10 workers of 10 for evacuation
[2022-04-10T12:46:41.747+0800][10.876s] GC(8)   Pre Evacuate Collection Set: 0.1ms
[2022-04-10T12:46:41.747+0800][10.877s] GC(8)   Merge Heap Roots: 0.1ms
[2022-04-10T12:46:41.747+0800][10.877s] GC(8)   Evacuate Collection Set: 5.7ms
[2022-04-10T12:46:41.747+0800][10.877s] GC(8)   Post Evacuate Collection Set: 0.7ms
[2022-04-10T12:46:41.747+0800][10.877s] GC(8)   Other: 0.2ms
[2022-04-10T12:46:41.747+0800][10.877s] GC(8) Eden regions: 285->0(284)
[2022-04-10T12:46:41.747+0800][10.877s] GC(8) Survivor regions: 22->23(39)
[2022-04-10T12:46:41.747+0800][10.877s] GC(8) Old regions: 20->24
[2022-04-10T12:46:41.747+0800][10.877s] GC(8) Archive regions: 2->2
[2022-04-10T12:46:41.747+0800][10.877s] GC(8) Humongous regions: 8->8
[2022-04-10T12:46:41.747+0800][10.877s] GC(8) Metaspace: 47999K(48384K)->47999K(48384K) NonClass: 42349K(42560K)->42349K(42560K) Class: 5649K(5824K)->5649K(5824K)
[2022-04-10T12:46:41.748+0800][10.877s] GC(8) Pause Young (Normal) (G1 Evacuation Pause) 335M->54M(512M) 6.872ms
[2022-04-10T12:46:41.748+0800][10.877s] GC(8) User=0.06s Sys=0.00s Real=0.00s
[2022-04-10T12:46:42.277+0800][11.407s] GC(9) Pause Young (Normal) (G1 Evacuation Pause)
[2022-04-10T12:46:42.277+0800][11.407s] GC(9) Using 10 workers of 10 for evacuation
[2022-04-10T12:46:42.282+0800][11.411s] GC(9)   Pre Evacuate Collection Set: 0.1ms
[2022-04-10T12:46:42.282+0800][11.411s] GC(9)   Merge Heap Roots: 0.1ms
[2022-04-10T12:46:42.282+0800][11.411s] GC(9)   Evacuate Collection Set: 3.3ms
[2022-04-10T12:46:42.282+0800][11.411s] GC(9)   Post Evacuate Collection Set: 0.6ms
[2022-04-10T12:46:42.282+0800][11.411s] GC(9)   Other: 0.2ms
[2022-04-10T12:46:42.282+0800][11.411s] GC(9) Eden regions: 284->0(282)
[2022-04-10T12:46:42.282+0800][11.411s] GC(9) Survivor regions: 23->25(39)
[2022-04-10T12:46:42.282+0800][11.411s] GC(9) Old regions: 24->26
[2022-04-10T12:46:42.282+0800][11.411s] GC(9) Archive regions: 2->2
[2022-04-10T12:46:42.282+0800][11.411s] GC(9) Humongous regions: 8->8
[2022-04-10T12:46:42.282+0800][11.411s] GC(9) Metaspace: 48012K(48384K)->48012K(48384K) NonClass: 42362K(42560K)->42362K(42560K) Class: 5649K(5824K)->5649K(5824K)
[2022-04-10T12:46:42.282+0800][11.411s] GC(9) Pause Young (Normal) (G1 Evacuation Pause) 338M->59M(512M) 4.304ms
[2022-04-10T12:46:42.282+0800][11.411s] GC(9) User=0.03s Sys=0.00s Real=0.01s
[2022-04-10T12:46:42.803+0800][11.932s] GC(10) Pause Young (Normal) (G1 Evacuation Pause)
[2022-04-10T12:46:42.803+0800][11.932s] GC(10) Using 10 workers of 10 for evacuation
[2022-04-10T12:46:42.807+0800][11.937s] GC(10)   Pre Evacuate Collection Set: 0.1ms
[2022-04-10T12:46:42.808+0800][11.937s] GC(10)   Merge Heap Roots: 0.1ms
[2022-04-10T12:46:42.808+0800][11.937s] GC(10)   Evacuate Collection Set: 3.6ms
[2022-04-10T12:46:42.808+0800][11.937s] GC(10)   Post Evacuate Collection Set: 0.6ms
[2022-04-10T12:46:42.808+0800][11.937s] GC(10)   Other: 0.2ms
[2022-04-10T12:46:42.808+0800][11.937s] GC(10) Eden regions: 282->0(288)
[2022-04-10T12:46:42.808+0800][11.937s] GC(10) Survivor regions: 25->19(39)
[2022-04-10T12:46:42.808+0800][11.937s] GC(10) Old regions: 26->36
[2022-04-10T12:46:42.808+0800][11.937s] GC(10) Archive regions: 2->2
[2022-04-10T12:46:42.808+0800][11.937s] GC(10) Humongous regions: 8->8
[2022-04-10T12:46:42.808+0800][11.937s] GC(10) Metaspace: 48019K(48384K)->48019K(48384K) NonClass: 42369K(42560K)->42369K(42560K) Class: 5649K(5824K)->5649K(5824K)
[2022-04-10T12:46:42.808+0800][11.937s] GC(10) Pause Young (Normal) (G1 Evacuation Pause) 341M->63M(512M) 4.585ms
[2022-04-10T12:46:42.808+0800][11.937s] GC(10) User=0.04s Sys=0.01s Real=0.00s
[2022-04-10T12:46:43.292+0800][12.421s] GC(11) Pause Young (Normal) (G1 Evacuation Pause)
[2022-04-10T12:46:43.292+0800][12.421s] GC(11) Using 10 workers of 10 for evacuation
[2022-04-10T12:46:43.295+0800][12.424s] GC(11)   Pre Evacuate Collection Set: 0.1ms
[2022-04-10T12:46:43.295+0800][12.424s] GC(11)   Merge Heap Roots: 0.1ms
[2022-04-10T12:46:43.295+0800][12.424s] GC(11)   Evacuate Collection Set: 2.1ms
[2022-04-10T12:46:43.295+0800][12.424s] GC(11)   Post Evacuate Collection Set: 0.4ms
[2022-04-10T12:46:43.295+0800][12.424s] GC(11)   Other: 0.2ms
[2022-04-10T12:46:43.295+0800][12.424s] GC(11) Eden regions: 288->0(284)
[2022-04-10T12:46:43.295+0800][12.424s] GC(11) Survivor regions: 19->23(39)
[2022-04-10T12:46:43.295+0800][12.424s] GC(11) Old regions: 36->36
[2022-04-10T12:46:43.295+0800][12.424s] GC(11) Archive regions: 2->2
[2022-04-10T12:46:43.295+0800][12.424s] GC(11) Humongous regions: 8->8
[2022-04-10T12:46:43.295+0800][12.424s] GC(11) Metaspace: 48022K(48384K)->48022K(48384K) NonClass: 42372K(42560K)->42372K(42560K) Class: 5649K(5824K)->5649K(5824K)
[2022-04-10T12:46:43.295+0800][12.424s] GC(11) Pause Young (Normal) (G1 Evacuation Pause) 351M->66M(512M) 2.964ms
[2022-04-10T12:46:43.295+0800][12.424s] GC(11) User=0.02s Sys=0.00s Real=0.00s
[2022-04-10T12:46:43.844+0800][12.973s] GC(12) Pause Young (Normal) (G1 Evacuation Pause)
[2022-04-10T12:46:43.844+0800][12.973s] GC(12) Using 10 workers of 10 for evacuation
[2022-04-10T12:46:43.847+0800][12.976s] GC(12)   Pre Evacuate Collection Set: 0.0ms
[2022-04-10T12:46:43.847+0800][12.976s] GC(12)   Merge Heap Roots: 0.0ms
[2022-04-10T12:46:43.847+0800][12.976s] GC(12)   Evacuate Collection Set: 2.3ms
[2022-04-10T12:46:43.847+0800][12.976s] GC(12)   Post Evacuate Collection Set: 0.3ms
[2022-04-10T12:46:43.847+0800][12.976s] GC(12)   Other: 0.1ms
[2022-04-10T12:46:43.847+0800][12.976s] GC(12) Eden regions: 284->0(284)
[2022-04-10T12:46:43.847+0800][12.976s] GC(12) Survivor regions: 23->23(39)
[2022-04-10T12:46:43.847+0800][12.976s] GC(12) Old regions: 36->39
[2022-04-10T12:46:43.847+0800][12.976s] GC(12) Archive regions: 2->2
[2022-04-10T12:46:43.847+0800][12.976s] GC(12) Humongous regions: 14->13
[2022-04-10T12:46:43.847+0800][12.976s] GC(12) Metaspace: 48024K(48384K)->48024K(48384K) NonClass: 42374K(42560K)->42374K(42560K) Class: 5649K(5824K)->5649K(5824K)
[2022-04-10T12:46:43.847+0800][12.976s] GC(12) Pause Young (Normal) (G1 Evacuation Pause) 356M->75M(512M) 2.886ms
[2022-04-10T12:46:43.847+0800][12.976s] GC(12) User=0.03s Sys=0.00s Real=0.00s
[2022-04-10T12:46:44.379+0800][13.508s] GC(13) Pause Young (Normal) (G1 Evacuation Pause)
[2022-04-10T12:46:44.379+0800][13.508s] GC(13) Using 10 workers of 10 for evacuation
[2022-04-10T12:46:44.382+0800][13.511s] GC(13)   Pre Evacuate Collection Set: 0.1ms
[2022-04-10T12:46:44.382+0800][13.511s] GC(13)   Merge Heap Roots: 0.1ms
[2022-04-10T12:46:44.382+0800][13.511s] GC(13)   Evacuate Collection Set: 2.5ms
[2022-04-10T12:46:44.382+0800][13.511s] GC(13)   Post Evacuate Collection Set: 0.5ms
[2022-04-10T12:46:44.382+0800][13.511s] GC(13)   Other: 0.1ms
[2022-04-10T12:46:44.382+0800][13.511s] GC(13) Eden regions: 284->0(283)
[2022-04-10T12:46:44.382+0800][13.511s] GC(13) Survivor regions: 23->24(39)
[2022-04-10T12:46:44.382+0800][13.511s] GC(13) Old regions: 39->42
[2022-04-10T12:46:44.382+0800][13.511s] GC(13) Archive regions: 2->2
[2022-04-10T12:46:44.382+0800][13.511s] GC(13) Humongous regions: 13->13
[2022-04-10T12:46:44.382+0800][13.511s] GC(13) Metaspace: 48024K(48384K)->48024K(48384K) NonClass: 42374K(42560K)->42374K(42560K) Class: 5649K(5824K)->5649K(5824K)
[2022-04-10T12:46:44.382+0800][13.511s] GC(13) Pause Young (Normal) (G1 Evacuation Pause) 359M->79M(512M) 3.391ms
[2022-04-10T12:46:44.382+0800][13.511s] GC(13) User=0.02s Sys=0.00s Real=0.01s
[2022-04-10T12:46:44.881+0800][14.010s] GC(14) Pause Young (Normal) (G1 Evacuation Pause)
[2022-04-10T12:46:44.881+0800][14.010s] GC(14) Using 10 workers of 10 for evacuation
[2022-04-10T12:46:44.884+0800][14.013s] GC(14)   Pre Evacuate Collection Set: 0.1ms
[2022-04-10T12:46:44.884+0800][14.013s] GC(14)   Merge Heap Roots: 0.1ms
[2022-04-10T12:46:44.884+0800][14.013s] GC(14)   Evacuate Collection Set: 2.6ms
[2022-04-10T12:46:44.884+0800][14.013s] GC(14)   Post Evacuate Collection Set: 0.4ms
[2022-04-10T12:46:44.884+0800][14.013s] GC(14)   Other: 0.1ms
[2022-04-10T12:46:44.884+0800][14.013s] GC(14) Eden regions: 283->0(282)
[2022-04-10T12:46:44.884+0800][14.013s] GC(14) Survivor regions: 24->25(39)
[2022-04-10T12:46:44.884+0800][14.013s] GC(14) Old regions: 42->45
[2022-04-10T12:46:44.884+0800][14.013s] GC(14) Archive regions: 2->2
[2022-04-10T12:46:44.884+0800][14.013s] GC(14) Humongous regions: 14->14
[2022-04-10T12:46:44.884+0800][14.013s] GC(14) Metaspace: 48027K(48384K)->48027K(48384K) NonClass: 42377K(42560K)->42377K(42560K) Class: 5649K(5824K)->5649K(5824K)
[2022-04-10T12:46:44.884+0800][14.013s] GC(14) Pause Young (Normal) (G1 Evacuation Pause) 363M->84M(512M) 3.483ms
[2022-04-10T12:46:44.884+0800][14.013s] GC(14) User=0.02s Sys=0.00s Real=0.00s
[2022-04-10T12:46:45.371+0800][14.500s] GC(15) Pause Young (Normal) (G1 Evacuation Pause)
[2022-04-10T12:46:45.371+0800][14.500s] GC(15) Using 10 workers of 10 for evacuation
[2022-04-10T12:46:45.374+0800][14.503s] GC(15)   Pre Evacuate Collection Set: 0.1ms
[2022-04-10T12:46:45.374+0800][14.503s] GC(15)   Merge Heap Roots: 0.1ms
[2022-04-10T12:46:45.374+0800][14.503s] GC(15)   Evacuate Collection Set: 2.8ms
[2022-04-10T12:46:45.374+0800][14.503s] GC(15)   Post Evacuate Collection Set: 0.4ms
[2022-04-10T12:46:45.374+0800][14.503s] GC(15)   Other: 0.1ms
[2022-04-10T12:46:45.374+0800][14.503s] GC(15) Eden regions: 282->0(283)
[2022-04-10T12:46:45.374+0800][14.503s] GC(15) Survivor regions: 25->24(39)
[2022-04-10T12:46:45.374+0800][14.503s] GC(15) Old regions: 45->51
[2022-04-10T12:46:45.374+0800][14.503s] GC(15) Archive regions: 2->2
[2022-04-10T12:46:45.374+0800][14.503s] GC(15) Humongous regions: 14->14
[2022-04-10T12:46:45.374+0800][14.503s] GC(15) Metaspace: 48031K(48384K)->48031K(48384K) NonClass: 42382K(42560K)->42382K(42560K) Class: 5649K(5824K)->5649K(5824K)
[2022-04-10T12:46:45.374+0800][14.503s] GC(15) Pause Young (Normal) (G1 Evacuation Pause) 366M->88M(512M) 3.594ms
[2022-04-10T12:46:45.374+0800][14.503s] GC(15) User=0.03s Sys=0.00s Real=0.00s
[2022-04-10T12:46:46.964+0800][16.093s] GC(16) Pause Young (Normal) (G1 Evacuation Pause)
[2022-04-10T12:46:46.964+0800][16.093s] GC(16) Using 10 workers of 10 for evacuation
[2022-04-10T12:46:46.967+0800][16.096s] GC(16)   Pre Evacuate Collection Set: 0.1ms
[2022-04-10T12:46:46.967+0800][16.097s] GC(16)   Merge Heap Roots: 0.1ms
[2022-04-10T12:46:46.967+0800][16.097s] GC(16)   Evacuate Collection Set: 2.7ms
[2022-04-10T12:46:46.967+0800][16.097s] GC(16)   Post Evacuate Collection Set: 0.4ms
[2022-04-10T12:46:46.968+0800][16.097s] GC(16)   Other: 0.1ms
[2022-04-10T12:46:46.968+0800][16.097s] GC(16) Eden regions: 283->0(284)
[2022-04-10T12:46:46.968+0800][16.097s] GC(16) Survivor regions: 24->23(39)
[2022-04-10T12:46:46.968+0800][16.097s] GC(16) Old regions: 51->54
[2022-04-10T12:46:46.968+0800][16.097s] GC(16) Archive regions: 2->2
[2022-04-10T12:46:46.968+0800][16.097s] GC(16) Humongous regions: 14->14
[2022-04-10T12:46:46.968+0800][16.097s] GC(16) Metaspace: 49216K(49600K)->49216K(49600K) NonClass: 43453K(43648K)->43453K(43648K) Class: 5763K(5952K)->5763K(5952K)
[2022-04-10T12:46:46.968+0800][16.097s] GC(16) Pause Young (Normal) (G1 Evacuation Pause) 371M->90M(512M) 3.550ms
[2022-04-10T12:46:46.968+0800][16.097s] GC(16) User=0.04s Sys=0.00s Real=0.00s
[2022-04-10T12:46:48.680+0800][17.809s] GC(17) Pause Young (Normal) (G1 Evacuation Pause)
[2022-04-10T12:46:48.680+0800][17.809s] GC(17) Using 10 workers of 10 for evacuation
[2022-04-10T12:46:48.684+0800][17.813s] GC(17)   Pre Evacuate Collection Set: 0.0ms
[2022-04-10T12:46:48.684+0800][17.813s] GC(17)   Merge Heap Roots: 0.1ms
[2022-04-10T12:46:48.684+0800][17.813s] GC(17)   Evacuate Collection Set: 2.8ms
[2022-04-10T12:46:48.684+0800][17.813s] GC(17)   Post Evacuate Collection Set: 0.8ms
[2022-04-10T12:46:48.684+0800][17.813s] GC(17)   Other: 0.1ms
[2022-04-10T12:46:48.684+0800][17.813s] GC(17) Eden regions: 284->0(285)
[2022-04-10T12:46:48.684+0800][17.813s] GC(17) Survivor regions: 23->22(39)
[2022-04-10T12:46:48.684+0800][17.813s] GC(17) Old regions: 54->58
[2022-04-10T12:46:48.684+0800][17.813s] GC(17) Archive regions: 2->2
[2022-04-10T12:46:48.684+0800][17.813s] GC(17) Humongous regions: 14->14
[2022-04-10T12:46:48.684+0800][17.813s] GC(17) Metaspace: 50820K(51136K)->50820K(51136K) NonClass: 44864K(44992K)->44864K(44992K) Class: 5955K(6144K)->5955K(6144K)
[2022-04-10T12:46:48.684+0800][17.813s] GC(17) Pause Young (Normal) (G1 Evacuation Pause) 374M->93M(512M) 3.993ms
[2022-04-10T12:46:48.684+0800][17.813s] GC(17) User=0.03s Sys=0.00s Real=0.00s
[2022-04-10T12:46:49.814+0800][18.943s] GC(18) Pause Young (Normal) (G1 Evacuation Pause)
[2022-04-10T12:46:49.814+0800][18.943s] GC(18) Using 10 workers of 10 for evacuation
[2022-04-10T12:46:49.817+0800][18.946s] GC(18)   Pre Evacuate Collection Set: 0.1ms
[2022-04-10T12:46:49.817+0800][18.946s] GC(18)   Merge Heap Roots: 0.1ms
[2022-04-10T12:46:49.817+0800][18.946s] GC(18)   Evacuate Collection Set: 2.1ms
[2022-04-10T12:46:49.817+0800][18.946s] GC(18)   Post Evacuate Collection Set: 0.6ms
[2022-04-10T12:46:49.817+0800][18.946s] GC(18)   Other: 0.1ms
[2022-04-10T12:46:49.817+0800][18.946s] GC(18) Eden regions: 285->0(288)
[2022-04-10T12:46:49.817+0800][18.946s] GC(18) Survivor regions: 22->19(39)
[2022-04-10T12:46:49.817+0800][18.946s] GC(18) Old regions: 58->61
[2022-04-10T12:46:49.817+0800][18.946s] GC(18) Archive regions: 2->2
[2022-04-10T12:46:49.817+0800][18.946s] GC(18) Humongous regions: 14->14
[2022-04-10T12:46:49.817+0800][18.946s] GC(18) Metaspace: 50885K(51264K)->50885K(51264K) NonClass: 44928K(45120K)->44928K(45120K) Class: 5957K(6144K)->5957K(6144K)
[2022-04-10T12:46:49.817+0800][18.947s] GC(18) Pause Young (Normal) (G1 Evacuation Pause) 378M->93M(512M) 3.097ms
[2022-04-10T12:46:49.818+0800][18.947s] GC(18) User=0.02s Sys=0.00s Real=0.00s
[2022-04-10T12:46:50.399+0800][19.528s] GC(19) Pause Young (Normal) (G1 Evacuation Pause)
[2022-04-10T12:46:50.399+0800][19.528s] GC(19) Using 10 workers of 10 for evacuation
[2022-04-10T12:46:50.402+0800][19.531s] GC(19)   Pre Evacuate Collection Set: 0.1ms
[2022-04-10T12:46:50.402+0800][19.531s] GC(19)   Merge Heap Roots: 0.1ms
[2022-04-10T12:46:50.402+0800][19.531s] GC(19)   Evacuate Collection Set: 2.3ms
[2022-04-10T12:46:50.402+0800][19.531s] GC(19)   Post Evacuate Collection Set: 0.5ms
[2022-04-10T12:46:50.402+0800][19.531s] GC(19)   Other: 0.2ms
[2022-04-10T12:46:50.402+0800][19.531s] GC(19) Eden regions: 288->0(284)
[2022-04-10T12:46:50.402+0800][19.531s] GC(19) Survivor regions: 19->23(39)
[2022-04-10T12:46:50.402+0800][19.531s] GC(19) Old regions: 61->61
[2022-04-10T12:46:50.402+0800][19.531s] GC(19) Archive regions: 2->2
[2022-04-10T12:46:50.402+0800][19.531s] GC(19) Humongous regions: 14->14
[2022-04-10T12:46:50.402+0800][19.531s] GC(19) Metaspace: 50885K(51264K)->50885K(51264K) NonClass: 44928K(45120K)->44928K(45120K) Class: 5957K(6144K)->5957K(6144K)
[2022-04-10T12:46:50.402+0800][19.531s] GC(19) Pause Young (Normal) (G1 Evacuation Pause) 381M->98M(512M) 3.269ms
[2022-04-10T12:46:50.402+0800][19.532s] GC(19) User=0.02s Sys=0.00s Real=0.01s
[2022-04-10T12:46:50.938+0800][20.067s] GC(20) Pause Young (Normal) (G1 Evacuation Pause)
[2022-04-10T12:46:50.938+0800][20.067s] GC(20) Using 10 workers of 10 for evacuation
[2022-04-10T12:46:50.941+0800][20.070s] GC(20)   Pre Evacuate Collection Set: 0.1ms
[2022-04-10T12:46:50.941+0800][20.070s] GC(20)   Merge Heap Roots: 0.1ms
[2022-04-10T12:46:50.941+0800][20.070s] GC(20)   Evacuate Collection Set: 2.8ms
[2022-04-10T12:46:50.941+0800][20.070s] GC(20)   Post Evacuate Collection Set: 0.5ms
[2022-04-10T12:46:50.941+0800][20.070s] GC(20)   Other: 0.1ms
[2022-04-10T12:46:50.941+0800][20.070s] GC(20) Eden regions: 284->0(290)
[2022-04-10T12:46:50.941+0800][20.070s] GC(20) Survivor regions: 23->17(39)
[2022-04-10T12:46:50.941+0800][20.070s] GC(20) Old regions: 61->72
[2022-04-10T12:46:50.941+0800][20.070s] GC(20) Archive regions: 2->2
[2022-04-10T12:46:50.941+0800][20.070s] GC(20) Humongous regions: 14->14
[2022-04-10T12:46:50.941+0800][20.070s] GC(20) Metaspace: 50885K(51264K)->50885K(51264K) NonClass: 44928K(45120K)->44928K(45120K) Class: 5957K(6144K)->5957K(6144K)
[2022-04-10T12:46:50.941+0800][20.070s] GC(20) Pause Young (Normal) (G1 Evacuation Pause) 382M->102M(512M) 3.718ms
[2022-04-10T12:46:50.941+0800][20.070s] GC(20) User=0.03s Sys=0.00s Real=0.01s
[2022-04-10T12:46:51.519+0800][20.648s] GC(21) Pause Young (Normal) (G1 Evacuation Pause)
[2022-04-10T12:46:51.519+0800][20.648s] GC(21) Using 10 workers of 10 for evacuation
[2022-04-10T12:46:51.522+0800][20.651s] GC(21)   Pre Evacuate Collection Set: 0.1ms
[2022-04-10T12:46:51.522+0800][20.651s] GC(21)   Merge Heap Roots: 0.1ms
[2022-04-10T12:46:51.522+0800][20.651s] GC(21)   Evacuate Collection Set: 2.3ms
[2022-04-10T12:46:51.522+0800][20.651s] GC(21)   Post Evacuate Collection Set: 0.5ms
[2022-04-10T12:46:51.522+0800][20.651s] GC(21)   Other: 0.2ms
[2022-04-10T12:46:51.522+0800][20.651s] GC(21) Eden regions: 290->0(286)
[2022-04-10T12:46:51.522+0800][20.651s] GC(21) Survivor regions: 17->21(39)
[2022-04-10T12:46:51.522+0800][20.651s] GC(21) Old regions: 72->72
[2022-04-10T12:46:51.522+0800][20.651s] GC(21) Archive regions: 2->2
[2022-04-10T12:46:51.522+0800][20.651s] GC(21) Humongous regions: 15->15
[2022-04-10T12:46:51.522+0800][20.651s] GC(21) Metaspace: 50885K(51264K)->50885K(51264K) NonClass: 44928K(45120K)->44928K(45120K) Class: 5957K(6144K)->5957K(6144K)
[2022-04-10T12:46:51.522+0800][20.651s] GC(21) Pause Young (Normal) (G1 Evacuation Pause) 393M->108M(512M) 3.255ms
[2022-04-10T12:46:51.522+0800][20.651s] GC(21) User=0.02s Sys=0.01s Real=0.01s
[2022-04-10T12:46:52.581+0800][21.710s] GC(22) Pause Young (Normal) (G1 Evacuation Pause)
[2022-04-10T12:46:52.581+0800][21.710s] GC(22) Using 10 workers of 10 for evacuation
[2022-04-10T12:46:52.583+0800][21.712s] GC(22)   Pre Evacuate Collection Set: 0.1ms
[2022-04-10T12:46:52.583+0800][21.712s] GC(22)   Merge Heap Roots: 0.1ms
[2022-04-10T12:46:52.583+0800][21.712s] GC(22)   Evacuate Collection Set: 1.1ms
[2022-04-10T12:46:52.583+0800][21.712s] GC(22)   Post Evacuate Collection Set: 0.7ms
[2022-04-10T12:46:52.583+0800][21.712s] GC(22)   Other: 0.1ms
[2022-04-10T12:46:52.583+0800][21.712s] GC(22) Eden regions: 286->0(302)
[2022-04-10T12:46:52.583+0800][21.712s] GC(22) Survivor regions: 21->5(39)
[2022-04-10T12:46:52.583+0800][21.712s] GC(22) Old regions: 72->76
[2022-04-10T12:46:52.583+0800][21.712s] GC(22) Archive regions: 2->2
[2022-04-10T12:46:52.583+0800][21.712s] GC(22) Humongous regions: 15->14
[2022-04-10T12:46:52.583+0800][21.712s] GC(22) Metaspace: 50927K(51328K)->50927K(51328K) NonClass: 44969K(45184K)->44969K(45184K) Class: 5957K(6144K)->5957K(6144K)
[2022-04-10T12:46:52.583+0800][21.712s] GC(22) Pause Young (Normal) (G1 Evacuation Pause) 394M->94M(512M) 2.250ms
[2022-04-10T12:46:52.583+0800][21.712s] GC(22) User=0.01s Sys=0.00s Real=0.00s
[2022-04-10T12:46:54.516+0800][23.645s] GC(23) Pause Young (Normal) (G1 Evacuation Pause)
[2022-04-10T12:46:54.516+0800][23.645s] GC(23) Using 10 workers of 10 for evacuation
[2022-04-10T12:46:54.517+0800][23.646s] GC(23)   Pre Evacuate Collection Set: 0.1ms
[2022-04-10T12:46:54.517+0800][23.646s] GC(23)   Merge Heap Roots: 0.1ms
[2022-04-10T12:46:54.517+0800][23.646s] GC(23)   Evacuate Collection Set: 0.6ms
[2022-04-10T12:46:54.517+0800][23.646s] GC(23)   Post Evacuate Collection Set: 0.5ms
[2022-04-10T12:46:54.517+0800][23.646s] GC(23)   Other: 0.1ms
[2022-04-10T12:46:54.517+0800][23.646s] GC(23) Eden regions: 302->0(304)
[2022-04-10T12:46:54.517+0800][23.646s] GC(23) Survivor regions: 5->3(39)
[2022-04-10T12:46:54.517+0800][23.646s] GC(23) Old regions: 76->76
[2022-04-10T12:46:54.517+0800][23.646s] GC(23) Archive regions: 2->2
[2022-04-10T12:46:54.517+0800][23.646s] GC(23) Humongous regions: 14->14
[2022-04-10T12:46:54.518+0800][23.646s] GC(23) Metaspace: 51034K(51392K)->51034K(51392K) NonClass: 45075K(45248K)->45075K(45248K) Class: 5958K(6144K)->5958K(6144K)
[2022-04-10T12:46:54.518+0800][23.647s] GC(23) Pause Young (Normal) (G1 Evacuation Pause) 396M->92M(512M) 1.479ms
[2022-04-10T12:46:54.518+0800][23.647s] GC(23) User=0.00s Sys=0.00s Real=0.00s
[2022-04-10T13:01:08.447+0800][877.568s] Heap
[2022-04-10T13:01:08.447+0800][877.568s]  garbage-first heap   total 524288K, used 273630K [0x00000007e0000000, 0x0000000800000000)
[2022-04-10T13:01:08.447+0800][877.568s]   region size 1024K, 178 young (182272K), 3 survivors (3072K)
[2022-04-10T13:01:08.447+0800][877.568s]  Metaspace       used 54376K, committed 54784K, reserved 1097728K
[2022-04-10T13:01:08.447+0800][877.568s]   class space    used 6253K, committed 6400K, reserved 1048576K
